###############################################################################
#
# IAR ELF Linker V8.40.2.214/W32 for ARM                  05/Mar/2026  16:21:22
# Copyright 2007-2019 IAR Systems AB.
#
#    Output file  =
#        D:\Saoviet_Git\Saoviet_EnviroTrack_M_And_S_RawW\Project_Slave_Chemins_1000NTU\Project_Slave_Sensor_EnviroTrack\EWARM\Project_Slave_Sensor_EnviroTrack\Exe\Project_Slave_Sensor_EnviroTrack.out
#    Map file     =
#        D:\Saoviet_Git\Saoviet_EnviroTrack_M_And_S_RawW\Project_Slave_Chemins_1000NTU\Project_Slave_Sensor_EnviroTrack\EWARM\Project_Slave_Sensor_EnviroTrack\List\Project_Slave_Sensor_EnviroTrack.map
#    Command line =
#        -f C:\Users\PC\AppData\Local\Temp\EWFD57.tmp
#        (D:\Saoviet_Git\Saoviet_EnviroTrack_M_And_S_RawW\Project_Slave_Chemins_1000NTU\Project_Slave_Sensor_EnviroTrack\EWARM\Project_Slave_Sensor_EnviroTrack\Obj\button.o
#        D:\Saoviet_Git\Saoviet_EnviroTrack_M_And_S_RawW\Project_Slave_Chemins_1000NTU\Project_Slave_Sensor_EnviroTrack\EWARM\Project_Slave_Sensor_EnviroTrack\Obj\dma.o
#        D:\Saoviet_Git\Saoviet_EnviroTrack_M_And_S_RawW\Project_Slave_Chemins_1000NTU\Project_Slave_Sensor_EnviroTrack\EWARM\Project_Slave_Sensor_EnviroTrack\Obj\event_driven.o
#        D:\Saoviet_Git\Saoviet_EnviroTrack_M_And_S_RawW\Project_Slave_Chemins_1000NTU\Project_Slave_Sensor_EnviroTrack\EWARM\Project_Slave_Sensor_EnviroTrack\Obj\glcd.o
#        D:\Saoviet_Git\Saoviet_EnviroTrack_M_And_S_RawW\Project_Slave_Chemins_1000NTU\Project_Slave_Sensor_EnviroTrack\EWARM\Project_Slave_Sensor_EnviroTrack\Obj\gpio.o
#        D:\Saoviet_Git\Saoviet_EnviroTrack_M_And_S_RawW\Project_Slave_Chemins_1000NTU\Project_Slave_Sensor_EnviroTrack\EWARM\Project_Slave_Sensor_EnviroTrack\Obj\graphics.o
#        D:\Saoviet_Git\Saoviet_EnviroTrack_M_And_S_RawW\Project_Slave_Chemins_1000NTU\Project_Slave_Sensor_EnviroTrack\EWARM\Project_Slave_Sensor_EnviroTrack\Obj\graphs.o
#        D:\Saoviet_Git\Saoviet_EnviroTrack_M_And_S_RawW\Project_Slave_Chemins_1000NTU\Project_Slave_Sensor_EnviroTrack\EWARM\Project_Slave_Sensor_EnviroTrack\Obj\lcd_display.o
#        D:\Saoviet_Git\Saoviet_EnviroTrack_M_And_S_RawW\Project_Slave_Chemins_1000NTU\Project_Slave_Sensor_EnviroTrack\EWARM\Project_Slave_Sensor_EnviroTrack\Obj\main.o
#        D:\Saoviet_Git\Saoviet_EnviroTrack_M_And_S_RawW\Project_Slave_Chemins_1000NTU\Project_Slave_Sensor_EnviroTrack\EWARM\Project_Slave_Sensor_EnviroTrack\Obj\NT75451.o
#        D:\Saoviet_Git\Saoviet_EnviroTrack_M_And_S_RawW\Project_Slave_Chemins_1000NTU\Project_Slave_Sensor_EnviroTrack\EWARM\Project_Slave_Sensor_EnviroTrack\Obj\onchipflash.o
#        D:\Saoviet_Git\Saoviet_EnviroTrack_M_And_S_RawW\Project_Slave_Chemins_1000NTU\Project_Slave_Sensor_EnviroTrack\EWARM\Project_Slave_Sensor_EnviroTrack\Obj\PCD8544.o
#        D:\Saoviet_Git\Saoviet_EnviroTrack_M_And_S_RawW\Project_Slave_Chemins_1000NTU\Project_Slave_Sensor_EnviroTrack\EWARM\Project_Slave_Sensor_EnviroTrack\Obj\queue_p.o
#        D:\Saoviet_Git\Saoviet_EnviroTrack_M_And_S_RawW\Project_Slave_Chemins_1000NTU\Project_Slave_Sensor_EnviroTrack\EWARM\Project_Slave_Sensor_EnviroTrack\Obj\rtc.o
#        D:\Saoviet_Git\Saoviet_EnviroTrack_M_And_S_RawW\Project_Slave_Chemins_1000NTU\Project_Slave_Sensor_EnviroTrack\EWARM\Project_Slave_Sensor_EnviroTrack\Obj\spi.o
#        D:\Saoviet_Git\Saoviet_EnviroTrack_M_And_S_RawW\Project_Slave_Chemins_1000NTU\Project_Slave_Sensor_EnviroTrack\EWARM\Project_Slave_Sensor_EnviroTrack\Obj\ST7565R.o
#        D:\Saoviet_Git\Saoviet_EnviroTrack_M_And_S_RawW\Project_Slave_Chemins_1000NTU\Project_Slave_Sensor_EnviroTrack\EWARM\Project_Slave_Sensor_EnviroTrack\Obj\startup_stm32l433xx.o
#        D:\Saoviet_Git\Saoviet_EnviroTrack_M_And_S_RawW\Project_Slave_Chemins_1000NTU\Project_Slave_Sensor_EnviroTrack\EWARM\Project_Slave_Sensor_EnviroTrack\Obj\STM32F0xx.o
#        D:\Saoviet_Git\Saoviet_EnviroTrack_M_And_S_RawW\Project_Slave_Chemins_1000NTU\Project_Slave_Sensor_EnviroTrack\EWARM\Project_Slave_Sensor_EnviroTrack\Obj\STM32F10x.o
#        D:\Saoviet_Git\Saoviet_EnviroTrack_M_And_S_RawW\Project_Slave_Chemins_1000NTU\Project_Slave_Sensor_EnviroTrack\EWARM\Project_Slave_Sensor_EnviroTrack\Obj\STM32F4.o
#        D:\Saoviet_Git\Saoviet_EnviroTrack_M_And_S_RawW\Project_Slave_Chemins_1000NTU\Project_Slave_Sensor_EnviroTrack\EWARM\Project_Slave_Sensor_EnviroTrack\Obj\STM32L4.o
#        D:\Saoviet_Git\Saoviet_EnviroTrack_M_And_S_RawW\Project_Slave_Chemins_1000NTU\Project_Slave_Sensor_EnviroTrack\EWARM\Project_Slave_Sensor_EnviroTrack\Obj\stm32l4xx_hal.o
#        D:\Saoviet_Git\Saoviet_EnviroTrack_M_And_S_RawW\Project_Slave_Chemins_1000NTU\Project_Slave_Sensor_EnviroTrack\EWARM\Project_Slave_Sensor_EnviroTrack\Obj\stm32l4xx_hal_cortex.o
#        D:\Saoviet_Git\Saoviet_EnviroTrack_M_And_S_RawW\Project_Slave_Chemins_1000NTU\Project_Slave_Sensor_EnviroTrack\EWARM\Project_Slave_Sensor_EnviroTrack\Obj\stm32l4xx_hal_dma.o
#        D:\Saoviet_Git\Saoviet_EnviroTrack_M_And_S_RawW\Project_Slave_Chemins_1000NTU\Project_Slave_Sensor_EnviroTrack\EWARM\Project_Slave_Sensor_EnviroTrack\Obj\stm32l4xx_hal_dma_ex.o
#        D:\Saoviet_Git\Saoviet_EnviroTrack_M_And_S_RawW\Project_Slave_Chemins_1000NTU\Project_Slave_Sensor_EnviroTrack\EWARM\Project_Slave_Sensor_EnviroTrack\Obj\stm32l4xx_hal_exti.o
#        D:\Saoviet_Git\Saoviet_EnviroTrack_M_And_S_RawW\Project_Slave_Chemins_1000NTU\Project_Slave_Sensor_EnviroTrack\EWARM\Project_Slave_Sensor_EnviroTrack\Obj\stm32l4xx_hal_flash.o
#        D:\Saoviet_Git\Saoviet_EnviroTrack_M_And_S_RawW\Project_Slave_Chemins_1000NTU\Project_Slave_Sensor_EnviroTrack\EWARM\Project_Slave_Sensor_EnviroTrack\Obj\stm32l4xx_hal_flash_ex.o
#        D:\Saoviet_Git\Saoviet_EnviroTrack_M_And_S_RawW\Project_Slave_Chemins_1000NTU\Project_Slave_Sensor_EnviroTrack\EWARM\Project_Slave_Sensor_EnviroTrack\Obj\stm32l4xx_hal_flash_ramfunc.o
#        D:\Saoviet_Git\Saoviet_EnviroTrack_M_And_S_RawW\Project_Slave_Chemins_1000NTU\Project_Slave_Sensor_EnviroTrack\EWARM\Project_Slave_Sensor_EnviroTrack\Obj\stm32l4xx_hal_gpio.o
#        D:\Saoviet_Git\Saoviet_EnviroTrack_M_And_S_RawW\Project_Slave_Chemins_1000NTU\Project_Slave_Sensor_EnviroTrack\EWARM\Project_Slave_Sensor_EnviroTrack\Obj\stm32l4xx_hal_i2c.o
#        D:\Saoviet_Git\Saoviet_EnviroTrack_M_And_S_RawW\Project_Slave_Chemins_1000NTU\Project_Slave_Sensor_EnviroTrack\EWARM\Project_Slave_Sensor_EnviroTrack\Obj\stm32l4xx_hal_i2c_ex.o
#        D:\Saoviet_Git\Saoviet_EnviroTrack_M_And_S_RawW\Project_Slave_Chemins_1000NTU\Project_Slave_Sensor_EnviroTrack\EWARM\Project_Slave_Sensor_EnviroTrack\Obj\stm32l4xx_hal_msp.o
#        D:\Saoviet_Git\Saoviet_EnviroTrack_M_And_S_RawW\Project_Slave_Chemins_1000NTU\Project_Slave_Sensor_EnviroTrack\EWARM\Project_Slave_Sensor_EnviroTrack\Obj\stm32l4xx_hal_pwr.o
#        D:\Saoviet_Git\Saoviet_EnviroTrack_M_And_S_RawW\Project_Slave_Chemins_1000NTU\Project_Slave_Sensor_EnviroTrack\EWARM\Project_Slave_Sensor_EnviroTrack\Obj\stm32l4xx_hal_pwr_ex.o
#        D:\Saoviet_Git\Saoviet_EnviroTrack_M_And_S_RawW\Project_Slave_Chemins_1000NTU\Project_Slave_Sensor_EnviroTrack\EWARM\Project_Slave_Sensor_EnviroTrack\Obj\stm32l4xx_hal_rcc.o
#        D:\Saoviet_Git\Saoviet_EnviroTrack_M_And_S_RawW\Project_Slave_Chemins_1000NTU\Project_Slave_Sensor_EnviroTrack\EWARM\Project_Slave_Sensor_EnviroTrack\Obj\stm32l4xx_hal_rcc_ex.o
#        D:\Saoviet_Git\Saoviet_EnviroTrack_M_And_S_RawW\Project_Slave_Chemins_1000NTU\Project_Slave_Sensor_EnviroTrack\EWARM\Project_Slave_Sensor_EnviroTrack\Obj\stm32l4xx_hal_rtc.o
#        D:\Saoviet_Git\Saoviet_EnviroTrack_M_And_S_RawW\Project_Slave_Chemins_1000NTU\Project_Slave_Sensor_EnviroTrack\EWARM\Project_Slave_Sensor_EnviroTrack\Obj\stm32l4xx_hal_rtc_ex.o
#        D:\Saoviet_Git\Saoviet_EnviroTrack_M_And_S_RawW\Project_Slave_Chemins_1000NTU\Project_Slave_Sensor_EnviroTrack\EWARM\Project_Slave_Sensor_EnviroTrack\Obj\stm32l4xx_hal_spi.o
#        D:\Saoviet_Git\Saoviet_EnviroTrack_M_And_S_RawW\Project_Slave_Chemins_1000NTU\Project_Slave_Sensor_EnviroTrack\EWARM\Project_Slave_Sensor_EnviroTrack\Obj\stm32l4xx_hal_spi_ex.o
#        D:\Saoviet_Git\Saoviet_EnviroTrack_M_And_S_RawW\Project_Slave_Chemins_1000NTU\Project_Slave_Sensor_EnviroTrack\EWARM\Project_Slave_Sensor_EnviroTrack\Obj\stm32l4xx_hal_uart.o
#        D:\Saoviet_Git\Saoviet_EnviroTrack_M_And_S_RawW\Project_Slave_Chemins_1000NTU\Project_Slave_Sensor_EnviroTrack\EWARM\Project_Slave_Sensor_EnviroTrack\Obj\stm32l4xx_hal_uart_ex.o
#        D:\Saoviet_Git\Saoviet_EnviroTrack_M_And_S_RawW\Project_Slave_Chemins_1000NTU\Project_Slave_Sensor_EnviroTrack\EWARM\Project_Slave_Sensor_EnviroTrack\Obj\stm32l4xx_it.o
#        D:\Saoviet_Git\Saoviet_EnviroTrack_M_And_S_RawW\Project_Slave_Chemins_1000NTU\Project_Slave_Sensor_EnviroTrack\EWARM\Project_Slave_Sensor_EnviroTrack\Obj\system_stm32l4xx.o
#        D:\Saoviet_Git\Saoviet_EnviroTrack_M_And_S_RawW\Project_Slave_Chemins_1000NTU\Project_Slave_Sensor_EnviroTrack\EWARM\Project_Slave_Sensor_EnviroTrack\Obj\text.o
#        D:\Saoviet_Git\Saoviet_EnviroTrack_M_And_S_RawW\Project_Slave_Chemins_1000NTU\Project_Slave_Sensor_EnviroTrack\EWARM\Project_Slave_Sensor_EnviroTrack\Obj\text_tiny.o
#        D:\Saoviet_Git\Saoviet_EnviroTrack_M_And_S_RawW\Project_Slave_Chemins_1000NTU\Project_Slave_Sensor_EnviroTrack\EWARM\Project_Slave_Sensor_EnviroTrack\Obj\unit_tests.o
#        D:\Saoviet_Git\Saoviet_EnviroTrack_M_And_S_RawW\Project_Slave_Chemins_1000NTU\Project_Slave_Sensor_EnviroTrack\EWARM\Project_Slave_Sensor_EnviroTrack\Obj\usart.o
#        D:\Saoviet_Git\Saoviet_EnviroTrack_M_And_S_RawW\Project_Slave_Chemins_1000NTU\Project_Slave_Sensor_EnviroTrack\EWARM\Project_Slave_Sensor_EnviroTrack\Obj\user_adv_trace.o
#        D:\Saoviet_Git\Saoviet_EnviroTrack_M_And_S_RawW\Project_Slave_Chemins_1000NTU\Project_Slave_Sensor_EnviroTrack\EWARM\Project_Slave_Sensor_EnviroTrack\Obj\user_app_comm.o
#        D:\Saoviet_Git\Saoviet_EnviroTrack_M_And_S_RawW\Project_Slave_Chemins_1000NTU\Project_Slave_Sensor_EnviroTrack\EWARM\Project_Slave_Sensor_EnviroTrack\Obj\user_app_modbus_rtu.o
#        D:\Saoviet_Git\Saoviet_EnviroTrack_M_And_S_RawW\Project_Slave_Chemins_1000NTU\Project_Slave_Sensor_EnviroTrack\EWARM\Project_Slave_Sensor_EnviroTrack\Obj\user_app_rs485.o
#        D:\Saoviet_Git\Saoviet_EnviroTrack_M_And_S_RawW\Project_Slave_Chemins_1000NTU\Project_Slave_Sensor_EnviroTrack\EWARM\Project_Slave_Sensor_EnviroTrack\Obj\user_app_sensor.o
#        D:\Saoviet_Git\Saoviet_EnviroTrack_M_And_S_RawW\Project_Slave_Chemins_1000NTU\Project_Slave_Sensor_EnviroTrack\EWARM\Project_Slave_Sensor_EnviroTrack\Obj\user_at_serial.o
#        D:\Saoviet_Git\Saoviet_EnviroTrack_M_And_S_RawW\Project_Slave_Chemins_1000NTU\Project_Slave_Sensor_EnviroTrack\EWARM\Project_Slave_Sensor_EnviroTrack\Obj\user_connect_sensor.o
#        D:\Saoviet_Git\Saoviet_EnviroTrack_M_And_S_RawW\Project_Slave_Chemins_1000NTU\Project_Slave_Sensor_EnviroTrack\EWARM\Project_Slave_Sensor_EnviroTrack\Obj\user_convert_variable.o
#        D:\Saoviet_Git\Saoviet_EnviroTrack_M_And_S_RawW\Project_Slave_Chemins_1000NTU\Project_Slave_Sensor_EnviroTrack\EWARM\Project_Slave_Sensor_EnviroTrack\Obj\user_internal_mem.o
#        D:\Saoviet_Git\Saoviet_EnviroTrack_M_And_S_RawW\Project_Slave_Chemins_1000NTU\Project_Slave_Sensor_EnviroTrack\EWARM\Project_Slave_Sensor_EnviroTrack\Obj\user_mem_comm.o
#        D:\Saoviet_Git\Saoviet_EnviroTrack_M_And_S_RawW\Project_Slave_Chemins_1000NTU\Project_Slave_Sensor_EnviroTrack\EWARM\Project_Slave_Sensor_EnviroTrack\Obj\user_modbus_rtu.o
#        D:\Saoviet_Git\Saoviet_EnviroTrack_M_And_S_RawW\Project_Slave_Chemins_1000NTU\Project_Slave_Sensor_EnviroTrack\EWARM\Project_Slave_Sensor_EnviroTrack\Obj\user_obis_sv.o
#        D:\Saoviet_Git\Saoviet_EnviroTrack_M_And_S_RawW\Project_Slave_Chemins_1000NTU\Project_Slave_Sensor_EnviroTrack\EWARM\Project_Slave_Sensor_EnviroTrack\Obj\user_rs485.o
#        D:\Saoviet_Git\Saoviet_EnviroTrack_M_And_S_RawW\Project_Slave_Chemins_1000NTU\Project_Slave_Sensor_EnviroTrack\EWARM\Project_Slave_Sensor_EnviroTrack\Obj\user_rtc.o
#        D:\Saoviet_Git\Saoviet_EnviroTrack_M_And_S_RawW\Project_Slave_Chemins_1000NTU\Project_Slave_Sensor_EnviroTrack\EWARM\Project_Slave_Sensor_EnviroTrack\Obj\user_string.o
#        D:\Saoviet_Git\Saoviet_EnviroTrack_M_And_S_RawW\Project_Slave_Chemins_1000NTU\Project_Slave_Sensor_EnviroTrack\EWARM\Project_Slave_Sensor_EnviroTrack\Obj\user_time.o
#        D:\Saoviet_Git\Saoviet_EnviroTrack_M_And_S_RawW\Project_Slave_Chemins_1000NTU\Project_Slave_Sensor_EnviroTrack\EWARM\Project_Slave_Sensor_EnviroTrack\Obj\user_timer.o
#        D:\Saoviet_Git\Saoviet_EnviroTrack_M_And_S_RawW\Project_Slave_Chemins_1000NTU\Project_Slave_Sensor_EnviroTrack\EWARM\Project_Slave_Sensor_EnviroTrack\Obj\user_tiny_vsnprintf.o
#        D:\Saoviet_Git\Saoviet_EnviroTrack_M_And_S_RawW\Project_Slave_Chemins_1000NTU\Project_Slave_Sensor_EnviroTrack\EWARM\Project_Slave_Sensor_EnviroTrack\Obj\user_uart.o
#        D:\Saoviet_Git\Saoviet_EnviroTrack_M_And_S_RawW\Project_Slave_Chemins_1000NTU\Project_Slave_Sensor_EnviroTrack\EWARM\Project_Slave_Sensor_EnviroTrack\Obj\user_util.o
#        --no_out_extension -o
#        D:\Saoviet_Git\Saoviet_EnviroTrack_M_And_S_RawW\Project_Slave_Chemins_1000NTU\Project_Slave_Sensor_EnviroTrack\EWARM\Project_Slave_Sensor_EnviroTrack\Exe\Project_Slave_Sensor_EnviroTrack.out
#        --redirect _Printf=_PrintfFullNoMb --redirect _Scanf=_ScanfFullNoMb
#        --map
#        D:\Saoviet_Git\Saoviet_EnviroTrack_M_And_S_RawW\Project_Slave_Chemins_1000NTU\Project_Slave_Sensor_EnviroTrack\EWARM\Project_Slave_Sensor_EnviroTrack\List\Project_Slave_Sensor_EnviroTrack.map
#        --config
#        D:\Saoviet_Git\Saoviet_EnviroTrack_M_And_S_RawW\Project_Slave_Chemins_1000NTU\Project_Slave_Sensor_EnviroTrack\EWARM/stm32l433xx_flash.icf
#        --semihosting --entry __iar_program_start --vfe --text_out locale)
#
###############################################################################

*******************************************************************************
*** RUNTIME MODEL ATTRIBUTES
***

CppFlavor       = *
__Heap_Handler  = DLMalloc
__SystemLibrary = DLib
__dlib_version  = 6


*******************************************************************************
*** HEAP SELECTION
***

The advanced heap was selected because the application calls memory
allocation functions outside of system library functions, and there
are calls to deallocation functions in the application.


*******************************************************************************
*** PLACEMENT SUMMARY
***

"A0":  place at address 0x800'0000 { ro section .intvec };
"P1":  place in [from 0x800'0000 to 0x803'ffff] { ro };
define block CSTACK with size = 1K, alignment = 8 { };
define block HEAP with size = 512, alignment = 8 { };
"P2":  place in [from 0x2000'0000 to 0x2000'ffff] {
          rw, block CSTACK, block HEAP };
initialize by copy { rw };

  Section            Kind         Address    Size  Object
  -------            ----         -------    ----  ------
"A0":                                       0x18c
  .intvec            ro code   0x800'0000   0x18c  startup_stm32l433xx.o [1]
                             - 0x800'018c   0x18c

"P1":                                      0xfb79
  .text              ro code   0x800'018c  0x1b20  button.o [1]
  .text              ro code   0x800'1cac   0x380  stm32l4xx_hal_gpio.o [1]
  .text              ro code   0x800'202c   0x21c  user_util.o [1]
  .text              ro code   0x800'2248   0xc20  lcd_display.o [1]
  .text              ro code   0x800'2e68  0x1434  user_app_sensor.o [1]
  .text              ro code   0x800'429c   0x934  user_app_modbus_rtu.o [1]
  .text              ro code   0x800'4bd0   0x40c  user_convert_variable.o [1]
  .text              ro code   0x800'4fdc    0x36  strlen.o [4]
  .text              ro code   0x800'5012    0x3a  zero_init3.o [4]
  .text              ro code   0x800'504c    0x22  S32ToDbl.o [3]
  .text              ro code   0x800'506e     0xa  xsprout.o [2]
  .text              ro code   0x800'5078    0x16  math_wrappers64.o [3]
  .rodata            const     0x800'508e     0x2  xlocale_c.o [2]
  .text              ro code   0x800'5090   0x246  DblDiv.o [3]
  .rodata            const     0x800'52d6     0x1  xlocale_c.o [2]
  .text              ro code   0x800'52d8    0x68  DblToFlt.o [3]
  .text              ro code   0x800'5340    0x1a  U32ToDbl.o [3]
  .text              ro code   0x800'535c    0x48  FltToDbl.o [3]
  .text              ro code   0x800'53a4    0x40  sprintf.o [2]
  .text              ro code   0x800'53e4    0xb0  STM32L4.o [1]
  .text              ro code   0x800'5494     0xc  stm32l4xx_hal.o [1]
  .text              ro code   0x800'54a0   0x290  text_tiny.o [1]
  .text              ro code   0x800'5730    0x54  event_driven.o [1]
  .text              ro code   0x800'5784    0x14  unit_tests.o [1]
  .text              ro code   0x800'5798   0x110  glcd.o [1]
  .text              ro code   0x800'58a8   0x15c  ST7565R.o [1]
  .text              ro code   0x800'5a04    0x66  ABImemset.o [4]
  .text              ro code   0x800'5a6c   0x390  text.o [1]
  .text              ro code   0x800'5dfc   0x200  graphics.o [1]
  .text              ro code   0x800'5ffc   0x350  user_modbus_rtu.o [1]
  .text              ro code   0x800'634c   0x39c  usart.o [1]
  .text              ro code   0x800'66e8    0x74  user_connect_sensor.o [1]
  .text              ro code   0x800'675c    0x28  stm32l4xx_hal.o [1]
  .text              ro code   0x800'6784   0xfc8  stm32l4xx_hal_uart.o [1]
  .text              ro code   0x800'774c   0x172  onchipflash.o [1]
  .text              ro code   0x800'78c0    0xa6  ABImemcpy.o [4]
  .text              ro code   0x800'7968   0x230  I64DivMod.o [4]
  .text              ro code   0x800'7b98   0x1a2  DblMul.o [3]
  .text              ro code   0x800'7d3c   0x17a  DblAdd.o [3]
  .text              ro code   0x800'7eb8    0x3a  DblToS32.o [3]
  .text              ro code   0x800'7ef4   0x6ec  pow64.o [3]
  .text              ro code   0x800'85e0   0xfc6  xprintffull_nomb.o [2]
  .text              ro code   0x800'95a8   0x52a  stm32l4xx_hal_spi.o [1]
  .text              ro code   0x800'9ad2     0x8  abs.o [2]
  .text              ro code   0x800'9ada    0xc2  main.o [1]
  .text              ro code   0x800'9b9c    0x14  memset.o [4]
  .text              ro code   0x800'9bb0   0x4e8  stm32l4xx_hal_rcc_ex.o [1]
  .text              ro code   0x800'a098   0x422  stm32l4xx_hal_dma.o [1]
  .text              ro code   0x800'a4bc   0x194  stm32l4xx_hal_cortex.o [1]
  .text              ro code   0x800'a650   0x128  user_uart.o [1]
  .text              ro code   0x800'a778    0x72  stm32l4xx_hal_uart_ex.o [1]
  .text              ro code   0x800'a7ec   0x9fc  stm32l4xx_hal_rcc.o [1]
  .text              ro code   0x800'b1e8     0x2  stm32l4xx_hal_uart.o [1]
  .text              ro code   0x800'b1ea     0x2  stm32l4xx_hal_uart.o [1]
  .text              ro code   0x800'b1ec   0x1b8  stm32l4xx_hal_flash.o [1]
  .text              ro code   0x800'b3a4    0xa0  stm32l4xx_hal_flash_ex.o [1]
  .text              ro code   0x800'b444     0x2  I64DivZer.o [4]
  .text              ro code   0x800'b448    0xe2  DblSub.o [3]
  .text              ro code   0x800'b52c    0x20  DblCmpEq.o [3]
  .text              ro code   0x800'b54c    0x70  frexp.o [3]
  .text              ro code   0x800'b5bc    0x2e  DblCmpLe.o [3]
  .text              ro code   0x800'b5ec    0x2e  DblCmpGe.o [3]
  .text              ro code   0x800'b61c   0x3e8  iar_Exp64.o [3]
  .text              ro code   0x800'ba04    0x16  strchr.o [4]
  .text              ro code   0x800'ba1c    0x40  xfail_s.o [2]
  .text              ro code   0x800'ba5c    0x58  memchr.o [4]
  .text              ro code   0x800'bab4   0x13a  ldexp.o [3]
  .text              ro code   0x800'bbf0    0x28  DblToU32.o [3]
  .text              ro code   0x800'bc18     0x8  xlocale_c.o [2]
  .text              ro code   0x800'bc20    0xc8  spi.o [1]
  .text              ro code   0x800'bce8    0x24  stm32l4xx_hal.o [1]
  .text              ro code   0x800'bd0c   0x1d0  gpio.o [1]
  .text              ro code   0x800'bedc    0x60  dma.o [1]
  .text              ro code   0x800'bf3c   0x150  rtc.o [1]
  .text              ro code   0x800'c08c   0x4b0  user_app_comm.o [1]
  .text              ro code   0x800'c53c    0x94  stm32l4xx_hal_pwr_ex.o [1]
  .text              ro code   0x800'c5d0    0x70  user_rs485.o [1]
  .text              ro code   0x800'c640   0x23a  user_adv_trace.o [1]
  .text              ro code   0x800'c87c    0x60  stm32l4xx_hal.o [1]
  .text              ro code   0x800'c8dc     0x6  abort.o [2]
  .text              ro code   0x800'c8e4    0x38  stm32l4xx_hal_msp.o [1]
  .text              ro code   0x800'c91c   0x78e  stm32l4xx_hal_rtc.o [1]
  .text              ro code   0x800'd0ac   0x310  user_timer.o [1]
  .text              ro code   0x800'd3bc   0x1dc  user_at_serial.o [1]
  .text              ro code   0x800'd598    0x58  user_time.o [1]
  .text              ro code   0x800'd5f0   0x180  user_app_rs485.o [1]
  .text              ro code   0x800'd770   0x350  user_tiny_vsnprintf.o [1]
  .text              ro code   0x800'dac0    0x14  exit.o [5]
  .text              ro code   0x800'dad4   0x3a8  user_rtc.o [1]
  .text              ro code   0x800'de7c     0x2  stm32l4xx_hal_rtc_ex.o [1]
  .text              ro code   0x800'de7e   0x1e6  user_string.o [1]
  .text              ro code   0x800'e064    0x48  stm32l4xx_hal_rtc_ex.o [1]
  .rodata            const     0x800'e0b0   0x420  pow64.o [3]
  .rodata            const     0x800'e4d0   0x400  unit_tests.o [1]
  .rodata            const     0x800'e8d0   0x228  lcd_display.o [1]
  .rodata            const     0x800'eaf8   0x214  lcd_display.o [1]
  .text              ro code   0x800'ed0c    0xd4  stm32l4xx_it.o [1]
  .text              ro code   0x800'ede0    0x18  stm32l4xx_hal.o [1]
  .text              ro code   0x800'edf8    0x78  lz77_init_single.o [4]
  .rodata            const     0x800'ee70    0x34  user_app_sensor.o [1]
  .rodata            const     0x800'eea4    0x34  user_app_sensor.o [1]
  .rodata            const     0x800'eed8    0x30  system_stm32l4xx.o [1]
  .rodata            const     0x800'ef08    0x2c  user_rtc.o [1]
  .rodata            const     0x800'ef34    0x28  user_tiny_vsnprintf.o [1]
  .rodata            const     0x800'ef5c    0x28  user_tiny_vsnprintf.o [1]
  .text              ro code   0x800'ef84    0x28  data_init.o [4]
  .text              ro code   0x800'efac    0x22  fpinit_M.o [3]
  .iar.init_table    const     0x800'efd0    0x20  - Linker created -
  .rodata            const     0x800'eff0    0x20  user_rtc.o [1]
  .text              ro code   0x800'f010    0x1e  cmain.o [4]
  .text              ro code   0x800'f02e     0x4  low_level_init.o [2]
  .text              ro code   0x800'f032     0x4  exit.o [2]
  .text              ro code   0x800'f038     0xa  cexit.o [4]
  .rodata            const     0x800'f044    0x1c  user_app_comm.o [1]
  .rodata            const     0x800'f060    0x1c  user_uart.o [1]
  .rodata            const     0x800'f07c    0x18  user_app_comm.o [1]
  .rodata            const     0x800'f094    0x14  lcd_display.o [1]
  .rodata            const     0x800'f0a8    0x14  lcd_display.o [1]
  .rodata            const     0x800'f0bc    0x14  user_app_comm.o [1]
  .rodata            const     0x800'f0d0    0x14  user_at_serial.o [1]
  .rodata            const     0x800'f0e4    0x14  user_at_serial.o [1]
  .rodata            const     0x800'f0f8    0x14  user_at_serial.o [1]
  .rodata            const     0x800'f10c    0x14  user_at_serial.o [1]
  .rodata            const     0x800'f120    0x14  user_at_serial.o [1]
  .rodata            const     0x800'f134    0x10  lcd_display.o [1]
  .rodata            const     0x800'f144    0x10  lcd_display.o [1]
  .rodata            const     0x800'f154    0x10  lcd_display.o [1]
  .rodata            const     0x800'f164    0x10  lcd_display.o [1]
  .rodata            const     0x800'f174    0x10  lcd_display.o [1]
  .rodata            const     0x800'f184    0x10  lcd_display.o [1]
  .rodata            const     0x800'f194    0x10  lcd_display.o [1]
  .rodata            const     0x800'f1a4    0x10  lcd_display.o [1]
  .rodata            const     0x800'f1b4    0x10  lcd_display.o [1]
  .rodata            const     0x800'f1c4    0x10  lcd_display.o [1]
  .rodata            const     0x800'f1d4    0x10  system_stm32l4xx.o [1]
  .rodata            const     0x800'f1e4    0x10  user_app_sensor.o [1]
  .rodata            const     0x800'f1f4    0x10  user_at_serial.o [1]
  .rodata            const     0x800'f204    0x10  user_at_serial.o [1]
  .rodata            const     0x800'f214    0x10  user_at_serial.o [1]
  .rodata            const     0x800'f224    0x10  user_at_serial.o [1]
  .rodata            const     0x800'f234    0x10  user_at_serial.o [1]
  .rodata            const     0x800'f244    0x10  user_at_serial.o [1]
  .rodata            const     0x800'f254    0x10  user_at_serial.o [1]
  .rodata            const     0x800'f264    0x10  user_at_serial.o [1]
  .rodata            const     0x800'f274    0x10  user_at_serial.o [1]
  .rodata            const     0x800'f284    0x10  user_at_serial.o [1]
  .rodata            const     0x800'f294    0x10  user_at_serial.o [1]
  .rodata            const     0x800'f2a4    0x10  user_at_serial.o [1]
  .rodata            const     0x800'f2b4    0x10  user_at_serial.o [1]
  .rodata            const     0x800'f2c4    0x10  user_at_serial.o [1]
  .rodata            const     0x800'f2d4    0x10  user_at_serial.o [1]
  .rodata            const     0x800'f2e4    0x10  user_at_serial.o [1]
  .rodata            const     0x800'f2f4    0x10  user_at_serial.o [1]
  .rodata            const     0x800'f304    0x10  user_at_serial.o [1]
  .rodata            const     0x800'f314    0x10  user_at_serial.o [1]
  .rodata            const     0x800'f324    0x10  user_at_serial.o [1]
  .rodata            const     0x800'f334    0x10  user_at_serial.o [1]
  .rodata            const     0x800'f344    0x10  user_at_serial.o [1]
  .rodata            const     0x800'f354    0x10  user_at_serial.o [1]
  .rodata            const     0x800'f364    0x10  user_at_serial.o [1]
  .rodata            const     0x800'f374    0x10  user_at_serial.o [1]
  .rodata            const     0x800'f384    0x10  user_at_serial.o [1]
  .rodata            const     0x800'f394    0x10  user_at_serial.o [1]
  .rodata            const     0x800'f3a4    0x10  user_at_serial.o [1]
  .text              ro code   0x800'f3b4    0x10  startup_stm32l433xx.o [1]
  .text              ro code   0x800'f3c4    0x10  system_stm32l4xx.o [1]
  .rodata            const     0x800'f3d4     0xc  lcd_display.o [1]
  .rodata            const     0x800'f3e0     0xc  lcd_display.o [1]
  .rodata            const     0x800'f3ec     0xc  lcd_display.o [1]
  .rodata            const     0x800'f3f8     0xc  lcd_display.o [1]
  .rodata            const     0x800'f404     0xc  lcd_display.o [1]
  .rodata            const     0x800'f410     0xc  lcd_display.o [1]
  .rodata            const     0x800'f41c     0xc  lcd_display.o [1]
  .rodata            const     0x800'f428     0xc  lcd_display.o [1]
  .rodata            const     0x800'f434     0xc  lcd_display.o [1]
  .rodata            const     0x800'f440     0xc  lcd_display.o [1]
  .rodata            const     0x800'f44c     0xc  lcd_display.o [1]
  .rodata            const     0x800'f458     0xc  lcd_display.o [1]
  .rodata            const     0x800'f464     0xc  lcd_display.o [1]
  .rodata            const     0x800'f470     0xc  lcd_display.o [1]
  .rodata            const     0x800'f47c     0xc  lcd_display.o [1]
  .rodata            const     0x800'f488     0xc  lcd_display.o [1]
  .rodata            const     0x800'f494     0xc  user_app_comm.o [1]
  .rodata            const     0x800'f4a0     0xc  user_app_sensor.o [1]
  .rodata            const     0x800'f4ac     0xc  user_at_serial.o [1]
  .rodata            const     0x800'f4b8     0xc  user_at_serial.o [1]
  .rodata            const     0x800'f4c4     0xc  user_at_serial.o [1]
  .rodata            const     0x800'f4d0     0xc  user_at_serial.o [1]
  .rodata            const     0x800'f4dc     0xc  user_at_serial.o [1]
  .rodata            const     0x800'f4e8     0xc  user_at_serial.o [1]
  .rodata            const     0x800'f4f4     0xc  user_at_serial.o [1]
  .rodata            const     0x800'f500     0xc  user_at_serial.o [1]
  .rodata            const     0x800'f50c     0xc  user_at_serial.o [1]
  .rodata            const     0x800'f518     0xc  user_at_serial.o [1]
  .rodata            const     0x800'f524     0xc  user_at_serial.o [1]
  .rodata            const     0x800'f530     0xc  user_at_serial.o [1]
  .rodata            const     0x800'f53c     0xc  user_at_serial.o [1]
  .rodata            const     0x800'f548     0xc  user_at_serial.o [1]
  .rodata            const     0x800'f554     0xc  user_at_serial.o [1]
  .rodata            const     0x800'f560     0xc  user_at_serial.o [1]
  .rodata            const     0x800'f56c     0xc  user_at_serial.o [1]
  .rodata            const     0x800'f578     0xc  user_at_serial.o [1]
  .rodata            const     0x800'f584     0xc  user_at_serial.o [1]
  .rodata            const     0x800'f590     0xc  user_at_serial.o [1]
  .rodata            const     0x800'f59c     0xc  user_at_serial.o [1]
  .rodata            const     0x800'f5a8     0xc  user_at_serial.o [1]
  .rodata            const     0x800'f5b4     0xc  user_at_serial.o [1]
  .rodata            const     0x800'f5c0     0xc  user_at_serial.o [1]
  .rodata            const     0x800'f5cc     0xc  user_at_serial.o [1]
  .rodata            const     0x800'f5d8     0xc  user_at_serial.o [1]
  .rodata            const     0x800'f5e4     0xc  user_at_serial.o [1]
  .rodata            const     0x800'f5f0     0xc  user_at_serial.o [1]
  .rodata            const     0x800'f5fc     0xc  user_rtc.o [1]
  .rodata            const     0x800'f608     0xc  user_rtc.o [1]
  .text              ro code   0x800'f614     0xc  cstartup_M.o [4]
  .rodata            const     0x800'f620     0x8  lcd_display.o [1]
  .rodata            const     0x800'f628     0x8  lcd_display.o [1]
  .rodata            const     0x800'f630     0x8  lcd_display.o [1]
  .rodata            const     0x800'f638     0x8  lcd_display.o [1]
  .rodata            const     0x800'f640     0x8  lcd_display.o [1]
  .rodata            const     0x800'f648     0x8  lcd_display.o [1]
  .rodata            const     0x800'f650     0x8  lcd_display.o [1]
  .rodata            const     0x800'f658     0x8  lcd_display.o [1]
  .rodata            const     0x800'f660     0x8  lcd_display.o [1]
  .rodata            const     0x800'f668     0x8  lcd_display.o [1]
  .rodata            const     0x800'f670     0x8  lcd_display.o [1]
  .rodata            const     0x800'f678     0x8  lcd_display.o [1]
  .rodata            const     0x800'f680     0x8  system_stm32l4xx.o [1]
  .rodata            const     0x800'f688     0x8  user_app_modbus_rtu.o [1]
  .rodata            const     0x800'f690     0x8  user_app_modbus_rtu.o [1]
  .rodata            const     0x800'f698     0x8  user_app_sensor.o [1]
  .rodata            const     0x800'f6a0     0x8  user_app_sensor.o [1]
  .rodata            const     0x800'f6a8     0x8  user_app_sensor.o [1]
  .rodata            const     0x800'f6b0     0x8  user_app_sensor.o [1]
  .rodata            const     0x800'f6b8     0x8  user_at_serial.o [1]
  .rodata            const     0x800'f6c0     0x8  user_at_serial.o [1]
  .rodata            const     0x800'f6c8     0x8  user_at_serial.o [1]
  .rodata            const     0x800'f6d0     0x8  user_at_serial.o [1]
  .rodata            const     0x800'f6d8     0x8  user_at_serial.o [1]
  .rodata            const     0x800'f6e0     0x8  user_tiny_vsnprintf.o [1]
  .rodata            const     0x800'f6e8     0x8  user_util.o [1]
  .rodata            const     0x800'f6f0     0x8  xprintffull_nomb.o [2]
  .rodata            const     0x800'f6f8     0x4  lcd_display.o [1]
  .rodata            const     0x800'f6fc     0x4  lcd_display.o [1]
  .rodata            const     0x800'f700     0x4  lcd_display.o [1]
  .rodata            const     0x800'f704     0x4  lcd_display.o [1]
  .text              ro code   0x800'f708     0x4  startup_stm32l433xx.o [1]
  .text              ro code   0x800'f70c     0x4  startup_stm32l433xx.o [1]
  .text              ro code   0x800'f710     0x4  startup_stm32l433xx.o [1]
  .text              ro code   0x800'f714     0x4  startup_stm32l433xx.o [1]
  .text              ro code   0x800'f718     0x4  startup_stm32l433xx.o [1]
  .text              ro code   0x800'f71c     0x4  startup_stm32l433xx.o [1]
  .text              ro code   0x800'f720     0x4  startup_stm32l433xx.o [1]
  .text              ro code   0x800'f724     0x4  startup_stm32l433xx.o [1]
  .text              ro code   0x800'f728     0x4  startup_stm32l433xx.o [1]
  .text              ro code   0x800'f72c     0x4  startup_stm32l433xx.o [1]
  .text              ro code   0x800'f730     0x4  startup_stm32l433xx.o [1]
  .text              ro code   0x800'f734     0x4  startup_stm32l433xx.o [1]
  .text              ro code   0x800'f738     0x4  startup_stm32l433xx.o [1]
  .text              ro code   0x800'f73c     0x4  startup_stm32l433xx.o [1]
  .text              ro code   0x800'f740     0x4  startup_stm32l433xx.o [1]
  .text              ro code   0x800'f744     0x4  startup_stm32l433xx.o [1]
  .text              ro code   0x800'f748     0x4  startup_stm32l433xx.o [1]
  .text              ro code   0x800'f74c     0x4  startup_stm32l433xx.o [1]
  .text              ro code   0x800'f750     0x4  startup_stm32l433xx.o [1]
  .text              ro code   0x800'f754     0x4  startup_stm32l433xx.o [1]
  .text              ro code   0x800'f758     0x4  startup_stm32l433xx.o [1]
  .text              ro code   0x800'f75c     0x4  startup_stm32l433xx.o [1]
  .text              ro code   0x800'f760     0x4  startup_stm32l433xx.o [1]
  .text              ro code   0x800'f764     0x4  startup_stm32l433xx.o [1]
  .text              ro code   0x800'f768     0x4  startup_stm32l433xx.o [1]
  .text              ro code   0x800'f76c     0x4  startup_stm32l433xx.o [1]
  .text              ro code   0x800'f770     0x4  startup_stm32l433xx.o [1]
  .text              ro code   0x800'f774     0x4  startup_stm32l433xx.o [1]
  .text              ro code   0x800'f778     0x4  startup_stm32l433xx.o [1]
  .text              ro code   0x800'f77c     0x4  startup_stm32l433xx.o [1]
  .text              ro code   0x800'f780     0x4  startup_stm32l433xx.o [1]
  .text              ro code   0x800'f784     0x4  startup_stm32l433xx.o [1]
  .text              ro code   0x800'f788     0x4  startup_stm32l433xx.o [1]
  .text              ro code   0x800'f78c     0x4  startup_stm32l433xx.o [1]
  .text              ro code   0x800'f790     0x4  startup_stm32l433xx.o [1]
  .text              ro code   0x800'f794     0x4  startup_stm32l433xx.o [1]
  .text              ro code   0x800'f798     0x4  startup_stm32l433xx.o [1]
  .text              ro code   0x800'f79c     0x4  startup_stm32l433xx.o [1]
  .text              ro code   0x800'f7a0     0x4  startup_stm32l433xx.o [1]
  .text              ro code   0x800'f7a4     0x4  startup_stm32l433xx.o [1]
  .text              ro code   0x800'f7a8     0x4  startup_stm32l433xx.o [1]
  .text              ro code   0x800'f7ac     0x4  startup_stm32l433xx.o [1]
  .text              ro code   0x800'f7b0     0x4  startup_stm32l433xx.o [1]
  .text              ro code   0x800'f7b4     0x4  startup_stm32l433xx.o [1]
  .text              ro code   0x800'f7b8     0x4  startup_stm32l433xx.o [1]
  .text              ro code   0x800'f7bc     0x4  startup_stm32l433xx.o [1]
  .text              ro code   0x800'f7c0     0x4  startup_stm32l433xx.o [1]
  .text              ro code   0x800'f7c4     0x4  startup_stm32l433xx.o [1]
  .text              ro code   0x800'f7c8     0x4  startup_stm32l433xx.o [1]
  .text              ro code   0x800'f7cc     0x4  startup_stm32l433xx.o [1]
  .text              ro code   0x800'f7d0     0x4  startup_stm32l433xx.o [1]
  .text              ro code   0x800'f7d4     0x4  startup_stm32l433xx.o [1]
  .text              ro code   0x800'f7d8     0x4  startup_stm32l433xx.o [1]
  .text              ro code   0x800'f7dc     0x4  startup_stm32l433xx.o [1]
  .text              ro code   0x800'f7e0     0x4  startup_stm32l433xx.o [1]
  .text              ro code   0x800'f7e4     0x4  startup_stm32l433xx.o [1]
  .text              ro code   0x800'f7e8     0x4  startup_stm32l433xx.o [1]
  .text              ro code   0x800'f7ec     0x4  startup_stm32l433xx.o [1]
  .text              ro code   0x800'f7f0     0x4  startup_stm32l433xx.o [1]
  .rodata            const     0x800'f7f4     0x0  zero_init3.o [4]
  .rodata            const     0x800'f7f4     0x0  lz77_init_single.o [4]
  Initializer bytes  const     0x800'f7f4   0x511  <for P2-1>
                             - 0x800'fd05  0xfb79

"P2", part 1 of 3:                          0xb9d
  P2-1                        0x2000'0000   0xb9d  <Init block>
    .data            inited   0x2000'0000     0xc  button.o [1]
    .data            inited   0x2000'000c    0x70  lcd_display.o [1]
    .data            inited   0x2000'007c    0x48  lcd_display.o [1]
    .data            inited   0x2000'00c4     0x8  lcd_display.o [1]
    .data            inited   0x2000'00cc     0x4  lcd_display.o [1]
    .data            inited   0x2000'00d0    0x10  lcd_display.o [1]
    .data            inited   0x2000'00e0    0x10  lcd_display.o [1]
    .data            inited   0x2000'00f0    0x10  lcd_display.o [1]
    .data            inited   0x2000'0100    0x10  lcd_display.o [1]
    .data            inited   0x2000'0110    0x10  lcd_display.o [1]
    .data            inited   0x2000'0120     0x8  lcd_display.o [1]
    .data            inited   0x2000'0128   0x3c0  lcd_display.o [1]
    .data            inited   0x2000'04e8     0x4  stm32l4xx_hal.o [1]
    .data            inited   0x2000'04ec    0x20  stm32l4xx_hal_flash.o [1]
    .data            inited   0x2000'050c     0x4  system_stm32l4xx.o [1]
    .data            inited   0x2000'0510    0x70  user_app_comm.o [1]
    .data            inited   0x2000'0580     0x8  user_app_comm.o [1]
    .data            inited   0x2000'0588     0x8  user_app_comm.o [1]
    .data            inited   0x2000'0590    0xa0  user_app_modbus_rtu.o [1]
    .data            inited   0x2000'0630    0x2c  user_app_modbus_rtu.o [1]
    .data            inited   0x2000'065c     0x8  user_app_modbus_rtu.o [1]
    .data            inited   0x2000'0664    0x40  user_app_rs485.o [1]
    .data            inited   0x2000'06a4    0x80  user_app_sensor.o [1]
    .data            inited   0x2000'0724     0x8  user_app_sensor.o [1]
    .data            inited   0x2000'072c     0x4  user_app_sensor.o [1]
    .data            inited   0x2000'0730     0x8  user_at_serial.o [1]
    .data            inited   0x2000'0738   0x410  user_at_serial.o [1]
    .data            inited   0x2000'0b48     0x8  user_connect_sensor.o [1]
    .data            inited   0x2000'0b50     0x8  user_rs485.o [1]
    .data            inited   0x2000'0b58     0x4  user_tiny_vsnprintf.o [1]
    .data            inited   0x2000'0b5c     0x4  user_tiny_vsnprintf.o [1]
    .data            inited   0x2000'0b60    0x38  xlocale_c.o [2]
    .data            inited   0x2000'0b98     0x2  user_app_modbus_rtu.o [1]
    .data            inited   0x2000'0b9a     0x1  lcd_display.o [1]
    .data            inited   0x2000'0b9b     0x1  stm32l4xx_hal.o [1]
    .data            inited   0x2000'0b9c     0x1  user_util.o [1]
                            - 0x2000'0b9d   0xb9d

"P2", part 2 of 3:                         0x1c98
  .bss               zero     0x2000'0ba0   0x4b0  user_app_comm.o [1]
  .bss               zero     0x2000'1050   0x400  glcd.o [1]
  .bss               zero     0x2000'1450   0x400  user_adv_trace.o [1]
  .bss               zero     0x2000'1850   0x200  user_adv_trace.o [1]
  .bss               zero     0x2000'1a50   0x200  user_connect_sensor.o [1]
  .bss               zero     0x2000'1c50   0x200  user_rs485.o [1]
  .bss               zero     0x2000'1e50   0x1e0  lcd_display.o [1]
  .bss               zero     0x2000'2030    0x88  usart.o [1]
  .bss               zero     0x2000'20b8    0x88  usart.o [1]
  .bss               zero     0x2000'2140    0x88  usart.o [1]
  .bss               zero     0x2000'21c8    0x80  user_app_modbus_rtu.o [1]
  .bss               zero     0x2000'2248    0x80  user_app_modbus_rtu.o [1]
  .bss               zero     0x2000'22c8    0x80  user_app_modbus_rtu.o [1]
  .bss               zero     0x2000'2348    0x80  user_at_serial.o [1]
  .bss               zero     0x2000'23c8    0x80  user_at_serial.o [1]
  .bss               zero     0x2000'2448    0x78  lcd_display.o [1]
  .bss               zero     0x2000'24c0    0x64  spi.o [1]
  .bss               zero     0x2000'2524    0x64  user_app_comm.o [1]
  .bss               zero     0x2000'2588    0x48  usart.o [1]
  .bss               zero     0x2000'25d0    0x48  usart.o [1]
  .bss               zero     0x2000'2618    0x48  usart.o [1]
  .bss               zero     0x2000'2660    0x2c  user_rtc.o [1]
  .bss               zero     0x2000'268c    0x28  user_app_sensor.o [1]
  .bss               zero     0x2000'26b4    0x28  user_app_sensor.o [1]
  .bss               zero     0x2000'26dc    0x24  rtc.o [1]
  .bss               zero     0x2000'2700    0x24  user_app_sensor.o [1]
  .bss               zero     0x2000'2724    0x1c  user_rtc.o [1]
  .bss               zero     0x2000'2740    0x18  button.o [1]
  .bss               zero     0x2000'2758    0x18  user_adv_trace.o [1]
  .bss               zero     0x2000'2770    0x18  user_app_comm.o [1]
  .bss               zero     0x2000'2788    0x10  lcd_display.o [1]
  .bss               zero     0x2000'2798    0x10  user_app_sensor.o [1]
  .bss               zero     0x2000'27a8     0xc  text.o [1]
  .bss               zero     0x2000'27b4     0xc  user_app_sensor.o [1]
  .bss               zero     0x2000'27c0     0xc  user_util.o [1]
  .bss               zero     0x2000'27cc     0x4  button.o [1]
  .bss               zero     0x2000'27d0     0x4  glcd.o [1]
  .bss               zero     0x2000'27d4     0x4  glcd.o [1]
  .bss               zero     0x2000'27d8     0x4  glcd.o [1]
  .bss               zero     0x2000'27dc     0x4  lcd_display.o [1]
  .bss               zero     0x2000'27e0     0x4  stm32l4xx_hal.o [1]
  .bss               zero     0x2000'27e4     0x4  stm32l4xx_it.o [1]
  .bss               zero     0x2000'27e8     0x4  user_app_comm.o [1]
  .bss               zero     0x2000'27ec     0x4  user_app_sensor.o [1]
  .bss               zero     0x2000'27f0     0x4  user_app_sensor.o [1]
  .bss               zero     0x2000'27f4     0x4  user_app_sensor.o [1]
  .bss               zero     0x2000'27f8     0x4  user_app_sensor.o [1]
  .bss               zero     0x2000'27fc     0x4  user_rtc.o [1]
  .bss               zero     0x2000'2800     0x4  user_timer.o [1]
  .bss               zero     0x2000'2804     0x4  user_util.o [1]
  .bss               zero     0x2000'2808     0x4  user_util.o [1]
  .bss               zero     0x2000'280c     0x4  user_util.o [1]
  .bss               zero     0x2000'2810     0x4  xfail_s.o [2]
  .bss               zero     0x2000'2814     0x2  button.o [1]
  .bss               zero     0x2000'2816     0x2  button.o [1]
  .bss               zero     0x2000'2818     0x2  lcd_display.o [1]
  .bss               zero     0x2000'281a     0x2  user_app_comm.o [1]
  .bss               zero     0x2000'281c     0x2  user_app_comm.o [1]
  .bss               zero     0x2000'281e     0x2  user_app_sensor.o [1]
  .bss               zero     0x2000'2820     0x2  user_app_sensor.o [1]
  .bss               zero     0x2000'2822     0x2  user_uart.o [1]
  .bss               zero     0x2000'2824     0x1  button.o [1]
  .bss               zero     0x2000'2825     0x1  lcd_display.o [1]
  .bss               zero     0x2000'2826     0x1  lcd_display.o [1]
  .bss               zero     0x2000'2827     0x1  lcd_display.o [1]
  .bss               zero     0x2000'2828     0x1  stm32l4xx_it.o [1]
  .bss               zero     0x2000'2829     0x1  user_app_comm.o [1]
  .bss               zero     0x2000'282a     0x1  user_app_comm.o [1]
  .bss               zero     0x2000'282b     0x1  user_app_rs485.o [1]
  .bss               zero     0x2000'282c     0x1  user_app_sensor.o [1]
  .bss               zero     0x2000'282d     0x1  user_app_sensor.o [1]
  .bss               zero     0x2000'282e     0x1  user_app_sensor.o [1]
  .bss               zero     0x2000'282f     0x1  user_at_serial.o [1]
  .bss               zero     0x2000'2830     0x1  user_connect_sensor.o [1]
  .bss               zero     0x2000'2831     0x1  user_connect_sensor.o [1]
  .bss               zero     0x2000'2832     0x1  user_rs485.o [1]
  .bss               zero     0x2000'2833     0x1  user_rs485.o [1]
  .bss               zero     0x2000'2834     0x1  user_rtc.o [1]
  .bss               zero     0x2000'2835     0x1  user_uart.o [1]
                            - 0x2000'2836  0x1c96

"P2", part 3 of 3:                          0x400
  CSTACK                      0x2000'2838   0x400  <Block>
    CSTACK           uninit   0x2000'2838   0x400  <Block tail>
                            - 0x2000'2c38   0x400

Unused ranges:

         From           To      Size
         ----           --      ----
   0x800'fd05   0x803'ffff  0x3'02fb
  0x2000'0b9d  0x2000'0b9f       0x3
  0x2000'2c38  0x2000'ffff    0xd3c8


*******************************************************************************
*** INIT TABLE
***

          Address      Size
          -------      ----
Zero (__iar_zero_init3)
    1 destination range, total size 0x1c96:
          0x2000'0ba0  0x1c96

Copy/lz77 (__iar_lz77_init_single3)
    1 source range, total size 0x511 (43% of destination):
           0x800'f7f4   0x511
    1 destination range, total size 0xb9d:
          0x2000'0000   0xb9d



*******************************************************************************
*** MODULE SUMMARY
***

    Module                    ro code  ro data  rw data
    ------                    -------  -------  -------
command line/config:
    ---------------------------------------------------
    Total:

D:\Saoviet_Git\Saoviet_EnviroTrack_M_And_S_RawW\Project_Slave_Chemins_1000NTU\Project_Slave_Sensor_EnviroTrack\EWARM\Project_Slave_Sensor_EnviroTrack\Obj: [1]
    ST7565R.o                     348
    STM32L4.o                     176
    button.o                    6'944        5       45
    dma.o                          96
    event_driven.o                 84
    glcd.o                        272             1'036
    gpio.o                        464
    graphics.o                    512
    lcd_display.o               3'104    2'131    1'870
    main.o                        194
    onchipflash.o                 370
    rtc.o                         336                36
    spi.o                         200               100
    startup_stm32l433xx.o         648
    stm32l4xx_hal.o               208        2        9
    stm32l4xx_hal_cortex.o        404
    stm32l4xx_hal_dma.o         1'058
    stm32l4xx_hal_flash.o         440       14       32
    stm32l4xx_hal_flash_ex.o      160
    stm32l4xx_hal_gpio.o          896
    stm32l4xx_hal_msp.o            56
    stm32l4xx_hal_pwr_ex.o        148
    stm32l4xx_hal_rcc.o         2'556
    stm32l4xx_hal_rcc_ex.o      1'256
    stm32l4xx_hal_rtc.o         1'934
    stm32l4xx_hal_rtc_ex.o         74
    stm32l4xx_hal_spi.o         1'322
    stm32l4xx_hal_uart.o        4'044
    stm32l4xx_hal_uart_ex.o       114
    stm32l4xx_it.o                212                 5
    system_stm32l4xx.o             16       74        4
    text.o                        912                12
    text_tiny.o                   656
    unit_tests.o                   20    1'024
    usart.o                       924               624
    user_adv_trace.o              570             1'560
    user_app_comm.o             1'200      140    1'462
    user_app_modbus_rtu.o       2'356      109      598
    user_app_rs485.o              384       28       65
    user_app_sensor.o           5'172      225      307
    user_at_serial.o              476    1'381    1'305
    user_connect_sensor.o         116        4      522
    user_convert_variable.o     1'036
    user_modbus_rtu.o             848
    user_rs485.o                  112        3      522
    user_rtc.o                    936      100       77
    user_string.o                 486
    user_time.o                    88
    user_timer.o                  784                 4
    user_tiny_vsnprintf.o         848       92        8
    user_uart.o                   296       28        3
    user_util.o                   540        9       25
    ---------------------------------------------------
    Total:                     47'406    5'369   10'231

dl7M_tlf.a: [2]
    abort.o                         6
    abs.o                           8
    exit.o                          4
    low_level_init.o                4
    sprintf.o                      64
    xfail_s.o                      64                 4
    xlocale_c.o                     8       27       56
    xprintffull_nomb.o          4'038        8
    xsprout.o                      10
    ---------------------------------------------------
    Total:                      4'206       35       60

m7M_tls.a: [3]
    DblAdd.o                      378
    DblCmpEq.o                     32
    DblCmpGe.o                     46
    DblCmpLe.o                     46
    DblDiv.o                      582
    DblMul.o                      418
    DblSub.o                      226
    DblToFlt.o                    104
    DblToS32.o                     58
    DblToU32.o                     40
    FltToDbl.o                     72
    S32ToDbl.o                     34
    U32ToDbl.o                     26
    fpinit_M.o                     34
    frexp.o                       112
    iar_Exp64.o                 1'000
    ldexp.o                       314
    math_wrappers64.o              22
    pow64.o                     1'772    1'056
    ---------------------------------------------------
    Total:                      5'316    1'056

rt7M_tl.a: [4]
    ABImemcpy.o                   166
    ABImemset.o                   102
    I64DivMod.o                   560
    I64DivZer.o                     2
    cexit.o                        10
    cmain.o                        30
    cstartup_M.o                   12
    data_init.o                    40
    lz77_init_single.o            120
    memchr.o                       88
    memset.o                       20
    strchr.o                       22
    strlen.o                       54
    zero_init3.o                   58
    ---------------------------------------------------
    Total:                      1'284

shb_l.a: [5]
    exit.o                         20
    ---------------------------------------------------
    Total:                         20

    Gaps                           41        8
    Linker created                          32    1'024
-------------------------------------------------------
    Grand Total:               58'273    6'500   11'315


*******************************************************************************
*** ENTRY LIST
***

Entry                       Address   Size  Type      Object
-----                       -------   ----  ----      ------
.iar.init_table$$Base    0x800'efd0          --   Gb  - Linker created -
.iar.init_table$$Limit   0x800'eff0          --   Gb  - Linker created -
?main                    0x800'f011         Code  Gb  cmain.o [4]
ADV_TRACE_Buffer        0x2000'1450  0x400  Data  Lc  user_adv_trace.o [1]
ADV_TRACE_Ctx           0x2000'2758   0x18  Data  Lc  user_adv_trace.o [1]
AHBPrescTable            0x800'f1d4   0x10  Data  Gb  system_stm32l4xx.o [1]
APBPrescTable            0x800'f680    0x8  Data  Gb  system_stm32l4xx.o [1]
AT_CMD_Get_BR_Slave      0x800'3fd9   0x52  Code  Gb  user_app_sensor.o [1]
AT_CMD_Get_ID_Slave      0x800'3eed   0x56  Code  Gb  user_app_sensor.o [1]
AT_CMD_Reset_Slave       0x800'3e45   0x4a  Code  Gb  user_app_sensor.o [1]
AT_CMD_Restore_Slave     0x800'3e8f   0x5e  Code  Gb  user_app_sensor.o [1]
AT_CMD_Set_BR_Slave      0x800'4031   0x94  Code  Gb  user_app_sensor.o [1]
AT_CMD_Set_ID_Slave      0x800'3f43   0x96  Code  Gb  user_app_sensor.o [1]
AppComm_DBG_Init_RX_Mode
                         0x800'c30d   0x1e  Code  Gb  user_app_comm.o [1]
AppComm_DBG_Init_Uart    0x800'c305    0x8  Code  Gb  user_app_comm.o [1]
AppComm_DBG_Rx_Callback
                         0x800'c333  0x176  Code  Gb  user_app_comm.o [1]
AppComm_DBG_Stop_RX_Mode
                         0x800'c331    0x2  Code  Gb  user_app_comm.o [1]
AppComm_Get_Reset_Source
                         0x800'c2cd   0x38  Code  Gb  user_app_comm.o [1]
AppComm_IRQ_Timer_CallBack
                         0x800'c28d    0xc  Code  Gb  user_app_comm.o [1]
AppComm_Init             0x800'c1cd   0x20  Code  Gb  user_app_comm.o [1]
AppComm_Set_Next_TxTimer
                         0x800'c2b3    0x2  Code  Gb  user_app_comm.o [1]
AppComm_Task             0x800'c1ed   0x9e  Code  Gb  user_app_comm.o [1]
AppComm_Uart_Debug_Send
                         0x800'c2b5   0x18  Code  Lc  user_app_comm.o [1]
AppRs485_Task            0x800'd6c9   0x84  Code  Gb  user_app_rs485.o [1]
AppSensor_Task           0x800'4115   0x84  Code  Gb  user_app_sensor.o [1]
BUTTON_Down_Process      0x800'1265  0x36c  Code  Gb  button.o [1]
BUTTON_ESC_Process       0x800'15f1  0x682  Code  Gb  button.o [1]
BUTTON_Enter_Process     0x800'02e9  0xbb8  Code  Gb  button.o [1]
BUTTON_Process           0x800'018d   0x32  Code  Gb  button.o [1]
BUTTON_Up_Process        0x800'0ec1  0x39c  Code  Gb  button.o [1]
BUTTON_scan              0x800'01bf  0x120  Code  Gb  button.o [1]
BUTTON_scan::block_time
                        0x2000'2814    0x2  Data  Lc  button.o [1]
BUTTON_scan::hold       0x2000'27cc    0x4  Data  Lc  button.o [1]
BUTTON_scan::last_value
                        0x2000'2824    0x1  Data  Lc  button.o [1]
BusFault_Handler         0x800'ed13    0x2  Code  Gb  stm32l4xx_it.o [1]
CSTACK$$Base            0x2000'2838          --   Gb  - Linker created -
CSTACK$$Limit           0x2000'2c38          --   Gb  - Linker created -
Cal_Time                 0x800'204b   0x12  Code  Gb  user_util.o [1]
Calculator_Scale         0x800'4bd1   0x54  Code  Gb  user_convert_variable.o [1]
CheckList_AT_CONFIG     0x2000'0738  0x410  Data  Gb  user_at_serial.o [1]
Check_Time_Out           0x800'202d   0x1e  Code  Gb  user_util.o [1]
Convert_Point_Int_To_String
                         0x800'4c25   0xce  Code  Gb  user_convert_variable.o [1]
Convert_Point_Int_To_String_Scale
                         0x800'4cf3   0xea  Code  Gb  user_convert_variable.o [1]
Convert_Scale            0x800'219d   0x5c  Code  Gb  user_util.o [1]
Convert_String_To_Dec    0x800'4f4d   0x5c  Code  Gb  user_convert_variable.o [1]
Convert_uint32Hex_To_Float
                         0x800'4e09  0x144  Code  Gb  user_convert_variable.o [1]
CountBufferHandleRecvSS
                        0x2000'281e    0x2  Data  Gb  user_app_sensor.o [1]
DMA1_Channel3_IRQHandler
                         0x800'ed6d    0xa  Code  Gb  stm32l4xx_it.o [1]
DMA1_Channel5_IRQHandler
                         0x800'ed77    0xa  Code  Gb  stm32l4xx_it.o [1]
DMA2_Channel7_IRQHandler
                         0x800'ed9f    0xa  Code  Gb  stm32l4xx_it.o [1]
DMA_SetConfig            0x800'a489   0x32  Code  Lc  stm32l4xx_hal_dma.o [1]
DaysInMonth              0x800'f5fc    0xc  Data  Lc  user_rtc.o [1]
DaysInMonthLeapYear      0x800'f608    0xc  Data  Lc  user_rtc.o [1]
DebugMon_Handler         0x800'ed19    0x2  Code  Gb  stm32l4xx_it.o [1]
Display_Check_Password   0x800'2d03   0x2e  Code  Gb  lcd_display.o [1]
Display_Check_Toggle     0x800'2b89   0xac  Code  Gb  lcd_display.o [1]
Display_Check_Toggle::Hide
                        0x2000'2448   0x78  Data  Lc  lcd_display.o [1]
Display_Check_Toggle::LandMarkToggle_u32
                        0x2000'1e50  0x1e0  Data  Lc  lcd_display.o [1]
Display_Init             0x800'2249  0x104  Code  Gb  lcd_display.o [1]
Display_Set_Screen       0x800'2ccd   0x36  Code  Gb  lcd_display.o [1]
Display_Set_Screen_Flag
                         0x800'2c87   0x46  Code  Gb  lcd_display.o [1]
Display_Show_Oject       0x800'27e9  0x3a0  Code  Gb  lcd_display.o [1]
Display_Show_Screen      0x800'2c35   0x52  Code  Gb  lcd_display.o [1]
Display_Show_State_Sensor_Network
                         0x800'2d45   0x34  Code  Gb  lcd_display.o [1]
Display_Show_State_Setting
                         0x800'2d79   0x5c  Code  Gb  lcd_display.o [1]
Display_Show_Static_Param
                         0x800'2d31   0x14  Code  Gb  lcd_display.o [1]
Display_Task             0x800'234d   0x7e  Code  Gb  lcd_display.o [1]
Error_Handler            0x800'9b99    0x4  Code  Gb  main.o [1]
FLASH_FlushCaches        0x800'b3cf   0x6a  Code  Gb  stm32l4xx_hal_flash_ex.o [1]
FLASH_PageErase          0x800'b3a5   0x2a  Code  Gb  stm32l4xx_hal_flash_ex.o [1]
FLASH_Program_DoubleWord
                         0x800'b333   0x1a  Code  Lc  stm32l4xx_hal_flash.o [1]
FLASH_Program_Fast       0x800'b34d   0x32  Code  Lc  stm32l4xx_hal_flash.o [1]
FLASH_WaitForLastOperation
                         0x800'b2cd   0x66  Code  Gb  stm32l4xx_hal_flash.o [1]
Filter_Temp              0x800'3761    0x2  Code  Gb  user_app_sensor.o [1]
Filter_pH                0x800'36a1   0xc0  Code  Gb  user_app_sensor.o [1]
Filter_pH::P            0x2000'072c    0x4  Data  Lc  user_app_sensor.o [1]
Filter_pH::x_est        0x2000'27f4    0x4  Data  Lc  user_app_sensor.o [1]
Filter_pH::x_est_last   0x2000'27f8    0x4  Data  Lc  user_app_sensor.o [1]
Find_String_V2           0x800'de7f  0x130  Code  Gb  user_string.o [1]
Find_str_fix             0x800'dfd1   0x94  Code  Gb  user_string.o [1]
Flag_gettick            0x2000'2828    0x1  Data  Gb  stm32l4xx_it.o [1]
Font5x7                  0x800'eaf8  0x214  Data  Lc  lcd_display.o [1]
Get_RTC                  0x800'd599   0x4e  Code  Gb  user_time.o [1]
HAL_DMA_Abort            0x800'a2e5   0x54  Code  Gb  stm32l4xx_hal_dma.o [1]
HAL_DMA_Abort_IT         0x800'a339   0x5e  Code  Gb  stm32l4xx_hal_dma.o [1]
HAL_DMA_DeInit           0x800'a179   0xb8  Code  Gb  stm32l4xx_hal_dma.o [1]
HAL_DMA_IRQHandler       0x800'a397   0xf2  Code  Gb  stm32l4xx_hal_dma.o [1]
HAL_DMA_Init             0x800'a099   0xe0  Code  Gb  stm32l4xx_hal_dma.o [1]
HAL_DMA_Start_IT         0x800'a24d   0x98  Code  Gb  stm32l4xx_hal_dma.o [1]
HAL_Delay                0x800'675d   0x28  Code  Wk  stm32l4xx_hal.o [1]
HAL_FLASH_Lock           0x800'b2bf    0xe  Code  Gb  stm32l4xx_hal_flash.o [1]
HAL_FLASH_Program        0x800'b1ed   0xb0  Code  Gb  stm32l4xx_hal_flash.o [1]
HAL_FLASH_Unlock         0x800'b29d   0x22  Code  Gb  stm32l4xx_hal_flash.o [1]
HAL_GPIO_DeInit          0x800'1e6f  0x166  Code  Gb  stm32l4xx_hal_gpio.o [1]
HAL_GPIO_Init            0x800'1cad  0x1c2  Code  Gb  stm32l4xx_hal_gpio.o [1]
HAL_GPIO_ReadPin         0x800'1fd5   0x16  Code  Gb  stm32l4xx_hal_gpio.o [1]
HAL_GPIO_WritePin        0x800'1feb   0x18  Code  Gb  stm32l4xx_hal_gpio.o [1]
HAL_GetTick              0x800'5495    0xc  Code  Wk  stm32l4xx_hal.o [1]
HAL_IncTick              0x800'ede1   0x18  Code  Wk  stm32l4xx_hal.o [1]
HAL_Init                 0x800'bce9   0x24  Code  Gb  stm32l4xx_hal.o [1]
HAL_InitTick             0x800'c87d   0x60  Code  Wk  stm32l4xx_hal.o [1]
HAL_MspInit              0x800'c8e5   0x38  Code  Gb  stm32l4xx_hal_msp.o [1]
HAL_NVIC_DisableIRQ      0x800'a613    0xe  Code  Gb  stm32l4xx_hal_cortex.o [1]
HAL_NVIC_EnableIRQ       0x800'a605    0xe  Code  Gb  stm32l4xx_hal_cortex.o [1]
HAL_NVIC_SetPriority     0x800'a5db   0x2a  Code  Gb  stm32l4xx_hal_cortex.o [1]
HAL_NVIC_SetPriorityGrouping
                         0x800'a5cf    0xc  Code  Gb  stm32l4xx_hal_cortex.o [1]
HAL_PWREx_ControlVoltageScaling
                         0x800'c549   0x76  Code  Gb  stm32l4xx_hal_pwr_ex.o [1]
HAL_PWREx_GetVoltageRange
                         0x800'c53d    0xc  Code  Gb  stm32l4xx_hal_pwr_ex.o [1]
HAL_RCCEx_PeriphCLKConfig
                         0x800'9bb1  0x34c  Code  Gb  stm32l4xx_hal_rcc_ex.o [1]
HAL_RCC_ClockConfig      0x800'ae75  0x17a  Code  Gb  stm32l4xx_hal_rcc.o [1]
HAL_RCC_GetHCLKFreq      0x800'b0c3    0x6  Code  Gb  stm32l4xx_hal_rcc.o [1]
HAL_RCC_GetPCLK1Freq     0x800'b0c9   0x1a  Code  Gb  stm32l4xx_hal_rcc.o [1]
HAL_RCC_GetPCLK2Freq     0x800'b0e3   0x1a  Code  Gb  stm32l4xx_hal_rcc.o [1]
HAL_RCC_GetResetSource   0x800'b10d   0x12  Code  Gb  stm32l4xx_hal_rcc.o [1]
HAL_RCC_GetSysClockFreq
                         0x800'afef   0xd4  Code  Gb  stm32l4xx_hal_rcc.o [1]
HAL_RCC_OscConfig        0x800'a7ed  0x688  Code  Gb  stm32l4xx_hal_rcc.o [1]
HAL_RTCEx_AlarmBEventCallback
                         0x800'de7d    0x2  Code  Wk  stm32l4xx_hal_rtc_ex.o [1]
HAL_RTCEx_EnableBypassShadow
                         0x800'e065   0x48  Code  Gb  stm32l4xx_hal_rtc_ex.o [1]
HAL_RTC_AlarmAEventCallback
                         0x800'dbe5    0xc  Code  Gb  user_rtc.o [1]
HAL_RTC_AlarmIRQHandler
                         0x800'cf21   0x60  Code  Gb  stm32l4xx_hal_rtc.o [1]
HAL_RTC_DeactivateAlarm
                         0x800'ce47   0xda  Code  Gb  stm32l4xx_hal_rtc.o [1]
HAL_RTC_GetDate          0x800'cc0f   0x52  Code  Gb  stm32l4xx_hal_rtc.o [1]
HAL_RTC_GetTime          0x800'cadd   0x66  Code  Gb  stm32l4xx_hal_rtc.o [1]
HAL_RTC_Init             0x800'c91d   0xca  Code  Gb  stm32l4xx_hal_rtc.o [1]
HAL_RTC_MspInit          0x800'c031   0x50  Code  Gb  rtc.o [1]
HAL_RTC_SetAlarm_IT      0x800'cc61  0x1e6  Code  Gb  stm32l4xx_hal_rtc.o [1]
HAL_RTC_SetDate          0x800'cb43   0xcc  Code  Gb  stm32l4xx_hal_rtc.o [1]
HAL_RTC_SetTime          0x800'c9e7   0xf6  Code  Gb  stm32l4xx_hal_rtc.o [1]
HAL_RTC_WaitForSynchro   0x800'cf81   0x2e  Code  Gb  stm32l4xx_hal_rtc.o [1]
HAL_SPI_Init             0x800'95a9   0xf8  Code  Gb  stm32l4xx_hal_spi.o [1]
HAL_SPI_MspInit          0x800'bc71   0x62  Code  Gb  spi.o [1]
HAL_SPI_Transmit         0x800'96a1  0x1fe  Code  Gb  stm32l4xx_hal_spi.o [1]
HAL_SYSTICK_Config       0x800'a621    0xc  Code  Gb  stm32l4xx_hal_cortex.o [1]
HAL_UARTEx_ReceiveToIdle_DMA
                         0x800'a779   0x70  Code  Gb  stm32l4xx_hal_uart_ex.o [1]
HAL_UARTEx_RxEventCallback
                         0x800'a687   0x3e  Code  Gb  user_uart.o [1]
HAL_UARTEx_WakeupCallback
                         0x800'a7e9    0x2  Code  Wk  stm32l4xx_hal_uart_ex.o [1]
HAL_UART_ErrorCallback   0x800'a6c5   0x3e  Code  Gb  user_uart.o [1]
HAL_UART_IRQHandler      0x800'6929  0x35c  Code  Gb  stm32l4xx_hal_uart.o [1]
HAL_UART_Init            0x800'6785   0x7a  Code  Gb  stm32l4xx_hal_uart.o [1]
HAL_UART_MspDeInit       0x800'6621   0x80  Code  Gb  usart.o [1]
HAL_UART_MspInit         0x800'63fd  0x224  Code  Gb  usart.o [1]
HAL_UART_Receive_IT      0x800'68cb   0x5e  Code  Gb  stm32l4xx_hal_uart.o [1]
HAL_UART_RxCpltCallback
                         0x800'a651   0x36  Code  Gb  user_uart.o [1]
HAL_UART_Transmit        0x800'67ff   0xcc  Code  Gb  stm32l4xx_hal_uart.o [1]
Handle_Data_Measure      0x800'3131  0x100  Code  Gb  user_app_sensor.o [1]
Handle_Data_Recv_SS_TURB
                         0x800'3359  0x154  Code  Gb  user_app_sensor.o [1]
Handle_Data_Recv_Sensor
                         0x800'3243   0x20  Code  Gb  user_app_sensor.o [1]
Handle_Data_Trans_SS_TURB
                         0x800'3277   0xda  Code  Gb  user_app_sensor.o [1]
Handle_Data_Trans_Sensor
                         0x800'3231   0x12  Code  Gb  user_app_sensor.o [1]
Handle_Float_To_hexUint32
                         0x800'4fb9   0x24  Code  Gb  user_convert_variable.o [1]
Handle_State_SS_TURB     0x800'34ad   0x70  Code  Gb  user_app_sensor.o [1]
Handle_State_Sensor      0x800'3263   0x14  Code  Gb  user_app_sensor.o [1]
HardFault_Handler        0x800'ed0f    0x2  Code  Gb  stm32l4xx_it.o [1]
IndexUartError          0x2000'2835    0x1  Data  Lc  user_uart.o [1]
Init_AppRs485            0x800'd6b3   0x16  Code  Gb  user_app_rs485.o [1]
Init_AppSensor           0x800'40cd   0x3e  Code  Gb  user_app_sensor.o [1]
Init_InforSlaveModbusRTU
                         0x800'47f3   0x30  Code  Gb  user_app_modbus_rtu.o [1]
Init_MeasureRange        0x800'3d2d  0x118  Code  Gb  user_app_sensor.o [1]
Init_ParamCalib          0x800'3991   0x92  Code  Gb  user_app_sensor.o [1]
Init_TempAlarm           0x800'3b05   0x9e  Code  Gb  user_app_sensor.o [1]
Init_UartRs485           0x800'd675   0x3e  Code  Gb  user_app_rs485.o [1]
Insert_String_To_String
                         0x800'4ddd   0x2a  Code  Gb  user_convert_variable.o [1]
Kind_Trans_Calib        0x2000'282c    0x1  Data  Gb  user_app_sensor.o [1]
LPUART1_IRQHandler       0x800'eda9    0xa  Code  Gb  stm32l4xx_it.o [1]
Liberation_Sans15x21_Numbers
                         0x800'e8d0  0x228  Data  Lc  lcd_display.o [1]
MSIRangeTable            0x800'eed8   0x30  Data  Gb  system_stm32l4xx.o [1]
MX_DMA_Init              0x800'bedd   0x60  Code  Gb  dma.o [1]
MX_GPIO_Init             0x800'bd0d  0x1d0  Code  Gb  gpio.o [1]
MX_LPUART1_UART_Init     0x800'634d   0x38  Code  Gb  usart.o [1]
MX_RTC_Init              0x800'bf3d   0xf4  Code  Gb  rtc.o [1]
MX_SPI2_Init             0x800'bc21   0x50  Code  Gb  spi.o [1]
MX_USART1_UART_Init      0x800'6385   0x3c  Code  Gb  usart.o [1]
MX_USART3_UART_Init      0x800'63c1   0x3c  Code  Gb  usart.o [1]
Main_Task                0x800'c191   0x3c  Code  Gb  user_app_comm.o [1]
MemManage_Handler        0x800'ed11    0x2  Code  Gb  stm32l4xx_it.o [1]
ModRTU_CRC               0x800'5ffd   0x3c  Code  Gb  user_modbus_rtu.o [1]
ModRTU_Master_Read_Frame
                         0x800'6039   0x9c  Code  Gb  user_modbus_rtu.o [1]
ModRTU_Master_Write_Frame
                         0x800'60d5   0xe8  Code  Gb  user_modbus_rtu.o [1]
ModRTU_Slave_ACK_Read_Frame
                         0x800'61bd   0xa2  Code  Gb  user_modbus_rtu.o [1]
ModRTU_Slave_ACK_Write_Frame
                         0x800'625f   0xee  Code  Gb  user_modbus_rtu.o [1]
Modem_Check_AT           0x800'd3bd  0x1dc  Code  Gb  user_at_serial.o [1]
Modem_Check_RTU          0x800'4823  0x37e  Code  Gb  user_app_modbus_rtu.o [1]
NMI_Handler              0x800'ed0d    0x2  Code  Gb  stm32l4xx_it.o [1]
NONE_Register_CallBack   0x800'429d    0x6  Code  Gb  user_app_modbus_rtu.o [1]
NVIC_EncodePriority      0x800'a55f   0x40  Code  Lc  stm32l4xx_hal_cortex.o [1]
OldPosDMADebug          0x2000'281a    0x2  Data  Lc  user_app_comm.o [1]
Old_Value_i16           0x2000'2816    0x2  Data  Gb  button.o [1]
On_Speaker               0x800'2621   0x24  Code  Gb  lcd_display.o [1]
OnchipFlashPageErase     0x800'77d9   0x5a  Code  Gb  onchipflash.o [1]
OnchipFlashWriteData     0x800'774d   0x8c  Code  Gb  onchipflash.o [1]
PendSV_Handler           0x800'ed1b    0x2  Code  Gb  stm32l4xx_it.o [1]
PortConfig              0x2000'282f    0x1  Data  Gb  user_at_serial.o [1]
RC                       0x800'dfaf   0x22  Code  Gb  user_string.o [1]
RCCEx_PLLSAI1_Config     0x800'9f11  0x16e  Code  Lc  stm32l4xx_hal_rcc_ex.o [1]
RCC_SetFlashLatencyFromMSIRange
                         0x800'b125   0x8a  Code  Lc  stm32l4xx_hal_rcc.o [1]
RS485SS_Init_Data        0x800'66e9   0x10  Code  Gb  user_connect_sensor.o [1]
RS485SS_Init_RX_Mode     0x800'66f9   0x1e  Code  Gb  user_connect_sensor.o [1]
RS485SS_Rx_Callback      0x800'6719   0x34  Code  Gb  user_connect_sensor.o [1]
RS485SS_Stop_RX_Mode     0x800'6717    0x2  Code  Gb  user_connect_sensor.o [1]
RS485_Done_Calib         0x800'3763   0x1c  Code  Gb  user_app_sensor.o [1]
RS485_Enter_Calib        0x800'377f   0x20  Code  Gb  user_app_sensor.o [1]
RS485_Init_RX_Mode       0x800'c5d1   0x1e  Code  Gb  user_rs485.o [1]
RS485_LogData_Calib      0x800'379f   0x78  Code  Gb  user_app_sensor.o [1]
RS485_Rx_Callback        0x800'c5f1   0x3c  Code  Gb  user_rs485.o [1]
RS485_Stop_RX_Mode       0x800'c5ef    0x2  Code  Gb  user_rs485.o [1]
RTC_AlarmStructure      0x2000'2660   0x2c  Data  Lc  user_rtc.o [1]
RTC_Alarm_IRQHandler     0x800'ed95    0xa  Code  Gb  stm32l4xx_it.o [1]
RTC_Bcd2ToByte           0x800'd095   0x16  Code  Gb  stm32l4xx_hal_rtc.o [1]
RTC_ByteToBcd2           0x800'd079   0x1c  Code  Gb  stm32l4xx_hal_rtc.o [1]
RTC_EnterInitMode        0x800'cfaf   0x4c  Code  Gb  stm32l4xx_hal_rtc.o [1]
RTC_ExitInitMode         0x800'cffb   0x58  Code  Gb  stm32l4xx_hal_rtc.o [1]
RTC_GetCalendarValue     0x800'ddb7   0x90  Code  Lc  user_rtc.o [1]
RTC_IF_Convert_Tick2ms   0x800'dbd5   0x10  Code  Gb  user_rtc.o [1]
RTC_IF_Convert_ms2Tick   0x800'dbc3   0x12  Code  Gb  user_rtc.o [1]
RTC_IF_GetMinimumTimeout
                         0x800'dbbf    0x4  Code  Gb  user_rtc.o [1]
RTC_IF_GetTimerContext   0x800'db83    0x8  Code  Gb  user_rtc.o [1]
RTC_IF_GetTimerElapsedTime
                         0x800'db8b   0x16  Code  Gb  user_rtc.o [1]
RTC_IF_GetTimerValue     0x800'dba1   0x1e  Code  Gb  user_rtc.o [1]
RTC_IF_Init              0x800'db0d   0x30  Code  Gb  user_rtc.o [1]
RTC_IF_SetTimerContext   0x800'db6d   0x16  Code  Gb  user_rtc.o [1]
RTC_IF_StartTimer        0x800'db3d    0xe  Code  Gb  user_rtc.o [1]
RTC_IF_StopTimer         0x800'db4b   0x22  Code  Gb  user_rtc.o [1]
RTC_Initalized          0x2000'2834    0x1  Data  Lc  user_rtc.o [1]
RTC_StartWakeUpAlarm     0x800'dbf1  0x1c6  Code  Lc  user_rtc.o [1]
ReInit_Rx_Mode_Uart_Error
                         0x800'a703   0x5a  Code  Gb  user_uart.o [1]
Read_Register_Rs485      0x800'381d   0x66  Code  Gb  user_app_sensor.o [1]
Region$$Table$$Base      0x800'efd0          --   Gb  - Linker created -
Region$$Table$$Limit     0x800'eff0          --   Gb  - Linker created -
Reset_Buff               0x800'20bd   0x24  Code  Gb  user_util.o [1]
Rs485SSStatus_u8        0x2000'2831    0x1  Data  Gb  user_connect_sensor.o [1]
Rs485Status_u8          0x2000'2833    0x1  Data  Gb  user_rs485.o [1]
RtCountSystick_u32      0x2000'2804    0x4  Data  Gb  user_util.o [1]
RtcTimerContext         0x2000'2724   0x1c  Data  Lc  user_rtc.o [1]
SPI_EndRxTxTransaction   0x800'9a69   0x6a  Code  Lc  stm32l4xx_hal_spi.o [1]
SPI_WaitFifoStateUntilTimeout
                         0x800'9977   0xee  Code  Lc  stm32l4xx_hal_spi.o [1]
SPI_WaitFlagStateUntilTimeout
                         0x800'989f   0xd8  Code  Lc  stm32l4xx_hal_spi.o [1]
SVC_Handler              0x800'ed17    0x2  Code  Gb  stm32l4xx_it.o [1]
Save_Array               0x800'7839   0x86  Code  Gb  onchipflash.o [1]
Save_InforSlaveModbusRTU
                         0x800'47af   0x44  Code  Gb  user_app_modbus_rtu.o [1]
Save_MeasureRange        0x800'3bb9  0x162  Code  Gb  user_app_sensor.o [1]
Save_ParamCalib          0x800'38c3   0xba  Code  Gb  user_app_sensor.o [1]
Save_TempAlarm           0x800'3a2d   0xce  Code  Gb  user_app_sensor.o [1]
Send_RS458_Master        0x800'4777   0x38  Code  Gb  user_app_modbus_rtu.o [1]
Send_RS458_Sensor        0x800'3883   0x40  Code  Gb  user_app_sensor.o [1]
SysApp_Init              0x800'c149    0xc  Code  Gb  user_app_comm.o [1]
SysApp_Setting           0x800'c155   0x3c  Code  Gb  user_app_comm.o [1]
SysTick_Config           0x800'a59f   0x30  Code  Lc  stm32l4xx_hal_cortex.o [1]
SysTick_Handler          0x800'ed1d   0x50  Code  Gb  stm32l4xx_it.o [1]
SystemClock_Config       0x800'9b07   0x92  Code  Gb  main.o [1]
SystemCoreClock         0x2000'050c    0x4  Data  Gb  system_stm32l4xx.o [1]
SystemInit               0x800'f3c5    0xc  Code  Gb  system_stm32l4xx.o [1]
TRACE_AllocateBufer      0x800'c7a1   0xa2  Code  Lc  user_adv_trace.o [1]
TRACE_IsLocked           0x800'c857   0x10  Code  Lc  user_adv_trace.o [1]
TRACE_Lock               0x800'c843    0xa  Code  Lc  user_adv_trace.o [1]
TRACE_Send               0x800'c71b   0x84  Code  Lc  user_adv_trace.o [1]
TRACE_UnLock             0x800'c84d    0xa  Code  Lc  user_adv_trace.o [1]
TimerExists              0x800'd325   0x1a  Code  Gb  user_timer.o [1]
TimerInsertNewHeadTimer
                         0x800'd399   0x1c  Code  Gb  user_timer.o [1]
TimerInsertTimer         0x800'd36b   0x2e  Code  Gb  user_timer.o [1]
TimerListHead           0x2000'2800    0x4  Data  Lc  user_timer.o [1]
TimerSetTimeout          0x800'd33f   0x2c  Code  Gb  user_timer.o [1]
TimerTx                 0x2000'2770   0x18  Data  Lc  user_app_comm.o [1]
TxCpltCallback          0x2000'27e8    0x4  Data  Lc  user_app_comm.o [1]
UART_AdvFeatureConfig    0x800'6f81   0xda  Code  Gb  stm32l4xx_hal_uart.o [1]
UART_CheckIdleState      0x800'705b   0xd2  Code  Gb  stm32l4xx_hal_uart.o [1]
UART_DMAAbortOnError     0x800'750d   0x1a  Code  Lc  stm32l4xx_hal_uart.o [1]
UART_DMAError            0x800'74bd   0x50  Code  Lc  stm32l4xx_hal_uart.o [1]
UART_DMAReceiveCplt      0x800'73f1   0xa2  Code  Lc  stm32l4xx_hal_uart.o [1]
UART_DMARxHalfCplt       0x800'7495   0x28  Code  Lc  stm32l4xx_hal_uart.o [1]
UART_EndRxTransfer       0x800'7393   0x5e  Code  Lc  stm32l4xx_hal_uart.o [1]
UART_EndTransmit_IT      0x800'7527   0x2a  Code  Lc  stm32l4xx_hal_uart.o [1]
UART_EndTxTransfer       0x800'7377   0x1c  Code  Lc  stm32l4xx_hal_uart.o [1]
UART_RxISR_16BIT         0x800'7645   0xee  Code  Lc  stm32l4xx_hal_uart.o [1]
UART_RxISR_8BIT          0x800'7551   0xec  Code  Lc  stm32l4xx_hal_uart.o [1]
UART_SetConfig           0x800'6c89  0x2ec  Code  Gb  stm32l4xx_hal_uart.o [1]
UART_Start_Receive_DMA   0x800'72bb   0xbc  Code  Gb  stm32l4xx_hal_uart.o [1]
UART_Start_Receive_IT    0x800'71cb   0xf0  Code  Gb  stm32l4xx_hal_uart.o [1]
UART_WaitOnFlagUntilTimeout
                         0x800'712d   0x9e  Code  Gb  stm32l4xx_hal_uart.o [1]
USART1_IRQHandler        0x800'ed81    0xa  Code  Gb  stm32l4xx_it.o [1]
USART3_IRQHandler        0x800'ed8b    0xa  Code  Gb  stm32l4xx_it.o [1]
UTIL_ADV_TRACE_COND_FSend
                         0x800'c641   0xda  Code  Gb  user_adv_trace.o [1]
UTIL_Log_Str             0x800'2141   0x36  Code  Gb  user_util.o [1]
UTIL_MEM_cpy             0x800'217d   0x1e  Code  Gb  user_util.o [1]
UTIL_MEM_set             0x800'20e1   0x18  Code  Gb  user_util.o [1]
UTIL_Printf              0x800'20f9   0x2c  Code  Gb  user_util.o [1]
UTIL_Printf_Str          0x800'2125   0x1c  Code  Gb  user_util.o [1]
UTIL_TIMER_Create        0x800'd0c1   0x4c  Code  Gb  user_timer.o [1]
UTIL_TIMER_IRQ_Handler   0x800'd273   0xb2  Code  Gb  user_timer.o [1]
UTIL_TIMER_Init          0x800'd0ad   0x14  Code  Gb  user_timer.o [1]
UTIL_TIMER_SetPeriod     0x800'd239   0x3a  Code  Gb  user_timer.o [1]
UTIL_TIMER_Start         0x800'd10d   0x92  Code  Gb  user_timer.o [1]
UTIL_TIMER_Stop          0x800'd19f   0x9a  Code  Gb  user_timer.o [1]
UTIL_TimerDriver         0x800'ef08   0x2c  Data  Gb  user_rtc.o [1]
UTIL_TraceDriver         0x800'f494    0xc  Data  Gb  user_app_comm.o [1]
Uart485RxByte           0x2000'2832    0x1  Data  Lc  user_rs485.o [1]
Uart485SSRxByte         0x2000'2830    0x1  Data  Lc  user_connect_sensor.o [1]
UartDebugBuff           0x2000'0ba0  0x4b0  Data  Gb  user_app_comm.o [1]
UartDebugCountFail      0x2000'2822    0x2  Data  Lc  user_uart.o [1]
UartDebugRxByte         0x2000'2829    0x1  Data  Gb  user_app_comm.o [1]
Update_ParaDisplay       0x800'2645  0x1a4  Code  Gb  lcd_display.o [1]
UsageFault_Handler       0x800'ed15    0x2  Code  Gb  stm32l4xx_it.o [1]
User_RTC_Init            0x800'dad5   0x38  Code  Lc  user_rtc.o [1]
UtilFloatToString        0x800'21f9   0x2e  Code  Gb  user_util.o [1]
UtilIntToStringWithScale
                         0x800'205d   0x60  Code  Gb  user_util.o [1]
VLevelDebug             0x2000'0b9c    0x1  Data  Gb  user_util.o [1]
_Cb_Display_Auto_SW      0x800'2541   0x7e  Code  Lc  lcd_display.o [1]
_Cb_Display_Auto_SW::MarkButtPressed
                        0x2000'2827    0x1  Data  Lc  lcd_display.o [1]
_Cb_Display_Auto_SW::cNext
                        0x2000'2818    0x2  Data  Lc  lcd_display.o [1]
_Cb_Display_Init         0x800'23cb   0x52  Code  Lc  lcd_display.o [1]
_Cb_Display_Logo         0x800'241d   0xa8  Code  Lc  lcd_display.o [1]
_Cb_Display_Logo::step_u8
                        0x2000'2825    0x1  Data  Lc  lcd_display.o [1]
_Cb_Display_Show         0x800'24c5   0x7c  Code  Lc  lcd_display.o [1]
_Cb_Display_Show::LandMarkChange_u32
                        0x2000'27dc    0x4  Data  Lc  lcd_display.o [1]
_Cb_Display_Show::ScreenLast
                        0x2000'2826    0x1  Data  Lc  lcd_display.o [1]
_Cb_HandLer_IDLE         0x800'c137    0x6  Code  Lc  user_app_comm.o [1]
_Cb_Off_Speaker          0x800'260b   0x16  Code  Lc  lcd_display.o [1]
_Cb_R_ModbusRTU_REG_Alarm_Lower
                         0x800'465d   0x5a  Code  Gb  user_app_modbus_rtu.o [1]
_Cb_R_ModbusRTU_REG_Alarm_State
                         0x800'4499   0x2e  Code  Gb  user_app_modbus_rtu.o [1]
_Cb_R_ModbusRTU_REG_Alarm_Upper
                         0x800'4543   0x5a  Code  Gb  user_app_modbus_rtu.o [1]
_Cb_R_ModbusRTU_REG_Baudrate
                         0x800'4349   0x2e  Code  Gb  user_app_modbus_rtu.o [1]
_Cb_R_ModbusRTU_REG_ID   0x800'42a3   0x2e  Code  Gb  user_app_modbus_rtu.o [1]
_Cb_R_ModbusRTU_REG_Temp_Measure
                         0x800'443f   0x5a  Code  Gb  user_app_modbus_rtu.o [1]
_Cb_R_ModbusRTU_REG_pH_Measure
                         0x800'43e5   0x5a  Code  Gb  user_app_modbus_rtu.o [1]
_Cb_Save_Box             0x800'c143    0x6  Code  Lc  user_app_comm.o [1]
_Cb_Set_RTC              0x800'c11b   0x1c  Code  Lc  user_app_comm.o [1]
_Cb_TX_Timer_Event       0x800'c299   0x1a  Code  Lc  user_app_comm.o [1]
_Cb_Timer_IRQ            0x800'c08d    0xc  Code  Lc  user_app_comm.o [1]
_Cb_Tx_Timer             0x800'c13d    0x6  Code  Lc  user_app_comm.o [1]
_Cb_Uart_Error           0x800'c10f    0xc  Code  Lc  user_app_comm.o [1]
_Cb_Uart_Rx_Debug        0x800'c099   0x76  Code  Lc  user_app_comm.o [1]
_Cb_Uart_Rx_Debug::LastLengthRecv
                        0x2000'281c    0x2  Data  Lc  user_app_comm.o [1]
_Cb_Uart_Rx_Debug::MarkFirstRecvUart
                        0x2000'282a    0x1  Data  Lc  user_app_comm.o [1]
_Cb_W_ModbusRTU_REG_Alarm_Lower
                         0x800'46b7   0xc0  Code  Gb  user_app_modbus_rtu.o [1]
_Cb_W_ModbusRTU_REG_Alarm_State
                         0x800'44c7   0x7c  Code  Gb  user_app_modbus_rtu.o [1]
_Cb_W_ModbusRTU_REG_Alarm_Upper
                         0x800'459d   0xc0  Code  Gb  user_app_modbus_rtu.o [1]
_Cb_W_ModbusRTU_REG_Baudrate
                         0x800'4377   0x6e  Code  Gb  user_app_modbus_rtu.o [1]
_Cb_W_ModbusRTU_REG_ID   0x800'42d1   0x78  Code  Gb  user_app_modbus_rtu.o [1]
_Cb_button_detect        0x800'25f3   0x18  Code  Lc  lcd_display.o [1]
_Cb_button_scan          0x800'25bf   0x34  Code  Lc  lcd_display.o [1]
_LitobFullNoMb           0x800'93a1  0x10a  Code  Lc  xprintffull_nomb.o [2]
_Locale_lconv           0x2000'0b60   0x38  Data  Lc  xlocale_c.o [2]
_PrintfFullNoMb          0x800'85e1  0xd9c  Code  Gb  xprintffull_nomb.o [2]
_PutcharFullNoMb         0x800'9511   0x20  Code  Lc  xprintffull_nomb.o [2]
_PutcharsFullNoMb        0x800'9531   0x2e  Code  Lc  xprintffull_nomb.o [2]
_SProut                  0x800'506f    0xa  Code  Gb  xsprout.o [2]
__NVIC_DisableIRQ        0x800'a50d   0x26  Code  Lc  stm32l4xx_hal_cortex.o [1]
__NVIC_EnableIRQ         0x800'a4ed   0x20  Code  Lc  stm32l4xx_hal_cortex.o [1]
__NVIC_GetPriorityGrouping
                         0x800'a4df    0xc  Code  Lc  stm32l4xx_hal_cortex.o [1]
__NVIC_SetPriority       0x800'a533   0x2c  Code  Lc  stm32l4xx_hal_cortex.o [1]
__NVIC_SetPriorityGrouping
                         0x800'a4bd   0x22  Code  Lc  stm32l4xx_hal_cortex.o [1]
__aeabi_cdcmpeq          0x800'b52d         Code  Gb  DblCmpEq.o [3]
__aeabi_cdcmple          0x800'b5bd         Code  Gb  DblCmpLe.o [3]
__aeabi_cdrcmple         0x800'b5ed         Code  Gb  DblCmpGe.o [3]
__aeabi_d2f              0x800'52d9         Code  Gb  DblToFlt.o [3]
__aeabi_d2iz             0x800'7eb9         Code  Gb  DblToS32.o [3]
__aeabi_d2uiz            0x800'bbf1         Code  Gb  DblToU32.o [3]
__aeabi_dadd             0x800'7d3d         Code  Gb  DblAdd.o [3]
__aeabi_ddiv             0x800'5091         Code  Gb  DblDiv.o [3]
__aeabi_dmul             0x800'7b99         Code  Gb  DblMul.o [3]
__aeabi_dsub             0x800'b449         Code  Gb  DblSub.o [3]
__aeabi_f2d              0x800'535d         Code  Gb  FltToDbl.o [3]
__aeabi_i2d              0x800'504d         Code  Gb  S32ToDbl.o [3]
__aeabi_ldiv0            0x800'b445         Code  Gb  I64DivZer.o [4]
__aeabi_memcpy           0x800'78c1         Code  Gb  ABImemcpy.o [4]
__aeabi_memcpy4          0x800'78e1         Code  Gb  ABImemcpy.o [4]
__aeabi_memcpy8          0x800'78e1         Code  Gb  ABImemcpy.o [4]
__aeabi_memset           0x800'5a05         Code  Gb  ABImemset.o [4]
__aeabi_ui2d             0x800'5341         Code  Gb  U32ToDbl.o [3]
__aeabi_uldivmod         0x800'7969         Code  Gb  I64DivMod.o [4]
__cmain                  0x800'f011         Code  Gb  cmain.o [4]
__exit                   0x800'dac1   0x14  Code  Gb  exit.o [5]
__iar_Exp64              0x800'b61d  0x388  Code  Gb  iar_Exp64.o [3]
__iar_Fail_s             0x800'ba1d   0x1c  Code  Gb  xfail_s.o [2]
__iar_Memchr             0x800'ba5d         Code  Gb  memchr.o [4]
__iar_Memset             0x800'5a05         Code  Gb  ABImemset.o [4]
__iar_Memset_word        0x800'5a0d         Code  Gb  ABImemset.o [4]
__iar_Strchr             0x800'ba05         Code  Gb  strchr.o [4]
__iar_dadd               0x800'b459         Code  Gb  DblSub.o [3]
__iar_data_init3         0x800'ef85   0x28  Code  Gb  data_init.o [4]
__iar_dsub               0x800'7d4d         Code  Gb  DblAdd.o [3]
__iar_dsubStart          0x800'7d5f         Code  Gb  DblAdd.o [3]
__iar_frexp              0x800'b559         Code  Gb  frexp.o [3]
__iar_frexpl             0x800'b559         Code  Gb  frexp.o [3]
__iar_init_vfp           0x800'efad         Code  Gb  fpinit_M.o [3]
__iar_ldexp64            0x800'bab5         Code  Gb  ldexp.o [3]
__iar_lz77_init_single3
                         0x800'edf9   0x78  Code  Gb  lz77_init_single.o [4]
__iar_pow64              0x800'7ef5  0x6ec  Code  Gb  pow64.o [3]
__iar_pow_medium         0x800'7ef5  0x6ec  Code  Gb  pow64.o [3]
__iar_pow_medium64       0x800'7ef5  0x6ec  Code  Gb  pow64.o [3]
__iar_pow_mediuml        0x800'7ef5  0x6ec  Code  Gb  pow64.o [3]
__iar_program_start      0x800'f615         Code  Gb  cstartup_M.o [4]
__iar_scalbln64          0x800'bab5         Code  Gb  ldexp.o [3]
__iar_scalbn64           0x800'bab5         Code  Gb  ldexp.o [3]
__iar_softfp___iar_frexp64
                         0x800'b54d         Code  Gb  frexp.o [3]
__iar_softfp_frexp       0x800'b54d         Code  Gb  frexp.o [3]
__iar_softfp_frexpl      0x800'b54d         Code  Gb  frexp.o [3]
__iar_vfp_pow            0x800'507f   0x10  Code  Gb  math_wrappers64.o [3]
__iar_zero_init3         0x800'5013   0x3a  Code  Gb  zero_init3.o [4]
__low_level_init         0x800'f02f    0x4  Code  Gb  low_level_init.o [2]
__vector_table           0x800'0000         Data  Gb  startup_stm32l433xx.o [1]
_call_main               0x800'f01d         Code  Gb  cmain.o [4]
_exit                    0x800'f039         Code  Gb  cexit.o [4]
_main                    0x800'f02b         Code  Gb  cmain.o [4]
aAT_CMD                 0x2000'23c8   0x80  Data  Lc  user_at_serial.o [1]
aBaudrate_value         0x2000'0630   0x2c  Data  Gb  user_app_modbus_rtu.o [1]
aDATA_CALIB             0x2000'27ec    0x4  Data  Gb  user_app_sensor.o [1]
aDATA_CONFIG            0x2000'21c8   0x80  Data  Lc  user_app_modbus_rtu.o [1]
aDATA_CONFIG            0x2000'2348   0x80  Data  Lc  user_at_serial.o [1]
aDATA_LOG_REGISTER      0x2000'2248   0x80  Data  Lc  user_app_modbus_rtu.o [1]
aModeSelectONOFF        0x2000'0120    0x8  Data  Gb  lcd_display.o [1]
aPASSWORD               0x2000'00cc    0x4  Data  Gb  lcd_display.o [1]
aSTT_SETTING_DONE       0x2000'0100   0x10  Data  Gb  lcd_display.o [1]
aSTT_SETTING_ENTER      0x2000'00e0   0x10  Data  Gb  lcd_display.o [1]
aSTT_SETTING_ERROR      0x2000'0110   0x10  Data  Gb  lcd_display.o [1]
aSTT_SETTING_FREE       0x2000'00d0   0x10  Data  Gb  lcd_display.o [1]
aSTT_SETTING_WAIT       0x2000'00f0   0x10  Data  Gb  lcd_display.o [1]
aSampling_STT           0x2000'268c   0x28  Data  Gb  user_app_sensor.o [1]
aSampling_VALUE         0x2000'26b4   0x28  Data  Gb  user_app_sensor.o [1]
aTEST                   0x2000'0000    0xc  Data  Lc  button.o [1]
aUART_485SS_DATA        0x2000'1a50  0x200  Data  Lc  user_connect_sensor.o [1]
aUART_485_DATA          0x2000'1c50  0x200  Data  Lc  user_rs485.o [1]
aUART_DBG_DMA_RX        0x2000'2524   0x64  Data  Lc  user_app_comm.o [1]
abort                    0x800'c8dd    0x6  Code  Gb  abort.o [2]
abs                      0x800'9ad3    0x8  Code  Gb  abs.o [2]
aframe                  0x2000'22c8   0x80  Data  Gb  user_app_modbus_rtu.o [1]
bmp_SV_logo_12864        0x800'e4d0  0x400  Data  Gb  unit_tests.o [1]
charNotDetectPress      0x2000'0b9a    0x1  Data  Lc  lcd_display.o [1]
count_gettick           0x2000'27e4    0x4  Data  Gb  stm32l4xx_it.o [1]
delay_ms                 0x800'5489    0xc  Code  Gb  STM32L4.o [1]
ee_number                0x800'd799  0x146  Code  Lc  user_tiny_vsnprintf.o [1]
ee_skip_atoi             0x800'd771   0x28  Code  Lc  user_tiny_vsnprintf.o [1]
exit                     0x800'f033    0x4  Code  Gb  exit.o [2]
fevent_active            0x800'5731   0x1e  Code  Gb  event_driven.o [1]
fevent_detect_connect    0x800'2fe9   0x14  Code  Lc  user_app_sensor.o [1]
fevent_disable           0x800'5773   0x12  Code  Gb  event_driven.o [1]
fevent_enable            0x800'574f   0x24  Code  Gb  event_driven.o [1]
fevent_rs485_entry       0x800'd5f1   0x12  Code  Lc  user_app_rs485.o [1]
fevent_rs485_init_uart   0x800'd603   0x2e  Code  Lc  user_app_rs485.o [1]
fevent_rs485_init_uart::stamp
                        0x2000'282b    0x1  Data  Lc  user_app_rs485.o [1]
fevent_rs485_receive_complete
                         0x800'd631   0x24  Code  Lc  user_app_rs485.o [1]
fevent_rs485_refresh     0x800'd655   0x20  Code  Lc  user_app_rs485.o [1]
fevent_sensor_entry      0x800'2e69   0x12  Code  Lc  user_app_sensor.o [1]
fevent_sensor_receive_complete
                         0x800'2f1f   0xb6  Code  Lc  user_app_sensor.o [1]
fevent_sensor_receive_handle
                         0x800'2edf   0x40  Code  Lc  user_app_sensor.o [1]
fevent_sensor_reset      0x800'30ab   0x84  Code  Lc  user_app_sensor.o [1]
fevent_sensor_reset::state
                        0x2000'282d    0x1  Data  Lc  user_app_sensor.o [1]
fevent_sensor_transmit   0x800'2e7b   0x64  Code  Lc  user_app_sensor.o [1]
fevent_sensor_wait_calib
                         0x800'2fd5   0x14  Code  Lc  user_app_sensor.o [1]
fevent_temp_alarm        0x800'2ffd   0xae  Code  Lc  user_app_sensor.o [1]
font_current            0x2000'27a8    0xc  Data  Gb  text.o [1]
glcd_ST7565R_init        0x800'59a9   0x5c  Code  Gb  ST7565R.o [1]
glcd_bbox               0x2000'27d0    0x4  Data  Gb  glcd.o [1]
glcd_bbox_refresh        0x800'582d   0x1c  Code  Gb  glcd.o [1]
glcd_bbox_selected      0x2000'27d8    0x4  Data  Gb  glcd.o [1]
glcd_buffer             0x2000'1050  0x400  Data  Gb  glcd.o [1]
glcd_buffer_selected    0x2000'27d4    0x4  Data  Gb  glcd.o [1]
glcd_clear               0x800'5849   0x28  Code  Gb  glcd.o [1]
glcd_clear_buffer        0x800'5871   0x24  Code  Gb  glcd.o [1]
glcd_command             0x800'58a9   0x1a  Code  Gb  ST7565R.o [1]
glcd_data                0x800'58c3   0x1a  Code  Gb  ST7565R.o [1]
glcd_draw_bitmap         0x800'5fd5   0x1e  Code  Gb  graphics.o [1]
glcd_draw_char_xy        0x800'5a87  0x33a  Code  Gb  text.o [1]
glcd_draw_line           0x800'5ec9  0x10c  Code  Gb  graphics.o [1]
glcd_draw_string_xy      0x800'5dc1   0x38  Code  Gb  text.o [1]
glcd_enable_backlight    0x800'540d    0x2  Code  Gb  STM32L4.o [1]
glcd_init                0x800'53e5   0x28  Code  Gb  STM32L4.o [1]
glcd_reset               0x800'5439   0x40  Code  Gb  STM32L4.o [1]
glcd_reset_bbox          0x800'5811   0x1c  Code  Gb  glcd.o [1]
glcd_select_screen       0x800'5895    0xa  Code  Gb  glcd.o [1]
glcd_set_column_lower    0x800'591d    0xe  Code  Gb  ST7565R.o [1]
glcd_set_column_upper    0x800'5907   0x16  Code  Gb  ST7565R.o [1]
glcd_set_font            0x800'5a6d   0x1a  Code  Gb  text.o [1]
glcd_set_pixel           0x800'5dfd   0xcc  Code  Gb  graphics.o [1]
glcd_set_x_address       0x800'58f1   0x16  Code  Gb  ST7565R.o [1]
glcd_set_y_address       0x800'58dd   0x14  Code  Gb  ST7565R.o [1]
glcd_spi_write           0x800'540f   0x2a  Code  Gb  STM32L4.o [1]
glcd_test_bitmap_128x64
                         0x800'5785    0xe  Code  Gb  unit_tests.o [1]
glcd_tiny_draw_char      0x800'54bb  0x21a  Code  Gb  text_tiny.o [1]
glcd_tiny_draw_string    0x800'56d5   0x54  Code  Gb  text_tiny.o [1]
glcd_tiny_set_font       0x800'54a1   0x1a  Code  Gb  text_tiny.o [1]
glcd_update_bbox         0x800'5799   0x78  Code  Gb  glcd.o [1]
glcd_write               0x800'592b   0x70  Code  Gb  ST7565R.o [1]
hdma_lpuart_rx          0x2000'2588   0x48  Data  Gb  usart.o [1]
hdma_usart1_rx          0x2000'25d0   0x48  Data  Gb  usart.o [1]
hdma_usart3_rx          0x2000'2618   0x48  Data  Gb  usart.o [1]
hlpuart1                0x2000'2030   0x88  Data  Gb  usart.o [1]
hrtc                    0x2000'26dc   0x24  Data  Gb  rtc.o [1]
hspi2                   0x2000'24c0   0x64  Data  Gb  spi.o [1]
huart1                  0x2000'20b8   0x88  Data  Gb  usart.o [1]
huart3                  0x2000'2140   0x88  Data  Gb  usart.o [1]
ldexp                    0x800'bab5         Code  Gb  ldexp.o [3]
ldexpl                   0x800'bab5         Code  Gb  ldexp.o [3]
lnbias                   0x800'e0b0  0x420  Data  Lc  pow64.o [3]
localeconv               0x800'bc19    0x4  Code  Gb  xlocale_c.o [2]
lower_digits            0x2000'0b58    0x4  Data  Lc  user_tiny_vsnprintf.o [1]
main                     0x800'9adb   0x2c  Code  Gb  main.o [1]
memchr                   0x800'ba5d         Code  Gb  memchr.o [4]
memset                   0x800'9b9d   0x14  Code  Gb  memset.o [4]
pFlash                  0x2000'04ec   0x20  Data  Gb  stm32l4xx_hal_flash.o [1]
pFunc_UTIL_Debug_Send   0x2000'280c    0x4  Data  Gb  user_util.o [1]
pFunc_UTIL_Log_To_Mem   0x2000'2808    0x4  Data  Gb  user_util.o [1]
pModemProcessIRQTimer   0x2000'27fc    0x4  Data  Gb  user_rtc.o [1]
pow                      0x800'7ef5  0x6ec  Code  Gb  pow64.o [3]
powl                     0x800'7ef5  0x6ec  Code  Gb  pow64.o [3]
quickSort_Sampling       0x800'3521   0x9a  Code  Gb  user_app_sensor.o [1]
quickSort_Sampling_Value
                         0x800'35bd   0xdc  Code  Gb  user_app_sensor.o [1]
quickSort_Sampling_Value::Handle_Once
                        0x2000'282e    0x1  Data  Lc  user_app_sensor.o [1]
sButton                 0x2000'2740   0x18  Data  Gb  button.o [1]
sCheckList_Reg_Modbus_RTU
                        0x2000'0590   0xa0  Data  Gb  user_app_modbus_rtu.o [1]
sData_Calib             0x2000'0724    0x8  Data  Gb  user_app_sensor.o [1]
sEventAppComm           0x2000'0510   0x70  Data  Gb  user_app_comm.o [1]
sEventAppRs485          0x2000'0664   0x40  Data  Gb  user_app_rs485.o [1]
sEventAppSensor         0x2000'06a4   0x80  Data  Gb  user_app_sensor.o [1]
sEventDisplay           0x2000'000c   0x70  Data  Gb  lcd_display.o [1]
sFirmVersion            0x2000'0580    0x8  Data  Gb  user_app_comm.o [1]
sHandleRs485            0x2000'27f0    0x4  Data  Gb  user_app_sensor.o [1]
sKindMode485            0x2000'2820    0x2  Data  Gb  user_app_sensor.o [1]
sLCD                    0x2000'2788   0x10  Data  Gb  lcd_display.o [1]
sLCDObject              0x2000'0128  0x3c0  Data  Gb  lcd_display.o [1]
sLogData_ModbusRTU      0x2000'065c    0x8  Data  Gb  user_app_modbus_rtu.o [1]
sMeasureRange           0x2000'2798   0x10  Data  Gb  user_app_sensor.o [1]
sModelVersion           0x2000'00c4    0x8  Data  Gb  lcd_display.o [1]
sParaDisplay            0x2000'007c   0x48  Data  Gb  lcd_display.o [1]
sRTC                    0x2000'27c0    0xc  Data  Gb  user_util.o [1]
sSensor_TURB            0x2000'2700   0x24  Data  Gb  user_app_sensor.o [1]
sSlave_ModbusRTU        0x2000'0b98    0x2  Data  Gb  user_app_modbus_rtu.o [1]
sTempAlarm              0x2000'27b4    0xc  Data  Gb  user_app_sensor.o [1]
sUart485                0x2000'0b50    0x8  Data  Gb  user_rs485.o [1]
sUart485SS              0x2000'0b48    0x8  Data  Gb  user_connect_sensor.o [1]
sUartDebug              0x2000'0588    0x8  Data  Gb  user_app_comm.o [1]
scalbln                  0x800'bab5         Code  Gb  ldexp.o [3]
scalblnl                 0x800'bab5         Code  Gb  ldexp.o [3]
scalbn                   0x800'bab5         Code  Gb  ldexp.o [3]
scalbnl                  0x800'bab5         Code  Gb  ldexp.o [3]
scale                    0x800'94ab   0x46  Code  Lc  xprintffull_nomb.o [2]
sec_hand                0x2000'2810    0x4  Data  Lc  xfail_s.o [2]
sprintf                  0x800'53a5   0x40  Code  Gb  sprintf.o [2]
strATcmd                0x2000'0730    0x8  Data  Gb  user_at_serial.o [1]
strchr                   0x800'ba05         Code  Gb  strchr.o [4]
strlen                   0x800'4fdd         Code  Gb  strlen.o [4]
sztmp                   0x2000'1850  0x200  Data  Lc  user_adv_trace.o [1]
tiny_vsnprintf_like      0x800'd8df  0x1d6  Code  Gb  user_tiny_vsnprintf.o [1]
upper_digits            0x2000'0b5c    0x4  Data  Lc  user_tiny_vsnprintf.o [1]
uwTick                  0x2000'27e0    0x4  Data  Gb  stm32l4xx_hal.o [1]
uwTickFreq              0x2000'0b9b    0x1  Data  Gb  stm32l4xx_hal.o [1]
uwTickPrio              0x2000'04e8    0x4  Data  Gb  stm32l4xx_hal.o [1]
vcom_DeInit              0x800'c4b3   0x1e  Code  Gb  user_app_comm.o [1]
vcom_Init                0x800'c4a9    0xa  Code  Gb  user_app_comm.o [1]
vcom_Trace_DMA           0x800'c4d1   0x24  Code  Gb  user_app_comm.o [1]


[1] = D:\Saoviet_Git\Saoviet_EnviroTrack_M_And_S_RawW\Project_Slave_Chemins_1000NTU\Project_Slave_Sensor_EnviroTrack\EWARM\Project_Slave_Sensor_EnviroTrack\Obj
[2] = dl7M_tlf.a
[3] = m7M_tls.a
[4] = rt7M_tl.a
[5] = shb_l.a

  58'273 bytes of readonly  code memory
   6'500 bytes of readonly  data memory
  11'315 bytes of readwrite data memory

Errors: none
Warnings: none
