###############################################################################
#
# IAR ELF Linker V8.40.2.214/W32 for ARM                  26/Jun/2026  10:06:48
# Copyright 2007-2019 IAR Systems AB.
#
#    Output file  =
#        D:\Saoviet_Git\Saoviet_EnviroTrack_M_And_S_RawW\Project_Slave_Chemins_1000NTU\Project_Slave_Sensor_EnviroTrack\EWARM\Project_Slave_Sensor_EnviroTrack\Exe\Project_Slave_Sensor_EnviroTrack.out
#    Map file     =
#        D:\Saoviet_Git\Saoviet_EnviroTrack_M_And_S_RawW\Project_Slave_Chemins_1000NTU\Project_Slave_Sensor_EnviroTrack\EWARM\Project_Slave_Sensor_EnviroTrack\List\Project_Slave_Sensor_EnviroTrack.map
#    Command line =
#        -f C:\Users\PC\AppData\Local\Temp\EWD142.tmp
#        (D:\Saoviet_Git\Saoviet_EnviroTrack_M_And_S_RawW\Project_Slave_Chemins_1000NTU\Project_Slave_Sensor_EnviroTrack\EWARM\Project_Slave_Sensor_EnviroTrack\Obj\button.o
#        D:\Saoviet_Git\Saoviet_EnviroTrack_M_And_S_RawW\Project_Slave_Chemins_1000NTU\Project_Slave_Sensor_EnviroTrack\EWARM\Project_Slave_Sensor_EnviroTrack\Obj\dma.o
#        D:\Saoviet_Git\Saoviet_EnviroTrack_M_And_S_RawW\Project_Slave_Chemins_1000NTU\Project_Slave_Sensor_EnviroTrack\EWARM\Project_Slave_Sensor_EnviroTrack\Obj\event_driven.o
#        D:\Saoviet_Git\Saoviet_EnviroTrack_M_And_S_RawW\Project_Slave_Chemins_1000NTU\Project_Slave_Sensor_EnviroTrack\EWARM\Project_Slave_Sensor_EnviroTrack\Obj\glcd.o
#        D:\Saoviet_Git\Saoviet_EnviroTrack_M_And_S_RawW\Project_Slave_Chemins_1000NTU\Project_Slave_Sensor_EnviroTrack\EWARM\Project_Slave_Sensor_EnviroTrack\Obj\gpio.o
#        D:\Saoviet_Git\Saoviet_EnviroTrack_M_And_S_RawW\Project_Slave_Chemins_1000NTU\Project_Slave_Sensor_EnviroTrack\EWARM\Project_Slave_Sensor_EnviroTrack\Obj\graphics.o
#        D:\Saoviet_Git\Saoviet_EnviroTrack_M_And_S_RawW\Project_Slave_Chemins_1000NTU\Project_Slave_Sensor_EnviroTrack\EWARM\Project_Slave_Sensor_EnviroTrack\Obj\graphs.o
#        D:\Saoviet_Git\Saoviet_EnviroTrack_M_And_S_RawW\Project_Slave_Chemins_1000NTU\Project_Slave_Sensor_EnviroTrack\EWARM\Project_Slave_Sensor_EnviroTrack\Obj\lcd_display.o
#        D:\Saoviet_Git\Saoviet_EnviroTrack_M_And_S_RawW\Project_Slave_Chemins_1000NTU\Project_Slave_Sensor_EnviroTrack\EWARM\Project_Slave_Sensor_EnviroTrack\Obj\main.o
#        D:\Saoviet_Git\Saoviet_EnviroTrack_M_And_S_RawW\Project_Slave_Chemins_1000NTU\Project_Slave_Sensor_EnviroTrack\EWARM\Project_Slave_Sensor_EnviroTrack\Obj\NT75451.o
#        D:\Saoviet_Git\Saoviet_EnviroTrack_M_And_S_RawW\Project_Slave_Chemins_1000NTU\Project_Slave_Sensor_EnviroTrack\EWARM\Project_Slave_Sensor_EnviroTrack\Obj\onchipflash.o
#        D:\Saoviet_Git\Saoviet_EnviroTrack_M_And_S_RawW\Project_Slave_Chemins_1000NTU\Project_Slave_Sensor_EnviroTrack\EWARM\Project_Slave_Sensor_EnviroTrack\Obj\PCD8544.o
#        D:\Saoviet_Git\Saoviet_EnviroTrack_M_And_S_RawW\Project_Slave_Chemins_1000NTU\Project_Slave_Sensor_EnviroTrack\EWARM\Project_Slave_Sensor_EnviroTrack\Obj\queue_p.o
#        D:\Saoviet_Git\Saoviet_EnviroTrack_M_And_S_RawW\Project_Slave_Chemins_1000NTU\Project_Slave_Sensor_EnviroTrack\EWARM\Project_Slave_Sensor_EnviroTrack\Obj\rtc.o
#        D:\Saoviet_Git\Saoviet_EnviroTrack_M_And_S_RawW\Project_Slave_Chemins_1000NTU\Project_Slave_Sensor_EnviroTrack\EWARM\Project_Slave_Sensor_EnviroTrack\Obj\spi.o
#        D:\Saoviet_Git\Saoviet_EnviroTrack_M_And_S_RawW\Project_Slave_Chemins_1000NTU\Project_Slave_Sensor_EnviroTrack\EWARM\Project_Slave_Sensor_EnviroTrack\Obj\ST7565R.o
#        D:\Saoviet_Git\Saoviet_EnviroTrack_M_And_S_RawW\Project_Slave_Chemins_1000NTU\Project_Slave_Sensor_EnviroTrack\EWARM\Project_Slave_Sensor_EnviroTrack\Obj\startup_stm32l433xx.o
#        D:\Saoviet_Git\Saoviet_EnviroTrack_M_And_S_RawW\Project_Slave_Chemins_1000NTU\Project_Slave_Sensor_EnviroTrack\EWARM\Project_Slave_Sensor_EnviroTrack\Obj\STM32F0xx.o
#        D:\Saoviet_Git\Saoviet_EnviroTrack_M_And_S_RawW\Project_Slave_Chemins_1000NTU\Project_Slave_Sensor_EnviroTrack\EWARM\Project_Slave_Sensor_EnviroTrack\Obj\STM32F10x.o
#        D:\Saoviet_Git\Saoviet_EnviroTrack_M_And_S_RawW\Project_Slave_Chemins_1000NTU\Project_Slave_Sensor_EnviroTrack\EWARM\Project_Slave_Sensor_EnviroTrack\Obj\STM32F4.o
#        D:\Saoviet_Git\Saoviet_EnviroTrack_M_And_S_RawW\Project_Slave_Chemins_1000NTU\Project_Slave_Sensor_EnviroTrack\EWARM\Project_Slave_Sensor_EnviroTrack\Obj\STM32L4.o
#        D:\Saoviet_Git\Saoviet_EnviroTrack_M_And_S_RawW\Project_Slave_Chemins_1000NTU\Project_Slave_Sensor_EnviroTrack\EWARM\Project_Slave_Sensor_EnviroTrack\Obj\stm32l4xx_hal.o
#        D:\Saoviet_Git\Saoviet_EnviroTrack_M_And_S_RawW\Project_Slave_Chemins_1000NTU\Project_Slave_Sensor_EnviroTrack\EWARM\Project_Slave_Sensor_EnviroTrack\Obj\stm32l4xx_hal_cortex.o
#        D:\Saoviet_Git\Saoviet_EnviroTrack_M_And_S_RawW\Project_Slave_Chemins_1000NTU\Project_Slave_Sensor_EnviroTrack\EWARM\Project_Slave_Sensor_EnviroTrack\Obj\stm32l4xx_hal_dma.o
#        D:\Saoviet_Git\Saoviet_EnviroTrack_M_And_S_RawW\Project_Slave_Chemins_1000NTU\Project_Slave_Sensor_EnviroTrack\EWARM\Project_Slave_Sensor_EnviroTrack\Obj\stm32l4xx_hal_dma_ex.o
#        D:\Saoviet_Git\Saoviet_EnviroTrack_M_And_S_RawW\Project_Slave_Chemins_1000NTU\Project_Slave_Sensor_EnviroTrack\EWARM\Project_Slave_Sensor_EnviroTrack\Obj\stm32l4xx_hal_exti.o
#        D:\Saoviet_Git\Saoviet_EnviroTrack_M_And_S_RawW\Project_Slave_Chemins_1000NTU\Project_Slave_Sensor_EnviroTrack\EWARM\Project_Slave_Sensor_EnviroTrack\Obj\stm32l4xx_hal_flash.o
#        D:\Saoviet_Git\Saoviet_EnviroTrack_M_And_S_RawW\Project_Slave_Chemins_1000NTU\Project_Slave_Sensor_EnviroTrack\EWARM\Project_Slave_Sensor_EnviroTrack\Obj\stm32l4xx_hal_flash_ex.o
#        D:\Saoviet_Git\Saoviet_EnviroTrack_M_And_S_RawW\Project_Slave_Chemins_1000NTU\Project_Slave_Sensor_EnviroTrack\EWARM\Project_Slave_Sensor_EnviroTrack\Obj\stm32l4xx_hal_flash_ramfunc.o
#        D:\Saoviet_Git\Saoviet_EnviroTrack_M_And_S_RawW\Project_Slave_Chemins_1000NTU\Project_Slave_Sensor_EnviroTrack\EWARM\Project_Slave_Sensor_EnviroTrack\Obj\stm32l4xx_hal_gpio.o
#        D:\Saoviet_Git\Saoviet_EnviroTrack_M_And_S_RawW\Project_Slave_Chemins_1000NTU\Project_Slave_Sensor_EnviroTrack\EWARM\Project_Slave_Sensor_EnviroTrack\Obj\stm32l4xx_hal_i2c.o
#        D:\Saoviet_Git\Saoviet_EnviroTrack_M_And_S_RawW\Project_Slave_Chemins_1000NTU\Project_Slave_Sensor_EnviroTrack\EWARM\Project_Slave_Sensor_EnviroTrack\Obj\stm32l4xx_hal_i2c_ex.o
#        D:\Saoviet_Git\Saoviet_EnviroTrack_M_And_S_RawW\Project_Slave_Chemins_1000NTU\Project_Slave_Sensor_EnviroTrack\EWARM\Project_Slave_Sensor_EnviroTrack\Obj\stm32l4xx_hal_msp.o
#        D:\Saoviet_Git\Saoviet_EnviroTrack_M_And_S_RawW\Project_Slave_Chemins_1000NTU\Project_Slave_Sensor_EnviroTrack\EWARM\Project_Slave_Sensor_EnviroTrack\Obj\stm32l4xx_hal_pwr.o
#        D:\Saoviet_Git\Saoviet_EnviroTrack_M_And_S_RawW\Project_Slave_Chemins_1000NTU\Project_Slave_Sensor_EnviroTrack\EWARM\Project_Slave_Sensor_EnviroTrack\Obj\stm32l4xx_hal_pwr_ex.o
#        D:\Saoviet_Git\Saoviet_EnviroTrack_M_And_S_RawW\Project_Slave_Chemins_1000NTU\Project_Slave_Sensor_EnviroTrack\EWARM\Project_Slave_Sensor_EnviroTrack\Obj\stm32l4xx_hal_rcc.o
#        D:\Saoviet_Git\Saoviet_EnviroTrack_M_And_S_RawW\Project_Slave_Chemins_1000NTU\Project_Slave_Sensor_EnviroTrack\EWARM\Project_Slave_Sensor_EnviroTrack\Obj\stm32l4xx_hal_rcc_ex.o
#        D:\Saoviet_Git\Saoviet_EnviroTrack_M_And_S_RawW\Project_Slave_Chemins_1000NTU\Project_Slave_Sensor_EnviroTrack\EWARM\Project_Slave_Sensor_EnviroTrack\Obj\stm32l4xx_hal_rtc.o
#        D:\Saoviet_Git\Saoviet_EnviroTrack_M_And_S_RawW\Project_Slave_Chemins_1000NTU\Project_Slave_Sensor_EnviroTrack\EWARM\Project_Slave_Sensor_EnviroTrack\Obj\stm32l4xx_hal_rtc_ex.o
#        D:\Saoviet_Git\Saoviet_EnviroTrack_M_And_S_RawW\Project_Slave_Chemins_1000NTU\Project_Slave_Sensor_EnviroTrack\EWARM\Project_Slave_Sensor_EnviroTrack\Obj\stm32l4xx_hal_spi.o
#        D:\Saoviet_Git\Saoviet_EnviroTrack_M_And_S_RawW\Project_Slave_Chemins_1000NTU\Project_Slave_Sensor_EnviroTrack\EWARM\Project_Slave_Sensor_EnviroTrack\Obj\stm32l4xx_hal_spi_ex.o
#        D:\Saoviet_Git\Saoviet_EnviroTrack_M_And_S_RawW\Project_Slave_Chemins_1000NTU\Project_Slave_Sensor_EnviroTrack\EWARM\Project_Slave_Sensor_EnviroTrack\Obj\stm32l4xx_hal_uart.o
#        D:\Saoviet_Git\Saoviet_EnviroTrack_M_And_S_RawW\Project_Slave_Chemins_1000NTU\Project_Slave_Sensor_EnviroTrack\EWARM\Project_Slave_Sensor_EnviroTrack\Obj\stm32l4xx_hal_uart_ex.o
#        D:\Saoviet_Git\Saoviet_EnviroTrack_M_And_S_RawW\Project_Slave_Chemins_1000NTU\Project_Slave_Sensor_EnviroTrack\EWARM\Project_Slave_Sensor_EnviroTrack\Obj\stm32l4xx_it.o
#        D:\Saoviet_Git\Saoviet_EnviroTrack_M_And_S_RawW\Project_Slave_Chemins_1000NTU\Project_Slave_Sensor_EnviroTrack\EWARM\Project_Slave_Sensor_EnviroTrack\Obj\system_stm32l4xx.o
#        D:\Saoviet_Git\Saoviet_EnviroTrack_M_And_S_RawW\Project_Slave_Chemins_1000NTU\Project_Slave_Sensor_EnviroTrack\EWARM\Project_Slave_Sensor_EnviroTrack\Obj\text.o
#        D:\Saoviet_Git\Saoviet_EnviroTrack_M_And_S_RawW\Project_Slave_Chemins_1000NTU\Project_Slave_Sensor_EnviroTrack\EWARM\Project_Slave_Sensor_EnviroTrack\Obj\text_tiny.o
#        D:\Saoviet_Git\Saoviet_EnviroTrack_M_And_S_RawW\Project_Slave_Chemins_1000NTU\Project_Slave_Sensor_EnviroTrack\EWARM\Project_Slave_Sensor_EnviroTrack\Obj\unit_tests.o
#        D:\Saoviet_Git\Saoviet_EnviroTrack_M_And_S_RawW\Project_Slave_Chemins_1000NTU\Project_Slave_Sensor_EnviroTrack\EWARM\Project_Slave_Sensor_EnviroTrack\Obj\usart.o
#        D:\Saoviet_Git\Saoviet_EnviroTrack_M_And_S_RawW\Project_Slave_Chemins_1000NTU\Project_Slave_Sensor_EnviroTrack\EWARM\Project_Slave_Sensor_EnviroTrack\Obj\user_adv_trace.o
#        D:\Saoviet_Git\Saoviet_EnviroTrack_M_And_S_RawW\Project_Slave_Chemins_1000NTU\Project_Slave_Sensor_EnviroTrack\EWARM\Project_Slave_Sensor_EnviroTrack\Obj\user_app_comm.o
#        D:\Saoviet_Git\Saoviet_EnviroTrack_M_And_S_RawW\Project_Slave_Chemins_1000NTU\Project_Slave_Sensor_EnviroTrack\EWARM\Project_Slave_Sensor_EnviroTrack\Obj\user_app_modbus_rtu.o
#        D:\Saoviet_Git\Saoviet_EnviroTrack_M_And_S_RawW\Project_Slave_Chemins_1000NTU\Project_Slave_Sensor_EnviroTrack\EWARM\Project_Slave_Sensor_EnviroTrack\Obj\user_app_rs485.o
#        D:\Saoviet_Git\Saoviet_EnviroTrack_M_And_S_RawW\Project_Slave_Chemins_1000NTU\Project_Slave_Sensor_EnviroTrack\EWARM\Project_Slave_Sensor_EnviroTrack\Obj\user_app_sensor.o
#        D:\Saoviet_Git\Saoviet_EnviroTrack_M_And_S_RawW\Project_Slave_Chemins_1000NTU\Project_Slave_Sensor_EnviroTrack\EWARM\Project_Slave_Sensor_EnviroTrack\Obj\user_at_serial.o
#        D:\Saoviet_Git\Saoviet_EnviroTrack_M_And_S_RawW\Project_Slave_Chemins_1000NTU\Project_Slave_Sensor_EnviroTrack\EWARM\Project_Slave_Sensor_EnviroTrack\Obj\user_connect_sensor.o
#        D:\Saoviet_Git\Saoviet_EnviroTrack_M_And_S_RawW\Project_Slave_Chemins_1000NTU\Project_Slave_Sensor_EnviroTrack\EWARM\Project_Slave_Sensor_EnviroTrack\Obj\user_convert_variable.o
#        D:\Saoviet_Git\Saoviet_EnviroTrack_M_And_S_RawW\Project_Slave_Chemins_1000NTU\Project_Slave_Sensor_EnviroTrack\EWARM\Project_Slave_Sensor_EnviroTrack\Obj\user_internal_mem.o
#        D:\Saoviet_Git\Saoviet_EnviroTrack_M_And_S_RawW\Project_Slave_Chemins_1000NTU\Project_Slave_Sensor_EnviroTrack\EWARM\Project_Slave_Sensor_EnviroTrack\Obj\user_mem_comm.o
#        D:\Saoviet_Git\Saoviet_EnviroTrack_M_And_S_RawW\Project_Slave_Chemins_1000NTU\Project_Slave_Sensor_EnviroTrack\EWARM\Project_Slave_Sensor_EnviroTrack\Obj\user_modbus_rtu.o
#        D:\Saoviet_Git\Saoviet_EnviroTrack_M_And_S_RawW\Project_Slave_Chemins_1000NTU\Project_Slave_Sensor_EnviroTrack\EWARM\Project_Slave_Sensor_EnviroTrack\Obj\user_obis_sv.o
#        D:\Saoviet_Git\Saoviet_EnviroTrack_M_And_S_RawW\Project_Slave_Chemins_1000NTU\Project_Slave_Sensor_EnviroTrack\EWARM\Project_Slave_Sensor_EnviroTrack\Obj\user_rs485.o
#        D:\Saoviet_Git\Saoviet_EnviroTrack_M_And_S_RawW\Project_Slave_Chemins_1000NTU\Project_Slave_Sensor_EnviroTrack\EWARM\Project_Slave_Sensor_EnviroTrack\Obj\user_rtc.o
#        D:\Saoviet_Git\Saoviet_EnviroTrack_M_And_S_RawW\Project_Slave_Chemins_1000NTU\Project_Slave_Sensor_EnviroTrack\EWARM\Project_Slave_Sensor_EnviroTrack\Obj\user_string.o
#        D:\Saoviet_Git\Saoviet_EnviroTrack_M_And_S_RawW\Project_Slave_Chemins_1000NTU\Project_Slave_Sensor_EnviroTrack\EWARM\Project_Slave_Sensor_EnviroTrack\Obj\user_time.o
#        D:\Saoviet_Git\Saoviet_EnviroTrack_M_And_S_RawW\Project_Slave_Chemins_1000NTU\Project_Slave_Sensor_EnviroTrack\EWARM\Project_Slave_Sensor_EnviroTrack\Obj\user_timer.o
#        D:\Saoviet_Git\Saoviet_EnviroTrack_M_And_S_RawW\Project_Slave_Chemins_1000NTU\Project_Slave_Sensor_EnviroTrack\EWARM\Project_Slave_Sensor_EnviroTrack\Obj\user_tiny_vsnprintf.o
#        D:\Saoviet_Git\Saoviet_EnviroTrack_M_And_S_RawW\Project_Slave_Chemins_1000NTU\Project_Slave_Sensor_EnviroTrack\EWARM\Project_Slave_Sensor_EnviroTrack\Obj\user_uart.o
#        D:\Saoviet_Git\Saoviet_EnviroTrack_M_And_S_RawW\Project_Slave_Chemins_1000NTU\Project_Slave_Sensor_EnviroTrack\EWARM\Project_Slave_Sensor_EnviroTrack\Obj\user_util.o
#        --no_out_extension -o
#        D:\Saoviet_Git\Saoviet_EnviroTrack_M_And_S_RawW\Project_Slave_Chemins_1000NTU\Project_Slave_Sensor_EnviroTrack\EWARM\Project_Slave_Sensor_EnviroTrack\Exe\Project_Slave_Sensor_EnviroTrack.out
#        --redirect _Printf=_PrintfFullNoMb --redirect _Scanf=_ScanfFullNoMb
#        --map
#        D:\Saoviet_Git\Saoviet_EnviroTrack_M_And_S_RawW\Project_Slave_Chemins_1000NTU\Project_Slave_Sensor_EnviroTrack\EWARM\Project_Slave_Sensor_EnviroTrack\List\Project_Slave_Sensor_EnviroTrack.map
#        --config
#        D:\Saoviet_Git\Saoviet_EnviroTrack_M_And_S_RawW\Project_Slave_Chemins_1000NTU\Project_Slave_Sensor_EnviroTrack\EWARM/stm32l433xx_flash.icf
#        --semihosting --entry __iar_program_start --vfe --text_out locale)
#
###############################################################################

*******************************************************************************
*** RUNTIME MODEL ATTRIBUTES
***

CppFlavor       = *
__Heap_Handler  = DLMalloc
__SystemLibrary = DLib
__dlib_version  = 6


*******************************************************************************
*** HEAP SELECTION
***

The advanced heap was selected because the application calls memory
allocation functions outside of system library functions, and there
are calls to deallocation functions in the application.


*******************************************************************************
*** PLACEMENT SUMMARY
***

"A0":  place at address 0x800'0000 { ro section .intvec };
"P1":  place in [from 0x800'0000 to 0x803'ffff] { ro };
define block CSTACK with size = 1K, alignment = 8 { };
define block HEAP with size = 512, alignment = 8 { };
"P2":  place in [from 0x2000'0000 to 0x2000'ffff] {
          rw, block CSTACK, block HEAP };
initialize by copy { rw };

  Section            Kind         Address    Size  Object
  -------            ----         -------    ----  ------
"A0":                                       0x18c
  .intvec            ro code   0x800'0000   0x18c  startup_stm32l433xx.o [1]
                             - 0x800'018c   0x18c

"P1":                                      0xfdc2
  .text              ro code   0x800'018c  0x1b20  button.o [1]
  .text              ro code   0x800'1cac   0x380  stm32l4xx_hal_gpio.o [1]
  .text              ro code   0x800'202c   0x21c  user_util.o [1]
  .text              ro code   0x800'2248   0xc20  lcd_display.o [1]
  .text              ro code   0x800'2e68  0x14a0  user_app_sensor.o [1]
  .text              ro code   0x800'4308   0xad4  user_app_modbus_rtu.o [1]
  .text              ro code   0x800'4ddc   0x40c  user_convert_variable.o [1]
  .text              ro code   0x800'51e8    0x36  strlen.o [4]
  .text              ro code   0x800'521e    0x3a  zero_init3.o [4]
  .text              ro code   0x800'5258    0x22  S32ToDbl.o [3]
  .text              ro code   0x800'527a     0xa  xsprout.o [2]
  .text              ro code   0x800'5284    0x16  math_wrappers64.o [3]
  .rodata            const     0x800'529a     0x2  xlocale_c.o [2]
  .text              ro code   0x800'529c   0x246  DblDiv.o [3]
  .rodata            const     0x800'54e2     0x1  xlocale_c.o [2]
  .text              ro code   0x800'54e4    0x68  DblToFlt.o [3]
  .text              ro code   0x800'554c    0x1a  U32ToDbl.o [3]
  .text              ro code   0x800'5568    0x48  FltToDbl.o [3]
  .text              ro code   0x800'55b0    0x40  sprintf.o [2]
  .text              ro code   0x800'55f0    0xb0  STM32L4.o [1]
  .text              ro code   0x800'56a0     0xc  stm32l4xx_hal.o [1]
  .text              ro code   0x800'56ac   0x290  text_tiny.o [1]
  .text              ro code   0x800'593c    0x54  event_driven.o [1]
  .text              ro code   0x800'5990    0x14  unit_tests.o [1]
  .text              ro code   0x800'59a4   0x110  glcd.o [1]
  .text              ro code   0x800'5ab4   0x15c  ST7565R.o [1]
  .text              ro code   0x800'5c10    0x66  ABImemset.o [4]
  .text              ro code   0x800'5c78   0x390  text.o [1]
  .text              ro code   0x800'6008   0x200  graphics.o [1]
  .text              ro code   0x800'6208   0x350  user_modbus_rtu.o [1]
  .text              ro code   0x800'6558   0x39c  usart.o [1]
  .text              ro code   0x800'68f4    0x74  user_connect_sensor.o [1]
  .text              ro code   0x800'6968    0x28  stm32l4xx_hal.o [1]
  .text              ro code   0x800'6990   0xfc8  stm32l4xx_hal_uart.o [1]
  .text              ro code   0x800'7958   0x172  onchipflash.o [1]
  .text              ro code   0x800'7acc    0xa6  ABImemcpy.o [4]
  .text              ro code   0x800'7b74   0x230  I64DivMod.o [4]
  .text              ro code   0x800'7da4   0x1a2  DblMul.o [3]
  .text              ro code   0x800'7f48   0x17a  DblAdd.o [3]
  .text              ro code   0x800'80c4    0x3a  DblToS32.o [3]
  .text              ro code   0x800'8100   0x6ec  pow64.o [3]
  .text              ro code   0x800'87ec   0xfc6  xprintffull_nomb.o [2]
  .text              ro code   0x800'97b4   0x52a  stm32l4xx_hal_spi.o [1]
  .text              ro code   0x800'9cde     0x8  abs.o [2]
  .text              ro code   0x800'9ce6    0xc2  main.o [1]
  .text              ro code   0x800'9da8    0x14  memset.o [4]
  .text              ro code   0x800'9dbc   0x4e8  stm32l4xx_hal_rcc_ex.o [1]
  .text              ro code   0x800'a2a4   0x422  stm32l4xx_hal_dma.o [1]
  .text              ro code   0x800'a6c8   0x194  stm32l4xx_hal_cortex.o [1]
  .text              ro code   0x800'a85c   0x128  user_uart.o [1]
  .text              ro code   0x800'a984    0x72  stm32l4xx_hal_uart_ex.o [1]
  .text              ro code   0x800'a9f8   0x9fc  stm32l4xx_hal_rcc.o [1]
  .text              ro code   0x800'b3f4     0x2  stm32l4xx_hal_uart.o [1]
  .text              ro code   0x800'b3f6     0x2  stm32l4xx_hal_uart.o [1]
  .text              ro code   0x800'b3f8   0x1b8  stm32l4xx_hal_flash.o [1]
  .text              ro code   0x800'b5b0    0xa0  stm32l4xx_hal_flash_ex.o [1]
  .text              ro code   0x800'b650     0x2  I64DivZer.o [4]
  .text              ro code   0x800'b654    0xe2  DblSub.o [3]
  .text              ro code   0x800'b738    0x20  DblCmpEq.o [3]
  .text              ro code   0x800'b758    0x70  frexp.o [3]
  .text              ro code   0x800'b7c8    0x2e  DblCmpLe.o [3]
  .text              ro code   0x800'b7f8    0x2e  DblCmpGe.o [3]
  .text              ro code   0x800'b828   0x3e8  iar_Exp64.o [3]
  .text              ro code   0x800'bc10    0x16  strchr.o [4]
  .text              ro code   0x800'bc28    0x40  xfail_s.o [2]
  .text              ro code   0x800'bc68    0x58  memchr.o [4]
  .text              ro code   0x800'bcc0   0x13a  ldexp.o [3]
  .text              ro code   0x800'bdfc    0x28  DblToU32.o [3]
  .text              ro code   0x800'be24     0x8  xlocale_c.o [2]
  .text              ro code   0x800'be2c    0xc8  spi.o [1]
  .text              ro code   0x800'bef4    0x24  stm32l4xx_hal.o [1]
  .text              ro code   0x800'bf18   0x1d0  gpio.o [1]
  .text              ro code   0x800'c0e8    0x60  dma.o [1]
  .text              ro code   0x800'c148   0x150  rtc.o [1]
  .text              ro code   0x800'c298   0x4b0  user_app_comm.o [1]
  .text              ro code   0x800'c748    0x94  stm32l4xx_hal_pwr_ex.o [1]
  .text              ro code   0x800'c7dc    0x70  user_rs485.o [1]
  .text              ro code   0x800'c84c   0x23a  user_adv_trace.o [1]
  .text              ro code   0x800'ca88    0x60  stm32l4xx_hal.o [1]
  .text              ro code   0x800'cae8     0x6  abort.o [2]
  .text              ro code   0x800'caf0    0x38  stm32l4xx_hal_msp.o [1]
  .text              ro code   0x800'cb28   0x78e  stm32l4xx_hal_rtc.o [1]
  .text              ro code   0x800'd2b8   0x310  user_timer.o [1]
  .text              ro code   0x800'd5c8   0x1dc  user_at_serial.o [1]
  .text              ro code   0x800'd7a4    0x58  user_time.o [1]
  .text              ro code   0x800'd7fc   0x180  user_app_rs485.o [1]
  .text              ro code   0x800'd97c   0x350  user_tiny_vsnprintf.o [1]
  .text              ro code   0x800'dccc    0x14  exit.o [5]
  .text              ro code   0x800'dce0   0x3a8  user_rtc.o [1]
  .text              ro code   0x800'e088     0x2  stm32l4xx_hal_rtc_ex.o [1]
  .text              ro code   0x800'e08a   0x1e6  user_string.o [1]
  .text              ro code   0x800'e270    0x48  stm32l4xx_hal_rtc_ex.o [1]
  .rodata            const     0x800'e2b8    0x34  user_app_sensor.o [1]
  .rodata            const     0x800'e2f0   0x420  pow64.o [3]
  .rodata            const     0x800'e710   0x400  unit_tests.o [1]
  .rodata            const     0x800'eb10   0x228  lcd_display.o [1]
  .rodata            const     0x800'ed38   0x214  lcd_display.o [1]
  .text              ro code   0x800'ef4c    0xd4  stm32l4xx_it.o [1]
  .text              ro code   0x800'f020    0x18  stm32l4xx_hal.o [1]
  .text              ro code   0x800'f038    0x78  lz77_init_single.o [4]
  .rodata            const     0x800'f0b0    0x34  user_app_sensor.o [1]
  .rodata            const     0x800'f0e4    0x30  system_stm32l4xx.o [1]
  .rodata            const     0x800'f114    0x2c  user_rtc.o [1]
  .rodata            const     0x800'f140    0x28  user_tiny_vsnprintf.o [1]
  .rodata            const     0x800'f168    0x28  user_tiny_vsnprintf.o [1]
  .text              ro code   0x800'f190    0x28  data_init.o [4]
  .text              ro code   0x800'f1b8    0x22  fpinit_M.o [3]
  .iar.init_table    const     0x800'f1dc    0x20  - Linker created -
  .rodata            const     0x800'f1fc    0x20  user_rtc.o [1]
  .text              ro code   0x800'f21c    0x1e  cmain.o [4]
  .text              ro code   0x800'f23a     0x4  low_level_init.o [2]
  .text              ro code   0x800'f23e     0x4  exit.o [2]
  .text              ro code   0x800'f244     0xa  cexit.o [4]
  .rodata            const     0x800'f250    0x1c  user_app_comm.o [1]
  .rodata            const     0x800'f26c    0x1c  user_uart.o [1]
  .rodata            const     0x800'f288    0x18  user_app_comm.o [1]
  .rodata            const     0x800'f2a0    0x14  lcd_display.o [1]
  .rodata            const     0x800'f2b4    0x14  lcd_display.o [1]
  .rodata            const     0x800'f2c8    0x14  user_app_comm.o [1]
  .rodata            const     0x800'f2dc    0x14  user_at_serial.o [1]
  .rodata            const     0x800'f2f0    0x14  user_at_serial.o [1]
  .rodata            const     0x800'f304    0x14  user_at_serial.o [1]
  .rodata            const     0x800'f318    0x14  user_at_serial.o [1]
  .rodata            const     0x800'f32c    0x14  user_at_serial.o [1]
  .rodata            const     0x800'f340    0x10  lcd_display.o [1]
  .rodata            const     0x800'f350    0x10  lcd_display.o [1]
  .rodata            const     0x800'f360    0x10  lcd_display.o [1]
  .rodata            const     0x800'f370    0x10  lcd_display.o [1]
  .rodata            const     0x800'f380    0x10  lcd_display.o [1]
  .rodata            const     0x800'f390    0x10  lcd_display.o [1]
  .rodata            const     0x800'f3a0    0x10  lcd_display.o [1]
  .rodata            const     0x800'f3b0    0x10  lcd_display.o [1]
  .rodata            const     0x800'f3c0    0x10  lcd_display.o [1]
  .rodata            const     0x800'f3d0    0x10  lcd_display.o [1]
  .rodata            const     0x800'f3e0    0x10  system_stm32l4xx.o [1]
  .rodata            const     0x800'f3f0    0x10  user_app_sensor.o [1]
  .rodata            const     0x800'f400    0x10  user_at_serial.o [1]
  .rodata            const     0x800'f410    0x10  user_at_serial.o [1]
  .rodata            const     0x800'f420    0x10  user_at_serial.o [1]
  .rodata            const     0x800'f430    0x10  user_at_serial.o [1]
  .rodata            const     0x800'f440    0x10  user_at_serial.o [1]
  .rodata            const     0x800'f450    0x10  user_at_serial.o [1]
  .rodata            const     0x800'f460    0x10  user_at_serial.o [1]
  .rodata            const     0x800'f470    0x10  user_at_serial.o [1]
  .rodata            const     0x800'f480    0x10  user_at_serial.o [1]
  .rodata            const     0x800'f490    0x10  user_at_serial.o [1]
  .rodata            const     0x800'f4a0    0x10  user_at_serial.o [1]
  .rodata            const     0x800'f4b0    0x10  user_at_serial.o [1]
  .rodata            const     0x800'f4c0    0x10  user_at_serial.o [1]
  .rodata            const     0x800'f4d0    0x10  user_at_serial.o [1]
  .rodata            const     0x800'f4e0    0x10  user_at_serial.o [1]
  .rodata            const     0x800'f4f0    0x10  user_at_serial.o [1]
  .rodata            const     0x800'f500    0x10  user_at_serial.o [1]
  .rodata            const     0x800'f510    0x10  user_at_serial.o [1]
  .rodata            const     0x800'f520    0x10  user_at_serial.o [1]
  .rodata            const     0x800'f530    0x10  user_at_serial.o [1]
  .rodata            const     0x800'f540    0x10  user_at_serial.o [1]
  .rodata            const     0x800'f550    0x10  user_at_serial.o [1]
  .rodata            const     0x800'f560    0x10  user_at_serial.o [1]
  .rodata            const     0x800'f570    0x10  user_at_serial.o [1]
  .rodata            const     0x800'f580    0x10  user_at_serial.o [1]
  .rodata            const     0x800'f590    0x10  user_at_serial.o [1]
  .rodata            const     0x800'f5a0    0x10  user_at_serial.o [1]
  .rodata            const     0x800'f5b0    0x10  user_at_serial.o [1]
  .text              ro code   0x800'f5c0    0x10  startup_stm32l433xx.o [1]
  .text              ro code   0x800'f5d0    0x10  system_stm32l4xx.o [1]
  .rodata            const     0x800'f5e0     0xc  lcd_display.o [1]
  .rodata            const     0x800'f5ec     0xc  lcd_display.o [1]
  .rodata            const     0x800'f5f8     0xc  lcd_display.o [1]
  .rodata            const     0x800'f604     0xc  lcd_display.o [1]
  .rodata            const     0x800'f610     0xc  lcd_display.o [1]
  .rodata            const     0x800'f61c     0xc  lcd_display.o [1]
  .rodata            const     0x800'f628     0xc  lcd_display.o [1]
  .rodata            const     0x800'f634     0xc  lcd_display.o [1]
  .rodata            const     0x800'f640     0xc  lcd_display.o [1]
  .rodata            const     0x800'f64c     0xc  lcd_display.o [1]
  .rodata            const     0x800'f658     0xc  lcd_display.o [1]
  .rodata            const     0x800'f664     0xc  lcd_display.o [1]
  .rodata            const     0x800'f670     0xc  lcd_display.o [1]
  .rodata            const     0x800'f67c     0xc  lcd_display.o [1]
  .rodata            const     0x800'f688     0xc  lcd_display.o [1]
  .rodata            const     0x800'f694     0xc  lcd_display.o [1]
  .rodata            const     0x800'f6a0     0xc  user_app_comm.o [1]
  .rodata            const     0x800'f6ac     0xc  user_app_sensor.o [1]
  .rodata            const     0x800'f6b8     0xc  user_at_serial.o [1]
  .rodata            const     0x800'f6c4     0xc  user_at_serial.o [1]
  .rodata            const     0x800'f6d0     0xc  user_at_serial.o [1]
  .rodata            const     0x800'f6dc     0xc  user_at_serial.o [1]
  .rodata            const     0x800'f6e8     0xc  user_at_serial.o [1]
  .rodata            const     0x800'f6f4     0xc  user_at_serial.o [1]
  .rodata            const     0x800'f700     0xc  user_at_serial.o [1]
  .rodata            const     0x800'f70c     0xc  user_at_serial.o [1]
  .rodata            const     0x800'f718     0xc  user_at_serial.o [1]
  .rodata            const     0x800'f724     0xc  user_at_serial.o [1]
  .rodata            const     0x800'f730     0xc  user_at_serial.o [1]
  .rodata            const     0x800'f73c     0xc  user_at_serial.o [1]
  .rodata            const     0x800'f748     0xc  user_at_serial.o [1]
  .rodata            const     0x800'f754     0xc  user_at_serial.o [1]
  .rodata            const     0x800'f760     0xc  user_at_serial.o [1]
  .rodata            const     0x800'f76c     0xc  user_at_serial.o [1]
  .rodata            const     0x800'f778     0xc  user_at_serial.o [1]
  .rodata            const     0x800'f784     0xc  user_at_serial.o [1]
  .rodata            const     0x800'f790     0xc  user_at_serial.o [1]
  .rodata            const     0x800'f79c     0xc  user_at_serial.o [1]
  .rodata            const     0x800'f7a8     0xc  user_at_serial.o [1]
  .rodata            const     0x800'f7b4     0xc  user_at_serial.o [1]
  .rodata            const     0x800'f7c0     0xc  user_at_serial.o [1]
  .rodata            const     0x800'f7cc     0xc  user_at_serial.o [1]
  .rodata            const     0x800'f7d8     0xc  user_at_serial.o [1]
  .rodata            const     0x800'f7e4     0xc  user_at_serial.o [1]
  .rodata            const     0x800'f7f0     0xc  user_at_serial.o [1]
  .rodata            const     0x800'f7fc     0xc  user_at_serial.o [1]
  .rodata            const     0x800'f808     0xc  user_rtc.o [1]
  .rodata            const     0x800'f814     0xc  user_rtc.o [1]
  .text              ro code   0x800'f820     0xc  cstartup_M.o [4]
  .rodata            const     0x800'f82c     0x8  lcd_display.o [1]
  .rodata            const     0x800'f834     0x8  lcd_display.o [1]
  .rodata            const     0x800'f83c     0x8  lcd_display.o [1]
  .rodata            const     0x800'f844     0x8  lcd_display.o [1]
  .rodata            const     0x800'f84c     0x8  lcd_display.o [1]
  .rodata            const     0x800'f854     0x8  lcd_display.o [1]
  .rodata            const     0x800'f85c     0x8  lcd_display.o [1]
  .rodata            const     0x800'f864     0x8  lcd_display.o [1]
  .rodata            const     0x800'f86c     0x8  lcd_display.o [1]
  .rodata            const     0x800'f874     0x8  lcd_display.o [1]
  .rodata            const     0x800'f87c     0x8  lcd_display.o [1]
  .rodata            const     0x800'f884     0x8  lcd_display.o [1]
  .rodata            const     0x800'f88c     0x8  system_stm32l4xx.o [1]
  .rodata            const     0x800'f894     0x8  user_app_modbus_rtu.o [1]
  .rodata            const     0x800'f89c     0x8  user_app_modbus_rtu.o [1]
  .rodata            const     0x800'f8a4     0x8  user_app_sensor.o [1]
  .rodata            const     0x800'f8ac     0x8  user_app_sensor.o [1]
  .rodata            const     0x800'f8b4     0x8  user_app_sensor.o [1]
  .rodata            const     0x800'f8bc     0x8  user_app_sensor.o [1]
  .rodata            const     0x800'f8c4     0x8  user_at_serial.o [1]
  .rodata            const     0x800'f8cc     0x8  user_at_serial.o [1]
  .rodata            const     0x800'f8d4     0x8  user_at_serial.o [1]
  .rodata            const     0x800'f8dc     0x8  user_at_serial.o [1]
  .rodata            const     0x800'f8e4     0x8  user_at_serial.o [1]
  .rodata            const     0x800'f8ec     0x8  user_tiny_vsnprintf.o [1]
  .rodata            const     0x800'f8f4     0x8  user_util.o [1]
  .rodata            const     0x800'f8fc     0x8  xprintffull_nomb.o [2]
  .rodata            const     0x800'f904     0x4  lcd_display.o [1]
  .rodata            const     0x800'f908     0x4  lcd_display.o [1]
  .rodata            const     0x800'f90c     0x4  lcd_display.o [1]
  .rodata            const     0x800'f910     0x4  lcd_display.o [1]
  .text              ro code   0x800'f914     0x4  startup_stm32l433xx.o [1]
  .text              ro code   0x800'f918     0x4  startup_stm32l433xx.o [1]
  .text              ro code   0x800'f91c     0x4  startup_stm32l433xx.o [1]
  .text              ro code   0x800'f920     0x4  startup_stm32l433xx.o [1]
  .text              ro code   0x800'f924     0x4  startup_stm32l433xx.o [1]
  .text              ro code   0x800'f928     0x4  startup_stm32l433xx.o [1]
  .text              ro code   0x800'f92c     0x4  startup_stm32l433xx.o [1]
  .text              ro code   0x800'f930     0x4  startup_stm32l433xx.o [1]
  .text              ro code   0x800'f934     0x4  startup_stm32l433xx.o [1]
  .text              ro code   0x800'f938     0x4  startup_stm32l433xx.o [1]
  .text              ro code   0x800'f93c     0x4  startup_stm32l433xx.o [1]
  .text              ro code   0x800'f940     0x4  startup_stm32l433xx.o [1]
  .text              ro code   0x800'f944     0x4  startup_stm32l433xx.o [1]
  .text              ro code   0x800'f948     0x4  startup_stm32l433xx.o [1]
  .text              ro code   0x800'f94c     0x4  startup_stm32l433xx.o [1]
  .text              ro code   0x800'f950     0x4  startup_stm32l433xx.o [1]
  .text              ro code   0x800'f954     0x4  startup_stm32l433xx.o [1]
  .text              ro code   0x800'f958     0x4  startup_stm32l433xx.o [1]
  .text              ro code   0x800'f95c     0x4  startup_stm32l433xx.o [1]
  .text              ro code   0x800'f960     0x4  startup_stm32l433xx.o [1]
  .text              ro code   0x800'f964     0x4  startup_stm32l433xx.o [1]
  .text              ro code   0x800'f968     0x4  startup_stm32l433xx.o [1]
  .text              ro code   0x800'f96c     0x4  startup_stm32l433xx.o [1]
  .text              ro code   0x800'f970     0x4  startup_stm32l433xx.o [1]
  .text              ro code   0x800'f974     0x4  startup_stm32l433xx.o [1]
  .text              ro code   0x800'f978     0x4  startup_stm32l433xx.o [1]
  .text              ro code   0x800'f97c     0x4  startup_stm32l433xx.o [1]
  .text              ro code   0x800'f980     0x4  startup_stm32l433xx.o [1]
  .text              ro code   0x800'f984     0x4  startup_stm32l433xx.o [1]
  .text              ro code   0x800'f988     0x4  startup_stm32l433xx.o [1]
  .text              ro code   0x800'f98c     0x4  startup_stm32l433xx.o [1]
  .text              ro code   0x800'f990     0x4  startup_stm32l433xx.o [1]
  .text              ro code   0x800'f994     0x4  startup_stm32l433xx.o [1]
  .text              ro code   0x800'f998     0x4  startup_stm32l433xx.o [1]
  .text              ro code   0x800'f99c     0x4  startup_stm32l433xx.o [1]
  .text              ro code   0x800'f9a0     0x4  startup_stm32l433xx.o [1]
  .text              ro code   0x800'f9a4     0x4  startup_stm32l433xx.o [1]
  .text              ro code   0x800'f9a8     0x4  startup_stm32l433xx.o [1]
  .text              ro code   0x800'f9ac     0x4  startup_stm32l433xx.o [1]
  .text              ro code   0x800'f9b0     0x4  startup_stm32l433xx.o [1]
  .text              ro code   0x800'f9b4     0x4  startup_stm32l433xx.o [1]
  .text              ro code   0x800'f9b8     0x4  startup_stm32l433xx.o [1]
  .text              ro code   0x800'f9bc     0x4  startup_stm32l433xx.o [1]
  .text              ro code   0x800'f9c0     0x4  startup_stm32l433xx.o [1]
  .text              ro code   0x800'f9c4     0x4  startup_stm32l433xx.o [1]
  .text              ro code   0x800'f9c8     0x4  startup_stm32l433xx.o [1]
  .text              ro code   0x800'f9cc     0x4  startup_stm32l433xx.o [1]
  .text              ro code   0x800'f9d0     0x4  startup_stm32l433xx.o [1]
  .text              ro code   0x800'f9d4     0x4  startup_stm32l433xx.o [1]
  .text              ro code   0x800'f9d8     0x4  startup_stm32l433xx.o [1]
  .text              ro code   0x800'f9dc     0x4  startup_stm32l433xx.o [1]
  .text              ro code   0x800'f9e0     0x4  startup_stm32l433xx.o [1]
  .text              ro code   0x800'f9e4     0x4  startup_stm32l433xx.o [1]
  .text              ro code   0x800'f9e8     0x4  startup_stm32l433xx.o [1]
  .text              ro code   0x800'f9ec     0x4  startup_stm32l433xx.o [1]
  .text              ro code   0x800'f9f0     0x4  startup_stm32l433xx.o [1]
  .text              ro code   0x800'f9f4     0x4  startup_stm32l433xx.o [1]
  .text              ro code   0x800'f9f8     0x4  startup_stm32l433xx.o [1]
  .text              ro code   0x800'f9fc     0x4  startup_stm32l433xx.o [1]
  .rodata            const     0x800'fa00     0x0  zero_init3.o [4]
  .rodata            const     0x800'fa00     0x0  lz77_init_single.o [4]
  Initializer bytes  const     0x800'fa00   0x54e  <for P2-1>
                             - 0x800'ff4e  0xfdc2

"P2", part 1 of 3:                          0xc39
  P2-1                        0x2000'0000   0xc39  <Init block>
    .data            inited   0x2000'0000     0xc  button.o [1]
    .data            inited   0x2000'000c    0x70  lcd_display.o [1]
    .data            inited   0x2000'007c    0x48  lcd_display.o [1]
    .data            inited   0x2000'00c4     0x8  lcd_display.o [1]
    .data            inited   0x2000'00cc     0x4  lcd_display.o [1]
    .data            inited   0x2000'00d0    0x10  lcd_display.o [1]
    .data            inited   0x2000'00e0    0x10  lcd_display.o [1]
    .data            inited   0x2000'00f0    0x10  lcd_display.o [1]
    .data            inited   0x2000'0100    0x10  lcd_display.o [1]
    .data            inited   0x2000'0110    0x10  lcd_display.o [1]
    .data            inited   0x2000'0120     0x8  lcd_display.o [1]
    .data            inited   0x2000'0128   0x3c0  lcd_display.o [1]
    .data            inited   0x2000'04e8     0x4  stm32l4xx_hal.o [1]
    .data            inited   0x2000'04ec    0x20  stm32l4xx_hal_flash.o [1]
    .data            inited   0x2000'050c     0x4  system_stm32l4xx.o [1]
    .data            inited   0x2000'0510    0x70  user_app_comm.o [1]
    .data            inited   0x2000'0580     0x8  user_app_comm.o [1]
    .data            inited   0x2000'0588     0x8  user_app_comm.o [1]
    .data            inited   0x2000'0590   0x12c  user_app_modbus_rtu.o [1]
    .data            inited   0x2000'06bc    0x2c  user_app_modbus_rtu.o [1]
    .data            inited   0x2000'06e8     0x8  user_app_modbus_rtu.o [1]
    .data            inited   0x2000'06f0    0x40  user_app_rs485.o [1]
    .data            inited   0x2000'0730    0x90  user_app_sensor.o [1]
    .data            inited   0x2000'07c0     0x8  user_app_sensor.o [1]
    .data            inited   0x2000'07c8     0x4  user_app_sensor.o [1]
    .data            inited   0x2000'07cc     0x8  user_at_serial.o [1]
    .data            inited   0x2000'07d4   0x410  user_at_serial.o [1]
    .data            inited   0x2000'0be4     0x8  user_connect_sensor.o [1]
    .data            inited   0x2000'0bec     0x8  user_rs485.o [1]
    .data            inited   0x2000'0bf4     0x4  user_tiny_vsnprintf.o [1]
    .data            inited   0x2000'0bf8     0x4  user_tiny_vsnprintf.o [1]
    .data            inited   0x2000'0bfc    0x38  xlocale_c.o [2]
    .data            inited   0x2000'0c34     0x2  user_app_modbus_rtu.o [1]
    .data            inited   0x2000'0c36     0x1  lcd_display.o [1]
    .data            inited   0x2000'0c37     0x1  stm32l4xx_hal.o [1]
    .data            inited   0x2000'0c38     0x1  user_util.o [1]
                            - 0x2000'0c39   0xc39

"P2", part 2 of 3:                         0x1c9c
  .bss               zero     0x2000'0c3c   0x4b0  user_app_comm.o [1]
  .bss               zero     0x2000'10ec   0x400  glcd.o [1]
  .bss               zero     0x2000'14ec   0x400  user_adv_trace.o [1]
  .bss               zero     0x2000'18ec   0x200  user_adv_trace.o [1]
  .bss               zero     0x2000'1aec   0x200  user_connect_sensor.o [1]
  .bss               zero     0x2000'1cec   0x200  user_rs485.o [1]
  .bss               zero     0x2000'1eec   0x1e0  lcd_display.o [1]
  .bss               zero     0x2000'20cc    0x88  usart.o [1]
  .bss               zero     0x2000'2154    0x88  usart.o [1]
  .bss               zero     0x2000'21dc    0x88  usart.o [1]
  .bss               zero     0x2000'2264    0x80  user_app_modbus_rtu.o [1]
  .bss               zero     0x2000'22e4    0x80  user_app_modbus_rtu.o [1]
  .bss               zero     0x2000'2364    0x80  user_app_modbus_rtu.o [1]
  .bss               zero     0x2000'23e4    0x80  user_at_serial.o [1]
  .bss               zero     0x2000'2464    0x80  user_at_serial.o [1]
  .bss               zero     0x2000'24e4    0x78  lcd_display.o [1]
  .bss               zero     0x2000'255c    0x64  spi.o [1]
  .bss               zero     0x2000'25c0    0x64  user_app_comm.o [1]
  .bss               zero     0x2000'2624    0x48  usart.o [1]
  .bss               zero     0x2000'266c    0x48  usart.o [1]
  .bss               zero     0x2000'26b4    0x48  usart.o [1]
  .bss               zero     0x2000'26fc    0x2c  user_rtc.o [1]
  .bss               zero     0x2000'2728    0x28  user_app_sensor.o [1]
  .bss               zero     0x2000'2750    0x28  user_app_sensor.o [1]
  .bss               zero     0x2000'2778    0x28  user_app_sensor.o [1]
  .bss               zero     0x2000'27a0    0x24  rtc.o [1]
  .bss               zero     0x2000'27c4    0x1c  user_rtc.o [1]
  .bss               zero     0x2000'27e0    0x18  button.o [1]
  .bss               zero     0x2000'27f8    0x18  user_adv_trace.o [1]
  .bss               zero     0x2000'2810    0x18  user_app_comm.o [1]
  .bss               zero     0x2000'2828    0x10  lcd_display.o [1]
  .bss               zero     0x2000'2838    0x10  user_app_sensor.o [1]
  .bss               zero     0x2000'2848     0xc  text.o [1]
  .bss               zero     0x2000'2854     0xc  user_app_sensor.o [1]
  .bss               zero     0x2000'2860     0xc  user_util.o [1]
  .bss               zero     0x2000'286c     0x4  button.o [1]
  .bss               zero     0x2000'2870     0x4  glcd.o [1]
  .bss               zero     0x2000'2874     0x4  glcd.o [1]
  .bss               zero     0x2000'2878     0x4  glcd.o [1]
  .bss               zero     0x2000'287c     0x4  lcd_display.o [1]
  .bss               zero     0x2000'2880     0x4  stm32l4xx_hal.o [1]
  .bss               zero     0x2000'2884     0x4  stm32l4xx_it.o [1]
  .bss               zero     0x2000'2888     0x4  user_app_comm.o [1]
  .bss               zero     0x2000'288c     0x4  user_app_sensor.o [1]
  .bss               zero     0x2000'2890     0x4  user_app_sensor.o [1]
  .bss               zero     0x2000'2894     0x4  user_app_sensor.o [1]
  .bss               zero     0x2000'2898     0x4  user_app_sensor.o [1]
  .bss               zero     0x2000'289c     0x4  user_rtc.o [1]
  .bss               zero     0x2000'28a0     0x4  user_timer.o [1]
  .bss               zero     0x2000'28a4     0x4  user_util.o [1]
  .bss               zero     0x2000'28a8     0x4  user_util.o [1]
  .bss               zero     0x2000'28ac     0x4  user_util.o [1]
  .bss               zero     0x2000'28b0     0x4  xfail_s.o [2]
  .bss               zero     0x2000'28b4     0x2  button.o [1]
  .bss               zero     0x2000'28b6     0x2  button.o [1]
  .bss               zero     0x2000'28b8     0x2  lcd_display.o [1]
  .bss               zero     0x2000'28ba     0x2  user_app_comm.o [1]
  .bss               zero     0x2000'28bc     0x2  user_app_comm.o [1]
  .bss               zero     0x2000'28be     0x2  user_app_sensor.o [1]
  .bss               zero     0x2000'28c0     0x2  user_app_sensor.o [1]
  .bss               zero     0x2000'28c2     0x2  user_uart.o [1]
  .bss               zero     0x2000'28c4     0x1  button.o [1]
  .bss               zero     0x2000'28c5     0x1  lcd_display.o [1]
  .bss               zero     0x2000'28c6     0x1  lcd_display.o [1]
  .bss               zero     0x2000'28c7     0x1  lcd_display.o [1]
  .bss               zero     0x2000'28c8     0x1  stm32l4xx_it.o [1]
  .bss               zero     0x2000'28c9     0x1  user_app_comm.o [1]
  .bss               zero     0x2000'28ca     0x1  user_app_comm.o [1]
  .bss               zero     0x2000'28cb     0x1  user_app_rs485.o [1]
  .bss               zero     0x2000'28cc     0x1  user_app_sensor.o [1]
  .bss               zero     0x2000'28cd     0x1  user_app_sensor.o [1]
  .bss               zero     0x2000'28ce     0x1  user_app_sensor.o [1]
  .bss               zero     0x2000'28cf     0x1  user_at_serial.o [1]
  .bss               zero     0x2000'28d0     0x1  user_connect_sensor.o [1]
  .bss               zero     0x2000'28d1     0x1  user_connect_sensor.o [1]
  .bss               zero     0x2000'28d2     0x1  user_rs485.o [1]
  .bss               zero     0x2000'28d3     0x1  user_rs485.o [1]
  .bss               zero     0x2000'28d4     0x1  user_rtc.o [1]
  .bss               zero     0x2000'28d5     0x1  user_uart.o [1]
                            - 0x2000'28d6  0x1c9a

"P2", part 3 of 3:                          0x400
  CSTACK                      0x2000'28d8   0x400  <Block>
    CSTACK           uninit   0x2000'28d8   0x400  <Block tail>
                            - 0x2000'2cd8   0x400

Unused ranges:

         From           To      Size
         ----           --      ----
   0x800'ff4e   0x803'ffff  0x3'00b2
  0x2000'0c39  0x2000'0c3b       0x3
  0x2000'2cd8  0x2000'ffff    0xd328


*******************************************************************************
*** INIT TABLE
***

          Address      Size
          -------      ----
Zero (__iar_zero_init3)
    1 destination range, total size 0x1c9a:
          0x2000'0c3c  0x1c9a

Copy/lz77 (__iar_lz77_init_single3)
    1 source range, total size 0x54e (43% of destination):
           0x800'fa00   0x54e
    1 destination range, total size 0xc39:
          0x2000'0000   0xc39



*******************************************************************************
*** MODULE SUMMARY
***

    Module                    ro code  ro data  rw data
    ------                    -------  -------  -------
command line/config:
    ---------------------------------------------------
    Total:

D:\Saoviet_Git\Saoviet_EnviroTrack_M_And_S_RawW\Project_Slave_Chemins_1000NTU\Project_Slave_Sensor_EnviroTrack\EWARM\Project_Slave_Sensor_EnviroTrack\Obj: [1]
    ST7565R.o                     348
    STM32L4.o                     176
    button.o                    6'944        5       45
    dma.o                          96
    event_driven.o                 84
    glcd.o                        272             1'036
    gpio.o                        464
    graphics.o                    512
    lcd_display.o               3'104    2'129    1'870
    main.o                        194
    onchipflash.o                 370
    rtc.o                         336                36
    spi.o                         200               100
    startup_stm32l433xx.o         648
    stm32l4xx_hal.o               208        1        9
    stm32l4xx_hal_cortex.o        404
    stm32l4xx_hal_dma.o         1'058
    stm32l4xx_hal_flash.o         440       14       32
    stm32l4xx_hal_flash_ex.o      160
    stm32l4xx_hal_gpio.o          896
    stm32l4xx_hal_msp.o            56
    stm32l4xx_hal_pwr_ex.o        148
    stm32l4xx_hal_rcc.o         2'556
    stm32l4xx_hal_rcc_ex.o      1'256
    stm32l4xx_hal_rtc.o         1'934
    stm32l4xx_hal_rtc_ex.o         74
    stm32l4xx_hal_spi.o         1'322
    stm32l4xx_hal_uart.o        4'044
    stm32l4xx_hal_uart_ex.o       114
    stm32l4xx_it.o                212                 5
    system_stm32l4xx.o             16       74        4
    text.o                        912                12
    text_tiny.o                   656
    unit_tests.o                   20    1'024
    usart.o                       924               624
    user_adv_trace.o              570             1'560
    user_app_comm.o             1'200      140    1'462
    user_app_modbus_rtu.o       2'772      169      738
    user_app_rs485.o              384       28       65
    user_app_sensor.o           5'280      232      327
    user_at_serial.o              476    1'379    1'305
    user_connect_sensor.o         116        3      522
    user_convert_variable.o     1'036
    user_modbus_rtu.o             848
    user_rs485.o                  112        4      522
    user_rtc.o                    936      100       77
    user_string.o                 486
    user_time.o                    88
    user_timer.o                  784                 4
    user_tiny_vsnprintf.o         848       91        8
    user_uart.o                   296       28        3
    user_util.o                   540        9       25
    ---------------------------------------------------
    Total:                     47'930    5'430   10'391

dl7M_tlf.a: [2]
    abort.o                         6
    abs.o                           8
    exit.o                          4
    low_level_init.o                4
    sprintf.o                      64
    xfail_s.o                      64                 4
    xlocale_c.o                     8       27       56
    xprintffull_nomb.o          4'038        8
    xsprout.o                      10
    ---------------------------------------------------
    Total:                      4'206       35       60

m7M_tls.a: [3]
    DblAdd.o                      378
    DblCmpEq.o                     32
    DblCmpGe.o                     46
    DblCmpLe.o                     46
    DblDiv.o                      582
    DblMul.o                      418
    DblSub.o                      226
    DblToFlt.o                    104
    DblToS32.o                     58
    DblToU32.o                     40
    FltToDbl.o                     72
    S32ToDbl.o                     34
    U32ToDbl.o                     26
    fpinit_M.o                     34
    frexp.o                       112
    iar_Exp64.o                 1'000
    ldexp.o                       314
    math_wrappers64.o              22
    pow64.o                     1'772    1'056
    ---------------------------------------------------
    Total:                      5'316    1'056

rt7M_tl.a: [4]
    ABImemcpy.o                   166
    ABImemset.o                   102
    I64DivMod.o                   560
    I64DivZer.o                     2
    cexit.o                        10
    cmain.o                        30
    cstartup_M.o                   12
    data_init.o                    40
    lz77_init_single.o            120
    memchr.o                       88
    memset.o                       20
    strchr.o                       22
    strlen.o                       54
    zero_init3.o                   58
    ---------------------------------------------------
    Total:                      1'284

shb_l.a: [5]
    exit.o                         20
    ---------------------------------------------------
    Total:                         20

    Gaps                           41        8
    Linker created                          32    1'024
-------------------------------------------------------
    Grand Total:               58'797    6'561   11'475


*******************************************************************************
*** ENTRY LIST
***

Entry                       Address   Size  Type      Object
-----                       -------   ----  ----      ------
.iar.init_table$$Base    0x800'f1dc          --   Gb  - Linker created -
.iar.init_table$$Limit   0x800'f1fc          --   Gb  - Linker created -
?main                    0x800'f21d         Code  Gb  cmain.o [4]
ADV_TRACE_Buffer        0x2000'14ec  0x400  Data  Lc  user_adv_trace.o [1]
ADV_TRACE_Ctx           0x2000'27f8   0x18  Data  Lc  user_adv_trace.o [1]
AHBPrescTable            0x800'f3e0   0x10  Data  Gb  system_stm32l4xx.o [1]
APBPrescTable            0x800'f88c    0x8  Data  Gb  system_stm32l4xx.o [1]
AT_CMD_Get_BR_Slave      0x800'4047   0x52  Code  Gb  user_app_sensor.o [1]
AT_CMD_Get_ID_Slave      0x800'3f5b   0x56  Code  Gb  user_app_sensor.o [1]
AT_CMD_Reset_Slave       0x800'3eb5   0x4a  Code  Gb  user_app_sensor.o [1]
AT_CMD_Restore_Slave     0x800'3eff   0x5c  Code  Gb  user_app_sensor.o [1]
AT_CMD_Set_BR_Slave      0x800'409d   0x94  Code  Gb  user_app_sensor.o [1]
AT_CMD_Set_ID_Slave      0x800'3fb1   0x96  Code  Gb  user_app_sensor.o [1]
AppComm_DBG_Init_RX_Mode
                         0x800'c519   0x1e  Code  Gb  user_app_comm.o [1]
AppComm_DBG_Init_Uart    0x800'c511    0x8  Code  Gb  user_app_comm.o [1]
AppComm_DBG_Rx_Callback
                         0x800'c53f  0x176  Code  Gb  user_app_comm.o [1]
AppComm_DBG_Stop_RX_Mode
                         0x800'c53d    0x2  Code  Gb  user_app_comm.o [1]
AppComm_Get_Reset_Source
                         0x800'c4d9   0x38  Code  Gb  user_app_comm.o [1]
AppComm_IRQ_Timer_CallBack
                         0x800'c499    0xc  Code  Gb  user_app_comm.o [1]
AppComm_Init             0x800'c3d9   0x20  Code  Gb  user_app_comm.o [1]
AppComm_Set_Next_TxTimer
                         0x800'c4bf    0x2  Code  Gb  user_app_comm.o [1]
AppComm_Task             0x800'c3f9   0x9e  Code  Gb  user_app_comm.o [1]
AppComm_Uart_Debug_Send
                         0x800'c4c1   0x18  Code  Lc  user_app_comm.o [1]
AppRs485_Task            0x800'd8d5   0x84  Code  Gb  user_app_rs485.o [1]
AppSensor_Task           0x800'4181   0x84  Code  Gb  user_app_sensor.o [1]
BUTTON_Down_Process      0x800'1265  0x36c  Code  Gb  button.o [1]
BUTTON_ESC_Process       0x800'15f1  0x682  Code  Gb  button.o [1]
BUTTON_Enter_Process     0x800'02e9  0xbb8  Code  Gb  button.o [1]
BUTTON_Process           0x800'018d   0x32  Code  Gb  button.o [1]
BUTTON_Up_Process        0x800'0ec1  0x39c  Code  Gb  button.o [1]
BUTTON_scan              0x800'01bf  0x120  Code  Gb  button.o [1]
BUTTON_scan::block_time
                        0x2000'28b4    0x2  Data  Lc  button.o [1]
BUTTON_scan::hold       0x2000'286c    0x4  Data  Lc  button.o [1]
BUTTON_scan::last_value
                        0x2000'28c4    0x1  Data  Lc  button.o [1]
BusFault_Handler         0x800'ef53    0x2  Code  Gb  stm32l4xx_it.o [1]
CSTACK$$Base            0x2000'28d8          --   Gb  - Linker created -
CSTACK$$Limit           0x2000'2cd8          --   Gb  - Linker created -
Cal_Time                 0x800'204b   0x12  Code  Gb  user_util.o [1]
Calculator_Scale         0x800'4ddd   0x54  Code  Gb  user_convert_variable.o [1]
CheckList_AT_CONFIG     0x2000'07d4  0x410  Data  Gb  user_at_serial.o [1]
Check_Time_Out           0x800'202d   0x1e  Code  Gb  user_util.o [1]
Convert_Point_Int_To_String
                         0x800'4e31   0xce  Code  Gb  user_convert_variable.o [1]
Convert_Point_Int_To_String_Scale
                         0x800'4eff   0xea  Code  Gb  user_convert_variable.o [1]
Convert_Scale            0x800'219d   0x5c  Code  Gb  user_util.o [1]
Convert_String_To_Dec    0x800'5159   0x5c  Code  Gb  user_convert_variable.o [1]
Convert_uint32Hex_To_Float
                         0x800'5015  0x144  Code  Gb  user_convert_variable.o [1]
CountBufferHandleRecvSS
                        0x2000'28be    0x2  Data  Gb  user_app_sensor.o [1]
DMA1_Channel3_IRQHandler
                         0x800'efad    0xa  Code  Gb  stm32l4xx_it.o [1]
DMA1_Channel5_IRQHandler
                         0x800'efb7    0xa  Code  Gb  stm32l4xx_it.o [1]
DMA2_Channel7_IRQHandler
                         0x800'efdf    0xa  Code  Gb  stm32l4xx_it.o [1]
DMA_SetConfig            0x800'a695   0x32  Code  Lc  stm32l4xx_hal_dma.o [1]
DaysInMonth              0x800'f808    0xc  Data  Lc  user_rtc.o [1]
DaysInMonthLeapYear      0x800'f814    0xc  Data  Lc  user_rtc.o [1]
DebugMon_Handler         0x800'ef59    0x2  Code  Gb  stm32l4xx_it.o [1]
Display_Check_Password   0x800'2d03   0x2e  Code  Gb  lcd_display.o [1]
Display_Check_Toggle     0x800'2b89   0xac  Code  Gb  lcd_display.o [1]
Display_Check_Toggle::Hide
                        0x2000'24e4   0x78  Data  Lc  lcd_display.o [1]
Display_Check_Toggle::LandMarkToggle_u32
                        0x2000'1eec  0x1e0  Data  Lc  lcd_display.o [1]
Display_Init             0x800'2249  0x104  Code  Gb  lcd_display.o [1]
Display_Set_Screen       0x800'2ccd   0x36  Code  Gb  lcd_display.o [1]
Display_Set_Screen_Flag
                         0x800'2c87   0x46  Code  Gb  lcd_display.o [1]
Display_Show_Oject       0x800'27e9  0x3a0  Code  Gb  lcd_display.o [1]
Display_Show_Screen      0x800'2c35   0x52  Code  Gb  lcd_display.o [1]
Display_Show_State_Sensor_Network
                         0x800'2d45   0x34  Code  Gb  lcd_display.o [1]
Display_Show_State_Setting
                         0x800'2d79   0x5c  Code  Gb  lcd_display.o [1]
Display_Show_Static_Param
                         0x800'2d31   0x14  Code  Gb  lcd_display.o [1]
Display_Task             0x800'234d   0x7e  Code  Gb  lcd_display.o [1]
Error_Handler            0x800'9da5    0x4  Code  Gb  main.o [1]
FLASH_FlushCaches        0x800'b5db   0x6a  Code  Gb  stm32l4xx_hal_flash_ex.o [1]
FLASH_PageErase          0x800'b5b1   0x2a  Code  Gb  stm32l4xx_hal_flash_ex.o [1]
FLASH_Program_DoubleWord
                         0x800'b53f   0x1a  Code  Lc  stm32l4xx_hal_flash.o [1]
FLASH_Program_Fast       0x800'b559   0x32  Code  Lc  stm32l4xx_hal_flash.o [1]
FLASH_WaitForLastOperation
                         0x800'b4d9   0x66  Code  Gb  stm32l4xx_hal_flash.o [1]
Filter_Temp              0x800'37cd    0x2  Code  Gb  user_app_sensor.o [1]
Filter_pH                0x800'370d   0xc0  Code  Gb  user_app_sensor.o [1]
Filter_pH::P            0x2000'07c8    0x4  Data  Lc  user_app_sensor.o [1]
Filter_pH::x_est        0x2000'2894    0x4  Data  Lc  user_app_sensor.o [1]
Filter_pH::x_est_last   0x2000'2898    0x4  Data  Lc  user_app_sensor.o [1]
Find_String_V2           0x800'e08b  0x130  Code  Gb  user_string.o [1]
Find_str_fix             0x800'e1dd   0x94  Code  Gb  user_string.o [1]
Flag_gettick            0x2000'28c8    0x1  Data  Gb  stm32l4xx_it.o [1]
Font5x7                  0x800'ed38  0x214  Data  Lc  lcd_display.o [1]
Get_RTC                  0x800'd7a5   0x4e  Code  Gb  user_time.o [1]
HAL_DMA_Abort            0x800'a4f1   0x54  Code  Gb  stm32l4xx_hal_dma.o [1]
HAL_DMA_Abort_IT         0x800'a545   0x5e  Code  Gb  stm32l4xx_hal_dma.o [1]
HAL_DMA_DeInit           0x800'a385   0xb8  Code  Gb  stm32l4xx_hal_dma.o [1]
HAL_DMA_IRQHandler       0x800'a5a3   0xf2  Code  Gb  stm32l4xx_hal_dma.o [1]
HAL_DMA_Init             0x800'a2a5   0xe0  Code  Gb  stm32l4xx_hal_dma.o [1]
HAL_DMA_Start_IT         0x800'a459   0x98  Code  Gb  stm32l4xx_hal_dma.o [1]
HAL_Delay                0x800'6969   0x28  Code  Wk  stm32l4xx_hal.o [1]
HAL_FLASH_Lock           0x800'b4cb    0xe  Code  Gb  stm32l4xx_hal_flash.o [1]
HAL_FLASH_Program        0x800'b3f9   0xb0  Code  Gb  stm32l4xx_hal_flash.o [1]
HAL_FLASH_Unlock         0x800'b4a9   0x22  Code  Gb  stm32l4xx_hal_flash.o [1]
HAL_GPIO_DeInit          0x800'1e6f  0x166  Code  Gb  stm32l4xx_hal_gpio.o [1]
HAL_GPIO_Init            0x800'1cad  0x1c2  Code  Gb  stm32l4xx_hal_gpio.o [1]
HAL_GPIO_ReadPin         0x800'1fd5   0x16  Code  Gb  stm32l4xx_hal_gpio.o [1]
HAL_GPIO_WritePin        0x800'1feb   0x18  Code  Gb  stm32l4xx_hal_gpio.o [1]
HAL_GetTick              0x800'56a1    0xc  Code  Wk  stm32l4xx_hal.o [1]
HAL_IncTick              0x800'f021   0x18  Code  Wk  stm32l4xx_hal.o [1]
HAL_Init                 0x800'bef5   0x24  Code  Gb  stm32l4xx_hal.o [1]
HAL_InitTick             0x800'ca89   0x60  Code  Wk  stm32l4xx_hal.o [1]
HAL_MspInit              0x800'caf1   0x38  Code  Gb  stm32l4xx_hal_msp.o [1]
HAL_NVIC_DisableIRQ      0x800'a81f    0xe  Code  Gb  stm32l4xx_hal_cortex.o [1]
HAL_NVIC_EnableIRQ       0x800'a811    0xe  Code  Gb  stm32l4xx_hal_cortex.o [1]
HAL_NVIC_SetPriority     0x800'a7e7   0x2a  Code  Gb  stm32l4xx_hal_cortex.o [1]
HAL_NVIC_SetPriorityGrouping
                         0x800'a7db    0xc  Code  Gb  stm32l4xx_hal_cortex.o [1]
HAL_PWREx_ControlVoltageScaling
                         0x800'c755   0x76  Code  Gb  stm32l4xx_hal_pwr_ex.o [1]
HAL_PWREx_GetVoltageRange
                         0x800'c749    0xc  Code  Gb  stm32l4xx_hal_pwr_ex.o [1]
HAL_RCCEx_PeriphCLKConfig
                         0x800'9dbd  0x34c  Code  Gb  stm32l4xx_hal_rcc_ex.o [1]
HAL_RCC_ClockConfig      0x800'b081  0x17a  Code  Gb  stm32l4xx_hal_rcc.o [1]
HAL_RCC_GetHCLKFreq      0x800'b2cf    0x6  Code  Gb  stm32l4xx_hal_rcc.o [1]
HAL_RCC_GetPCLK1Freq     0x800'b2d5   0x1a  Code  Gb  stm32l4xx_hal_rcc.o [1]
HAL_RCC_GetPCLK2Freq     0x800'b2ef   0x1a  Code  Gb  stm32l4xx_hal_rcc.o [1]
HAL_RCC_GetResetSource   0x800'b319   0x12  Code  Gb  stm32l4xx_hal_rcc.o [1]
HAL_RCC_GetSysClockFreq
                         0x800'b1fb   0xd4  Code  Gb  stm32l4xx_hal_rcc.o [1]
HAL_RCC_OscConfig        0x800'a9f9  0x688  Code  Gb  stm32l4xx_hal_rcc.o [1]
HAL_RTCEx_AlarmBEventCallback
                         0x800'e089    0x2  Code  Wk  stm32l4xx_hal_rtc_ex.o [1]
HAL_RTCEx_EnableBypassShadow
                         0x800'e271   0x48  Code  Gb  stm32l4xx_hal_rtc_ex.o [1]
HAL_RTC_AlarmAEventCallback
                         0x800'ddf1    0xc  Code  Gb  user_rtc.o [1]
HAL_RTC_AlarmIRQHandler
                         0x800'd12d   0x60  Code  Gb  stm32l4xx_hal_rtc.o [1]
HAL_RTC_DeactivateAlarm
                         0x800'd053   0xda  Code  Gb  stm32l4xx_hal_rtc.o [1]
HAL_RTC_GetDate          0x800'ce1b   0x52  Code  Gb  stm32l4xx_hal_rtc.o [1]
HAL_RTC_GetTime          0x800'cce9   0x66  Code  Gb  stm32l4xx_hal_rtc.o [1]
HAL_RTC_Init             0x800'cb29   0xca  Code  Gb  stm32l4xx_hal_rtc.o [1]
HAL_RTC_MspInit          0x800'c23d   0x50  Code  Gb  rtc.o [1]
HAL_RTC_SetAlarm_IT      0x800'ce6d  0x1e6  Code  Gb  stm32l4xx_hal_rtc.o [1]
HAL_RTC_SetDate          0x800'cd4f   0xcc  Code  Gb  stm32l4xx_hal_rtc.o [1]
HAL_RTC_SetTime          0x800'cbf3   0xf6  Code  Gb  stm32l4xx_hal_rtc.o [1]
HAL_RTC_WaitForSynchro   0x800'd18d   0x2e  Code  Gb  stm32l4xx_hal_rtc.o [1]
HAL_SPI_Init             0x800'97b5   0xf8  Code  Gb  stm32l4xx_hal_spi.o [1]
HAL_SPI_MspInit          0x800'be7d   0x62  Code  Gb  spi.o [1]
HAL_SPI_Transmit         0x800'98ad  0x1fe  Code  Gb  stm32l4xx_hal_spi.o [1]
HAL_SYSTICK_Config       0x800'a82d    0xc  Code  Gb  stm32l4xx_hal_cortex.o [1]
HAL_UARTEx_ReceiveToIdle_DMA
                         0x800'a985   0x70  Code  Gb  stm32l4xx_hal_uart_ex.o [1]
HAL_UARTEx_RxEventCallback
                         0x800'a893   0x3e  Code  Gb  user_uart.o [1]
HAL_UARTEx_WakeupCallback
                         0x800'a9f5    0x2  Code  Wk  stm32l4xx_hal_uart_ex.o [1]
HAL_UART_ErrorCallback   0x800'a8d1   0x3e  Code  Gb  user_uart.o [1]
HAL_UART_IRQHandler      0x800'6b35  0x35c  Code  Gb  stm32l4xx_hal_uart.o [1]
HAL_UART_Init            0x800'6991   0x7a  Code  Gb  stm32l4xx_hal_uart.o [1]
HAL_UART_MspDeInit       0x800'682d   0x80  Code  Gb  usart.o [1]
HAL_UART_MspInit         0x800'6609  0x224  Code  Gb  usart.o [1]
HAL_UART_Receive_IT      0x800'6ad7   0x5e  Code  Gb  stm32l4xx_hal_uart.o [1]
HAL_UART_RxCpltCallback
                         0x800'a85d   0x36  Code  Gb  user_uart.o [1]
HAL_UART_Transmit        0x800'6a0b   0xcc  Code  Gb  stm32l4xx_hal_uart.o [1]
Handle_Data_Measure      0x800'319d  0x100  Code  Gb  user_app_sensor.o [1]
Handle_Data_Recv_SS_TURB
                         0x800'33c5  0x154  Code  Gb  user_app_sensor.o [1]
Handle_Data_Recv_Sensor
                         0x800'32af   0x20  Code  Gb  user_app_sensor.o [1]
Handle_Data_Trans_SS_TURB
                         0x800'32e3   0xda  Code  Gb  user_app_sensor.o [1]
Handle_Data_Trans_Sensor
                         0x800'329d   0x12  Code  Gb  user_app_sensor.o [1]
Handle_Float_To_hexUint32
                         0x800'51c5   0x24  Code  Gb  user_convert_variable.o [1]
Handle_State_SS_TURB     0x800'3519   0x70  Code  Gb  user_app_sensor.o [1]
Handle_State_Sensor      0x800'32cf   0x14  Code  Gb  user_app_sensor.o [1]
HardFault_Handler        0x800'ef4f    0x2  Code  Gb  stm32l4xx_it.o [1]
IndexUartError          0x2000'28d5    0x1  Data  Lc  user_uart.o [1]
Init_AppRs485            0x800'd8bf   0x16  Code  Gb  user_app_rs485.o [1]
Init_AppSensor           0x800'4139   0x3e  Code  Gb  user_app_sensor.o [1]
Init_InforSlaveModbusRTU
                         0x800'49f7   0x30  Code  Gb  user_app_modbus_rtu.o [1]
Init_MeasureRange        0x800'3d9d  0x118  Code  Gb  user_app_sensor.o [1]
Init_ParamCalib          0x800'39f9   0x92  Code  Gb  user_app_sensor.o [1]
Init_TempAlarm           0x800'3b75   0xa2  Code  Gb  user_app_sensor.o [1]
Init_UartRs485           0x800'd881   0x3e  Code  Gb  user_app_rs485.o [1]
Insert_String_To_String
                         0x800'4fe9   0x2a  Code  Gb  user_convert_variable.o [1]
Kind_Trans_Calib        0x2000'28cc    0x1  Data  Gb  user_app_sensor.o [1]
LPUART1_IRQHandler       0x800'efe9    0xa  Code  Gb  stm32l4xx_it.o [1]
Liberation_Sans15x21_Numbers
                         0x800'eb10  0x228  Data  Lc  lcd_display.o [1]
MSIRangeTable            0x800'f0e4   0x30  Data  Gb  system_stm32l4xx.o [1]
MX_DMA_Init              0x800'c0e9   0x60  Code  Gb  dma.o [1]
MX_GPIO_Init             0x800'bf19  0x1d0  Code  Gb  gpio.o [1]
MX_LPUART1_UART_Init     0x800'6559   0x38  Code  Gb  usart.o [1]
MX_RTC_Init              0x800'c149   0xf4  Code  Gb  rtc.o [1]
MX_SPI2_Init             0x800'be2d   0x50  Code  Gb  spi.o [1]
MX_USART1_UART_Init      0x800'6591   0x3c  Code  Gb  usart.o [1]
MX_USART3_UART_Init      0x800'65cd   0x3c  Code  Gb  usart.o [1]
Main_Task                0x800'c39d   0x3c  Code  Gb  user_app_comm.o [1]
MemManage_Handler        0x800'ef51    0x2  Code  Gb  stm32l4xx_it.o [1]
ModRTU_CRC               0x800'6209   0x3c  Code  Gb  user_modbus_rtu.o [1]
ModRTU_Master_Read_Frame
                         0x800'6245   0x9c  Code  Gb  user_modbus_rtu.o [1]
ModRTU_Master_Write_Frame
                         0x800'62e1   0xe8  Code  Gb  user_modbus_rtu.o [1]
ModRTU_Slave_ACK_Read_Frame
                         0x800'63c9   0xa2  Code  Gb  user_modbus_rtu.o [1]
ModRTU_Slave_ACK_Write_Frame
                         0x800'646b   0xee  Code  Gb  user_modbus_rtu.o [1]
Modem_Check_AT           0x800'd5c9  0x1dc  Code  Gb  user_at_serial.o [1]
Modem_Check_RTU          0x800'4a27  0x384  Code  Gb  user_app_modbus_rtu.o [1]
NMI_Handler              0x800'ef4d    0x2  Code  Gb  stm32l4xx_it.o [1]
NONE_Register_CallBack   0x800'4309    0x6  Code  Gb  user_app_modbus_rtu.o [1]
NVIC_EncodePriority      0x800'a76b   0x40  Code  Lc  stm32l4xx_hal_cortex.o [1]
OldPosDMADebug          0x2000'28ba    0x2  Data  Lc  user_app_comm.o [1]
Old_Value_i16           0x2000'28b6    0x2  Data  Gb  button.o [1]
On_Speaker               0x800'2621   0x24  Code  Gb  lcd_display.o [1]
OnchipFlashPageErase     0x800'79e5   0x5a  Code  Gb  onchipflash.o [1]
OnchipFlashWriteData     0x800'7959   0x8c  Code  Gb  onchipflash.o [1]
PendSV_Handler           0x800'ef5b    0x2  Code  Gb  stm32l4xx_it.o [1]
PortConfig              0x2000'28cf    0x1  Data  Gb  user_at_serial.o [1]
RC                       0x800'e1bb   0x22  Code  Gb  user_string.o [1]
RCCEx_PLLSAI1_Config     0x800'a11d  0x16e  Code  Lc  stm32l4xx_hal_rcc_ex.o [1]
RCC_SetFlashLatencyFromMSIRange
                         0x800'b331   0x8a  Code  Lc  stm32l4xx_hal_rcc.o [1]
RS485SS_Init_Data        0x800'68f5   0x10  Code  Gb  user_connect_sensor.o [1]
RS485SS_Init_RX_Mode     0x800'6905   0x1e  Code  Gb  user_connect_sensor.o [1]
RS485SS_Rx_Callback      0x800'6925   0x34  Code  Gb  user_connect_sensor.o [1]
RS485SS_Stop_RX_Mode     0x800'6923    0x2  Code  Gb  user_connect_sensor.o [1]
RS485_Done_Calib         0x800'37cf   0x1a  Code  Gb  user_app_sensor.o [1]
RS485_Enter_Calib        0x800'37e9   0x1e  Code  Gb  user_app_sensor.o [1]
RS485_Init_RX_Mode       0x800'c7dd   0x1e  Code  Gb  user_rs485.o [1]
RS485_LogData_Calib      0x800'3807   0x78  Code  Gb  user_app_sensor.o [1]
RS485_Rx_Callback        0x800'c7fd   0x3c  Code  Gb  user_rs485.o [1]
RS485_Stop_RX_Mode       0x800'c7fb    0x2  Code  Gb  user_rs485.o [1]
RTC_AlarmStructure      0x2000'26fc   0x2c  Data  Lc  user_rtc.o [1]
RTC_Alarm_IRQHandler     0x800'efd5    0xa  Code  Gb  stm32l4xx_it.o [1]
RTC_Bcd2ToByte           0x800'd2a1   0x16  Code  Gb  stm32l4xx_hal_rtc.o [1]
RTC_ByteToBcd2           0x800'd285   0x1c  Code  Gb  stm32l4xx_hal_rtc.o [1]
RTC_EnterInitMode        0x800'd1bb   0x4c  Code  Gb  stm32l4xx_hal_rtc.o [1]
RTC_ExitInitMode         0x800'd207   0x58  Code  Gb  stm32l4xx_hal_rtc.o [1]
RTC_GetCalendarValue     0x800'dfc3   0x90  Code  Lc  user_rtc.o [1]
RTC_IF_Convert_Tick2ms   0x800'dde1   0x10  Code  Gb  user_rtc.o [1]
RTC_IF_Convert_ms2Tick   0x800'ddcf   0x12  Code  Gb  user_rtc.o [1]
RTC_IF_GetMinimumTimeout
                         0x800'ddcb    0x4  Code  Gb  user_rtc.o [1]
RTC_IF_GetTimerContext   0x800'dd8f    0x8  Code  Gb  user_rtc.o [1]
RTC_IF_GetTimerElapsedTime
                         0x800'dd97   0x16  Code  Gb  user_rtc.o [1]
RTC_IF_GetTimerValue     0x800'ddad   0x1e  Code  Gb  user_rtc.o [1]
RTC_IF_Init              0x800'dd19   0x30  Code  Gb  user_rtc.o [1]
RTC_IF_SetTimerContext   0x800'dd79   0x16  Code  Gb  user_rtc.o [1]
RTC_IF_StartTimer        0x800'dd49    0xe  Code  Gb  user_rtc.o [1]
RTC_IF_StopTimer         0x800'dd57   0x22  Code  Gb  user_rtc.o [1]
RTC_Initalized          0x2000'28d4    0x1  Data  Lc  user_rtc.o [1]
RTC_StartWakeUpAlarm     0x800'ddfd  0x1c6  Code  Lc  user_rtc.o [1]
ReInit_Rx_Mode_Uart_Error
                         0x800'a90f   0x5a  Code  Gb  user_uart.o [1]
Read_Register_Rs485      0x800'3885   0x66  Code  Gb  user_app_sensor.o [1]
Region$$Table$$Base      0x800'f1dc          --   Gb  - Linker created -
Region$$Table$$Limit     0x800'f1fc          --   Gb  - Linker created -
Reset_Buff               0x800'20bd   0x24  Code  Gb  user_util.o [1]
Rs485SSStatus_u8        0x2000'28d1    0x1  Data  Gb  user_connect_sensor.o [1]
Rs485Status_u8          0x2000'28d3    0x1  Data  Gb  user_rs485.o [1]
RtCountSystick_u32      0x2000'28a4    0x4  Data  Gb  user_util.o [1]
RtcTimerContext         0x2000'27c4   0x1c  Data  Lc  user_rtc.o [1]
SPI_EndRxTxTransaction   0x800'9c75   0x6a  Code  Lc  stm32l4xx_hal_spi.o [1]
SPI_WaitFifoStateUntilTimeout
                         0x800'9b83   0xee  Code  Lc  stm32l4xx_hal_spi.o [1]
SPI_WaitFlagStateUntilTimeout
                         0x800'9aab   0xd8  Code  Lc  stm32l4xx_hal_spi.o [1]
SVC_Handler              0x800'ef57    0x2  Code  Gb  stm32l4xx_it.o [1]
Save_Array               0x800'7a45   0x86  Code  Gb  onchipflash.o [1]
Save_InforSlaveModbusRTU
                         0x800'49b3   0x44  Code  Gb  user_app_modbus_rtu.o [1]
Save_MeasureRange        0x800'3c2d  0x162  Code  Gb  user_app_sensor.o [1]
Save_ParamCalib          0x800'392b   0xba  Code  Gb  user_app_sensor.o [1]
Save_TempAlarm           0x800'3a9d   0xce  Code  Gb  user_app_sensor.o [1]
Send_RS458_Master        0x800'497b   0x38  Code  Gb  user_app_modbus_rtu.o [1]
Send_RS458_Sensor        0x800'38eb   0x40  Code  Gb  user_app_sensor.o [1]
SysApp_Init              0x800'c355    0xc  Code  Gb  user_app_comm.o [1]
SysApp_Setting           0x800'c361   0x3c  Code  Gb  user_app_comm.o [1]
SysTick_Config           0x800'a7ab   0x30  Code  Lc  stm32l4xx_hal_cortex.o [1]
SysTick_Handler          0x800'ef5d   0x50  Code  Gb  stm32l4xx_it.o [1]
SystemClock_Config       0x800'9d13   0x92  Code  Gb  main.o [1]
SystemCoreClock         0x2000'050c    0x4  Data  Gb  system_stm32l4xx.o [1]
SystemInit               0x800'f5d1    0xc  Code  Gb  system_stm32l4xx.o [1]
TRACE_AllocateBufer      0x800'c9ad   0xa2  Code  Lc  user_adv_trace.o [1]
TRACE_IsLocked           0x800'ca63   0x10  Code  Lc  user_adv_trace.o [1]
TRACE_Lock               0x800'ca4f    0xa  Code  Lc  user_adv_trace.o [1]
TRACE_Send               0x800'c927   0x84  Code  Lc  user_adv_trace.o [1]
TRACE_UnLock             0x800'ca59    0xa  Code  Lc  user_adv_trace.o [1]
TimerExists              0x800'd531   0x1a  Code  Gb  user_timer.o [1]
TimerInsertNewHeadTimer
                         0x800'd5a5   0x1c  Code  Gb  user_timer.o [1]
TimerInsertTimer         0x800'd577   0x2e  Code  Gb  user_timer.o [1]
TimerListHead           0x2000'28a0    0x4  Data  Lc  user_timer.o [1]
TimerSetTimeout          0x800'd54b   0x2c  Code  Gb  user_timer.o [1]
TimerTx                 0x2000'2810   0x18  Data  Lc  user_app_comm.o [1]
TxCpltCallback          0x2000'2888    0x4  Data  Lc  user_app_comm.o [1]
UART_AdvFeatureConfig    0x800'718d   0xda  Code  Gb  stm32l4xx_hal_uart.o [1]
UART_CheckIdleState      0x800'7267   0xd2  Code  Gb  stm32l4xx_hal_uart.o [1]
UART_DMAAbortOnError     0x800'7719   0x1a  Code  Lc  stm32l4xx_hal_uart.o [1]
UART_DMAError            0x800'76c9   0x50  Code  Lc  stm32l4xx_hal_uart.o [1]
UART_DMAReceiveCplt      0x800'75fd   0xa2  Code  Lc  stm32l4xx_hal_uart.o [1]
UART_DMARxHalfCplt       0x800'76a1   0x28  Code  Lc  stm32l4xx_hal_uart.o [1]
UART_EndRxTransfer       0x800'759f   0x5e  Code  Lc  stm32l4xx_hal_uart.o [1]
UART_EndTransmit_IT      0x800'7733   0x2a  Code  Lc  stm32l4xx_hal_uart.o [1]
UART_EndTxTransfer       0x800'7583   0x1c  Code  Lc  stm32l4xx_hal_uart.o [1]
UART_RxISR_16BIT         0x800'7851   0xee  Code  Lc  stm32l4xx_hal_uart.o [1]
UART_RxISR_8BIT          0x800'775d   0xec  Code  Lc  stm32l4xx_hal_uart.o [1]
UART_SetConfig           0x800'6e95  0x2ec  Code  Gb  stm32l4xx_hal_uart.o [1]
UART_Start_Receive_DMA   0x800'74c7   0xbc  Code  Gb  stm32l4xx_hal_uart.o [1]
UART_Start_Receive_IT    0x800'73d7   0xf0  Code  Gb  stm32l4xx_hal_uart.o [1]
UART_WaitOnFlagUntilTimeout
                         0x800'7339   0x9e  Code  Gb  stm32l4xx_hal_uart.o [1]
USART1_IRQHandler        0x800'efc1    0xa  Code  Gb  stm32l4xx_it.o [1]
USART3_IRQHandler        0x800'efcb    0xa  Code  Gb  stm32l4xx_it.o [1]
UTIL_ADV_TRACE_COND_FSend
                         0x800'c84d   0xda  Code  Gb  user_adv_trace.o [1]
UTIL_Log_Str             0x800'2141   0x36  Code  Gb  user_util.o [1]
UTIL_MEM_cpy             0x800'217d   0x1e  Code  Gb  user_util.o [1]
UTIL_MEM_set             0x800'20e1   0x18  Code  Gb  user_util.o [1]
UTIL_Printf              0x800'20f9   0x2c  Code  Gb  user_util.o [1]
UTIL_Printf_Str          0x800'2125   0x1c  Code  Gb  user_util.o [1]
UTIL_TIMER_Create        0x800'd2cd   0x4c  Code  Gb  user_timer.o [1]
UTIL_TIMER_IRQ_Handler   0x800'd47f   0xb2  Code  Gb  user_timer.o [1]
UTIL_TIMER_Init          0x800'd2b9   0x14  Code  Gb  user_timer.o [1]
UTIL_TIMER_SetPeriod     0x800'd445   0x3a  Code  Gb  user_timer.o [1]
UTIL_TIMER_Start         0x800'd319   0x92  Code  Gb  user_timer.o [1]
UTIL_TIMER_Stop          0x800'd3ab   0x9a  Code  Gb  user_timer.o [1]
UTIL_TimerDriver         0x800'f114   0x2c  Data  Gb  user_rtc.o [1]
UTIL_TraceDriver         0x800'f6a0    0xc  Data  Gb  user_app_comm.o [1]
Uart485RxByte           0x2000'28d2    0x1  Data  Lc  user_rs485.o [1]
Uart485SSRxByte         0x2000'28d0    0x1  Data  Lc  user_connect_sensor.o [1]
UartDebugBuff           0x2000'0c3c  0x4b0  Data  Gb  user_app_comm.o [1]
UartDebugCountFail      0x2000'28c2    0x2  Data  Lc  user_uart.o [1]
UartDebugRxByte         0x2000'28c9    0x1  Data  Gb  user_app_comm.o [1]
Update_ParaDisplay       0x800'2645  0x1a4  Code  Gb  lcd_display.o [1]
UsageFault_Handler       0x800'ef55    0x2  Code  Gb  stm32l4xx_it.o [1]
User_RTC_Init            0x800'dce1   0x38  Code  Lc  user_rtc.o [1]
UtilFloatToString        0x800'21f9   0x2e  Code  Gb  user_util.o [1]
UtilIntToStringWithScale
                         0x800'205d   0x60  Code  Gb  user_util.o [1]
VLevelDebug             0x2000'0c38    0x1  Data  Gb  user_util.o [1]
_Cb_Display_Auto_SW      0x800'2541   0x7e  Code  Lc  lcd_display.o [1]
_Cb_Display_Auto_SW::MarkButtPressed
                        0x2000'28c7    0x1  Data  Lc  lcd_display.o [1]
_Cb_Display_Auto_SW::cNext
                        0x2000'28b8    0x2  Data  Lc  lcd_display.o [1]
_Cb_Display_Init         0x800'23cb   0x52  Code  Lc  lcd_display.o [1]
_Cb_Display_Logo         0x800'241d   0xa8  Code  Lc  lcd_display.o [1]
_Cb_Display_Logo::step_u8
                        0x2000'28c5    0x1  Data  Lc  lcd_display.o [1]
_Cb_Display_Show         0x800'24c5   0x7c  Code  Lc  lcd_display.o [1]
_Cb_Display_Show::LandMarkChange_u32
                        0x2000'287c    0x4  Data  Lc  lcd_display.o [1]
_Cb_Display_Show::ScreenLast
                        0x2000'28c6    0x1  Data  Lc  lcd_display.o [1]
_Cb_HandLer_IDLE         0x800'c343    0x6  Code  Lc  user_app_comm.o [1]
_Cb_Off_Speaker          0x800'260b   0x16  Code  Lc  lcd_display.o [1]
_Cb_R_ModbusRTU_REG_Alarm_Lower
                         0x800'4861   0x5a  Code  Gb  user_app_modbus_rtu.o [1]
_Cb_R_ModbusRTU_REG_Alarm_State
                         0x800'4697   0x2e  Code  Gb  user_app_modbus_rtu.o [1]
_Cb_R_ModbusRTU_REG_Alarm_Upper
                         0x800'4741   0x5a  Code  Gb  user_app_modbus_rtu.o [1]
_Cb_R_ModbusRTU_REG_Baudrate
                         0x800'43b5   0x2e  Code  Gb  user_app_modbus_rtu.o [1]
_Cb_R_ModbusRTU_REG_ID   0x800'430f   0x2e  Code  Gb  user_app_modbus_rtu.o [1]
_Cb_R_ModbusRTU_REG_State_Sensor
                         0x800'45b3   0x30  Code  Gb  user_app_modbus_rtu.o [1]
_Cb_R_ModbusRTU_REG_State_Value_1
                         0x800'45e3   0x30  Code  Gb  user_app_modbus_rtu.o [1]
_Cb_R_ModbusRTU_REG_State_Value_2
                         0x800'4613   0x30  Code  Gb  user_app_modbus_rtu.o [1]
_Cb_R_ModbusRTU_REG_State_Value_3
                         0x800'4643   0x2a  Code  Gb  user_app_modbus_rtu.o [1]
_Cb_R_ModbusRTU_REG_State_Value_4
                         0x800'466d   0x2a  Code  Gb  user_app_modbus_rtu.o [1]
_Cb_R_ModbusRTU_REG_Value_Measure_1
                         0x800'4451   0x5a  Code  Gb  user_app_modbus_rtu.o [1]
_Cb_R_ModbusRTU_REG_Value_Measure_2
                         0x800'44ab   0x5a  Code  Gb  user_app_modbus_rtu.o [1]
_Cb_R_ModbusRTU_REG_Value_Measure_3
                         0x800'4505   0x56  Code  Gb  user_app_modbus_rtu.o [1]
_Cb_R_ModbusRTU_REG_Value_Measure_4
                         0x800'455d   0x56  Code  Gb  user_app_modbus_rtu.o [1]
_Cb_Save_Box             0x800'c34f    0x6  Code  Lc  user_app_comm.o [1]
_Cb_Set_RTC              0x800'c327   0x1c  Code  Lc  user_app_comm.o [1]
_Cb_TX_Timer_Event       0x800'c4a5   0x1a  Code  Lc  user_app_comm.o [1]
_Cb_Timer_IRQ            0x800'c299    0xc  Code  Lc  user_app_comm.o [1]
_Cb_Tx_Timer             0x800'c349    0x6  Code  Lc  user_app_comm.o [1]
_Cb_Uart_Error           0x800'c31b    0xc  Code  Lc  user_app_comm.o [1]
_Cb_Uart_Rx_Debug        0x800'c2a5   0x76  Code  Lc  user_app_comm.o [1]
_Cb_Uart_Rx_Debug::LastLengthRecv
                        0x2000'28bc    0x2  Data  Lc  user_app_comm.o [1]
_Cb_Uart_Rx_Debug::MarkFirstRecvUart
                        0x2000'28ca    0x1  Data  Lc  user_app_comm.o [1]
_Cb_W_ModbusRTU_REG_Alarm_Lower
                         0x800'48bb   0xc0  Code  Gb  user_app_modbus_rtu.o [1]
_Cb_W_ModbusRTU_REG_Alarm_State
                         0x800'46c5   0x7c  Code  Gb  user_app_modbus_rtu.o [1]
_Cb_W_ModbusRTU_REG_Alarm_Upper
                         0x800'47a1   0xc0  Code  Gb  user_app_modbus_rtu.o [1]
_Cb_W_ModbusRTU_REG_Baudrate
                         0x800'43e3   0x6e  Code  Gb  user_app_modbus_rtu.o [1]
_Cb_W_ModbusRTU_REG_ID   0x800'433d   0x78  Code  Gb  user_app_modbus_rtu.o [1]
_Cb_button_detect        0x800'25f3   0x18  Code  Lc  lcd_display.o [1]
_Cb_button_scan          0x800'25bf   0x34  Code  Lc  lcd_display.o [1]
_LitobFullNoMb           0x800'95ad  0x10a  Code  Lc  xprintffull_nomb.o [2]
_Locale_lconv           0x2000'0bfc   0x38  Data  Lc  xlocale_c.o [2]
_PrintfFullNoMb          0x800'87ed  0xd9c  Code  Gb  xprintffull_nomb.o [2]
_PutcharFullNoMb         0x800'971d   0x20  Code  Lc  xprintffull_nomb.o [2]
_PutcharsFullNoMb        0x800'973d   0x2e  Code  Lc  xprintffull_nomb.o [2]
_SProut                  0x800'527b    0xa  Code  Gb  xsprout.o [2]
__NVIC_DisableIRQ        0x800'a719   0x26  Code  Lc  stm32l4xx_hal_cortex.o [1]
__NVIC_EnableIRQ         0x800'a6f9   0x20  Code  Lc  stm32l4xx_hal_cortex.o [1]
__NVIC_GetPriorityGrouping
                         0x800'a6eb    0xc  Code  Lc  stm32l4xx_hal_cortex.o [1]
__NVIC_SetPriority       0x800'a73f   0x2c  Code  Lc  stm32l4xx_hal_cortex.o [1]
__NVIC_SetPriorityGrouping
                         0x800'a6c9   0x22  Code  Lc  stm32l4xx_hal_cortex.o [1]
__aeabi_cdcmpeq          0x800'b739         Code  Gb  DblCmpEq.o [3]
__aeabi_cdcmple          0x800'b7c9         Code  Gb  DblCmpLe.o [3]
__aeabi_cdrcmple         0x800'b7f9         Code  Gb  DblCmpGe.o [3]
__aeabi_d2f              0x800'54e5         Code  Gb  DblToFlt.o [3]
__aeabi_d2iz             0x800'80c5         Code  Gb  DblToS32.o [3]
__aeabi_d2uiz            0x800'bdfd         Code  Gb  DblToU32.o [3]
__aeabi_dadd             0x800'7f49         Code  Gb  DblAdd.o [3]
__aeabi_ddiv             0x800'529d         Code  Gb  DblDiv.o [3]
__aeabi_dmul             0x800'7da5         Code  Gb  DblMul.o [3]
__aeabi_dsub             0x800'b655         Code  Gb  DblSub.o [3]
__aeabi_f2d              0x800'5569         Code  Gb  FltToDbl.o [3]
__aeabi_i2d              0x800'5259         Code  Gb  S32ToDbl.o [3]
__aeabi_ldiv0            0x800'b651         Code  Gb  I64DivZer.o [4]
__aeabi_memcpy           0x800'7acd         Code  Gb  ABImemcpy.o [4]
__aeabi_memcpy4          0x800'7aed         Code  Gb  ABImemcpy.o [4]
__aeabi_memcpy8          0x800'7aed         Code  Gb  ABImemcpy.o [4]
__aeabi_memset           0x800'5c11         Code  Gb  ABImemset.o [4]
__aeabi_ui2d             0x800'554d         Code  Gb  U32ToDbl.o [3]
__aeabi_uldivmod         0x800'7b75         Code  Gb  I64DivMod.o [4]
__cmain                  0x800'f21d         Code  Gb  cmain.o [4]
__exit                   0x800'dccd   0x14  Code  Gb  exit.o [5]
__iar_Exp64              0x800'b829  0x388  Code  Gb  iar_Exp64.o [3]
__iar_Fail_s             0x800'bc29   0x1c  Code  Gb  xfail_s.o [2]
__iar_Memchr             0x800'bc69         Code  Gb  memchr.o [4]
__iar_Memset             0x800'5c11         Code  Gb  ABImemset.o [4]
__iar_Memset_word        0x800'5c19         Code  Gb  ABImemset.o [4]
__iar_Strchr             0x800'bc11         Code  Gb  strchr.o [4]
__iar_dadd               0x800'b665         Code  Gb  DblSub.o [3]
__iar_data_init3         0x800'f191   0x28  Code  Gb  data_init.o [4]
__iar_dsub               0x800'7f59         Code  Gb  DblAdd.o [3]
__iar_dsubStart          0x800'7f6b         Code  Gb  DblAdd.o [3]
__iar_frexp              0x800'b765         Code  Gb  frexp.o [3]
__iar_frexpl             0x800'b765         Code  Gb  frexp.o [3]
__iar_init_vfp           0x800'f1b9         Code  Gb  fpinit_M.o [3]
__iar_ldexp64            0x800'bcc1         Code  Gb  ldexp.o [3]
__iar_lz77_init_single3
                         0x800'f039   0x78  Code  Gb  lz77_init_single.o [4]
__iar_pow64              0x800'8101  0x6ec  Code  Gb  pow64.o [3]
__iar_pow_medium         0x800'8101  0x6ec  Code  Gb  pow64.o [3]
__iar_pow_medium64       0x800'8101  0x6ec  Code  Gb  pow64.o [3]
__iar_pow_mediuml        0x800'8101  0x6ec  Code  Gb  pow64.o [3]
__iar_program_start      0x800'f821         Code  Gb  cstartup_M.o [4]
__iar_scalbln64          0x800'bcc1         Code  Gb  ldexp.o [3]
__iar_scalbn64           0x800'bcc1         Code  Gb  ldexp.o [3]
__iar_softfp___iar_frexp64
                         0x800'b759         Code  Gb  frexp.o [3]
__iar_softfp_frexp       0x800'b759         Code  Gb  frexp.o [3]
__iar_softfp_frexpl      0x800'b759         Code  Gb  frexp.o [3]
__iar_vfp_pow            0x800'528b   0x10  Code  Gb  math_wrappers64.o [3]
__iar_zero_init3         0x800'521f   0x3a  Code  Gb  zero_init3.o [4]
__low_level_init         0x800'f23b    0x4  Code  Gb  low_level_init.o [2]
__vector_table           0x800'0000         Data  Gb  startup_stm32l433xx.o [1]
_call_main               0x800'f229         Code  Gb  cmain.o [4]
_exit                    0x800'f245         Code  Gb  cexit.o [4]
_main                    0x800'f237         Code  Gb  cmain.o [4]
aAT_CMD                 0x2000'2464   0x80  Data  Lc  user_at_serial.o [1]
aBaudrate_value         0x2000'06bc   0x2c  Data  Gb  user_app_modbus_rtu.o [1]
aDATA_CALIB             0x2000'288c    0x4  Data  Gb  user_app_sensor.o [1]
aDATA_CONFIG            0x2000'2264   0x80  Data  Lc  user_app_modbus_rtu.o [1]
aDATA_CONFIG            0x2000'23e4   0x80  Data  Lc  user_at_serial.o [1]
aDATA_LOG_REGISTER      0x2000'22e4   0x80  Data  Lc  user_app_modbus_rtu.o [1]
aModeSelectONOFF        0x2000'0120    0x8  Data  Gb  lcd_display.o [1]
aPASSWORD               0x2000'00cc    0x4  Data  Gb  lcd_display.o [1]
aSTT_SETTING_DONE       0x2000'0100   0x10  Data  Gb  lcd_display.o [1]
aSTT_SETTING_ENTER      0x2000'00e0   0x10  Data  Gb  lcd_display.o [1]
aSTT_SETTING_ERROR      0x2000'0110   0x10  Data  Gb  lcd_display.o [1]
aSTT_SETTING_FREE       0x2000'00d0   0x10  Data  Gb  lcd_display.o [1]
aSTT_SETTING_WAIT       0x2000'00f0   0x10  Data  Gb  lcd_display.o [1]
aSampling_STT           0x2000'2728   0x28  Data  Gb  user_app_sensor.o [1]
aSampling_VALUE         0x2000'2750   0x28  Data  Gb  user_app_sensor.o [1]
aTEST                   0x2000'0000    0xc  Data  Lc  button.o [1]
aUART_485SS_DATA        0x2000'1aec  0x200  Data  Lc  user_connect_sensor.o [1]
aUART_485_DATA          0x2000'1cec  0x200  Data  Lc  user_rs485.o [1]
aUART_DBG_DMA_RX        0x2000'25c0   0x64  Data  Lc  user_app_comm.o [1]
abort                    0x800'cae9    0x6  Code  Gb  abort.o [2]
abs                      0x800'9cdf    0x8  Code  Gb  abs.o [2]
aframe                  0x2000'2364   0x80  Data  Gb  user_app_modbus_rtu.o [1]
bmp_SV_logo_12864        0x800'e710  0x400  Data  Gb  unit_tests.o [1]
charNotDetectPress      0x2000'0c36    0x1  Data  Lc  lcd_display.o [1]
count_gettick           0x2000'2884    0x4  Data  Gb  stm32l4xx_it.o [1]
delay_ms                 0x800'5695    0xc  Code  Gb  STM32L4.o [1]
ee_number                0x800'd9a5  0x146  Code  Lc  user_tiny_vsnprintf.o [1]
ee_skip_atoi             0x800'd97d   0x28  Code  Lc  user_tiny_vsnprintf.o [1]
exit                     0x800'f23f    0x4  Code  Gb  exit.o [2]
fevent_active            0x800'593d   0x1e  Code  Gb  event_driven.o [1]
fevent_detect_connect    0x800'2fe9   0x14  Code  Lc  user_app_sensor.o [1]
fevent_disable           0x800'597f   0x12  Code  Gb  event_driven.o [1]
fevent_enable            0x800'595b   0x24  Code  Gb  event_driven.o [1]
fevent_handle_state_sensor
                         0x800'312f   0x6e  Code  Lc  user_app_sensor.o [1]
fevent_rs485_entry       0x800'd7fd   0x12  Code  Lc  user_app_rs485.o [1]
fevent_rs485_init_uart   0x800'd80f   0x2e  Code  Lc  user_app_rs485.o [1]
fevent_rs485_init_uart::stamp
                        0x2000'28cb    0x1  Data  Lc  user_app_rs485.o [1]
fevent_rs485_receive_complete
                         0x800'd83d   0x24  Code  Lc  user_app_rs485.o [1]
fevent_rs485_refresh     0x800'd861   0x20  Code  Lc  user_app_rs485.o [1]
fevent_sensor_entry      0x800'2e69   0x12  Code  Lc  user_app_sensor.o [1]
fevent_sensor_receive_complete
                         0x800'2f1f   0xb6  Code  Lc  user_app_sensor.o [1]
fevent_sensor_receive_handle
                         0x800'2edf   0x40  Code  Lc  user_app_sensor.o [1]
fevent_sensor_reset      0x800'30ab   0x84  Code  Lc  user_app_sensor.o [1]
fevent_sensor_reset::state
                        0x2000'28cd    0x1  Data  Lc  user_app_sensor.o [1]
fevent_sensor_transmit   0x800'2e7b   0x64  Code  Lc  user_app_sensor.o [1]
fevent_sensor_wait_calib
                         0x800'2fd5   0x14  Code  Lc  user_app_sensor.o [1]
fevent_temp_alarm        0x800'2ffd   0xae  Code  Lc  user_app_sensor.o [1]
font_current            0x2000'2848    0xc  Data  Gb  text.o [1]
glcd_ST7565R_init        0x800'5bb5   0x5c  Code  Gb  ST7565R.o [1]
glcd_bbox               0x2000'2870    0x4  Data  Gb  glcd.o [1]
glcd_bbox_refresh        0x800'5a39   0x1c  Code  Gb  glcd.o [1]
glcd_bbox_selected      0x2000'2878    0x4  Data  Gb  glcd.o [1]
glcd_buffer             0x2000'10ec  0x400  Data  Gb  glcd.o [1]
glcd_buffer_selected    0x2000'2874    0x4  Data  Gb  glcd.o [1]
glcd_clear               0x800'5a55   0x28  Code  Gb  glcd.o [1]
glcd_clear_buffer        0x800'5a7d   0x24  Code  Gb  glcd.o [1]
glcd_command             0x800'5ab5   0x1a  Code  Gb  ST7565R.o [1]
glcd_data                0x800'5acf   0x1a  Code  Gb  ST7565R.o [1]
glcd_draw_bitmap         0x800'61e1   0x1e  Code  Gb  graphics.o [1]
glcd_draw_char_xy        0x800'5c93  0x33a  Code  Gb  text.o [1]
glcd_draw_line           0x800'60d5  0x10c  Code  Gb  graphics.o [1]
glcd_draw_string_xy      0x800'5fcd   0x38  Code  Gb  text.o [1]
glcd_enable_backlight    0x800'5619    0x2  Code  Gb  STM32L4.o [1]
glcd_init                0x800'55f1   0x28  Code  Gb  STM32L4.o [1]
glcd_reset               0x800'5645   0x40  Code  Gb  STM32L4.o [1]
glcd_reset_bbox          0x800'5a1d   0x1c  Code  Gb  glcd.o [1]
glcd_select_screen       0x800'5aa1    0xa  Code  Gb  glcd.o [1]
glcd_set_column_lower    0x800'5b29    0xe  Code  Gb  ST7565R.o [1]
glcd_set_column_upper    0x800'5b13   0x16  Code  Gb  ST7565R.o [1]
glcd_set_font            0x800'5c79   0x1a  Code  Gb  text.o [1]
glcd_set_pixel           0x800'6009   0xcc  Code  Gb  graphics.o [1]
glcd_set_x_address       0x800'5afd   0x16  Code  Gb  ST7565R.o [1]
glcd_set_y_address       0x800'5ae9   0x14  Code  Gb  ST7565R.o [1]
glcd_spi_write           0x800'561b   0x2a  Code  Gb  STM32L4.o [1]
glcd_test_bitmap_128x64
                         0x800'5991    0xe  Code  Gb  unit_tests.o [1]
glcd_tiny_draw_char      0x800'56c7  0x21a  Code  Gb  text_tiny.o [1]
glcd_tiny_draw_string    0x800'58e1   0x54  Code  Gb  text_tiny.o [1]
glcd_tiny_set_font       0x800'56ad   0x1a  Code  Gb  text_tiny.o [1]
glcd_update_bbox         0x800'59a5   0x78  Code  Gb  glcd.o [1]
glcd_write               0x800'5b37   0x70  Code  Gb  ST7565R.o [1]
hdma_lpuart_rx          0x2000'2624   0x48  Data  Gb  usart.o [1]
hdma_usart1_rx          0x2000'266c   0x48  Data  Gb  usart.o [1]
hdma_usart3_rx          0x2000'26b4   0x48  Data  Gb  usart.o [1]
hlpuart1                0x2000'20cc   0x88  Data  Gb  usart.o [1]
hrtc                    0x2000'27a0   0x24  Data  Gb  rtc.o [1]
hspi2                   0x2000'255c   0x64  Data  Gb  spi.o [1]
huart1                  0x2000'2154   0x88  Data  Gb  usart.o [1]
huart3                  0x2000'21dc   0x88  Data  Gb  usart.o [1]
ldexp                    0x800'bcc1         Code  Gb  ldexp.o [3]
ldexpl                   0x800'bcc1         Code  Gb  ldexp.o [3]
lnbias                   0x800'e2f0  0x420  Data  Lc  pow64.o [3]
localeconv               0x800'be25    0x4  Code  Gb  xlocale_c.o [2]
lower_digits            0x2000'0bf4    0x4  Data  Lc  user_tiny_vsnprintf.o [1]
main                     0x800'9ce7   0x2c  Code  Gb  main.o [1]
memchr                   0x800'bc69         Code  Gb  memchr.o [4]
memset                   0x800'9da9   0x14  Code  Gb  memset.o [4]
pFlash                  0x2000'04ec   0x20  Data  Gb  stm32l4xx_hal_flash.o [1]
pFunc_UTIL_Debug_Send   0x2000'28ac    0x4  Data  Gb  user_util.o [1]
pFunc_UTIL_Log_To_Mem   0x2000'28a8    0x4  Data  Gb  user_util.o [1]
pModemProcessIRQTimer   0x2000'289c    0x4  Data  Gb  user_rtc.o [1]
pow                      0x800'8101  0x6ec  Code  Gb  pow64.o [3]
powl                     0x800'8101  0x6ec  Code  Gb  pow64.o [3]
quickSort_Sampling       0x800'358d   0x9a  Code  Gb  user_app_sensor.o [1]
quickSort_Sampling_Value
                         0x800'3629   0xdc  Code  Gb  user_app_sensor.o [1]
quickSort_Sampling_Value::Handle_Once
                        0x2000'28ce    0x1  Data  Lc  user_app_sensor.o [1]
sButton                 0x2000'27e0   0x18  Data  Gb  button.o [1]
sCheckList_Reg_Modbus_RTU
                        0x2000'0590  0x12c  Data  Gb  user_app_modbus_rtu.o [1]
sData_Calib             0x2000'07c0    0x8  Data  Gb  user_app_sensor.o [1]
sEventAppComm           0x2000'0510   0x70  Data  Gb  user_app_comm.o [1]
sEventAppRs485          0x2000'06f0   0x40  Data  Gb  user_app_rs485.o [1]
sEventAppSensor         0x2000'0730   0x90  Data  Gb  user_app_sensor.o [1]
sEventDisplay           0x2000'000c   0x70  Data  Gb  lcd_display.o [1]
sFirmVersion            0x2000'0580    0x8  Data  Gb  user_app_comm.o [1]
sHandleRs485            0x2000'2890    0x4  Data  Gb  user_app_sensor.o [1]
sKindMode485            0x2000'28c0    0x2  Data  Gb  user_app_sensor.o [1]
sLCD                    0x2000'2828   0x10  Data  Gb  lcd_display.o [1]
sLCDObject              0x2000'0128  0x3c0  Data  Gb  lcd_display.o [1]
sLogData_ModbusRTU      0x2000'06e8    0x8  Data  Gb  user_app_modbus_rtu.o [1]
sMeasureRange           0x2000'2838   0x10  Data  Gb  user_app_sensor.o [1]
sModelVersion           0x2000'00c4    0x8  Data  Gb  lcd_display.o [1]
sParaDisplay            0x2000'007c   0x48  Data  Gb  lcd_display.o [1]
sRTC                    0x2000'2860    0xc  Data  Gb  user_util.o [1]
sSensor_TURB            0x2000'2778   0x28  Data  Gb  user_app_sensor.o [1]
sSlave_ModbusRTU        0x2000'0c34    0x2  Data  Gb  user_app_modbus_rtu.o [1]
sTempAlarm              0x2000'2854    0xc  Data  Gb  user_app_sensor.o [1]
sUart485                0x2000'0bec    0x8  Data  Gb  user_rs485.o [1]
sUart485SS              0x2000'0be4    0x8  Data  Gb  user_connect_sensor.o [1]
sUartDebug              0x2000'0588    0x8  Data  Gb  user_app_comm.o [1]
scalbln                  0x800'bcc1         Code  Gb  ldexp.o [3]
scalblnl                 0x800'bcc1         Code  Gb  ldexp.o [3]
scalbn                   0x800'bcc1         Code  Gb  ldexp.o [3]
scalbnl                  0x800'bcc1         Code  Gb  ldexp.o [3]
scale                    0x800'96b7   0x46  Code  Lc  xprintffull_nomb.o [2]
sec_hand                0x2000'28b0    0x4  Data  Lc  xfail_s.o [2]
sprintf                  0x800'55b1   0x40  Code  Gb  sprintf.o [2]
strATcmd                0x2000'07cc    0x8  Data  Gb  user_at_serial.o [1]
strchr                   0x800'bc11         Code  Gb  strchr.o [4]
strlen                   0x800'51e9         Code  Gb  strlen.o [4]
sztmp                   0x2000'18ec  0x200  Data  Lc  user_adv_trace.o [1]
tiny_vsnprintf_like      0x800'daeb  0x1d6  Code  Gb  user_tiny_vsnprintf.o [1]
upper_digits            0x2000'0bf8    0x4  Data  Lc  user_tiny_vsnprintf.o [1]
uwTick                  0x2000'2880    0x4  Data  Gb  stm32l4xx_hal.o [1]
uwTickFreq              0x2000'0c37    0x1  Data  Gb  stm32l4xx_hal.o [1]
uwTickPrio              0x2000'04e8    0x4  Data  Gb  stm32l4xx_hal.o [1]
vcom_DeInit              0x800'c6bf   0x1e  Code  Gb  user_app_comm.o [1]
vcom_Init                0x800'c6b5    0xa  Code  Gb  user_app_comm.o [1]
vcom_Trace_DMA           0x800'c6dd   0x24  Code  Gb  user_app_comm.o [1]


[1] = D:\Saoviet_Git\Saoviet_EnviroTrack_M_And_S_RawW\Project_Slave_Chemins_1000NTU\Project_Slave_Sensor_EnviroTrack\EWARM\Project_Slave_Sensor_EnviroTrack\Obj
[2] = dl7M_tlf.a
[3] = m7M_tls.a
[4] = rt7M_tl.a
[5] = shb_l.a

  58'797 bytes of readonly  code memory
   6'561 bytes of readonly  data memory
  11'475 bytes of readwrite data memory

Errors: none
Warnings: none
