###############################################################################
#
# IAR ELF Linker V8.40.2.214/W32 for ARM                  05/Dec/2025  16:46:17
# Copyright 2007-2019 IAR Systems AB.
#
#    Output file  =
#        D:\Saoviet_Git\Saoviet_EnviroTrack_M_And_S_RawWater\Project_Slave_Chemins_Turb_1000NTU\Project_Slave_Sensor_EnviroTrack\EWARM\Project_Slave_Sensor_EnviroTrack\Exe\Project_Slave_Sensor_EnviroTrack.out
#    Map file     =
#        D:\Saoviet_Git\Saoviet_EnviroTrack_M_And_S_RawWater\Project_Slave_Chemins_Turb_1000NTU\Project_Slave_Sensor_EnviroTrack\EWARM\Project_Slave_Sensor_EnviroTrack\List\Project_Slave_Sensor_EnviroTrack.map
#    Command line =
#        -f C:\Users\PC\AppData\Local\Temp\EW8E40.tmp
#        (D:\Saoviet_Git\Saoviet_EnviroTrack_M_And_S_RawWater\Project_Slave_Chemins_Turb_1000NTU\Project_Slave_Sensor_EnviroTrack\EWARM\Project_Slave_Sensor_EnviroTrack\Obj\button.o
#        D:\Saoviet_Git\Saoviet_EnviroTrack_M_And_S_RawWater\Project_Slave_Chemins_Turb_1000NTU\Project_Slave_Sensor_EnviroTrack\EWARM\Project_Slave_Sensor_EnviroTrack\Obj\dma.o
#        D:\Saoviet_Git\Saoviet_EnviroTrack_M_And_S_RawWater\Project_Slave_Chemins_Turb_1000NTU\Project_Slave_Sensor_EnviroTrack\EWARM\Project_Slave_Sensor_EnviroTrack\Obj\event_driven.o
#        D:\Saoviet_Git\Saoviet_EnviroTrack_M_And_S_RawWater\Project_Slave_Chemins_Turb_1000NTU\Project_Slave_Sensor_EnviroTrack\EWARM\Project_Slave_Sensor_EnviroTrack\Obj\glcd.o
#        D:\Saoviet_Git\Saoviet_EnviroTrack_M_And_S_RawWater\Project_Slave_Chemins_Turb_1000NTU\Project_Slave_Sensor_EnviroTrack\EWARM\Project_Slave_Sensor_EnviroTrack\Obj\gpio.o
#        D:\Saoviet_Git\Saoviet_EnviroTrack_M_And_S_RawWater\Project_Slave_Chemins_Turb_1000NTU\Project_Slave_Sensor_EnviroTrack\EWARM\Project_Slave_Sensor_EnviroTrack\Obj\graphics.o
#        D:\Saoviet_Git\Saoviet_EnviroTrack_M_And_S_RawWater\Project_Slave_Chemins_Turb_1000NTU\Project_Slave_Sensor_EnviroTrack\EWARM\Project_Slave_Sensor_EnviroTrack\Obj\graphs.o
#        D:\Saoviet_Git\Saoviet_EnviroTrack_M_And_S_RawWater\Project_Slave_Chemins_Turb_1000NTU\Project_Slave_Sensor_EnviroTrack\EWARM\Project_Slave_Sensor_EnviroTrack\Obj\lcd_display.o
#        D:\Saoviet_Git\Saoviet_EnviroTrack_M_And_S_RawWater\Project_Slave_Chemins_Turb_1000NTU\Project_Slave_Sensor_EnviroTrack\EWARM\Project_Slave_Sensor_EnviroTrack\Obj\main.o
#        D:\Saoviet_Git\Saoviet_EnviroTrack_M_And_S_RawWater\Project_Slave_Chemins_Turb_1000NTU\Project_Slave_Sensor_EnviroTrack\EWARM\Project_Slave_Sensor_EnviroTrack\Obj\NT75451.o
#        D:\Saoviet_Git\Saoviet_EnviroTrack_M_And_S_RawWater\Project_Slave_Chemins_Turb_1000NTU\Project_Slave_Sensor_EnviroTrack\EWARM\Project_Slave_Sensor_EnviroTrack\Obj\onchipflash.o
#        D:\Saoviet_Git\Saoviet_EnviroTrack_M_And_S_RawWater\Project_Slave_Chemins_Turb_1000NTU\Project_Slave_Sensor_EnviroTrack\EWARM\Project_Slave_Sensor_EnviroTrack\Obj\PCD8544.o
#        D:\Saoviet_Git\Saoviet_EnviroTrack_M_And_S_RawWater\Project_Slave_Chemins_Turb_1000NTU\Project_Slave_Sensor_EnviroTrack\EWARM\Project_Slave_Sensor_EnviroTrack\Obj\queue_p.o
#        D:\Saoviet_Git\Saoviet_EnviroTrack_M_And_S_RawWater\Project_Slave_Chemins_Turb_1000NTU\Project_Slave_Sensor_EnviroTrack\EWARM\Project_Slave_Sensor_EnviroTrack\Obj\rtc.o
#        D:\Saoviet_Git\Saoviet_EnviroTrack_M_And_S_RawWater\Project_Slave_Chemins_Turb_1000NTU\Project_Slave_Sensor_EnviroTrack\EWARM\Project_Slave_Sensor_EnviroTrack\Obj\spi.o
#        D:\Saoviet_Git\Saoviet_EnviroTrack_M_And_S_RawWater\Project_Slave_Chemins_Turb_1000NTU\Project_Slave_Sensor_EnviroTrack\EWARM\Project_Slave_Sensor_EnviroTrack\Obj\ST7565R.o
#        D:\Saoviet_Git\Saoviet_EnviroTrack_M_And_S_RawWater\Project_Slave_Chemins_Turb_1000NTU\Project_Slave_Sensor_EnviroTrack\EWARM\Project_Slave_Sensor_EnviroTrack\Obj\startup_stm32l433xx.o
#        D:\Saoviet_Git\Saoviet_EnviroTrack_M_And_S_RawWater\Project_Slave_Chemins_Turb_1000NTU\Project_Slave_Sensor_EnviroTrack\EWARM\Project_Slave_Sensor_EnviroTrack\Obj\STM32F0xx.o
#        D:\Saoviet_Git\Saoviet_EnviroTrack_M_And_S_RawWater\Project_Slave_Chemins_Turb_1000NTU\Project_Slave_Sensor_EnviroTrack\EWARM\Project_Slave_Sensor_EnviroTrack\Obj\STM32F10x.o
#        D:\Saoviet_Git\Saoviet_EnviroTrack_M_And_S_RawWater\Project_Slave_Chemins_Turb_1000NTU\Project_Slave_Sensor_EnviroTrack\EWARM\Project_Slave_Sensor_EnviroTrack\Obj\STM32F4.o
#        D:\Saoviet_Git\Saoviet_EnviroTrack_M_And_S_RawWater\Project_Slave_Chemins_Turb_1000NTU\Project_Slave_Sensor_EnviroTrack\EWARM\Project_Slave_Sensor_EnviroTrack\Obj\STM32L4.o
#        D:\Saoviet_Git\Saoviet_EnviroTrack_M_And_S_RawWater\Project_Slave_Chemins_Turb_1000NTU\Project_Slave_Sensor_EnviroTrack\EWARM\Project_Slave_Sensor_EnviroTrack\Obj\stm32l4xx_hal.o
#        D:\Saoviet_Git\Saoviet_EnviroTrack_M_And_S_RawWater\Project_Slave_Chemins_Turb_1000NTU\Project_Slave_Sensor_EnviroTrack\EWARM\Project_Slave_Sensor_EnviroTrack\Obj\stm32l4xx_hal_cortex.o
#        D:\Saoviet_Git\Saoviet_EnviroTrack_M_And_S_RawWater\Project_Slave_Chemins_Turb_1000NTU\Project_Slave_Sensor_EnviroTrack\EWARM\Project_Slave_Sensor_EnviroTrack\Obj\stm32l4xx_hal_dma.o
#        D:\Saoviet_Git\Saoviet_EnviroTrack_M_And_S_RawWater\Project_Slave_Chemins_Turb_1000NTU\Project_Slave_Sensor_EnviroTrack\EWARM\Project_Slave_Sensor_EnviroTrack\Obj\stm32l4xx_hal_dma_ex.o
#        D:\Saoviet_Git\Saoviet_EnviroTrack_M_And_S_RawWater\Project_Slave_Chemins_Turb_1000NTU\Project_Slave_Sensor_EnviroTrack\EWARM\Project_Slave_Sensor_EnviroTrack\Obj\stm32l4xx_hal_exti.o
#        D:\Saoviet_Git\Saoviet_EnviroTrack_M_And_S_RawWater\Project_Slave_Chemins_Turb_1000NTU\Project_Slave_Sensor_EnviroTrack\EWARM\Project_Slave_Sensor_EnviroTrack\Obj\stm32l4xx_hal_flash.o
#        D:\Saoviet_Git\Saoviet_EnviroTrack_M_And_S_RawWater\Project_Slave_Chemins_Turb_1000NTU\Project_Slave_Sensor_EnviroTrack\EWARM\Project_Slave_Sensor_EnviroTrack\Obj\stm32l4xx_hal_flash_ex.o
#        D:\Saoviet_Git\Saoviet_EnviroTrack_M_And_S_RawWater\Project_Slave_Chemins_Turb_1000NTU\Project_Slave_Sensor_EnviroTrack\EWARM\Project_Slave_Sensor_EnviroTrack\Obj\stm32l4xx_hal_flash_ramfunc.o
#        D:\Saoviet_Git\Saoviet_EnviroTrack_M_And_S_RawWater\Project_Slave_Chemins_Turb_1000NTU\Project_Slave_Sensor_EnviroTrack\EWARM\Project_Slave_Sensor_EnviroTrack\Obj\stm32l4xx_hal_gpio.o
#        D:\Saoviet_Git\Saoviet_EnviroTrack_M_And_S_RawWater\Project_Slave_Chemins_Turb_1000NTU\Project_Slave_Sensor_EnviroTrack\EWARM\Project_Slave_Sensor_EnviroTrack\Obj\stm32l4xx_hal_i2c.o
#        D:\Saoviet_Git\Saoviet_EnviroTrack_M_And_S_RawWater\Project_Slave_Chemins_Turb_1000NTU\Project_Slave_Sensor_EnviroTrack\EWARM\Project_Slave_Sensor_EnviroTrack\Obj\stm32l4xx_hal_i2c_ex.o
#        D:\Saoviet_Git\Saoviet_EnviroTrack_M_And_S_RawWater\Project_Slave_Chemins_Turb_1000NTU\Project_Slave_Sensor_EnviroTrack\EWARM\Project_Slave_Sensor_EnviroTrack\Obj\stm32l4xx_hal_msp.o
#        D:\Saoviet_Git\Saoviet_EnviroTrack_M_And_S_RawWater\Project_Slave_Chemins_Turb_1000NTU\Project_Slave_Sensor_EnviroTrack\EWARM\Project_Slave_Sensor_EnviroTrack\Obj\stm32l4xx_hal_pwr.o
#        D:\Saoviet_Git\Saoviet_EnviroTrack_M_And_S_RawWater\Project_Slave_Chemins_Turb_1000NTU\Project_Slave_Sensor_EnviroTrack\EWARM\Project_Slave_Sensor_EnviroTrack\Obj\stm32l4xx_hal_pwr_ex.o
#        D:\Saoviet_Git\Saoviet_EnviroTrack_M_And_S_RawWater\Project_Slave_Chemins_Turb_1000NTU\Project_Slave_Sensor_EnviroTrack\EWARM\Project_Slave_Sensor_EnviroTrack\Obj\stm32l4xx_hal_rcc.o
#        D:\Saoviet_Git\Saoviet_EnviroTrack_M_And_S_RawWater\Project_Slave_Chemins_Turb_1000NTU\Project_Slave_Sensor_EnviroTrack\EWARM\Project_Slave_Sensor_EnviroTrack\Obj\stm32l4xx_hal_rcc_ex.o
#        D:\Saoviet_Git\Saoviet_EnviroTrack_M_And_S_RawWater\Project_Slave_Chemins_Turb_1000NTU\Project_Slave_Sensor_EnviroTrack\EWARM\Project_Slave_Sensor_EnviroTrack\Obj\stm32l4xx_hal_rtc.o
#        D:\Saoviet_Git\Saoviet_EnviroTrack_M_And_S_RawWater\Project_Slave_Chemins_Turb_1000NTU\Project_Slave_Sensor_EnviroTrack\EWARM\Project_Slave_Sensor_EnviroTrack\Obj\stm32l4xx_hal_rtc_ex.o
#        D:\Saoviet_Git\Saoviet_EnviroTrack_M_And_S_RawWater\Project_Slave_Chemins_Turb_1000NTU\Project_Slave_Sensor_EnviroTrack\EWARM\Project_Slave_Sensor_EnviroTrack\Obj\stm32l4xx_hal_spi.o
#        D:\Saoviet_Git\Saoviet_EnviroTrack_M_And_S_RawWater\Project_Slave_Chemins_Turb_1000NTU\Project_Slave_Sensor_EnviroTrack\EWARM\Project_Slave_Sensor_EnviroTrack\Obj\stm32l4xx_hal_spi_ex.o
#        D:\Saoviet_Git\Saoviet_EnviroTrack_M_And_S_RawWater\Project_Slave_Chemins_Turb_1000NTU\Project_Slave_Sensor_EnviroTrack\EWARM\Project_Slave_Sensor_EnviroTrack\Obj\stm32l4xx_hal_uart.o
#        D:\Saoviet_Git\Saoviet_EnviroTrack_M_And_S_RawWater\Project_Slave_Chemins_Turb_1000NTU\Project_Slave_Sensor_EnviroTrack\EWARM\Project_Slave_Sensor_EnviroTrack\Obj\stm32l4xx_hal_uart_ex.o
#        D:\Saoviet_Git\Saoviet_EnviroTrack_M_And_S_RawWater\Project_Slave_Chemins_Turb_1000NTU\Project_Slave_Sensor_EnviroTrack\EWARM\Project_Slave_Sensor_EnviroTrack\Obj\stm32l4xx_it.o
#        D:\Saoviet_Git\Saoviet_EnviroTrack_M_And_S_RawWater\Project_Slave_Chemins_Turb_1000NTU\Project_Slave_Sensor_EnviroTrack\EWARM\Project_Slave_Sensor_EnviroTrack\Obj\system_stm32l4xx.o
#        D:\Saoviet_Git\Saoviet_EnviroTrack_M_And_S_RawWater\Project_Slave_Chemins_Turb_1000NTU\Project_Slave_Sensor_EnviroTrack\EWARM\Project_Slave_Sensor_EnviroTrack\Obj\text.o
#        D:\Saoviet_Git\Saoviet_EnviroTrack_M_And_S_RawWater\Project_Slave_Chemins_Turb_1000NTU\Project_Slave_Sensor_EnviroTrack\EWARM\Project_Slave_Sensor_EnviroTrack\Obj\text_tiny.o
#        D:\Saoviet_Git\Saoviet_EnviroTrack_M_And_S_RawWater\Project_Slave_Chemins_Turb_1000NTU\Project_Slave_Sensor_EnviroTrack\EWARM\Project_Slave_Sensor_EnviroTrack\Obj\unit_tests.o
#        D:\Saoviet_Git\Saoviet_EnviroTrack_M_And_S_RawWater\Project_Slave_Chemins_Turb_1000NTU\Project_Slave_Sensor_EnviroTrack\EWARM\Project_Slave_Sensor_EnviroTrack\Obj\usart.o
#        D:\Saoviet_Git\Saoviet_EnviroTrack_M_And_S_RawWater\Project_Slave_Chemins_Turb_1000NTU\Project_Slave_Sensor_EnviroTrack\EWARM\Project_Slave_Sensor_EnviroTrack\Obj\user_adv_trace.o
#        D:\Saoviet_Git\Saoviet_EnviroTrack_M_And_S_RawWater\Project_Slave_Chemins_Turb_1000NTU\Project_Slave_Sensor_EnviroTrack\EWARM\Project_Slave_Sensor_EnviroTrack\Obj\user_app_comm.o
#        D:\Saoviet_Git\Saoviet_EnviroTrack_M_And_S_RawWater\Project_Slave_Chemins_Turb_1000NTU\Project_Slave_Sensor_EnviroTrack\EWARM\Project_Slave_Sensor_EnviroTrack\Obj\user_app_modbus_rtu.o
#        D:\Saoviet_Git\Saoviet_EnviroTrack_M_And_S_RawWater\Project_Slave_Chemins_Turb_1000NTU\Project_Slave_Sensor_EnviroTrack\EWARM\Project_Slave_Sensor_EnviroTrack\Obj\user_app_rs485.o
#        D:\Saoviet_Git\Saoviet_EnviroTrack_M_And_S_RawWater\Project_Slave_Chemins_Turb_1000NTU\Project_Slave_Sensor_EnviroTrack\EWARM\Project_Slave_Sensor_EnviroTrack\Obj\user_app_sensor.o
#        D:\Saoviet_Git\Saoviet_EnviroTrack_M_And_S_RawWater\Project_Slave_Chemins_Turb_1000NTU\Project_Slave_Sensor_EnviroTrack\EWARM\Project_Slave_Sensor_EnviroTrack\Obj\user_at_serial.o
#        D:\Saoviet_Git\Saoviet_EnviroTrack_M_And_S_RawWater\Project_Slave_Chemins_Turb_1000NTU\Project_Slave_Sensor_EnviroTrack\EWARM\Project_Slave_Sensor_EnviroTrack\Obj\user_connect_sensor.o
#        D:\Saoviet_Git\Saoviet_EnviroTrack_M_And_S_RawWater\Project_Slave_Chemins_Turb_1000NTU\Project_Slave_Sensor_EnviroTrack\EWARM\Project_Slave_Sensor_EnviroTrack\Obj\user_convert_variable.o
#        D:\Saoviet_Git\Saoviet_EnviroTrack_M_And_S_RawWater\Project_Slave_Chemins_Turb_1000NTU\Project_Slave_Sensor_EnviroTrack\EWARM\Project_Slave_Sensor_EnviroTrack\Obj\user_internal_mem.o
#        D:\Saoviet_Git\Saoviet_EnviroTrack_M_And_S_RawWater\Project_Slave_Chemins_Turb_1000NTU\Project_Slave_Sensor_EnviroTrack\EWARM\Project_Slave_Sensor_EnviroTrack\Obj\user_mem_comm.o
#        D:\Saoviet_Git\Saoviet_EnviroTrack_M_And_S_RawWater\Project_Slave_Chemins_Turb_1000NTU\Project_Slave_Sensor_EnviroTrack\EWARM\Project_Slave_Sensor_EnviroTrack\Obj\user_modbus_rtu.o
#        D:\Saoviet_Git\Saoviet_EnviroTrack_M_And_S_RawWater\Project_Slave_Chemins_Turb_1000NTU\Project_Slave_Sensor_EnviroTrack\EWARM\Project_Slave_Sensor_EnviroTrack\Obj\user_obis_sv.o
#        D:\Saoviet_Git\Saoviet_EnviroTrack_M_And_S_RawWater\Project_Slave_Chemins_Turb_1000NTU\Project_Slave_Sensor_EnviroTrack\EWARM\Project_Slave_Sensor_EnviroTrack\Obj\user_rs485.o
#        D:\Saoviet_Git\Saoviet_EnviroTrack_M_And_S_RawWater\Project_Slave_Chemins_Turb_1000NTU\Project_Slave_Sensor_EnviroTrack\EWARM\Project_Slave_Sensor_EnviroTrack\Obj\user_rtc.o
#        D:\Saoviet_Git\Saoviet_EnviroTrack_M_And_S_RawWater\Project_Slave_Chemins_Turb_1000NTU\Project_Slave_Sensor_EnviroTrack\EWARM\Project_Slave_Sensor_EnviroTrack\Obj\user_string.o
#        D:\Saoviet_Git\Saoviet_EnviroTrack_M_And_S_RawWater\Project_Slave_Chemins_Turb_1000NTU\Project_Slave_Sensor_EnviroTrack\EWARM\Project_Slave_Sensor_EnviroTrack\Obj\user_time.o
#        D:\Saoviet_Git\Saoviet_EnviroTrack_M_And_S_RawWater\Project_Slave_Chemins_Turb_1000NTU\Project_Slave_Sensor_EnviroTrack\EWARM\Project_Slave_Sensor_EnviroTrack\Obj\user_timer.o
#        D:\Saoviet_Git\Saoviet_EnviroTrack_M_And_S_RawWater\Project_Slave_Chemins_Turb_1000NTU\Project_Slave_Sensor_EnviroTrack\EWARM\Project_Slave_Sensor_EnviroTrack\Obj\user_tiny_vsnprintf.o
#        D:\Saoviet_Git\Saoviet_EnviroTrack_M_And_S_RawWater\Project_Slave_Chemins_Turb_1000NTU\Project_Slave_Sensor_EnviroTrack\EWARM\Project_Slave_Sensor_EnviroTrack\Obj\user_uart.o
#        D:\Saoviet_Git\Saoviet_EnviroTrack_M_And_S_RawWater\Project_Slave_Chemins_Turb_1000NTU\Project_Slave_Sensor_EnviroTrack\EWARM\Project_Slave_Sensor_EnviroTrack\Obj\user_util.o
#        --no_out_extension -o
#        D:\Saoviet_Git\Saoviet_EnviroTrack_M_And_S_RawWater\Project_Slave_Chemins_Turb_1000NTU\Project_Slave_Sensor_EnviroTrack\EWARM\Project_Slave_Sensor_EnviroTrack\Exe\Project_Slave_Sensor_EnviroTrack.out
#        --redirect _Printf=_PrintfFullNoMb --redirect _Scanf=_ScanfFullNoMb
#        --map
#        D:\Saoviet_Git\Saoviet_EnviroTrack_M_And_S_RawWater\Project_Slave_Chemins_Turb_1000NTU\Project_Slave_Sensor_EnviroTrack\EWARM\Project_Slave_Sensor_EnviroTrack\List\Project_Slave_Sensor_EnviroTrack.map
#        --config
#        D:\Saoviet_Git\Saoviet_EnviroTrack_M_And_S_RawWater\Project_Slave_Chemins_Turb_1000NTU\Project_Slave_Sensor_EnviroTrack\EWARM/stm32l433xx_flash.icf
#        --semihosting --entry __iar_program_start --vfe --text_out locale)
#
###############################################################################

*******************************************************************************
*** RUNTIME MODEL ATTRIBUTES
***

CppFlavor       = *
__Heap_Handler  = DLMalloc
__SystemLibrary = DLib
__dlib_version  = 6


*******************************************************************************
*** HEAP SELECTION
***

The advanced heap was selected because the application calls memory
allocation functions outside of system library functions, and there
are calls to deallocation functions in the application.


*******************************************************************************
*** PLACEMENT SUMMARY
***

"A0":  place at address 0x800'0000 { ro section .intvec };
"P1":  place in [from 0x800'0000 to 0x803'ffff] { ro };
define block CSTACK with size = 1K, alignment = 8 { };
define block HEAP with size = 512, alignment = 8 { };
"P2":  place in [from 0x2000'0000 to 0x2000'ffff] {
          rw, block CSTACK, block HEAP };
initialize by copy { rw };

  Section            Kind         Address    Size  Object
  -------            ----         -------    ----  ------
"A0":                                       0x18c
  .intvec            ro code   0x800'0000   0x18c  startup_stm32l433xx.o [1]
                             - 0x800'018c   0x18c

"P1":                                      0xf000
  .text              ro code   0x800'018c  0x140c  button.o [1]
  .text              ro code   0x800'1598   0x380  stm32l4xx_hal_gpio.o [1]
  .text              ro code   0x800'1918   0x21c  user_util.o [1]
  .text              ro code   0x800'1b34   0xb54  lcd_display.o [1]
  .text              ro code   0x800'2688  0x1130  user_app_sensor.o [1]
  .text              ro code   0x800'37b8   0x934  user_app_modbus_rtu.o [1]
  .text              ro code   0x800'40ec   0x40c  user_convert_variable.o [1]
  .text              ro code   0x800'44f8    0x36  strlen.o [4]
  .text              ro code   0x800'452e    0x3a  zero_init3.o [4]
  .text              ro code   0x800'4568    0x22  S32ToDbl.o [3]
  .text              ro code   0x800'458a     0xa  xsprout.o [2]
  .text              ro code   0x800'4594    0x16  math_wrappers64.o [3]
  .rodata            const     0x800'45aa     0x2  xlocale_c.o [2]
  .text              ro code   0x800'45ac   0x246  DblDiv.o [3]
  .rodata            const     0x800'47f2     0x1  xlocale_c.o [2]
  .text              ro code   0x800'47f4    0x68  DblToFlt.o [3]
  .text              ro code   0x800'485c    0x1a  U32ToDbl.o [3]
  .text              ro code   0x800'4878    0x48  FltToDbl.o [3]
  .text              ro code   0x800'48c0    0x40  sprintf.o [2]
  .text              ro code   0x800'4900    0xb0  STM32L4.o [1]
  .text              ro code   0x800'49b0     0xc  stm32l4xx_hal.o [1]
  .text              ro code   0x800'49bc   0x290  text_tiny.o [1]
  .text              ro code   0x800'4c4c    0x54  event_driven.o [1]
  .text              ro code   0x800'4ca0    0x14  unit_tests.o [1]
  .text              ro code   0x800'4cb4   0x110  glcd.o [1]
  .text              ro code   0x800'4dc4   0x15c  ST7565R.o [1]
  .text              ro code   0x800'4f20    0x66  ABImemset.o [4]
  .text              ro code   0x800'4f88   0x390  text.o [1]
  .text              ro code   0x800'5318   0x200  graphics.o [1]
  .text              ro code   0x800'5518   0x350  user_modbus_rtu.o [1]
  .text              ro code   0x800'5868   0x39c  usart.o [1]
  .text              ro code   0x800'5c04    0x74  user_connect_sensor.o [1]
  .text              ro code   0x800'5c78    0x28  stm32l4xx_hal.o [1]
  .text              ro code   0x800'5ca0   0xfc8  stm32l4xx_hal_uart.o [1]
  .text              ro code   0x800'6c68   0x172  onchipflash.o [1]
  .text              ro code   0x800'6ddc    0xa6  ABImemcpy.o [4]
  .text              ro code   0x800'6e84   0x230  I64DivMod.o [4]
  .text              ro code   0x800'70b4   0x1a2  DblMul.o [3]
  .text              ro code   0x800'7258   0x17a  DblAdd.o [3]
  .text              ro code   0x800'73d4    0x3a  DblToS32.o [3]
  .text              ro code   0x800'7410   0x6ec  pow64.o [3]
  .text              ro code   0x800'7afc   0xfc6  xprintffull_nomb.o [2]
  .text              ro code   0x800'8ac4   0x52a  stm32l4xx_hal_spi.o [1]
  .text              ro code   0x800'8fee     0x8  abs.o [2]
  .text              ro code   0x800'8ff6    0xc2  main.o [1]
  .text              ro code   0x800'90b8    0x14  memset.o [4]
  .text              ro code   0x800'90cc   0x4e8  stm32l4xx_hal_rcc_ex.o [1]
  .text              ro code   0x800'95b4   0x422  stm32l4xx_hal_dma.o [1]
  .text              ro code   0x800'99d8   0x194  stm32l4xx_hal_cortex.o [1]
  .text              ro code   0x800'9b6c   0x128  user_uart.o [1]
  .text              ro code   0x800'9c94    0x72  stm32l4xx_hal_uart_ex.o [1]
  .text              ro code   0x800'9d08   0x9fc  stm32l4xx_hal_rcc.o [1]
  .text              ro code   0x800'a704     0x2  stm32l4xx_hal_uart.o [1]
  .text              ro code   0x800'a706     0x2  stm32l4xx_hal_uart.o [1]
  .text              ro code   0x800'a708   0x1b8  stm32l4xx_hal_flash.o [1]
  .text              ro code   0x800'a8c0    0xa0  stm32l4xx_hal_flash_ex.o [1]
  .text              ro code   0x800'a960     0x2  I64DivZer.o [4]
  .text              ro code   0x800'a964    0xe2  DblSub.o [3]
  .text              ro code   0x800'aa48    0x20  DblCmpEq.o [3]
  .text              ro code   0x800'aa68    0x70  frexp.o [3]
  .text              ro code   0x800'aad8    0x2e  DblCmpLe.o [3]
  .text              ro code   0x800'ab08    0x2e  DblCmpGe.o [3]
  .text              ro code   0x800'ab38   0x3e8  iar_Exp64.o [3]
  .text              ro code   0x800'af20    0x16  strchr.o [4]
  .text              ro code   0x800'af38    0x40  xfail_s.o [2]
  .text              ro code   0x800'af78    0x58  memchr.o [4]
  .text              ro code   0x800'afd0   0x13a  ldexp.o [3]
  .text              ro code   0x800'b10c    0x28  DblToU32.o [3]
  .text              ro code   0x800'b134     0x8  xlocale_c.o [2]
  .text              ro code   0x800'b13c    0xc8  spi.o [1]
  .text              ro code   0x800'b204    0x24  stm32l4xx_hal.o [1]
  .text              ro code   0x800'b228   0x1d0  gpio.o [1]
  .text              ro code   0x800'b3f8    0x60  dma.o [1]
  .text              ro code   0x800'b458   0x150  rtc.o [1]
  .text              ro code   0x800'b5a8   0x4b0  user_app_comm.o [1]
  .text              ro code   0x800'ba58    0x94  stm32l4xx_hal_pwr_ex.o [1]
  .text              ro code   0x800'baec    0x70  user_rs485.o [1]
  .text              ro code   0x800'bb5c   0x23a  user_adv_trace.o [1]
  .text              ro code   0x800'bd98    0x60  stm32l4xx_hal.o [1]
  .text              ro code   0x800'bdf8     0x6  abort.o [2]
  .text              ro code   0x800'be00    0x38  stm32l4xx_hal_msp.o [1]
  .text              ro code   0x800'be38   0x78e  stm32l4xx_hal_rtc.o [1]
  .text              ro code   0x800'c5c8   0x310  user_timer.o [1]
  .text              ro code   0x800'c8d8   0x1dc  user_at_serial.o [1]
  .text              ro code   0x800'cab4    0x58  user_time.o [1]
  .text              ro code   0x800'cb0c   0x180  user_app_rs485.o [1]
  .text              ro code   0x800'cc8c   0x350  user_tiny_vsnprintf.o [1]
  .text              ro code   0x800'cfdc    0x14  exit.o [5]
  .text              ro code   0x800'cff0   0x3a8  user_rtc.o [1]
  .text              ro code   0x800'd398     0x2  stm32l4xx_hal_rtc_ex.o [1]
  .text              ro code   0x800'd39a   0x1e6  user_string.o [1]
  .text              ro code   0x800'd580    0x48  stm32l4xx_hal_rtc_ex.o [1]
  .rodata            const     0x800'd5c8    0x34  user_app_sensor.o [1]
  .rodata            const     0x800'd600   0x420  pow64.o [3]
  .rodata            const     0x800'da20   0x400  unit_tests.o [1]
  .rodata            const     0x800'de20   0x228  lcd_display.o [1]
  .rodata            const     0x800'e048   0x214  lcd_display.o [1]
  .text              ro code   0x800'e25c    0xd4  stm32l4xx_it.o [1]
  .text              ro code   0x800'e330    0x18  stm32l4xx_hal.o [1]
  .text              ro code   0x800'e348    0x78  lz77_init_single.o [4]
  .rodata            const     0x800'e3c0    0x34  user_app_sensor.o [1]
  .rodata            const     0x800'e3f4    0x30  system_stm32l4xx.o [1]
  .rodata            const     0x800'e424    0x2c  user_rtc.o [1]
  .rodata            const     0x800'e450    0x28  user_tiny_vsnprintf.o [1]
  .rodata            const     0x800'e478    0x28  user_tiny_vsnprintf.o [1]
  .text              ro code   0x800'e4a0    0x28  data_init.o [4]
  .text              ro code   0x800'e4c8    0x22  fpinit_M.o [3]
  .iar.init_table    const     0x800'e4ec    0x20  - Linker created -
  .rodata            const     0x800'e50c    0x20  user_rtc.o [1]
  .text              ro code   0x800'e52c    0x1e  cmain.o [4]
  .text              ro code   0x800'e54a     0x4  low_level_init.o [2]
  .text              ro code   0x800'e54e     0x4  exit.o [2]
  .text              ro code   0x800'e554     0xa  cexit.o [4]
  .rodata            const     0x800'e560    0x1c  user_app_comm.o [1]
  .rodata            const     0x800'e57c    0x1c  user_uart.o [1]
  .rodata            const     0x800'e598    0x18  user_app_comm.o [1]
  .rodata            const     0x800'e5b0    0x14  lcd_display.o [1]
  .rodata            const     0x800'e5c4    0x14  lcd_display.o [1]
  .rodata            const     0x800'e5d8    0x14  user_app_comm.o [1]
  .rodata            const     0x800'e5ec    0x14  user_at_serial.o [1]
  .rodata            const     0x800'e600    0x14  user_at_serial.o [1]
  .rodata            const     0x800'e614    0x14  user_at_serial.o [1]
  .rodata            const     0x800'e628    0x14  user_at_serial.o [1]
  .rodata            const     0x800'e63c    0x14  user_at_serial.o [1]
  .rodata            const     0x800'e650    0x10  lcd_display.o [1]
  .rodata            const     0x800'e660    0x10  lcd_display.o [1]
  .rodata            const     0x800'e670    0x10  lcd_display.o [1]
  .rodata            const     0x800'e680    0x10  lcd_display.o [1]
  .rodata            const     0x800'e690    0x10  lcd_display.o [1]
  .rodata            const     0x800'e6a0    0x10  lcd_display.o [1]
  .rodata            const     0x800'e6b0    0x10  lcd_display.o [1]
  .rodata            const     0x800'e6c0    0x10  lcd_display.o [1]
  .rodata            const     0x800'e6d0    0x10  lcd_display.o [1]
  .rodata            const     0x800'e6e0    0x10  lcd_display.o [1]
  .rodata            const     0x800'e6f0    0x10  system_stm32l4xx.o [1]
  .rodata            const     0x800'e700    0x10  user_app_sensor.o [1]
  .rodata            const     0x800'e710    0x10  user_at_serial.o [1]
  .rodata            const     0x800'e720    0x10  user_at_serial.o [1]
  .rodata            const     0x800'e730    0x10  user_at_serial.o [1]
  .rodata            const     0x800'e740    0x10  user_at_serial.o [1]
  .rodata            const     0x800'e750    0x10  user_at_serial.o [1]
  .rodata            const     0x800'e760    0x10  user_at_serial.o [1]
  .rodata            const     0x800'e770    0x10  user_at_serial.o [1]
  .rodata            const     0x800'e780    0x10  user_at_serial.o [1]
  .rodata            const     0x800'e790    0x10  user_at_serial.o [1]
  .rodata            const     0x800'e7a0    0x10  user_at_serial.o [1]
  .rodata            const     0x800'e7b0    0x10  user_at_serial.o [1]
  .rodata            const     0x800'e7c0    0x10  user_at_serial.o [1]
  .rodata            const     0x800'e7d0    0x10  user_at_serial.o [1]
  .rodata            const     0x800'e7e0    0x10  user_at_serial.o [1]
  .rodata            const     0x800'e7f0    0x10  user_at_serial.o [1]
  .rodata            const     0x800'e800    0x10  user_at_serial.o [1]
  .rodata            const     0x800'e810    0x10  user_at_serial.o [1]
  .rodata            const     0x800'e820    0x10  user_at_serial.o [1]
  .rodata            const     0x800'e830    0x10  user_at_serial.o [1]
  .rodata            const     0x800'e840    0x10  user_at_serial.o [1]
  .rodata            const     0x800'e850    0x10  user_at_serial.o [1]
  .rodata            const     0x800'e860    0x10  user_at_serial.o [1]
  .rodata            const     0x800'e870    0x10  user_at_serial.o [1]
  .rodata            const     0x800'e880    0x10  user_at_serial.o [1]
  .rodata            const     0x800'e890    0x10  user_at_serial.o [1]
  .rodata            const     0x800'e8a0    0x10  user_at_serial.o [1]
  .rodata            const     0x800'e8b0    0x10  user_at_serial.o [1]
  .rodata            const     0x800'e8c0    0x10  user_at_serial.o [1]
  .text              ro code   0x800'e8d0    0x10  startup_stm32l433xx.o [1]
  .text              ro code   0x800'e8e0    0x10  system_stm32l4xx.o [1]
  .rodata            const     0x800'e8f0     0xc  lcd_display.o [1]
  .rodata            const     0x800'e8fc     0xc  lcd_display.o [1]
  .rodata            const     0x800'e908     0xc  lcd_display.o [1]
  .rodata            const     0x800'e914     0xc  lcd_display.o [1]
  .rodata            const     0x800'e920     0xc  lcd_display.o [1]
  .rodata            const     0x800'e92c     0xc  lcd_display.o [1]
  .rodata            const     0x800'e938     0xc  lcd_display.o [1]
  .rodata            const     0x800'e944     0xc  lcd_display.o [1]
  .rodata            const     0x800'e950     0xc  lcd_display.o [1]
  .rodata            const     0x800'e95c     0xc  lcd_display.o [1]
  .rodata            const     0x800'e968     0xc  lcd_display.o [1]
  .rodata            const     0x800'e974     0xc  lcd_display.o [1]
  .rodata            const     0x800'e980     0xc  user_app_comm.o [1]
  .rodata            const     0x800'e98c     0xc  user_app_sensor.o [1]
  .rodata            const     0x800'e998     0xc  user_at_serial.o [1]
  .rodata            const     0x800'e9a4     0xc  user_at_serial.o [1]
  .rodata            const     0x800'e9b0     0xc  user_at_serial.o [1]
  .rodata            const     0x800'e9bc     0xc  user_at_serial.o [1]
  .rodata            const     0x800'e9c8     0xc  user_at_serial.o [1]
  .rodata            const     0x800'e9d4     0xc  user_at_serial.o [1]
  .rodata            const     0x800'e9e0     0xc  user_at_serial.o [1]
  .rodata            const     0x800'e9ec     0xc  user_at_serial.o [1]
  .rodata            const     0x800'e9f8     0xc  user_at_serial.o [1]
  .rodata            const     0x800'ea04     0xc  user_at_serial.o [1]
  .rodata            const     0x800'ea10     0xc  user_at_serial.o [1]
  .rodata            const     0x800'ea1c     0xc  user_at_serial.o [1]
  .rodata            const     0x800'ea28     0xc  user_at_serial.o [1]
  .rodata            const     0x800'ea34     0xc  user_at_serial.o [1]
  .rodata            const     0x800'ea40     0xc  user_at_serial.o [1]
  .rodata            const     0x800'ea4c     0xc  user_at_serial.o [1]
  .rodata            const     0x800'ea58     0xc  user_at_serial.o [1]
  .rodata            const     0x800'ea64     0xc  user_at_serial.o [1]
  .rodata            const     0x800'ea70     0xc  user_at_serial.o [1]
  .rodata            const     0x800'ea7c     0xc  user_at_serial.o [1]
  .rodata            const     0x800'ea88     0xc  user_at_serial.o [1]
  .rodata            const     0x800'ea94     0xc  user_at_serial.o [1]
  .rodata            const     0x800'eaa0     0xc  user_at_serial.o [1]
  .rodata            const     0x800'eaac     0xc  user_at_serial.o [1]
  .rodata            const     0x800'eab8     0xc  user_at_serial.o [1]
  .rodata            const     0x800'eac4     0xc  user_at_serial.o [1]
  .rodata            const     0x800'ead0     0xc  user_at_serial.o [1]
  .rodata            const     0x800'eadc     0xc  user_at_serial.o [1]
  .rodata            const     0x800'eae8     0xc  user_rtc.o [1]
  .rodata            const     0x800'eaf4     0xc  user_rtc.o [1]
  .text              ro code   0x800'eb00     0xc  cstartup_M.o [4]
  .rodata            const     0x800'eb0c     0x8  lcd_display.o [1]
  .rodata            const     0x800'eb14     0x8  lcd_display.o [1]
  .rodata            const     0x800'eb1c     0x8  lcd_display.o [1]
  .rodata            const     0x800'eb24     0x8  lcd_display.o [1]
  .rodata            const     0x800'eb2c     0x8  lcd_display.o [1]
  .rodata            const     0x800'eb34     0x8  lcd_display.o [1]
  .rodata            const     0x800'eb3c     0x8  lcd_display.o [1]
  .rodata            const     0x800'eb44     0x8  lcd_display.o [1]
  .rodata            const     0x800'eb4c     0x8  lcd_display.o [1]
  .rodata            const     0x800'eb54     0x8  system_stm32l4xx.o [1]
  .rodata            const     0x800'eb5c     0x8  user_app_modbus_rtu.o [1]
  .rodata            const     0x800'eb64     0x8  user_app_modbus_rtu.o [1]
  .rodata            const     0x800'eb6c     0x8  user_app_sensor.o [1]
  .rodata            const     0x800'eb74     0x8  user_app_sensor.o [1]
  .rodata            const     0x800'eb7c     0x8  user_app_sensor.o [1]
  .rodata            const     0x800'eb84     0x8  user_app_sensor.o [1]
  .rodata            const     0x800'eb8c     0x8  user_at_serial.o [1]
  .rodata            const     0x800'eb94     0x8  user_at_serial.o [1]
  .rodata            const     0x800'eb9c     0x8  user_at_serial.o [1]
  .rodata            const     0x800'eba4     0x8  user_at_serial.o [1]
  .rodata            const     0x800'ebac     0x8  user_at_serial.o [1]
  .rodata            const     0x800'ebb4     0x8  user_tiny_vsnprintf.o [1]
  .rodata            const     0x800'ebbc     0x8  user_util.o [1]
  .rodata            const     0x800'ebc4     0x8  xprintffull_nomb.o [2]
  .rodata            const     0x800'ebcc     0x4  lcd_display.o [1]
  .rodata            const     0x800'ebd0     0x4  lcd_display.o [1]
  .text              ro code   0x800'ebd4     0x4  startup_stm32l433xx.o [1]
  .text              ro code   0x800'ebd8     0x4  startup_stm32l433xx.o [1]
  .text              ro code   0x800'ebdc     0x4  startup_stm32l433xx.o [1]
  .text              ro code   0x800'ebe0     0x4  startup_stm32l433xx.o [1]
  .text              ro code   0x800'ebe4     0x4  startup_stm32l433xx.o [1]
  .text              ro code   0x800'ebe8     0x4  startup_stm32l433xx.o [1]
  .text              ro code   0x800'ebec     0x4  startup_stm32l433xx.o [1]
  .text              ro code   0x800'ebf0     0x4  startup_stm32l433xx.o [1]
  .text              ro code   0x800'ebf4     0x4  startup_stm32l433xx.o [1]
  .text              ro code   0x800'ebf8     0x4  startup_stm32l433xx.o [1]
  .text              ro code   0x800'ebfc     0x4  startup_stm32l433xx.o [1]
  .text              ro code   0x800'ec00     0x4  startup_stm32l433xx.o [1]
  .text              ro code   0x800'ec04     0x4  startup_stm32l433xx.o [1]
  .text              ro code   0x800'ec08     0x4  startup_stm32l433xx.o [1]
  .text              ro code   0x800'ec0c     0x4  startup_stm32l433xx.o [1]
  .text              ro code   0x800'ec10     0x4  startup_stm32l433xx.o [1]
  .text              ro code   0x800'ec14     0x4  startup_stm32l433xx.o [1]
  .text              ro code   0x800'ec18     0x4  startup_stm32l433xx.o [1]
  .text              ro code   0x800'ec1c     0x4  startup_stm32l433xx.o [1]
  .text              ro code   0x800'ec20     0x4  startup_stm32l433xx.o [1]
  .text              ro code   0x800'ec24     0x4  startup_stm32l433xx.o [1]
  .text              ro code   0x800'ec28     0x4  startup_stm32l433xx.o [1]
  .text              ro code   0x800'ec2c     0x4  startup_stm32l433xx.o [1]
  .text              ro code   0x800'ec30     0x4  startup_stm32l433xx.o [1]
  .text              ro code   0x800'ec34     0x4  startup_stm32l433xx.o [1]
  .text              ro code   0x800'ec38     0x4  startup_stm32l433xx.o [1]
  .text              ro code   0x800'ec3c     0x4  startup_stm32l433xx.o [1]
  .text              ro code   0x800'ec40     0x4  startup_stm32l433xx.o [1]
  .text              ro code   0x800'ec44     0x4  startup_stm32l433xx.o [1]
  .text              ro code   0x800'ec48     0x4  startup_stm32l433xx.o [1]
  .text              ro code   0x800'ec4c     0x4  startup_stm32l433xx.o [1]
  .text              ro code   0x800'ec50     0x4  startup_stm32l433xx.o [1]
  .text              ro code   0x800'ec54     0x4  startup_stm32l433xx.o [1]
  .text              ro code   0x800'ec58     0x4  startup_stm32l433xx.o [1]
  .text              ro code   0x800'ec5c     0x4  startup_stm32l433xx.o [1]
  .text              ro code   0x800'ec60     0x4  startup_stm32l433xx.o [1]
  .text              ro code   0x800'ec64     0x4  startup_stm32l433xx.o [1]
  .text              ro code   0x800'ec68     0x4  startup_stm32l433xx.o [1]
  .text              ro code   0x800'ec6c     0x4  startup_stm32l433xx.o [1]
  .text              ro code   0x800'ec70     0x4  startup_stm32l433xx.o [1]
  .text              ro code   0x800'ec74     0x4  startup_stm32l433xx.o [1]
  .text              ro code   0x800'ec78     0x4  startup_stm32l433xx.o [1]
  .text              ro code   0x800'ec7c     0x4  startup_stm32l433xx.o [1]
  .text              ro code   0x800'ec80     0x4  startup_stm32l433xx.o [1]
  .text              ro code   0x800'ec84     0x4  startup_stm32l433xx.o [1]
  .text              ro code   0x800'ec88     0x4  startup_stm32l433xx.o [1]
  .text              ro code   0x800'ec8c     0x4  startup_stm32l433xx.o [1]
  .text              ro code   0x800'ec90     0x4  startup_stm32l433xx.o [1]
  .text              ro code   0x800'ec94     0x4  startup_stm32l433xx.o [1]
  .text              ro code   0x800'ec98     0x4  startup_stm32l433xx.o [1]
  .text              ro code   0x800'ec9c     0x4  startup_stm32l433xx.o [1]
  .text              ro code   0x800'eca0     0x4  startup_stm32l433xx.o [1]
  .text              ro code   0x800'eca4     0x4  startup_stm32l433xx.o [1]
  .text              ro code   0x800'eca8     0x4  startup_stm32l433xx.o [1]
  .text              ro code   0x800'ecac     0x4  startup_stm32l433xx.o [1]
  .text              ro code   0x800'ecb0     0x4  startup_stm32l433xx.o [1]
  .text              ro code   0x800'ecb4     0x4  startup_stm32l433xx.o [1]
  .text              ro code   0x800'ecb8     0x4  startup_stm32l433xx.o [1]
  .text              ro code   0x800'ecbc     0x4  startup_stm32l433xx.o [1]
  .rodata            const     0x800'ecc0     0x0  zero_init3.o [4]
  .rodata            const     0x800'ecc0     0x0  lz77_init_single.o [4]
  Initializer bytes  const     0x800'ecc0   0x4cc  <for P2-1>
                             - 0x800'f18c  0xf000

"P2", part 1 of 3:                          0xaf1
  P2-1                        0x2000'0000   0xaf1  <Init block>
    .data            inited   0x2000'0000     0xc  button.o [1]
    .data            inited   0x2000'000c    0x70  lcd_display.o [1]
    .data            inited   0x2000'007c    0x34  lcd_display.o [1]
    .data            inited   0x2000'00b0     0x8  lcd_display.o [1]
    .data            inited   0x2000'00b8     0x4  lcd_display.o [1]
    .data            inited   0x2000'00bc    0x10  lcd_display.o [1]
    .data            inited   0x2000'00cc    0x10  lcd_display.o [1]
    .data            inited   0x2000'00dc    0x10  lcd_display.o [1]
    .data            inited   0x2000'00ec    0x10  lcd_display.o [1]
    .data            inited   0x2000'00fc    0x10  lcd_display.o [1]
    .data            inited   0x2000'010c   0x330  lcd_display.o [1]
    .data            inited   0x2000'043c     0x4  stm32l4xx_hal.o [1]
    .data            inited   0x2000'0440    0x20  stm32l4xx_hal_flash.o [1]
    .data            inited   0x2000'0460     0x4  system_stm32l4xx.o [1]
    .data            inited   0x2000'0464    0x70  user_app_comm.o [1]
    .data            inited   0x2000'04d4     0x8  user_app_comm.o [1]
    .data            inited   0x2000'04dc     0x8  user_app_comm.o [1]
    .data            inited   0x2000'04e4    0xa0  user_app_modbus_rtu.o [1]
    .data            inited   0x2000'0584    0x2c  user_app_modbus_rtu.o [1]
    .data            inited   0x2000'05b0     0x8  user_app_modbus_rtu.o [1]
    .data            inited   0x2000'05b8    0x40  user_app_rs485.o [1]
    .data            inited   0x2000'05f8    0x80  user_app_sensor.o [1]
    .data            inited   0x2000'0678     0x8  user_app_sensor.o [1]
    .data            inited   0x2000'0680     0x4  user_app_sensor.o [1]
    .data            inited   0x2000'0684     0x8  user_at_serial.o [1]
    .data            inited   0x2000'068c   0x410  user_at_serial.o [1]
    .data            inited   0x2000'0a9c     0x8  user_connect_sensor.o [1]
    .data            inited   0x2000'0aa4     0x8  user_rs485.o [1]
    .data            inited   0x2000'0aac     0x4  user_tiny_vsnprintf.o [1]
    .data            inited   0x2000'0ab0     0x4  user_tiny_vsnprintf.o [1]
    .data            inited   0x2000'0ab4    0x38  xlocale_c.o [2]
    .data            inited   0x2000'0aec     0x2  user_app_modbus_rtu.o [1]
    .data            inited   0x2000'0aee     0x1  lcd_display.o [1]
    .data            inited   0x2000'0aef     0x1  stm32l4xx_hal.o [1]
    .data            inited   0x2000'0af0     0x1  user_util.o [1]
                            - 0x2000'0af1   0xaf1

"P2", part 2 of 3:                         0x1c30
  .bss               zero     0x2000'0af4   0x4b0  user_app_comm.o [1]
  .bss               zero     0x2000'0fa4   0x400  glcd.o [1]
  .bss               zero     0x2000'13a4   0x400  user_adv_trace.o [1]
  .bss               zero     0x2000'17a4   0x200  user_adv_trace.o [1]
  .bss               zero     0x2000'19a4   0x200  user_connect_sensor.o [1]
  .bss               zero     0x2000'1ba4   0x200  user_rs485.o [1]
  .bss               zero     0x2000'1da4   0x198  lcd_display.o [1]
  .bss               zero     0x2000'1f3c    0x88  usart.o [1]
  .bss               zero     0x2000'1fc4    0x88  usart.o [1]
  .bss               zero     0x2000'204c    0x88  usart.o [1]
  .bss               zero     0x2000'20d4    0x80  user_app_modbus_rtu.o [1]
  .bss               zero     0x2000'2154    0x80  user_app_modbus_rtu.o [1]
  .bss               zero     0x2000'21d4    0x80  user_app_modbus_rtu.o [1]
  .bss               zero     0x2000'2254    0x80  user_at_serial.o [1]
  .bss               zero     0x2000'22d4    0x80  user_at_serial.o [1]
  .bss               zero     0x2000'2354    0x68  lcd_display.o [1]
  .bss               zero     0x2000'23bc    0x64  spi.o [1]
  .bss               zero     0x2000'2420    0x64  user_app_comm.o [1]
  .bss               zero     0x2000'2484    0x48  usart.o [1]
  .bss               zero     0x2000'24cc    0x48  usart.o [1]
  .bss               zero     0x2000'2514    0x48  usart.o [1]
  .bss               zero     0x2000'255c    0x2c  user_rtc.o [1]
  .bss               zero     0x2000'2588    0x28  user_app_sensor.o [1]
  .bss               zero     0x2000'25b0    0x28  user_app_sensor.o [1]
  .bss               zero     0x2000'25d8    0x24  rtc.o [1]
  .bss               zero     0x2000'25fc    0x24  user_app_sensor.o [1]
  .bss               zero     0x2000'2620    0x1c  user_rtc.o [1]
  .bss               zero     0x2000'263c    0x18  button.o [1]
  .bss               zero     0x2000'2654    0x18  user_adv_trace.o [1]
  .bss               zero     0x2000'266c    0x18  user_app_comm.o [1]
  .bss               zero     0x2000'2684    0x10  lcd_display.o [1]
  .bss               zero     0x2000'2694     0xc  text.o [1]
  .bss               zero     0x2000'26a0     0xc  user_app_sensor.o [1]
  .bss               zero     0x2000'26ac     0xc  user_util.o [1]
  .bss               zero     0x2000'26b8     0x4  button.o [1]
  .bss               zero     0x2000'26bc     0x4  glcd.o [1]
  .bss               zero     0x2000'26c0     0x4  glcd.o [1]
  .bss               zero     0x2000'26c4     0x4  glcd.o [1]
  .bss               zero     0x2000'26c8     0x4  lcd_display.o [1]
  .bss               zero     0x2000'26cc     0x4  stm32l4xx_hal.o [1]
  .bss               zero     0x2000'26d0     0x4  stm32l4xx_it.o [1]
  .bss               zero     0x2000'26d4     0x4  user_app_comm.o [1]
  .bss               zero     0x2000'26d8     0x4  user_app_sensor.o [1]
  .bss               zero     0x2000'26dc     0x4  user_app_sensor.o [1]
  .bss               zero     0x2000'26e0     0x4  user_app_sensor.o [1]
  .bss               zero     0x2000'26e4     0x4  user_app_sensor.o [1]
  .bss               zero     0x2000'26e8     0x4  user_rtc.o [1]
  .bss               zero     0x2000'26ec     0x4  user_timer.o [1]
  .bss               zero     0x2000'26f0     0x4  user_util.o [1]
  .bss               zero     0x2000'26f4     0x4  user_util.o [1]
  .bss               zero     0x2000'26f8     0x4  user_util.o [1]
  .bss               zero     0x2000'26fc     0x4  xfail_s.o [2]
  .bss               zero     0x2000'2700     0x2  button.o [1]
  .bss               zero     0x2000'2702     0x2  button.o [1]
  .bss               zero     0x2000'2704     0x2  lcd_display.o [1]
  .bss               zero     0x2000'2706     0x2  user_app_comm.o [1]
  .bss               zero     0x2000'2708     0x2  user_app_comm.o [1]
  .bss               zero     0x2000'270a     0x2  user_app_sensor.o [1]
  .bss               zero     0x2000'270c     0x2  user_app_sensor.o [1]
  .bss               zero     0x2000'270e     0x2  user_uart.o [1]
  .bss               zero     0x2000'2710     0x1  button.o [1]
  .bss               zero     0x2000'2711     0x1  lcd_display.o [1]
  .bss               zero     0x2000'2712     0x1  lcd_display.o [1]
  .bss               zero     0x2000'2713     0x1  lcd_display.o [1]
  .bss               zero     0x2000'2714     0x1  stm32l4xx_it.o [1]
  .bss               zero     0x2000'2715     0x1  user_app_comm.o [1]
  .bss               zero     0x2000'2716     0x1  user_app_comm.o [1]
  .bss               zero     0x2000'2717     0x1  user_app_rs485.o [1]
  .bss               zero     0x2000'2718     0x1  user_app_sensor.o [1]
  .bss               zero     0x2000'2719     0x1  user_app_sensor.o [1]
  .bss               zero     0x2000'271a     0x1  user_app_sensor.o [1]
  .bss               zero     0x2000'271b     0x1  user_at_serial.o [1]
  .bss               zero     0x2000'271c     0x1  user_connect_sensor.o [1]
  .bss               zero     0x2000'271d     0x1  user_connect_sensor.o [1]
  .bss               zero     0x2000'271e     0x1  user_rs485.o [1]
  .bss               zero     0x2000'271f     0x1  user_rs485.o [1]
  .bss               zero     0x2000'2720     0x1  user_rtc.o [1]
  .bss               zero     0x2000'2721     0x1  user_uart.o [1]
                            - 0x2000'2722  0x1c2e

"P2", part 3 of 3:                          0x400
  CSTACK                      0x2000'2728   0x400  <Block>
    CSTACK           uninit   0x2000'2728   0x400  <Block tail>
                            - 0x2000'2b28   0x400

Unused ranges:

         From           To      Size
         ----           --      ----
   0x800'f18c   0x803'ffff  0x3'0e74
  0x2000'0af1  0x2000'0af3       0x3
  0x2000'2724  0x2000'2727       0x4
  0x2000'2b28  0x2000'ffff    0xd4d8


*******************************************************************************
*** INIT TABLE
***

          Address      Size
          -------      ----
Zero (__iar_zero_init3)
    1 destination range, total size 0x1c2e:
          0x2000'0af4  0x1c2e

Copy/lz77 (__iar_lz77_init_single3)
    1 source range, total size 0x4cc (43% of destination):
           0x800'ecc0   0x4cc
    1 destination range, total size 0xaf1:
          0x2000'0000   0xaf1



*******************************************************************************
*** MODULE SUMMARY
***

    Module                    ro code  ro data  rw data
    ------                    -------  -------  -------
command line/config:
    ---------------------------------------------------
    Total:

D:\Saoviet_Git\Saoviet_EnviroTrack_M_And_S_RawWater\Project_Slave_Chemins_Turb_1000NTU\Project_Slave_Sensor_EnviroTrack\EWARM\Project_Slave_Sensor_EnviroTrack\Obj: [1]
    ST7565R.o                     348
    STM32L4.o                     176
    button.o                    5'132        5       45
    dma.o                          96
    event_driven.o                 84
    glcd.o                        272             1'036
    gpio.o                        464
    graphics.o                    512
    lcd_display.o               2'900    1'979    1'610
    main.o                        194
    onchipflash.o                 370
    rtc.o                         336                36
    spi.o                         200               100
    startup_stm32l433xx.o         648
    stm32l4xx_hal.o               208        1        9
    stm32l4xx_hal_cortex.o        404
    stm32l4xx_hal_dma.o         1'058
    stm32l4xx_hal_flash.o         440       15       32
    stm32l4xx_hal_flash_ex.o      160
    stm32l4xx_hal_gpio.o          896
    stm32l4xx_hal_msp.o            56
    stm32l4xx_hal_pwr_ex.o        148
    stm32l4xx_hal_rcc.o         2'556
    stm32l4xx_hal_rcc_ex.o      1'256
    stm32l4xx_hal_rtc.o         1'934
    stm32l4xx_hal_rtc_ex.o         74
    stm32l4xx_hal_spi.o         1'322
    stm32l4xx_hal_uart.o        4'044
    stm32l4xx_hal_uart_ex.o       114
    stm32l4xx_it.o                212                 5
    system_stm32l4xx.o             16       73        4
    text.o                        912                12
    text_tiny.o                   656
    unit_tests.o                   20    1'024
    usart.o                       924               624
    user_adv_trace.o              570             1'560
    user_app_comm.o             1'200      140    1'462
    user_app_modbus_rtu.o       2'356      110      598
    user_app_rs485.o              384       28       65
    user_app_sensor.o           4'400      226      291
    user_at_serial.o              476    1'383    1'305
    user_connect_sensor.o         116        4      522
    user_convert_variable.o     1'036
    user_modbus_rtu.o             848
    user_rs485.o                  112        3      522
    user_rtc.o                    936      100       77
    user_string.o                 486
    user_time.o                    88
    user_timer.o                  784                 4
    user_tiny_vsnprintf.o         848       92        8
    user_uart.o                   296       28        3
    user_util.o                   540        9       25
    ---------------------------------------------------
    Total:                     44'618    5'220    9'955

dl7M_tlf.a: [2]
    abort.o                         6
    abs.o                           8
    exit.o                          4
    low_level_init.o                4
    sprintf.o                      64
    xfail_s.o                      64                 4
    xlocale_c.o                     8       27       56
    xprintffull_nomb.o          4'038        8
    xsprout.o                      10
    ---------------------------------------------------
    Total:                      4'206       35       60

m7M_tls.a: [3]
    DblAdd.o                      378
    DblCmpEq.o                     32
    DblCmpGe.o                     46
    DblCmpLe.o                     46
    DblDiv.o                      582
    DblMul.o                      418
    DblSub.o                      226
    DblToFlt.o                    104
    DblToS32.o                     58
    DblToU32.o                     40
    FltToDbl.o                     72
    S32ToDbl.o                     34
    U32ToDbl.o                     26
    fpinit_M.o                     34
    frexp.o                       112
    iar_Exp64.o                 1'000
    ldexp.o                       314
    math_wrappers64.o              22
    pow64.o                     1'772    1'056
    ---------------------------------------------------
    Total:                      5'316    1'056

rt7M_tl.a: [4]
    ABImemcpy.o                   166
    ABImemset.o                   102
    I64DivMod.o                   560
    I64DivZer.o                     2
    cexit.o                        10
    cmain.o                        30
    cstartup_M.o                   12
    data_init.o                    40
    lz77_init_single.o            120
    memchr.o                       88
    memset.o                       20
    strchr.o                       22
    strlen.o                       54
    zero_init3.o                   58
    ---------------------------------------------------
    Total:                      1'284

shb_l.a: [5]
    exit.o                         20
    ---------------------------------------------------
    Total:                         20

    Gaps                           41        8
    Linker created                          32    1'024
-------------------------------------------------------
    Grand Total:               55'485    6'351   11'039


*******************************************************************************
*** ENTRY LIST
***

Entry                       Address   Size  Type      Object
-----                       -------   ----  ----      ------
.iar.init_table$$Base    0x800'e4ec          --   Gb  - Linker created -
.iar.init_table$$Limit   0x800'e50c          --   Gb  - Linker created -
?main                    0x800'e52d         Code  Gb  cmain.o [4]
ADV_TRACE_Buffer        0x2000'13a4  0x400  Data  Lc  user_adv_trace.o [1]
ADV_TRACE_Ctx           0x2000'2654   0x18  Data  Lc  user_adv_trace.o [1]
AHBPrescTable            0x800'e6f0   0x10  Data  Gb  system_stm32l4xx.o [1]
APBPrescTable            0x800'eb54    0x8  Data  Gb  system_stm32l4xx.o [1]
AT_CMD_Get_BR_Slave      0x800'3549   0x52  Code  Gb  user_app_sensor.o [1]
AT_CMD_Get_ID_Slave      0x800'344f   0x52  Code  Gb  user_app_sensor.o [1]
AT_CMD_Reset_Slave       0x800'339b   0x4a  Code  Gb  user_app_sensor.o [1]
AT_CMD_Restore_Slave     0x800'33f5   0x5a  Code  Gb  user_app_sensor.o [1]
AT_CMD_Set_BR_Slave      0x800'359b   0x94  Code  Gb  user_app_sensor.o [1]
AT_CMD_Set_ID_Slave      0x800'34ad   0x96  Code  Gb  user_app_sensor.o [1]
AppComm_DBG_Init_RX_Mode
                         0x800'b829   0x1e  Code  Gb  user_app_comm.o [1]
AppComm_DBG_Init_Uart    0x800'b821    0x8  Code  Gb  user_app_comm.o [1]
AppComm_DBG_Rx_Callback
                         0x800'b84f  0x176  Code  Gb  user_app_comm.o [1]
AppComm_DBG_Stop_RX_Mode
                         0x800'b84d    0x2  Code  Gb  user_app_comm.o [1]
AppComm_Get_Reset_Source
                         0x800'b7e9   0x38  Code  Gb  user_app_comm.o [1]
AppComm_IRQ_Timer_CallBack
                         0x800'b7a9    0xc  Code  Gb  user_app_comm.o [1]
AppComm_Init             0x800'b6e9   0x20  Code  Gb  user_app_comm.o [1]
AppComm_Set_Next_TxTimer
                         0x800'b7cf    0x2  Code  Gb  user_app_comm.o [1]
AppComm_Task             0x800'b709   0x9e  Code  Gb  user_app_comm.o [1]
AppComm_Uart_Debug_Send
                         0x800'b7d1   0x18  Code  Lc  user_app_comm.o [1]
AppRs485_Task            0x800'cbe5   0x84  Code  Gb  user_app_rs485.o [1]
AppSensor_Task           0x800'366d   0x84  Code  Gb  user_app_sensor.o [1]
BUTTON_Down_Process      0x800'0e21  0x28a  Code  Gb  button.o [1]
BUTTON_ESC_Process       0x800'10bd  0x4aa  Code  Gb  button.o [1]
BUTTON_Enter_Process     0x800'02e5  0x86c  Code  Gb  button.o [1]
BUTTON_Process           0x800'018d   0x34  Code  Gb  button.o [1]
BUTTON_Up_Process        0x800'0b61  0x2ac  Code  Gb  button.o [1]
BUTTON_scan              0x800'01c1  0x124  Code  Gb  button.o [1]
BUTTON_scan::block_time
                        0x2000'2700    0x2  Data  Lc  button.o [1]
BUTTON_scan::hold       0x2000'26b8    0x4  Data  Lc  button.o [1]
BUTTON_scan::last_value
                        0x2000'2710    0x1  Data  Lc  button.o [1]
BusFault_Handler         0x800'e263    0x2  Code  Gb  stm32l4xx_it.o [1]
CSTACK$$Base            0x2000'2728          --   Gb  - Linker created -
CSTACK$$Limit           0x2000'2b28          --   Gb  - Linker created -
Cal_Time                 0x800'1937   0x12  Code  Gb  user_util.o [1]
Calculator_Scale         0x800'40ed   0x54  Code  Gb  user_convert_variable.o [1]
CheckList_AT_CONFIG     0x2000'068c  0x410  Data  Gb  user_at_serial.o [1]
Check_Time_Out           0x800'1919   0x1e  Code  Gb  user_util.o [1]
Convert_Point_Int_To_String
                         0x800'4141   0xce  Code  Gb  user_convert_variable.o [1]
Convert_Point_Int_To_String_Scale
                         0x800'420f   0xea  Code  Gb  user_convert_variable.o [1]
Convert_Scale            0x800'1a89   0x5c  Code  Gb  user_util.o [1]
Convert_String_To_Dec    0x800'4469   0x5c  Code  Gb  user_convert_variable.o [1]
Convert_uint32Hex_To_Float
                         0x800'4325  0x144  Code  Gb  user_convert_variable.o [1]
CountBufferHandleRecvSS
                        0x2000'270a    0x2  Data  Gb  user_app_sensor.o [1]
DMA1_Channel3_IRQHandler
                         0x800'e2bd    0xa  Code  Gb  stm32l4xx_it.o [1]
DMA1_Channel5_IRQHandler
                         0x800'e2c7    0xa  Code  Gb  stm32l4xx_it.o [1]
DMA2_Channel7_IRQHandler
                         0x800'e2ef    0xa  Code  Gb  stm32l4xx_it.o [1]
DMA_SetConfig            0x800'99a5   0x32  Code  Lc  stm32l4xx_hal_dma.o [1]
DaysInMonth              0x800'eae8    0xc  Data  Lc  user_rtc.o [1]
DaysInMonthLeapYear      0x800'eaf4    0xc  Data  Lc  user_rtc.o [1]
DebugMon_Handler         0x800'e269    0x2  Code  Gb  stm32l4xx_it.o [1]
Display_Check_Password   0x800'2529   0x2e  Code  Gb  lcd_display.o [1]
Display_Check_Toggle     0x800'23af   0xac  Code  Gb  lcd_display.o [1]
Display_Check_Toggle::Hide
                        0x2000'2354   0x68  Data  Lc  lcd_display.o [1]
Display_Check_Toggle::LandMarkToggle_u32
                        0x2000'1da4  0x198  Data  Lc  lcd_display.o [1]
Display_Init             0x800'1b35   0xce  Code  Gb  lcd_display.o [1]
Display_Set_Screen       0x800'24f3   0x36  Code  Gb  lcd_display.o [1]
Display_Set_Screen_Flag
                         0x800'24ad   0x46  Code  Gb  lcd_display.o [1]
Display_Show_Oject       0x800'200f  0x3a0  Code  Gb  lcd_display.o [1]
Display_Show_Screen      0x800'245b   0x52  Code  Gb  lcd_display.o [1]
Display_Show_State_Sensor_Network
                         0x800'256b   0x34  Code  Gb  lcd_display.o [1]
Display_Show_State_Setting
                         0x800'259f   0x5c  Code  Gb  lcd_display.o [1]
Display_Show_Static_Param
                         0x800'2557   0x14  Code  Gb  lcd_display.o [1]
Display_Task             0x800'1c03   0x7e  Code  Gb  lcd_display.o [1]
Error_Handler            0x800'90b5    0x4  Code  Gb  main.o [1]
FLASH_FlushCaches        0x800'a8eb   0x6a  Code  Gb  stm32l4xx_hal_flash_ex.o [1]
FLASH_PageErase          0x800'a8c1   0x2a  Code  Gb  stm32l4xx_hal_flash_ex.o [1]
FLASH_Program_DoubleWord
                         0x800'a84f   0x1a  Code  Lc  stm32l4xx_hal_flash.o [1]
FLASH_Program_Fast       0x800'a869   0x32  Code  Lc  stm32l4xx_hal_flash.o [1]
FLASH_WaitForLastOperation
                         0x800'a7e9   0x66  Code  Gb  stm32l4xx_hal_flash.o [1]
Filter_Temp              0x800'2f59    0x2  Code  Gb  user_app_sensor.o [1]
Filter_pH                0x800'2e99   0xc0  Code  Gb  user_app_sensor.o [1]
Filter_pH::P            0x2000'0680    0x4  Data  Lc  user_app_sensor.o [1]
Filter_pH::x_est        0x2000'26e0    0x4  Data  Lc  user_app_sensor.o [1]
Filter_pH::x_est_last   0x2000'26e4    0x4  Data  Lc  user_app_sensor.o [1]
Find_String_V2           0x800'd39b  0x130  Code  Gb  user_string.o [1]
Find_str_fix             0x800'd4ed   0x94  Code  Gb  user_string.o [1]
Flag_gettick            0x2000'2714    0x1  Data  Gb  stm32l4xx_it.o [1]
Font5x7                  0x800'e048  0x214  Data  Lc  lcd_display.o [1]
Get_RTC                  0x800'cab5   0x4e  Code  Gb  user_time.o [1]
HAL_DMA_Abort            0x800'9801   0x54  Code  Gb  stm32l4xx_hal_dma.o [1]
HAL_DMA_Abort_IT         0x800'9855   0x5e  Code  Gb  stm32l4xx_hal_dma.o [1]
HAL_DMA_DeInit           0x800'9695   0xb8  Code  Gb  stm32l4xx_hal_dma.o [1]
HAL_DMA_IRQHandler       0x800'98b3   0xf2  Code  Gb  stm32l4xx_hal_dma.o [1]
HAL_DMA_Init             0x800'95b5   0xe0  Code  Gb  stm32l4xx_hal_dma.o [1]
HAL_DMA_Start_IT         0x800'9769   0x98  Code  Gb  stm32l4xx_hal_dma.o [1]
HAL_Delay                0x800'5c79   0x28  Code  Wk  stm32l4xx_hal.o [1]
HAL_FLASH_Lock           0x800'a7db    0xe  Code  Gb  stm32l4xx_hal_flash.o [1]
HAL_FLASH_Program        0x800'a709   0xb0  Code  Gb  stm32l4xx_hal_flash.o [1]
HAL_FLASH_Unlock         0x800'a7b9   0x22  Code  Gb  stm32l4xx_hal_flash.o [1]
HAL_GPIO_DeInit          0x800'175b  0x166  Code  Gb  stm32l4xx_hal_gpio.o [1]
HAL_GPIO_Init            0x800'1599  0x1c2  Code  Gb  stm32l4xx_hal_gpio.o [1]
HAL_GPIO_ReadPin         0x800'18c1   0x16  Code  Gb  stm32l4xx_hal_gpio.o [1]
HAL_GPIO_WritePin        0x800'18d7   0x18  Code  Gb  stm32l4xx_hal_gpio.o [1]
HAL_GetTick              0x800'49b1    0xc  Code  Wk  stm32l4xx_hal.o [1]
HAL_IncTick              0x800'e331   0x18  Code  Wk  stm32l4xx_hal.o [1]
HAL_Init                 0x800'b205   0x24  Code  Gb  stm32l4xx_hal.o [1]
HAL_InitTick             0x800'bd99   0x60  Code  Wk  stm32l4xx_hal.o [1]
HAL_MspInit              0x800'be01   0x38  Code  Gb  stm32l4xx_hal_msp.o [1]
HAL_NVIC_DisableIRQ      0x800'9b2f    0xe  Code  Gb  stm32l4xx_hal_cortex.o [1]
HAL_NVIC_EnableIRQ       0x800'9b21    0xe  Code  Gb  stm32l4xx_hal_cortex.o [1]
HAL_NVIC_SetPriority     0x800'9af7   0x2a  Code  Gb  stm32l4xx_hal_cortex.o [1]
HAL_NVIC_SetPriorityGrouping
                         0x800'9aeb    0xc  Code  Gb  stm32l4xx_hal_cortex.o [1]
HAL_PWREx_ControlVoltageScaling
                         0x800'ba65   0x76  Code  Gb  stm32l4xx_hal_pwr_ex.o [1]
HAL_PWREx_GetVoltageRange
                         0x800'ba59    0xc  Code  Gb  stm32l4xx_hal_pwr_ex.o [1]
HAL_RCCEx_PeriphCLKConfig
                         0x800'90cd  0x34c  Code  Gb  stm32l4xx_hal_rcc_ex.o [1]
HAL_RCC_ClockConfig      0x800'a391  0x17a  Code  Gb  stm32l4xx_hal_rcc.o [1]
HAL_RCC_GetHCLKFreq      0x800'a5df    0x6  Code  Gb  stm32l4xx_hal_rcc.o [1]
HAL_RCC_GetPCLK1Freq     0x800'a5e5   0x1a  Code  Gb  stm32l4xx_hal_rcc.o [1]
HAL_RCC_GetPCLK2Freq     0x800'a5ff   0x1a  Code  Gb  stm32l4xx_hal_rcc.o [1]
HAL_RCC_GetResetSource   0x800'a629   0x12  Code  Gb  stm32l4xx_hal_rcc.o [1]
HAL_RCC_GetSysClockFreq
                         0x800'a50b   0xd4  Code  Gb  stm32l4xx_hal_rcc.o [1]
HAL_RCC_OscConfig        0x800'9d09  0x688  Code  Gb  stm32l4xx_hal_rcc.o [1]
HAL_RTCEx_AlarmBEventCallback
                         0x800'd399    0x2  Code  Wk  stm32l4xx_hal_rtc_ex.o [1]
HAL_RTCEx_EnableBypassShadow
                         0x800'd581   0x48  Code  Gb  stm32l4xx_hal_rtc_ex.o [1]
HAL_RTC_AlarmAEventCallback
                         0x800'd101    0xc  Code  Gb  user_rtc.o [1]
HAL_RTC_AlarmIRQHandler
                         0x800'c43d   0x60  Code  Gb  stm32l4xx_hal_rtc.o [1]
HAL_RTC_DeactivateAlarm
                         0x800'c363   0xda  Code  Gb  stm32l4xx_hal_rtc.o [1]
HAL_RTC_GetDate          0x800'c12b   0x52  Code  Gb  stm32l4xx_hal_rtc.o [1]
HAL_RTC_GetTime          0x800'bff9   0x66  Code  Gb  stm32l4xx_hal_rtc.o [1]
HAL_RTC_Init             0x800'be39   0xca  Code  Gb  stm32l4xx_hal_rtc.o [1]
HAL_RTC_MspInit          0x800'b54d   0x50  Code  Gb  rtc.o [1]
HAL_RTC_SetAlarm_IT      0x800'c17d  0x1e6  Code  Gb  stm32l4xx_hal_rtc.o [1]
HAL_RTC_SetDate          0x800'c05f   0xcc  Code  Gb  stm32l4xx_hal_rtc.o [1]
HAL_RTC_SetTime          0x800'bf03   0xf6  Code  Gb  stm32l4xx_hal_rtc.o [1]
HAL_RTC_WaitForSynchro   0x800'c49d   0x2e  Code  Gb  stm32l4xx_hal_rtc.o [1]
HAL_SPI_Init             0x800'8ac5   0xf8  Code  Gb  stm32l4xx_hal_spi.o [1]
HAL_SPI_MspInit          0x800'b18d   0x62  Code  Gb  spi.o [1]
HAL_SPI_Transmit         0x800'8bbd  0x1fe  Code  Gb  stm32l4xx_hal_spi.o [1]
HAL_SYSTICK_Config       0x800'9b3d    0xc  Code  Gb  stm32l4xx_hal_cortex.o [1]
HAL_UARTEx_ReceiveToIdle_DMA
                         0x800'9c95   0x70  Code  Gb  stm32l4xx_hal_uart_ex.o [1]
HAL_UARTEx_RxEventCallback
                         0x800'9ba3   0x3e  Code  Gb  user_uart.o [1]
HAL_UARTEx_WakeupCallback
                         0x800'9d05    0x2  Code  Wk  stm32l4xx_hal_uart_ex.o [1]
HAL_UART_ErrorCallback   0x800'9be1   0x3e  Code  Gb  user_uart.o [1]
HAL_UART_IRQHandler      0x800'5e45  0x35c  Code  Gb  stm32l4xx_hal_uart.o [1]
HAL_UART_Init            0x800'5ca1   0x7a  Code  Gb  stm32l4xx_hal_uart.o [1]
HAL_UART_MspDeInit       0x800'5b3d   0x80  Code  Gb  usart.o [1]
HAL_UART_MspInit         0x800'5919  0x224  Code  Gb  usart.o [1]
HAL_UART_Receive_IT      0x800'5de7   0x5e  Code  Gb  stm32l4xx_hal_uart.o [1]
HAL_UART_RxCpltCallback
                         0x800'9b6d   0x36  Code  Gb  user_uart.o [1]
HAL_UART_Transmit        0x800'5d1b   0xcc  Code  Gb  stm32l4xx_hal_uart.o [1]
Handle_Data_Measure      0x800'2951   0xd0  Code  Gb  user_app_sensor.o [1]
Handle_Data_Recv_SS_TURB
                         0x800'2b45  0x154  Code  Gb  user_app_sensor.o [1]
Handle_Data_Recv_Sensor
                         0x800'2a33   0x20  Code  Gb  user_app_sensor.o [1]
Handle_Data_Trans_SS_TURB
                         0x800'2a67   0xda  Code  Gb  user_app_sensor.o [1]
Handle_Data_Trans_Sensor
                         0x800'2a21   0x12  Code  Gb  user_app_sensor.o [1]
Handle_Float_To_hexUint32
                         0x800'44d5   0x24  Code  Gb  user_convert_variable.o [1]
Handle_State_SS_TURB     0x800'2ca5   0x70  Code  Gb  user_app_sensor.o [1]
Handle_State_Sensor      0x800'2a53   0x14  Code  Gb  user_app_sensor.o [1]
HardFault_Handler        0x800'e25f    0x2  Code  Gb  stm32l4xx_it.o [1]
IndexUartError          0x2000'2721    0x1  Data  Lc  user_uart.o [1]
Init_AppRs485            0x800'cbcf   0x16  Code  Gb  user_app_rs485.o [1]
Init_AppSensor           0x800'362f   0x3a  Code  Gb  user_app_sensor.o [1]
Init_InforSlaveModbusRTU
                         0x800'3d0f   0x30  Code  Gb  user_app_modbus_rtu.o [1]
Init_ParamCalib          0x800'3189   0x92  Code  Gb  user_app_sensor.o [1]
Init_TempAlarm           0x800'32fd   0x9e  Code  Gb  user_app_sensor.o [1]
Init_UartRs485           0x800'cb91   0x3e  Code  Gb  user_app_rs485.o [1]
Insert_String_To_String
                         0x800'42f9   0x2a  Code  Gb  user_convert_variable.o [1]
Kind_Trans_Calib        0x2000'2718    0x1  Data  Gb  user_app_sensor.o [1]
LPUART1_IRQHandler       0x800'e2f9    0xa  Code  Gb  stm32l4xx_it.o [1]
Liberation_Sans15x21_Numbers
                         0x800'de20  0x228  Data  Lc  lcd_display.o [1]
MSIRangeTable            0x800'e3f4   0x30  Data  Gb  system_stm32l4xx.o [1]
MX_DMA_Init              0x800'b3f9   0x60  Code  Gb  dma.o [1]
MX_GPIO_Init             0x800'b229  0x1d0  Code  Gb  gpio.o [1]
MX_LPUART1_UART_Init     0x800'5869   0x38  Code  Gb  usart.o [1]
MX_RTC_Init              0x800'b459   0xf4  Code  Gb  rtc.o [1]
MX_SPI2_Init             0x800'b13d   0x50  Code  Gb  spi.o [1]
MX_USART1_UART_Init      0x800'58a1   0x3c  Code  Gb  usart.o [1]
MX_USART3_UART_Init      0x800'58dd   0x3c  Code  Gb  usart.o [1]
Main_Task                0x800'b6ad   0x3c  Code  Gb  user_app_comm.o [1]
MemManage_Handler        0x800'e261    0x2  Code  Gb  stm32l4xx_it.o [1]
ModRTU_CRC               0x800'5519   0x3c  Code  Gb  user_modbus_rtu.o [1]
ModRTU_Master_Read_Frame
                         0x800'5555   0x9c  Code  Gb  user_modbus_rtu.o [1]
ModRTU_Master_Write_Frame
                         0x800'55f1   0xe8  Code  Gb  user_modbus_rtu.o [1]
ModRTU_Slave_ACK_Read_Frame
                         0x800'56d9   0xa2  Code  Gb  user_modbus_rtu.o [1]
ModRTU_Slave_ACK_Write_Frame
                         0x800'577b   0xee  Code  Gb  user_modbus_rtu.o [1]
Modem_Check_AT           0x800'c8d9  0x1dc  Code  Gb  user_at_serial.o [1]
Modem_Check_RTU          0x800'3d3f  0x37e  Code  Gb  user_app_modbus_rtu.o [1]
NMI_Handler              0x800'e25d    0x2  Code  Gb  stm32l4xx_it.o [1]
NONE_Register_CallBack   0x800'37b9    0x6  Code  Gb  user_app_modbus_rtu.o [1]
NVIC_EncodePriority      0x800'9a7b   0x40  Code  Lc  stm32l4xx_hal_cortex.o [1]
OldPosDMADebug          0x2000'2706    0x2  Data  Lc  user_app_comm.o [1]
Old_Value_i16           0x2000'2702    0x2  Data  Gb  button.o [1]
On_Speaker               0x800'1ed7   0x24  Code  Gb  lcd_display.o [1]
OnchipFlashPageErase     0x800'6cf5   0x5a  Code  Gb  onchipflash.o [1]
OnchipFlashWriteData     0x800'6c69   0x8c  Code  Gb  onchipflash.o [1]
PendSV_Handler           0x800'e26b    0x2  Code  Gb  stm32l4xx_it.o [1]
PortConfig              0x2000'271b    0x1  Data  Gb  user_at_serial.o [1]
RC                       0x800'd4cb   0x22  Code  Gb  user_string.o [1]
RCCEx_PLLSAI1_Config     0x800'942d  0x16e  Code  Lc  stm32l4xx_hal_rcc_ex.o [1]
RCC_SetFlashLatencyFromMSIRange
                         0x800'a641   0x8a  Code  Lc  stm32l4xx_hal_rcc.o [1]
RS485SS_Init_Data        0x800'5c05   0x10  Code  Gb  user_connect_sensor.o [1]
RS485SS_Init_RX_Mode     0x800'5c15   0x1e  Code  Gb  user_connect_sensor.o [1]
RS485SS_Rx_Callback      0x800'5c35   0x34  Code  Gb  user_connect_sensor.o [1]
RS485SS_Stop_RX_Mode     0x800'5c33    0x2  Code  Gb  user_connect_sensor.o [1]
RS485_Done_Calib         0x800'2f5b   0x1c  Code  Gb  user_app_sensor.o [1]
RS485_Enter_Calib        0x800'2f77   0x20  Code  Gb  user_app_sensor.o [1]
RS485_Init_RX_Mode       0x800'baed   0x1e  Code  Gb  user_rs485.o [1]
RS485_LogData_Calib      0x800'2f97   0x78  Code  Gb  user_app_sensor.o [1]
RS485_Rx_Callback        0x800'bb0d   0x3c  Code  Gb  user_rs485.o [1]
RS485_Stop_RX_Mode       0x800'bb0b    0x2  Code  Gb  user_rs485.o [1]
RTC_AlarmStructure      0x2000'255c   0x2c  Data  Lc  user_rtc.o [1]
RTC_Alarm_IRQHandler     0x800'e2e5    0xa  Code  Gb  stm32l4xx_it.o [1]
RTC_Bcd2ToByte           0x800'c5b1   0x16  Code  Gb  stm32l4xx_hal_rtc.o [1]
RTC_ByteToBcd2           0x800'c595   0x1c  Code  Gb  stm32l4xx_hal_rtc.o [1]
RTC_EnterInitMode        0x800'c4cb   0x4c  Code  Gb  stm32l4xx_hal_rtc.o [1]
RTC_ExitInitMode         0x800'c517   0x58  Code  Gb  stm32l4xx_hal_rtc.o [1]
RTC_GetCalendarValue     0x800'd2d3   0x90  Code  Lc  user_rtc.o [1]
RTC_IF_Convert_Tick2ms   0x800'd0f1   0x10  Code  Gb  user_rtc.o [1]
RTC_IF_Convert_ms2Tick   0x800'd0df   0x12  Code  Gb  user_rtc.o [1]
RTC_IF_GetMinimumTimeout
                         0x800'd0db    0x4  Code  Gb  user_rtc.o [1]
RTC_IF_GetTimerContext   0x800'd09f    0x8  Code  Gb  user_rtc.o [1]
RTC_IF_GetTimerElapsedTime
                         0x800'd0a7   0x16  Code  Gb  user_rtc.o [1]
RTC_IF_GetTimerValue     0x800'd0bd   0x1e  Code  Gb  user_rtc.o [1]
RTC_IF_Init              0x800'd029   0x30  Code  Gb  user_rtc.o [1]
RTC_IF_SetTimerContext   0x800'd089   0x16  Code  Gb  user_rtc.o [1]
RTC_IF_StartTimer        0x800'd059    0xe  Code  Gb  user_rtc.o [1]
RTC_IF_StopTimer         0x800'd067   0x22  Code  Gb  user_rtc.o [1]
RTC_Initalized          0x2000'2720    0x1  Data  Lc  user_rtc.o [1]
RTC_StartWakeUpAlarm     0x800'd10d  0x1c6  Code  Lc  user_rtc.o [1]
ReInit_Rx_Mode_Uart_Error
                         0x800'9c1f   0x5a  Code  Gb  user_uart.o [1]
Read_Register_Rs485      0x800'3015   0x66  Code  Gb  user_app_sensor.o [1]
Region$$Table$$Base      0x800'e4ec          --   Gb  - Linker created -
Region$$Table$$Limit     0x800'e50c          --   Gb  - Linker created -
Reset_Buff               0x800'19a9   0x24  Code  Gb  user_util.o [1]
Rs485SSStatus_u8        0x2000'271d    0x1  Data  Gb  user_connect_sensor.o [1]
Rs485Status_u8          0x2000'271f    0x1  Data  Gb  user_rs485.o [1]
RtCountSystick_u32      0x2000'26f0    0x4  Data  Gb  user_util.o [1]
RtcTimerContext         0x2000'2620   0x1c  Data  Lc  user_rtc.o [1]
SPI_EndRxTxTransaction   0x800'8f85   0x6a  Code  Lc  stm32l4xx_hal_spi.o [1]
SPI_WaitFifoStateUntilTimeout
                         0x800'8e93   0xee  Code  Lc  stm32l4xx_hal_spi.o [1]
SPI_WaitFlagStateUntilTimeout
                         0x800'8dbb   0xd8  Code  Lc  stm32l4xx_hal_spi.o [1]
SVC_Handler              0x800'e267    0x2  Code  Gb  stm32l4xx_it.o [1]
Save_Array               0x800'6d55   0x86  Code  Gb  onchipflash.o [1]
Save_InforSlaveModbusRTU
                         0x800'3ccb   0x44  Code  Gb  user_app_modbus_rtu.o [1]
Save_ParamCalib          0x800'30bb   0xba  Code  Gb  user_app_sensor.o [1]
Save_TempAlarm           0x800'3221   0xce  Code  Gb  user_app_sensor.o [1]
Send_RS458_Master        0x800'3c93   0x38  Code  Gb  user_app_modbus_rtu.o [1]
Send_RS458_Sensor        0x800'307b   0x40  Code  Gb  user_app_sensor.o [1]
SysApp_Init              0x800'b665    0xc  Code  Gb  user_app_comm.o [1]
SysApp_Setting           0x800'b671   0x3c  Code  Gb  user_app_comm.o [1]
SysTick_Config           0x800'9abb   0x30  Code  Lc  stm32l4xx_hal_cortex.o [1]
SysTick_Handler          0x800'e26d   0x50  Code  Gb  stm32l4xx_it.o [1]
SystemClock_Config       0x800'9023   0x92  Code  Gb  main.o [1]
SystemCoreClock         0x2000'0460    0x4  Data  Gb  system_stm32l4xx.o [1]
SystemInit               0x800'e8e1    0xc  Code  Gb  system_stm32l4xx.o [1]
TRACE_AllocateBufer      0x800'bcbd   0xa2  Code  Lc  user_adv_trace.o [1]
TRACE_IsLocked           0x800'bd73   0x10  Code  Lc  user_adv_trace.o [1]
TRACE_Lock               0x800'bd5f    0xa  Code  Lc  user_adv_trace.o [1]
TRACE_Send               0x800'bc37   0x84  Code  Lc  user_adv_trace.o [1]
TRACE_UnLock             0x800'bd69    0xa  Code  Lc  user_adv_trace.o [1]
TimerExists              0x800'c841   0x1a  Code  Gb  user_timer.o [1]
TimerInsertNewHeadTimer
                         0x800'c8b5   0x1c  Code  Gb  user_timer.o [1]
TimerInsertTimer         0x800'c887   0x2e  Code  Gb  user_timer.o [1]
TimerListHead           0x2000'26ec    0x4  Data  Lc  user_timer.o [1]
TimerSetTimeout          0x800'c85b   0x2c  Code  Gb  user_timer.o [1]
TimerTx                 0x2000'266c   0x18  Data  Lc  user_app_comm.o [1]
TxCpltCallback          0x2000'26d4    0x4  Data  Lc  user_app_comm.o [1]
UART_AdvFeatureConfig    0x800'649d   0xda  Code  Gb  stm32l4xx_hal_uart.o [1]
UART_CheckIdleState      0x800'6577   0xd2  Code  Gb  stm32l4xx_hal_uart.o [1]
UART_DMAAbortOnError     0x800'6a29   0x1a  Code  Lc  stm32l4xx_hal_uart.o [1]
UART_DMAError            0x800'69d9   0x50  Code  Lc  stm32l4xx_hal_uart.o [1]
UART_DMAReceiveCplt      0x800'690d   0xa2  Code  Lc  stm32l4xx_hal_uart.o [1]
UART_DMARxHalfCplt       0x800'69b1   0x28  Code  Lc  stm32l4xx_hal_uart.o [1]
UART_EndRxTransfer       0x800'68af   0x5e  Code  Lc  stm32l4xx_hal_uart.o [1]
UART_EndTransmit_IT      0x800'6a43   0x2a  Code  Lc  stm32l4xx_hal_uart.o [1]
UART_EndTxTransfer       0x800'6893   0x1c  Code  Lc  stm32l4xx_hal_uart.o [1]
UART_RxISR_16BIT         0x800'6b61   0xee  Code  Lc  stm32l4xx_hal_uart.o [1]
UART_RxISR_8BIT          0x800'6a6d   0xec  Code  Lc  stm32l4xx_hal_uart.o [1]
UART_SetConfig           0x800'61a5  0x2ec  Code  Gb  stm32l4xx_hal_uart.o [1]
UART_Start_Receive_DMA   0x800'67d7   0xbc  Code  Gb  stm32l4xx_hal_uart.o [1]
UART_Start_Receive_IT    0x800'66e7   0xf0  Code  Gb  stm32l4xx_hal_uart.o [1]
UART_WaitOnFlagUntilTimeout
                         0x800'6649   0x9e  Code  Gb  stm32l4xx_hal_uart.o [1]
USART1_IRQHandler        0x800'e2d1    0xa  Code  Gb  stm32l4xx_it.o [1]
USART3_IRQHandler        0x800'e2db    0xa  Code  Gb  stm32l4xx_it.o [1]
UTIL_ADV_TRACE_COND_FSend
                         0x800'bb5d   0xda  Code  Gb  user_adv_trace.o [1]
UTIL_Log_Str             0x800'1a2d   0x36  Code  Gb  user_util.o [1]
UTIL_MEM_cpy             0x800'1a69   0x1e  Code  Gb  user_util.o [1]
UTIL_MEM_set             0x800'19cd   0x18  Code  Gb  user_util.o [1]
UTIL_Printf              0x800'19e5   0x2c  Code  Gb  user_util.o [1]
UTIL_Printf_Str          0x800'1a11   0x1c  Code  Gb  user_util.o [1]
UTIL_TIMER_Create        0x800'c5dd   0x4c  Code  Gb  user_timer.o [1]
UTIL_TIMER_IRQ_Handler   0x800'c78f   0xb2  Code  Gb  user_timer.o [1]
UTIL_TIMER_Init          0x800'c5c9   0x14  Code  Gb  user_timer.o [1]
UTIL_TIMER_SetPeriod     0x800'c755   0x3a  Code  Gb  user_timer.o [1]
UTIL_TIMER_Start         0x800'c629   0x92  Code  Gb  user_timer.o [1]
UTIL_TIMER_Stop          0x800'c6bb   0x9a  Code  Gb  user_timer.o [1]
UTIL_TimerDriver         0x800'e424   0x2c  Data  Gb  user_rtc.o [1]
UTIL_TraceDriver         0x800'e980    0xc  Data  Gb  user_app_comm.o [1]
Uart485RxByte           0x2000'271e    0x1  Data  Lc  user_rs485.o [1]
Uart485SSRxByte         0x2000'271c    0x1  Data  Lc  user_connect_sensor.o [1]
UartDebugBuff           0x2000'0af4  0x4b0  Data  Gb  user_app_comm.o [1]
UartDebugCountFail      0x2000'270e    0x2  Data  Lc  user_uart.o [1]
UartDebugRxByte         0x2000'2715    0x1  Data  Gb  user_app_comm.o [1]
Update_ParaDisplay       0x800'1efb  0x114  Code  Gb  lcd_display.o [1]
UsageFault_Handler       0x800'e265    0x2  Code  Gb  stm32l4xx_it.o [1]
User_RTC_Init            0x800'cff1   0x38  Code  Lc  user_rtc.o [1]
UtilFloatToString        0x800'1ae5   0x2e  Code  Gb  user_util.o [1]
UtilIntToStringWithScale
                         0x800'1949   0x60  Code  Gb  user_util.o [1]
VLevelDebug             0x2000'0af0    0x1  Data  Gb  user_util.o [1]
_Cb_Display_Auto_SW      0x800'1df7   0x7e  Code  Lc  lcd_display.o [1]
_Cb_Display_Auto_SW::MarkButtPressed
                        0x2000'2713    0x1  Data  Lc  lcd_display.o [1]
_Cb_Display_Auto_SW::cNext
                        0x2000'2704    0x2  Data  Lc  lcd_display.o [1]
_Cb_Display_Init         0x800'1c81   0x52  Code  Lc  lcd_display.o [1]
_Cb_Display_Logo         0x800'1cd3   0xa8  Code  Lc  lcd_display.o [1]
_Cb_Display_Logo::step_u8
                        0x2000'2711    0x1  Data  Lc  lcd_display.o [1]
_Cb_Display_Show         0x800'1d7b   0x7c  Code  Lc  lcd_display.o [1]
_Cb_Display_Show::LandMarkChange_u32
                        0x2000'26c8    0x4  Data  Lc  lcd_display.o [1]
_Cb_Display_Show::ScreenLast
                        0x2000'2712    0x1  Data  Lc  lcd_display.o [1]
_Cb_HandLer_IDLE         0x800'b653    0x6  Code  Lc  user_app_comm.o [1]
_Cb_Off_Speaker          0x800'1ec1   0x16  Code  Lc  lcd_display.o [1]
_Cb_R_ModbusRTU_REG_Alarm_Lower
                         0x800'3b79   0x5a  Code  Gb  user_app_modbus_rtu.o [1]
_Cb_R_ModbusRTU_REG_Alarm_State
                         0x800'39b5   0x2e  Code  Gb  user_app_modbus_rtu.o [1]
_Cb_R_ModbusRTU_REG_Alarm_Upper
                         0x800'3a5f   0x5a  Code  Gb  user_app_modbus_rtu.o [1]
_Cb_R_ModbusRTU_REG_Baudrate
                         0x800'3865   0x2e  Code  Gb  user_app_modbus_rtu.o [1]
_Cb_R_ModbusRTU_REG_ID   0x800'37bf   0x2e  Code  Gb  user_app_modbus_rtu.o [1]
_Cb_R_ModbusRTU_REG_Temp_Measure
                         0x800'395b   0x5a  Code  Gb  user_app_modbus_rtu.o [1]
_Cb_R_ModbusRTU_REG_pH_Measure
                         0x800'3901   0x5a  Code  Gb  user_app_modbus_rtu.o [1]
_Cb_Save_Box             0x800'b65f    0x6  Code  Lc  user_app_comm.o [1]
_Cb_Set_RTC              0x800'b637   0x1c  Code  Lc  user_app_comm.o [1]
_Cb_TX_Timer_Event       0x800'b7b5   0x1a  Code  Lc  user_app_comm.o [1]
_Cb_Timer_IRQ            0x800'b5a9    0xc  Code  Lc  user_app_comm.o [1]
_Cb_Tx_Timer             0x800'b659    0x6  Code  Lc  user_app_comm.o [1]
_Cb_Uart_Error           0x800'b62b    0xc  Code  Lc  user_app_comm.o [1]
_Cb_Uart_Rx_Debug        0x800'b5b5   0x76  Code  Lc  user_app_comm.o [1]
_Cb_Uart_Rx_Debug::LastLengthRecv
                        0x2000'2708    0x2  Data  Lc  user_app_comm.o [1]
_Cb_Uart_Rx_Debug::MarkFirstRecvUart
                        0x2000'2716    0x1  Data  Lc  user_app_comm.o [1]
_Cb_W_ModbusRTU_REG_Alarm_Lower
                         0x800'3bd3   0xc0  Code  Gb  user_app_modbus_rtu.o [1]
_Cb_W_ModbusRTU_REG_Alarm_State
                         0x800'39e3   0x7c  Code  Gb  user_app_modbus_rtu.o [1]
_Cb_W_ModbusRTU_REG_Alarm_Upper
                         0x800'3ab9   0xc0  Code  Gb  user_app_modbus_rtu.o [1]
_Cb_W_ModbusRTU_REG_Baudrate
                         0x800'3893   0x6e  Code  Gb  user_app_modbus_rtu.o [1]
_Cb_W_ModbusRTU_REG_ID   0x800'37ed   0x78  Code  Gb  user_app_modbus_rtu.o [1]
_Cb_button_detect        0x800'1ea9   0x18  Code  Lc  lcd_display.o [1]
_Cb_button_scan          0x800'1e75   0x34  Code  Lc  lcd_display.o [1]
_LitobFullNoMb           0x800'88bd  0x10a  Code  Lc  xprintffull_nomb.o [2]
_Locale_lconv           0x2000'0ab4   0x38  Data  Lc  xlocale_c.o [2]
_PrintfFullNoMb          0x800'7afd  0xd9c  Code  Gb  xprintffull_nomb.o [2]
_PutcharFullNoMb         0x800'8a2d   0x20  Code  Lc  xprintffull_nomb.o [2]
_PutcharsFullNoMb        0x800'8a4d   0x2e  Code  Lc  xprintffull_nomb.o [2]
_SProut                  0x800'458b    0xa  Code  Gb  xsprout.o [2]
__NVIC_DisableIRQ        0x800'9a29   0x26  Code  Lc  stm32l4xx_hal_cortex.o [1]
__NVIC_EnableIRQ         0x800'9a09   0x20  Code  Lc  stm32l4xx_hal_cortex.o [1]
__NVIC_GetPriorityGrouping
                         0x800'99fb    0xc  Code  Lc  stm32l4xx_hal_cortex.o [1]
__NVIC_SetPriority       0x800'9a4f   0x2c  Code  Lc  stm32l4xx_hal_cortex.o [1]
__NVIC_SetPriorityGrouping
                         0x800'99d9   0x22  Code  Lc  stm32l4xx_hal_cortex.o [1]
__aeabi_cdcmpeq          0x800'aa49         Code  Gb  DblCmpEq.o [3]
__aeabi_cdcmple          0x800'aad9         Code  Gb  DblCmpLe.o [3]
__aeabi_cdrcmple         0x800'ab09         Code  Gb  DblCmpGe.o [3]
__aeabi_d2f              0x800'47f5         Code  Gb  DblToFlt.o [3]
__aeabi_d2iz             0x800'73d5         Code  Gb  DblToS32.o [3]
__aeabi_d2uiz            0x800'b10d         Code  Gb  DblToU32.o [3]
__aeabi_dadd             0x800'7259         Code  Gb  DblAdd.o [3]
__aeabi_ddiv             0x800'45ad         Code  Gb  DblDiv.o [3]
__aeabi_dmul             0x800'70b5         Code  Gb  DblMul.o [3]
__aeabi_dsub             0x800'a965         Code  Gb  DblSub.o [3]
__aeabi_f2d              0x800'4879         Code  Gb  FltToDbl.o [3]
__aeabi_i2d              0x800'4569         Code  Gb  S32ToDbl.o [3]
__aeabi_ldiv0            0x800'a961         Code  Gb  I64DivZer.o [4]
__aeabi_memcpy           0x800'6ddd         Code  Gb  ABImemcpy.o [4]
__aeabi_memcpy4          0x800'6dfd         Code  Gb  ABImemcpy.o [4]
__aeabi_memcpy8          0x800'6dfd         Code  Gb  ABImemcpy.o [4]
__aeabi_memset           0x800'4f21         Code  Gb  ABImemset.o [4]
__aeabi_ui2d             0x800'485d         Code  Gb  U32ToDbl.o [3]
__aeabi_uldivmod         0x800'6e85         Code  Gb  I64DivMod.o [4]
__cmain                  0x800'e52d         Code  Gb  cmain.o [4]
__exit                   0x800'cfdd   0x14  Code  Gb  exit.o [5]
__iar_Exp64              0x800'ab39  0x388  Code  Gb  iar_Exp64.o [3]
__iar_Fail_s             0x800'af39   0x1c  Code  Gb  xfail_s.o [2]
__iar_Memchr             0x800'af79         Code  Gb  memchr.o [4]
__iar_Memset             0x800'4f21         Code  Gb  ABImemset.o [4]
__iar_Memset_word        0x800'4f29         Code  Gb  ABImemset.o [4]
__iar_Strchr             0x800'af21         Code  Gb  strchr.o [4]
__iar_dadd               0x800'a975         Code  Gb  DblSub.o [3]
__iar_data_init3         0x800'e4a1   0x28  Code  Gb  data_init.o [4]
__iar_dsub               0x800'7269         Code  Gb  DblAdd.o [3]
__iar_dsubStart          0x800'727b         Code  Gb  DblAdd.o [3]
__iar_frexp              0x800'aa75         Code  Gb  frexp.o [3]
__iar_frexpl             0x800'aa75         Code  Gb  frexp.o [3]
__iar_init_vfp           0x800'e4c9         Code  Gb  fpinit_M.o [3]
__iar_ldexp64            0x800'afd1         Code  Gb  ldexp.o [3]
__iar_lz77_init_single3
                         0x800'e349   0x78  Code  Gb  lz77_init_single.o [4]
__iar_pow64              0x800'7411  0x6ec  Code  Gb  pow64.o [3]
__iar_pow_medium         0x800'7411  0x6ec  Code  Gb  pow64.o [3]
__iar_pow_medium64       0x800'7411  0x6ec  Code  Gb  pow64.o [3]
__iar_pow_mediuml        0x800'7411  0x6ec  Code  Gb  pow64.o [3]
__iar_program_start      0x800'eb01         Code  Gb  cstartup_M.o [4]
__iar_scalbln64          0x800'afd1         Code  Gb  ldexp.o [3]
__iar_scalbn64           0x800'afd1         Code  Gb  ldexp.o [3]
__iar_softfp___iar_frexp64
                         0x800'aa69         Code  Gb  frexp.o [3]
__iar_softfp_frexp       0x800'aa69         Code  Gb  frexp.o [3]
__iar_softfp_frexpl      0x800'aa69         Code  Gb  frexp.o [3]
__iar_vfp_pow            0x800'459b   0x10  Code  Gb  math_wrappers64.o [3]
__iar_zero_init3         0x800'452f   0x3a  Code  Gb  zero_init3.o [4]
__low_level_init         0x800'e54b    0x4  Code  Gb  low_level_init.o [2]
__vector_table           0x800'0000         Data  Gb  startup_stm32l433xx.o [1]
_call_main               0x800'e539         Code  Gb  cmain.o [4]
_exit                    0x800'e555         Code  Gb  cexit.o [4]
_main                    0x800'e547         Code  Gb  cmain.o [4]
aAT_CMD                 0x2000'22d4   0x80  Data  Lc  user_at_serial.o [1]
aBaudrate_value         0x2000'0584   0x2c  Data  Gb  user_app_modbus_rtu.o [1]
aDATA_CALIB             0x2000'26d8    0x4  Data  Gb  user_app_sensor.o [1]
aDATA_CONFIG            0x2000'20d4   0x80  Data  Lc  user_app_modbus_rtu.o [1]
aDATA_CONFIG            0x2000'2254   0x80  Data  Lc  user_at_serial.o [1]
aDATA_LOG_REGISTER      0x2000'2154   0x80  Data  Lc  user_app_modbus_rtu.o [1]
aPASSWORD               0x2000'00b8    0x4  Data  Gb  lcd_display.o [1]
aSTT_SETTING_DONE       0x2000'00ec   0x10  Data  Gb  lcd_display.o [1]
aSTT_SETTING_ENTER      0x2000'00cc   0x10  Data  Gb  lcd_display.o [1]
aSTT_SETTING_ERROR      0x2000'00fc   0x10  Data  Gb  lcd_display.o [1]
aSTT_SETTING_FREE       0x2000'00bc   0x10  Data  Gb  lcd_display.o [1]
aSTT_SETTING_WAIT       0x2000'00dc   0x10  Data  Gb  lcd_display.o [1]
aSampling_STT           0x2000'2588   0x28  Data  Gb  user_app_sensor.o [1]
aSampling_VALUE         0x2000'25b0   0x28  Data  Gb  user_app_sensor.o [1]
aTEST                   0x2000'0000    0xc  Data  Lc  button.o [1]
aUART_485SS_DATA        0x2000'19a4  0x200  Data  Lc  user_connect_sensor.o [1]
aUART_485_DATA          0x2000'1ba4  0x200  Data  Lc  user_rs485.o [1]
aUART_DBG_DMA_RX        0x2000'2420   0x64  Data  Lc  user_app_comm.o [1]
abort                    0x800'bdf9    0x6  Code  Gb  abort.o [2]
abs                      0x800'8fef    0x8  Code  Gb  abs.o [2]
aframe                  0x2000'21d4   0x80  Data  Gb  user_app_modbus_rtu.o [1]
bmp_SV_logo_12864        0x800'da20  0x400  Data  Gb  unit_tests.o [1]
charNotDetectPress      0x2000'0aee    0x1  Data  Lc  lcd_display.o [1]
count_gettick           0x2000'26d0    0x4  Data  Gb  stm32l4xx_it.o [1]
delay_ms                 0x800'49a5    0xc  Code  Gb  STM32L4.o [1]
ee_number                0x800'ccb5  0x146  Code  Lc  user_tiny_vsnprintf.o [1]
ee_skip_atoi             0x800'cc8d   0x28  Code  Lc  user_tiny_vsnprintf.o [1]
exit                     0x800'e54f    0x4  Code  Gb  exit.o [2]
fevent_active            0x800'4c4d   0x1e  Code  Gb  event_driven.o [1]
fevent_detect_connect    0x800'2809   0x14  Code  Lc  user_app_sensor.o [1]
fevent_disable           0x800'4c8f   0x12  Code  Gb  event_driven.o [1]
fevent_enable            0x800'4c6b   0x24  Code  Gb  event_driven.o [1]
fevent_rs485_entry       0x800'cb0d   0x12  Code  Lc  user_app_rs485.o [1]
fevent_rs485_init_uart   0x800'cb1f   0x2e  Code  Lc  user_app_rs485.o [1]
fevent_rs485_init_uart::stamp
                        0x2000'2717    0x1  Data  Lc  user_app_rs485.o [1]
fevent_rs485_receive_complete
                         0x800'cb4d   0x24  Code  Lc  user_app_rs485.o [1]
fevent_rs485_refresh     0x800'cb71   0x20  Code  Lc  user_app_rs485.o [1]
fevent_sensor_entry      0x800'2689   0x12  Code  Lc  user_app_sensor.o [1]
fevent_sensor_receive_complete
                         0x800'273f   0xb6  Code  Lc  user_app_sensor.o [1]
fevent_sensor_receive_handle
                         0x800'26ff   0x40  Code  Lc  user_app_sensor.o [1]
fevent_sensor_reset      0x800'28cb   0x84  Code  Lc  user_app_sensor.o [1]
fevent_sensor_reset::state
                        0x2000'2719    0x1  Data  Lc  user_app_sensor.o [1]
fevent_sensor_transmit   0x800'269b   0x64  Code  Lc  user_app_sensor.o [1]
fevent_sensor_wait_calib
                         0x800'27f5   0x14  Code  Lc  user_app_sensor.o [1]
fevent_temp_alarm        0x800'281d   0xae  Code  Lc  user_app_sensor.o [1]
font_current            0x2000'2694    0xc  Data  Gb  text.o [1]
glcd_ST7565R_init        0x800'4ec5   0x5c  Code  Gb  ST7565R.o [1]
glcd_bbox               0x2000'26bc    0x4  Data  Gb  glcd.o [1]
glcd_bbox_refresh        0x800'4d49   0x1c  Code  Gb  glcd.o [1]
glcd_bbox_selected      0x2000'26c4    0x4  Data  Gb  glcd.o [1]
glcd_buffer             0x2000'0fa4  0x400  Data  Gb  glcd.o [1]
glcd_buffer_selected    0x2000'26c0    0x4  Data  Gb  glcd.o [1]
glcd_clear               0x800'4d65   0x28  Code  Gb  glcd.o [1]
glcd_clear_buffer        0x800'4d8d   0x24  Code  Gb  glcd.o [1]
glcd_command             0x800'4dc5   0x1a  Code  Gb  ST7565R.o [1]
glcd_data                0x800'4ddf   0x1a  Code  Gb  ST7565R.o [1]
glcd_draw_bitmap         0x800'54f1   0x1e  Code  Gb  graphics.o [1]
glcd_draw_char_xy        0x800'4fa3  0x33a  Code  Gb  text.o [1]
glcd_draw_line           0x800'53e5  0x10c  Code  Gb  graphics.o [1]
glcd_draw_string_xy      0x800'52dd   0x38  Code  Gb  text.o [1]
glcd_enable_backlight    0x800'4929    0x2  Code  Gb  STM32L4.o [1]
glcd_init                0x800'4901   0x28  Code  Gb  STM32L4.o [1]
glcd_reset               0x800'4955   0x40  Code  Gb  STM32L4.o [1]
glcd_reset_bbox          0x800'4d2d   0x1c  Code  Gb  glcd.o [1]
glcd_select_screen       0x800'4db1    0xa  Code  Gb  glcd.o [1]
glcd_set_column_lower    0x800'4e39    0xe  Code  Gb  ST7565R.o [1]
glcd_set_column_upper    0x800'4e23   0x16  Code  Gb  ST7565R.o [1]
glcd_set_font            0x800'4f89   0x1a  Code  Gb  text.o [1]
glcd_set_pixel           0x800'5319   0xcc  Code  Gb  graphics.o [1]
glcd_set_x_address       0x800'4e0d   0x16  Code  Gb  ST7565R.o [1]
glcd_set_y_address       0x800'4df9   0x14  Code  Gb  ST7565R.o [1]
glcd_spi_write           0x800'492b   0x2a  Code  Gb  STM32L4.o [1]
glcd_test_bitmap_128x64
                         0x800'4ca1    0xe  Code  Gb  unit_tests.o [1]
glcd_tiny_draw_char      0x800'49d7  0x21a  Code  Gb  text_tiny.o [1]
glcd_tiny_draw_string    0x800'4bf1   0x54  Code  Gb  text_tiny.o [1]
glcd_tiny_set_font       0x800'49bd   0x1a  Code  Gb  text_tiny.o [1]
glcd_update_bbox         0x800'4cb5   0x78  Code  Gb  glcd.o [1]
glcd_write               0x800'4e47   0x70  Code  Gb  ST7565R.o [1]
hdma_lpuart_rx          0x2000'2484   0x48  Data  Gb  usart.o [1]
hdma_usart1_rx          0x2000'24cc   0x48  Data  Gb  usart.o [1]
hdma_usart3_rx          0x2000'2514   0x48  Data  Gb  usart.o [1]
hlpuart1                0x2000'1f3c   0x88  Data  Gb  usart.o [1]
hrtc                    0x2000'25d8   0x24  Data  Gb  rtc.o [1]
hspi2                   0x2000'23bc   0x64  Data  Gb  spi.o [1]
huart1                  0x2000'1fc4   0x88  Data  Gb  usart.o [1]
huart3                  0x2000'204c   0x88  Data  Gb  usart.o [1]
ldexp                    0x800'afd1         Code  Gb  ldexp.o [3]
ldexpl                   0x800'afd1         Code  Gb  ldexp.o [3]
lnbias                   0x800'd600  0x420  Data  Lc  pow64.o [3]
localeconv               0x800'b135    0x4  Code  Gb  xlocale_c.o [2]
lower_digits            0x2000'0aac    0x4  Data  Lc  user_tiny_vsnprintf.o [1]
main                     0x800'8ff7   0x2c  Code  Gb  main.o [1]
memchr                   0x800'af79         Code  Gb  memchr.o [4]
memset                   0x800'90b9   0x14  Code  Gb  memset.o [4]
pFlash                  0x2000'0440   0x20  Data  Gb  stm32l4xx_hal_flash.o [1]
pFunc_UTIL_Debug_Send   0x2000'26f8    0x4  Data  Gb  user_util.o [1]
pFunc_UTIL_Log_To_Mem   0x2000'26f4    0x4  Data  Gb  user_util.o [1]
pModemProcessIRQTimer   0x2000'26e8    0x4  Data  Gb  user_rtc.o [1]
pow                      0x800'7411  0x6ec  Code  Gb  pow64.o [3]
powl                     0x800'7411  0x6ec  Code  Gb  pow64.o [3]
quickSort_Sampling       0x800'2d19   0x9a  Code  Gb  user_app_sensor.o [1]
quickSort_Sampling_Value
                         0x800'2db5   0xdc  Code  Gb  user_app_sensor.o [1]
quickSort_Sampling_Value::Handle_Once
                        0x2000'271a    0x1  Data  Lc  user_app_sensor.o [1]
sButton                 0x2000'263c   0x18  Data  Gb  button.o [1]
sCheckList_Reg_Modbus_RTU
                        0x2000'04e4   0xa0  Data  Gb  user_app_modbus_rtu.o [1]
sData_Calib             0x2000'0678    0x8  Data  Gb  user_app_sensor.o [1]
sEventAppComm           0x2000'0464   0x70  Data  Gb  user_app_comm.o [1]
sEventAppRs485          0x2000'05b8   0x40  Data  Gb  user_app_rs485.o [1]
sEventAppSensor         0x2000'05f8   0x80  Data  Gb  user_app_sensor.o [1]
sEventDisplay           0x2000'000c   0x70  Data  Gb  lcd_display.o [1]
sFirmVersion            0x2000'04d4    0x8  Data  Gb  user_app_comm.o [1]
sHandleRs485            0x2000'26dc    0x4  Data  Gb  user_app_sensor.o [1]
sKindMode485            0x2000'270c    0x2  Data  Gb  user_app_sensor.o [1]
sLCD                    0x2000'2684   0x10  Data  Gb  lcd_display.o [1]
sLCDObject              0x2000'010c  0x330  Data  Gb  lcd_display.o [1]
sLogData_ModbusRTU      0x2000'05b0    0x8  Data  Gb  user_app_modbus_rtu.o [1]
sModelVersion           0x2000'00b0    0x8  Data  Gb  lcd_display.o [1]
sParaDisplay            0x2000'007c   0x34  Data  Gb  lcd_display.o [1]
sRTC                    0x2000'26ac    0xc  Data  Gb  user_util.o [1]
sSensor_TURB            0x2000'25fc   0x24  Data  Gb  user_app_sensor.o [1]
sSlave_ModbusRTU        0x2000'0aec    0x2  Data  Gb  user_app_modbus_rtu.o [1]
sTempAlarm              0x2000'26a0    0xc  Data  Gb  user_app_sensor.o [1]
sUart485                0x2000'0aa4    0x8  Data  Gb  user_rs485.o [1]
sUart485SS              0x2000'0a9c    0x8  Data  Gb  user_connect_sensor.o [1]
sUartDebug              0x2000'04dc    0x8  Data  Gb  user_app_comm.o [1]
scalbln                  0x800'afd1         Code  Gb  ldexp.o [3]
scalblnl                 0x800'afd1         Code  Gb  ldexp.o [3]
scalbn                   0x800'afd1         Code  Gb  ldexp.o [3]
scalbnl                  0x800'afd1         Code  Gb  ldexp.o [3]
scale                    0x800'89c7   0x46  Code  Lc  xprintffull_nomb.o [2]
sec_hand                0x2000'26fc    0x4  Data  Lc  xfail_s.o [2]
sprintf                  0x800'48c1   0x40  Code  Gb  sprintf.o [2]
strATcmd                0x2000'0684    0x8  Data  Gb  user_at_serial.o [1]
strchr                   0x800'af21         Code  Gb  strchr.o [4]
strlen                   0x800'44f9         Code  Gb  strlen.o [4]
sztmp                   0x2000'17a4  0x200  Data  Lc  user_adv_trace.o [1]
tiny_vsnprintf_like      0x800'cdfb  0x1d6  Code  Gb  user_tiny_vsnprintf.o [1]
upper_digits            0x2000'0ab0    0x4  Data  Lc  user_tiny_vsnprintf.o [1]
uwTick                  0x2000'26cc    0x4  Data  Gb  stm32l4xx_hal.o [1]
uwTickFreq              0x2000'0aef    0x1  Data  Gb  stm32l4xx_hal.o [1]
uwTickPrio              0x2000'043c    0x4  Data  Gb  stm32l4xx_hal.o [1]
vcom_DeInit              0x800'b9cf   0x1e  Code  Gb  user_app_comm.o [1]
vcom_Init                0x800'b9c5    0xa  Code  Gb  user_app_comm.o [1]
vcom_Trace_DMA           0x800'b9ed   0x24  Code  Gb  user_app_comm.o [1]


[1] = D:\Saoviet_Git\Saoviet_EnviroTrack_M_And_S_RawWater\Project_Slave_Chemins_Turb_1000NTU\Project_Slave_Sensor_EnviroTrack\EWARM\Project_Slave_Sensor_EnviroTrack\Obj
[2] = dl7M_tlf.a
[3] = m7M_tls.a
[4] = rt7M_tl.a
[5] = shb_l.a

  55'485 bytes of readonly  code memory
   6'351 bytes of readonly  data memory
  11'039 bytes of readwrite data memory

Errors: none
Warnings: none
