###############################################################################
#
# IAR ELF Linker V8.40.2.214/W32 for ARM                  05/Mar/2026  15:54:17
# Copyright 2007-2019 IAR Systems AB.
#
#    Output file  =
#        D:\Saoviet_Git\Saoviet_EnviroTrack_M_And_S_RawW\Project_Slave_Chemins_DO\Project_Slave_Sensor_EnviroTrack\EWARM\Project_Slave_Sensor_EnviroTrack\Exe\Project_Slave_Sensor_EnviroTrack.out
#    Map file     =
#        D:\Saoviet_Git\Saoviet_EnviroTrack_M_And_S_RawW\Project_Slave_Chemins_DO\Project_Slave_Sensor_EnviroTrack\EWARM\Project_Slave_Sensor_EnviroTrack\List\Project_Slave_Sensor_EnviroTrack.map
#    Command line =
#        -f C:\Users\PC\AppData\Local\Temp\EW310F.tmp
#        (D:\Saoviet_Git\Saoviet_EnviroTrack_M_And_S_RawW\Project_Slave_Chemins_DO\Project_Slave_Sensor_EnviroTrack\EWARM\Project_Slave_Sensor_EnviroTrack\Obj\button.o
#        D:\Saoviet_Git\Saoviet_EnviroTrack_M_And_S_RawW\Project_Slave_Chemins_DO\Project_Slave_Sensor_EnviroTrack\EWARM\Project_Slave_Sensor_EnviroTrack\Obj\dma.o
#        D:\Saoviet_Git\Saoviet_EnviroTrack_M_And_S_RawW\Project_Slave_Chemins_DO\Project_Slave_Sensor_EnviroTrack\EWARM\Project_Slave_Sensor_EnviroTrack\Obj\event_driven.o
#        D:\Saoviet_Git\Saoviet_EnviroTrack_M_And_S_RawW\Project_Slave_Chemins_DO\Project_Slave_Sensor_EnviroTrack\EWARM\Project_Slave_Sensor_EnviroTrack\Obj\glcd.o
#        D:\Saoviet_Git\Saoviet_EnviroTrack_M_And_S_RawW\Project_Slave_Chemins_DO\Project_Slave_Sensor_EnviroTrack\EWARM\Project_Slave_Sensor_EnviroTrack\Obj\gpio.o
#        D:\Saoviet_Git\Saoviet_EnviroTrack_M_And_S_RawW\Project_Slave_Chemins_DO\Project_Slave_Sensor_EnviroTrack\EWARM\Project_Slave_Sensor_EnviroTrack\Obj\graphics.o
#        D:\Saoviet_Git\Saoviet_EnviroTrack_M_And_S_RawW\Project_Slave_Chemins_DO\Project_Slave_Sensor_EnviroTrack\EWARM\Project_Slave_Sensor_EnviroTrack\Obj\graphs.o
#        D:\Saoviet_Git\Saoviet_EnviroTrack_M_And_S_RawW\Project_Slave_Chemins_DO\Project_Slave_Sensor_EnviroTrack\EWARM\Project_Slave_Sensor_EnviroTrack\Obj\lcd_display.o
#        D:\Saoviet_Git\Saoviet_EnviroTrack_M_And_S_RawW\Project_Slave_Chemins_DO\Project_Slave_Sensor_EnviroTrack\EWARM\Project_Slave_Sensor_EnviroTrack\Obj\main.o
#        D:\Saoviet_Git\Saoviet_EnviroTrack_M_And_S_RawW\Project_Slave_Chemins_DO\Project_Slave_Sensor_EnviroTrack\EWARM\Project_Slave_Sensor_EnviroTrack\Obj\NT75451.o
#        D:\Saoviet_Git\Saoviet_EnviroTrack_M_And_S_RawW\Project_Slave_Chemins_DO\Project_Slave_Sensor_EnviroTrack\EWARM\Project_Slave_Sensor_EnviroTrack\Obj\onchipflash.o
#        D:\Saoviet_Git\Saoviet_EnviroTrack_M_And_S_RawW\Project_Slave_Chemins_DO\Project_Slave_Sensor_EnviroTrack\EWARM\Project_Slave_Sensor_EnviroTrack\Obj\PCD8544.o
#        D:\Saoviet_Git\Saoviet_EnviroTrack_M_And_S_RawW\Project_Slave_Chemins_DO\Project_Slave_Sensor_EnviroTrack\EWARM\Project_Slave_Sensor_EnviroTrack\Obj\queue_p.o
#        D:\Saoviet_Git\Saoviet_EnviroTrack_M_And_S_RawW\Project_Slave_Chemins_DO\Project_Slave_Sensor_EnviroTrack\EWARM\Project_Slave_Sensor_EnviroTrack\Obj\rtc.o
#        D:\Saoviet_Git\Saoviet_EnviroTrack_M_And_S_RawW\Project_Slave_Chemins_DO\Project_Slave_Sensor_EnviroTrack\EWARM\Project_Slave_Sensor_EnviroTrack\Obj\spi.o
#        D:\Saoviet_Git\Saoviet_EnviroTrack_M_And_S_RawW\Project_Slave_Chemins_DO\Project_Slave_Sensor_EnviroTrack\EWARM\Project_Slave_Sensor_EnviroTrack\Obj\ST7565R.o
#        D:\Saoviet_Git\Saoviet_EnviroTrack_M_And_S_RawW\Project_Slave_Chemins_DO\Project_Slave_Sensor_EnviroTrack\EWARM\Project_Slave_Sensor_EnviroTrack\Obj\startup_stm32l433xx.o
#        D:\Saoviet_Git\Saoviet_EnviroTrack_M_And_S_RawW\Project_Slave_Chemins_DO\Project_Slave_Sensor_EnviroTrack\EWARM\Project_Slave_Sensor_EnviroTrack\Obj\STM32F0xx.o
#        D:\Saoviet_Git\Saoviet_EnviroTrack_M_And_S_RawW\Project_Slave_Chemins_DO\Project_Slave_Sensor_EnviroTrack\EWARM\Project_Slave_Sensor_EnviroTrack\Obj\STM32F10x.o
#        D:\Saoviet_Git\Saoviet_EnviroTrack_M_And_S_RawW\Project_Slave_Chemins_DO\Project_Slave_Sensor_EnviroTrack\EWARM\Project_Slave_Sensor_EnviroTrack\Obj\STM32F4.o
#        D:\Saoviet_Git\Saoviet_EnviroTrack_M_And_S_RawW\Project_Slave_Chemins_DO\Project_Slave_Sensor_EnviroTrack\EWARM\Project_Slave_Sensor_EnviroTrack\Obj\STM32L4.o
#        D:\Saoviet_Git\Saoviet_EnviroTrack_M_And_S_RawW\Project_Slave_Chemins_DO\Project_Slave_Sensor_EnviroTrack\EWARM\Project_Slave_Sensor_EnviroTrack\Obj\stm32l4xx_hal.o
#        D:\Saoviet_Git\Saoviet_EnviroTrack_M_And_S_RawW\Project_Slave_Chemins_DO\Project_Slave_Sensor_EnviroTrack\EWARM\Project_Slave_Sensor_EnviroTrack\Obj\stm32l4xx_hal_cortex.o
#        D:\Saoviet_Git\Saoviet_EnviroTrack_M_And_S_RawW\Project_Slave_Chemins_DO\Project_Slave_Sensor_EnviroTrack\EWARM\Project_Slave_Sensor_EnviroTrack\Obj\stm32l4xx_hal_dma.o
#        D:\Saoviet_Git\Saoviet_EnviroTrack_M_And_S_RawW\Project_Slave_Chemins_DO\Project_Slave_Sensor_EnviroTrack\EWARM\Project_Slave_Sensor_EnviroTrack\Obj\stm32l4xx_hal_dma_ex.o
#        D:\Saoviet_Git\Saoviet_EnviroTrack_M_And_S_RawW\Project_Slave_Chemins_DO\Project_Slave_Sensor_EnviroTrack\EWARM\Project_Slave_Sensor_EnviroTrack\Obj\stm32l4xx_hal_exti.o
#        D:\Saoviet_Git\Saoviet_EnviroTrack_M_And_S_RawW\Project_Slave_Chemins_DO\Project_Slave_Sensor_EnviroTrack\EWARM\Project_Slave_Sensor_EnviroTrack\Obj\stm32l4xx_hal_flash.o
#        D:\Saoviet_Git\Saoviet_EnviroTrack_M_And_S_RawW\Project_Slave_Chemins_DO\Project_Slave_Sensor_EnviroTrack\EWARM\Project_Slave_Sensor_EnviroTrack\Obj\stm32l4xx_hal_flash_ex.o
#        D:\Saoviet_Git\Saoviet_EnviroTrack_M_And_S_RawW\Project_Slave_Chemins_DO\Project_Slave_Sensor_EnviroTrack\EWARM\Project_Slave_Sensor_EnviroTrack\Obj\stm32l4xx_hal_flash_ramfunc.o
#        D:\Saoviet_Git\Saoviet_EnviroTrack_M_And_S_RawW\Project_Slave_Chemins_DO\Project_Slave_Sensor_EnviroTrack\EWARM\Project_Slave_Sensor_EnviroTrack\Obj\stm32l4xx_hal_gpio.o
#        D:\Saoviet_Git\Saoviet_EnviroTrack_M_And_S_RawW\Project_Slave_Chemins_DO\Project_Slave_Sensor_EnviroTrack\EWARM\Project_Slave_Sensor_EnviroTrack\Obj\stm32l4xx_hal_i2c.o
#        D:\Saoviet_Git\Saoviet_EnviroTrack_M_And_S_RawW\Project_Slave_Chemins_DO\Project_Slave_Sensor_EnviroTrack\EWARM\Project_Slave_Sensor_EnviroTrack\Obj\stm32l4xx_hal_i2c_ex.o
#        D:\Saoviet_Git\Saoviet_EnviroTrack_M_And_S_RawW\Project_Slave_Chemins_DO\Project_Slave_Sensor_EnviroTrack\EWARM\Project_Slave_Sensor_EnviroTrack\Obj\stm32l4xx_hal_msp.o
#        D:\Saoviet_Git\Saoviet_EnviroTrack_M_And_S_RawW\Project_Slave_Chemins_DO\Project_Slave_Sensor_EnviroTrack\EWARM\Project_Slave_Sensor_EnviroTrack\Obj\stm32l4xx_hal_pwr.o
#        D:\Saoviet_Git\Saoviet_EnviroTrack_M_And_S_RawW\Project_Slave_Chemins_DO\Project_Slave_Sensor_EnviroTrack\EWARM\Project_Slave_Sensor_EnviroTrack\Obj\stm32l4xx_hal_pwr_ex.o
#        D:\Saoviet_Git\Saoviet_EnviroTrack_M_And_S_RawW\Project_Slave_Chemins_DO\Project_Slave_Sensor_EnviroTrack\EWARM\Project_Slave_Sensor_EnviroTrack\Obj\stm32l4xx_hal_rcc.o
#        D:\Saoviet_Git\Saoviet_EnviroTrack_M_And_S_RawW\Project_Slave_Chemins_DO\Project_Slave_Sensor_EnviroTrack\EWARM\Project_Slave_Sensor_EnviroTrack\Obj\stm32l4xx_hal_rcc_ex.o
#        D:\Saoviet_Git\Saoviet_EnviroTrack_M_And_S_RawW\Project_Slave_Chemins_DO\Project_Slave_Sensor_EnviroTrack\EWARM\Project_Slave_Sensor_EnviroTrack\Obj\stm32l4xx_hal_rtc.o
#        D:\Saoviet_Git\Saoviet_EnviroTrack_M_And_S_RawW\Project_Slave_Chemins_DO\Project_Slave_Sensor_EnviroTrack\EWARM\Project_Slave_Sensor_EnviroTrack\Obj\stm32l4xx_hal_rtc_ex.o
#        D:\Saoviet_Git\Saoviet_EnviroTrack_M_And_S_RawW\Project_Slave_Chemins_DO\Project_Slave_Sensor_EnviroTrack\EWARM\Project_Slave_Sensor_EnviroTrack\Obj\stm32l4xx_hal_spi.o
#        D:\Saoviet_Git\Saoviet_EnviroTrack_M_And_S_RawW\Project_Slave_Chemins_DO\Project_Slave_Sensor_EnviroTrack\EWARM\Project_Slave_Sensor_EnviroTrack\Obj\stm32l4xx_hal_spi_ex.o
#        D:\Saoviet_Git\Saoviet_EnviroTrack_M_And_S_RawW\Project_Slave_Chemins_DO\Project_Slave_Sensor_EnviroTrack\EWARM\Project_Slave_Sensor_EnviroTrack\Obj\stm32l4xx_hal_uart.o
#        D:\Saoviet_Git\Saoviet_EnviroTrack_M_And_S_RawW\Project_Slave_Chemins_DO\Project_Slave_Sensor_EnviroTrack\EWARM\Project_Slave_Sensor_EnviroTrack\Obj\stm32l4xx_hal_uart_ex.o
#        D:\Saoviet_Git\Saoviet_EnviroTrack_M_And_S_RawW\Project_Slave_Chemins_DO\Project_Slave_Sensor_EnviroTrack\EWARM\Project_Slave_Sensor_EnviroTrack\Obj\stm32l4xx_it.o
#        D:\Saoviet_Git\Saoviet_EnviroTrack_M_And_S_RawW\Project_Slave_Chemins_DO\Project_Slave_Sensor_EnviroTrack\EWARM\Project_Slave_Sensor_EnviroTrack\Obj\system_stm32l4xx.o
#        D:\Saoviet_Git\Saoviet_EnviroTrack_M_And_S_RawW\Project_Slave_Chemins_DO\Project_Slave_Sensor_EnviroTrack\EWARM\Project_Slave_Sensor_EnviroTrack\Obj\text.o
#        D:\Saoviet_Git\Saoviet_EnviroTrack_M_And_S_RawW\Project_Slave_Chemins_DO\Project_Slave_Sensor_EnviroTrack\EWARM\Project_Slave_Sensor_EnviroTrack\Obj\text_tiny.o
#        D:\Saoviet_Git\Saoviet_EnviroTrack_M_And_S_RawW\Project_Slave_Chemins_DO\Project_Slave_Sensor_EnviroTrack\EWARM\Project_Slave_Sensor_EnviroTrack\Obj\unit_tests.o
#        D:\Saoviet_Git\Saoviet_EnviroTrack_M_And_S_RawW\Project_Slave_Chemins_DO\Project_Slave_Sensor_EnviroTrack\EWARM\Project_Slave_Sensor_EnviroTrack\Obj\usart.o
#        D:\Saoviet_Git\Saoviet_EnviroTrack_M_And_S_RawW\Project_Slave_Chemins_DO\Project_Slave_Sensor_EnviroTrack\EWARM\Project_Slave_Sensor_EnviroTrack\Obj\user_adv_trace.o
#        D:\Saoviet_Git\Saoviet_EnviroTrack_M_And_S_RawW\Project_Slave_Chemins_DO\Project_Slave_Sensor_EnviroTrack\EWARM\Project_Slave_Sensor_EnviroTrack\Obj\user_app_comm.o
#        D:\Saoviet_Git\Saoviet_EnviroTrack_M_And_S_RawW\Project_Slave_Chemins_DO\Project_Slave_Sensor_EnviroTrack\EWARM\Project_Slave_Sensor_EnviroTrack\Obj\user_app_modbus_rtu.o
#        D:\Saoviet_Git\Saoviet_EnviroTrack_M_And_S_RawW\Project_Slave_Chemins_DO\Project_Slave_Sensor_EnviroTrack\EWARM\Project_Slave_Sensor_EnviroTrack\Obj\user_app_rs485.o
#        D:\Saoviet_Git\Saoviet_EnviroTrack_M_And_S_RawW\Project_Slave_Chemins_DO\Project_Slave_Sensor_EnviroTrack\EWARM\Project_Slave_Sensor_EnviroTrack\Obj\user_app_sensor.o
#        D:\Saoviet_Git\Saoviet_EnviroTrack_M_And_S_RawW\Project_Slave_Chemins_DO\Project_Slave_Sensor_EnviroTrack\EWARM\Project_Slave_Sensor_EnviroTrack\Obj\user_at_serial.o
#        D:\Saoviet_Git\Saoviet_EnviroTrack_M_And_S_RawW\Project_Slave_Chemins_DO\Project_Slave_Sensor_EnviroTrack\EWARM\Project_Slave_Sensor_EnviroTrack\Obj\user_connect_sensor.o
#        D:\Saoviet_Git\Saoviet_EnviroTrack_M_And_S_RawW\Project_Slave_Chemins_DO\Project_Slave_Sensor_EnviroTrack\EWARM\Project_Slave_Sensor_EnviroTrack\Obj\user_convert_variable.o
#        D:\Saoviet_Git\Saoviet_EnviroTrack_M_And_S_RawW\Project_Slave_Chemins_DO\Project_Slave_Sensor_EnviroTrack\EWARM\Project_Slave_Sensor_EnviroTrack\Obj\user_internal_mem.o
#        D:\Saoviet_Git\Saoviet_EnviroTrack_M_And_S_RawW\Project_Slave_Chemins_DO\Project_Slave_Sensor_EnviroTrack\EWARM\Project_Slave_Sensor_EnviroTrack\Obj\user_mem_comm.o
#        D:\Saoviet_Git\Saoviet_EnviroTrack_M_And_S_RawW\Project_Slave_Chemins_DO\Project_Slave_Sensor_EnviroTrack\EWARM\Project_Slave_Sensor_EnviroTrack\Obj\user_modbus_rtu.o
#        D:\Saoviet_Git\Saoviet_EnviroTrack_M_And_S_RawW\Project_Slave_Chemins_DO\Project_Slave_Sensor_EnviroTrack\EWARM\Project_Slave_Sensor_EnviroTrack\Obj\user_obis_sv.o
#        D:\Saoviet_Git\Saoviet_EnviroTrack_M_And_S_RawW\Project_Slave_Chemins_DO\Project_Slave_Sensor_EnviroTrack\EWARM\Project_Slave_Sensor_EnviroTrack\Obj\user_rs485.o
#        D:\Saoviet_Git\Saoviet_EnviroTrack_M_And_S_RawW\Project_Slave_Chemins_DO\Project_Slave_Sensor_EnviroTrack\EWARM\Project_Slave_Sensor_EnviroTrack\Obj\user_rtc.o
#        D:\Saoviet_Git\Saoviet_EnviroTrack_M_And_S_RawW\Project_Slave_Chemins_DO\Project_Slave_Sensor_EnviroTrack\EWARM\Project_Slave_Sensor_EnviroTrack\Obj\user_string.o
#        D:\Saoviet_Git\Saoviet_EnviroTrack_M_And_S_RawW\Project_Slave_Chemins_DO\Project_Slave_Sensor_EnviroTrack\EWARM\Project_Slave_Sensor_EnviroTrack\Obj\user_time.o
#        D:\Saoviet_Git\Saoviet_EnviroTrack_M_And_S_RawW\Project_Slave_Chemins_DO\Project_Slave_Sensor_EnviroTrack\EWARM\Project_Slave_Sensor_EnviroTrack\Obj\user_timer.o
#        D:\Saoviet_Git\Saoviet_EnviroTrack_M_And_S_RawW\Project_Slave_Chemins_DO\Project_Slave_Sensor_EnviroTrack\EWARM\Project_Slave_Sensor_EnviroTrack\Obj\user_tiny_vsnprintf.o
#        D:\Saoviet_Git\Saoviet_EnviroTrack_M_And_S_RawW\Project_Slave_Chemins_DO\Project_Slave_Sensor_EnviroTrack\EWARM\Project_Slave_Sensor_EnviroTrack\Obj\user_uart.o
#        D:\Saoviet_Git\Saoviet_EnviroTrack_M_And_S_RawW\Project_Slave_Chemins_DO\Project_Slave_Sensor_EnviroTrack\EWARM\Project_Slave_Sensor_EnviroTrack\Obj\user_util.o
#        --no_out_extension -o
#        D:\Saoviet_Git\Saoviet_EnviroTrack_M_And_S_RawW\Project_Slave_Chemins_DO\Project_Slave_Sensor_EnviroTrack\EWARM\Project_Slave_Sensor_EnviroTrack\Exe\Project_Slave_Sensor_EnviroTrack.out
#        --redirect _Printf=_PrintfFullNoMb --redirect _Scanf=_ScanfFullNoMb
#        --map
#        D:\Saoviet_Git\Saoviet_EnviroTrack_M_And_S_RawW\Project_Slave_Chemins_DO\Project_Slave_Sensor_EnviroTrack\EWARM\Project_Slave_Sensor_EnviroTrack\List\Project_Slave_Sensor_EnviroTrack.map
#        --config
#        D:\Saoviet_Git\Saoviet_EnviroTrack_M_And_S_RawW\Project_Slave_Chemins_DO\Project_Slave_Sensor_EnviroTrack\EWARM/stm32l433xx_flash.icf
#        --semihosting --entry __iar_program_start --vfe --text_out locale)
#
###############################################################################

*******************************************************************************
*** RUNTIME MODEL ATTRIBUTES
***

CppFlavor       = *
__Heap_Handler  = DLMalloc
__SystemLibrary = DLib
__dlib_version  = 6


*******************************************************************************
*** HEAP SELECTION
***

The advanced heap was selected because the application calls memory
allocation functions outside of system library functions, and there
are calls to deallocation functions in the application.


*******************************************************************************
*** PLACEMENT SUMMARY
***

"A0":  place at address 0x800'0000 { ro section .intvec };
"P1":  place in [from 0x800'0000 to 0x803'ffff] { ro };
define block CSTACK with size = 1K, alignment = 8 { };
define block HEAP with size = 512, alignment = 8 { };
"P2":  place in [from 0x2000'0000 to 0x2000'ffff] {
          rw, block CSTACK, block HEAP };
initialize by copy { rw };

  Section            Kind         Address    Size  Object
  -------            ----         -------    ----  ------
"A0":                                       0x18c
  .intvec            ro code   0x800'0000   0x18c  startup_stm32l433xx.o [1]
                             - 0x800'018c   0x18c

"P1":                                      0xfe35
  .text              ro code   0x800'018c  0x19cc  button.o [1]
  .text              ro code   0x800'1b58   0x380  stm32l4xx_hal_gpio.o [1]
  .text              ro code   0x800'1ed8   0x21c  user_util.o [1]
  .text              ro code   0x800'20f4   0xcbc  lcd_display.o [1]
  .text              ro code   0x800'2db0  0x15e0  user_app_sensor.o [1]
  .text              ro code   0x800'4390   0xab4  user_app_modbus_rtu.o [1]
  .text              ro code   0x800'4e44   0x40c  user_convert_variable.o [1]
  .text              ro code   0x800'5250    0x36  strlen.o [4]
  .text              ro code   0x800'5286    0x3a  zero_init3.o [4]
  .text              ro code   0x800'52c0    0x22  S32ToDbl.o [3]
  .text              ro code   0x800'52e2     0xa  xsprout.o [2]
  .text              ro code   0x800'52ec    0x16  math_wrappers64.o [3]
  .rodata            const     0x800'5302     0x2  xlocale_c.o [2]
  .text              ro code   0x800'5304   0x246  DblDiv.o [3]
  .rodata            const     0x800'554a     0x1  xlocale_c.o [2]
  .text              ro code   0x800'554c    0x68  DblToFlt.o [3]
  .text              ro code   0x800'55b4    0x1a  U32ToDbl.o [3]
  .text              ro code   0x800'55d0    0x48  FltToDbl.o [3]
  .text              ro code   0x800'5618    0x40  sprintf.o [2]
  .text              ro code   0x800'5658    0xb0  STM32L4.o [1]
  .text              ro code   0x800'5708     0xc  stm32l4xx_hal.o [1]
  .text              ro code   0x800'5714   0x290  text_tiny.o [1]
  .text              ro code   0x800'59a4    0x54  event_driven.o [1]
  .text              ro code   0x800'59f8    0x14  unit_tests.o [1]
  .text              ro code   0x800'5a0c   0x110  glcd.o [1]
  .text              ro code   0x800'5b1c   0x15c  ST7565R.o [1]
  .text              ro code   0x800'5c78    0x66  ABImemset.o [4]
  .text              ro code   0x800'5ce0   0x390  text.o [1]
  .text              ro code   0x800'6070   0x200  graphics.o [1]
  .text              ro code   0x800'6270   0x350  user_modbus_rtu.o [1]
  .text              ro code   0x800'65c0   0x39c  usart.o [1]
  .text              ro code   0x800'695c    0x74  user_connect_sensor.o [1]
  .text              ro code   0x800'69d0    0x28  stm32l4xx_hal.o [1]
  .text              ro code   0x800'69f8   0xfc8  stm32l4xx_hal_uart.o [1]
  .text              ro code   0x800'79c0   0x172  onchipflash.o [1]
  .text              ro code   0x800'7b34    0xa6  ABImemcpy.o [4]
  .text              ro code   0x800'7bdc   0x230  I64DivMod.o [4]
  .text              ro code   0x800'7e0c   0x1a2  DblMul.o [3]
  .text              ro code   0x800'7fb0   0x17a  DblAdd.o [3]
  .text              ro code   0x800'812c    0x3a  DblToS32.o [3]
  .text              ro code   0x800'8168   0x6ec  pow64.o [3]
  .text              ro code   0x800'8854   0xfc6  xprintffull_nomb.o [2]
  .text              ro code   0x800'981c   0x52a  stm32l4xx_hal_spi.o [1]
  .text              ro code   0x800'9d46     0x8  abs.o [2]
  .text              ro code   0x800'9d4e    0xc2  main.o [1]
  .text              ro code   0x800'9e10    0x14  memset.o [4]
  .text              ro code   0x800'9e24   0x4e8  stm32l4xx_hal_rcc_ex.o [1]
  .text              ro code   0x800'a30c   0x422  stm32l4xx_hal_dma.o [1]
  .text              ro code   0x800'a730   0x194  stm32l4xx_hal_cortex.o [1]
  .text              ro code   0x800'a8c4   0x128  user_uart.o [1]
  .text              ro code   0x800'a9ec    0x72  stm32l4xx_hal_uart_ex.o [1]
  .text              ro code   0x800'aa60   0x9fc  stm32l4xx_hal_rcc.o [1]
  .text              ro code   0x800'b45c     0x2  stm32l4xx_hal_uart.o [1]
  .text              ro code   0x800'b45e     0x2  stm32l4xx_hal_uart.o [1]
  .text              ro code   0x800'b460   0x1b8  stm32l4xx_hal_flash.o [1]
  .text              ro code   0x800'b618    0xa0  stm32l4xx_hal_flash_ex.o [1]
  .text              ro code   0x800'b6b8     0x2  I64DivZer.o [4]
  .text              ro code   0x800'b6bc    0xe2  DblSub.o [3]
  .text              ro code   0x800'b7a0    0x20  DblCmpEq.o [3]
  .text              ro code   0x800'b7c0    0x70  frexp.o [3]
  .text              ro code   0x800'b830    0x2e  DblCmpLe.o [3]
  .text              ro code   0x800'b860    0x2e  DblCmpGe.o [3]
  .text              ro code   0x800'b890   0x3e8  iar_Exp64.o [3]
  .text              ro code   0x800'bc78    0x16  strchr.o [4]
  .text              ro code   0x800'bc90    0x40  xfail_s.o [2]
  .text              ro code   0x800'bcd0    0x58  memchr.o [4]
  .text              ro code   0x800'bd28   0x13a  ldexp.o [3]
  .text              ro code   0x800'be64    0x28  DblToU32.o [3]
  .text              ro code   0x800'be8c     0x8  xlocale_c.o [2]
  .text              ro code   0x800'be94    0xc8  spi.o [1]
  .text              ro code   0x800'bf5c    0x24  stm32l4xx_hal.o [1]
  .text              ro code   0x800'bf80   0x1d0  gpio.o [1]
  .text              ro code   0x800'c150    0x60  dma.o [1]
  .text              ro code   0x800'c1b0   0x150  rtc.o [1]
  .text              ro code   0x800'c300   0x4b0  user_app_comm.o [1]
  .text              ro code   0x800'c7b0    0x94  stm32l4xx_hal_pwr_ex.o [1]
  .text              ro code   0x800'c844    0x70  user_rs485.o [1]
  .text              ro code   0x800'c8b4   0x23a  user_adv_trace.o [1]
  .text              ro code   0x800'caf0    0x60  stm32l4xx_hal.o [1]
  .text              ro code   0x800'cb50     0x6  abort.o [2]
  .text              ro code   0x800'cb58    0x38  stm32l4xx_hal_msp.o [1]
  .text              ro code   0x800'cb90   0x78e  stm32l4xx_hal_rtc.o [1]
  .text              ro code   0x800'd320   0x310  user_timer.o [1]
  .text              ro code   0x800'd630   0x1dc  user_at_serial.o [1]
  .text              ro code   0x800'd80c    0x58  user_time.o [1]
  .text              ro code   0x800'd864   0x180  user_app_rs485.o [1]
  .text              ro code   0x800'd9e4   0x350  user_tiny_vsnprintf.o [1]
  .text              ro code   0x800'dd34    0x14  exit.o [5]
  .text              ro code   0x800'dd48   0x3a8  user_rtc.o [1]
  .text              ro code   0x800'e0f0     0x2  stm32l4xx_hal_rtc_ex.o [1]
  .text              ro code   0x800'e0f2   0x1e6  user_string.o [1]
  .text              ro code   0x800'e2d8    0x48  stm32l4xx_hal_rtc_ex.o [1]
  .rodata            const     0x800'e320    0x34  user_app_sensor.o [1]
  .rodata            const     0x800'e358   0x420  pow64.o [3]
  .rodata            const     0x800'e778   0x400  unit_tests.o [1]
  .rodata            const     0x800'eb78   0x228  lcd_display.o [1]
  .rodata            const     0x800'eda0   0x214  lcd_display.o [1]
  .text              ro code   0x800'efb4    0xd4  stm32l4xx_it.o [1]
  .text              ro code   0x800'f088    0x18  stm32l4xx_hal.o [1]
  .text              ro code   0x800'f0a0    0x78  lz77_init_single.o [4]
  .rodata            const     0x800'f118    0x34  user_app_sensor.o [1]
  .rodata            const     0x800'f14c    0x30  system_stm32l4xx.o [1]
  .rodata            const     0x800'f17c    0x2c  user_rtc.o [1]
  .rodata            const     0x800'f1a8    0x28  user_tiny_vsnprintf.o [1]
  .rodata            const     0x800'f1d0    0x28  user_tiny_vsnprintf.o [1]
  .text              ro code   0x800'f1f8    0x28  data_init.o [4]
  .text              ro code   0x800'f220    0x22  fpinit_M.o [3]
  .iar.init_table    const     0x800'f244    0x20  - Linker created -
  .rodata            const     0x800'f264    0x20  user_rtc.o [1]
  .text              ro code   0x800'f284    0x1e  cmain.o [4]
  .text              ro code   0x800'f2a2     0x4  low_level_init.o [2]
  .text              ro code   0x800'f2a6     0x4  exit.o [2]
  .text              ro code   0x800'f2ac     0xa  cexit.o [4]
  .rodata            const     0x800'f2b8    0x1c  user_app_comm.o [1]
  .rodata            const     0x800'f2d4    0x1c  user_uart.o [1]
  .rodata            const     0x800'f2f0    0x18  user_app_comm.o [1]
  .rodata            const     0x800'f308    0x14  lcd_display.o [1]
  .rodata            const     0x800'f31c    0x14  user_app_comm.o [1]
  .rodata            const     0x800'f330    0x14  user_at_serial.o [1]
  .rodata            const     0x800'f344    0x14  user_at_serial.o [1]
  .rodata            const     0x800'f358    0x14  user_at_serial.o [1]
  .rodata            const     0x800'f36c    0x14  user_at_serial.o [1]
  .rodata            const     0x800'f380    0x14  user_at_serial.o [1]
  .rodata            const     0x800'f394    0x10  lcd_display.o [1]
  .rodata            const     0x800'f3a4    0x10  lcd_display.o [1]
  .rodata            const     0x800'f3b4    0x10  lcd_display.o [1]
  .rodata            const     0x800'f3c4    0x10  lcd_display.o [1]
  .rodata            const     0x800'f3d4    0x10  lcd_display.o [1]
  .rodata            const     0x800'f3e4    0x10  lcd_display.o [1]
  .rodata            const     0x800'f3f4    0x10  lcd_display.o [1]
  .rodata            const     0x800'f404    0x10  lcd_display.o [1]
  .rodata            const     0x800'f414    0x10  lcd_display.o [1]
  .rodata            const     0x800'f424    0x10  lcd_display.o [1]
  .rodata            const     0x800'f434    0x10  lcd_display.o [1]
  .rodata            const     0x800'f444    0x10  system_stm32l4xx.o [1]
  .rodata            const     0x800'f454    0x10  user_app_sensor.o [1]
  .rodata            const     0x800'f464    0x10  user_at_serial.o [1]
  .rodata            const     0x800'f474    0x10  user_at_serial.o [1]
  .rodata            const     0x800'f484    0x10  user_at_serial.o [1]
  .rodata            const     0x800'f494    0x10  user_at_serial.o [1]
  .rodata            const     0x800'f4a4    0x10  user_at_serial.o [1]
  .rodata            const     0x800'f4b4    0x10  user_at_serial.o [1]
  .rodata            const     0x800'f4c4    0x10  user_at_serial.o [1]
  .rodata            const     0x800'f4d4    0x10  user_at_serial.o [1]
  .rodata            const     0x800'f4e4    0x10  user_at_serial.o [1]
  .rodata            const     0x800'f4f4    0x10  user_at_serial.o [1]
  .rodata            const     0x800'f504    0x10  user_at_serial.o [1]
  .rodata            const     0x800'f514    0x10  user_at_serial.o [1]
  .rodata            const     0x800'f524    0x10  user_at_serial.o [1]
  .rodata            const     0x800'f534    0x10  user_at_serial.o [1]
  .rodata            const     0x800'f544    0x10  user_at_serial.o [1]
  .rodata            const     0x800'f554    0x10  user_at_serial.o [1]
  .rodata            const     0x800'f564    0x10  user_at_serial.o [1]
  .rodata            const     0x800'f574    0x10  user_at_serial.o [1]
  .rodata            const     0x800'f584    0x10  user_at_serial.o [1]
  .rodata            const     0x800'f594    0x10  user_at_serial.o [1]
  .rodata            const     0x800'f5a4    0x10  user_at_serial.o [1]
  .rodata            const     0x800'f5b4    0x10  user_at_serial.o [1]
  .rodata            const     0x800'f5c4    0x10  user_at_serial.o [1]
  .rodata            const     0x800'f5d4    0x10  user_at_serial.o [1]
  .rodata            const     0x800'f5e4    0x10  user_at_serial.o [1]
  .rodata            const     0x800'f5f4    0x10  user_at_serial.o [1]
  .rodata            const     0x800'f604    0x10  user_at_serial.o [1]
  .rodata            const     0x800'f614    0x10  user_at_serial.o [1]
  .text              ro code   0x800'f624    0x10  startup_stm32l433xx.o [1]
  .text              ro code   0x800'f634    0x10  system_stm32l4xx.o [1]
  .rodata            const     0x800'f644     0xc  lcd_display.o [1]
  .rodata            const     0x800'f650     0xc  lcd_display.o [1]
  .rodata            const     0x800'f65c     0xc  lcd_display.o [1]
  .rodata            const     0x800'f668     0xc  lcd_display.o [1]
  .rodata            const     0x800'f674     0xc  lcd_display.o [1]
  .rodata            const     0x800'f680     0xc  lcd_display.o [1]
  .rodata            const     0x800'f68c     0xc  lcd_display.o [1]
  .rodata            const     0x800'f698     0xc  lcd_display.o [1]
  .rodata            const     0x800'f6a4     0xc  lcd_display.o [1]
  .rodata            const     0x800'f6b0     0xc  lcd_display.o [1]
  .rodata            const     0x800'f6bc     0xc  lcd_display.o [1]
  .rodata            const     0x800'f6c8     0xc  lcd_display.o [1]
  .rodata            const     0x800'f6d4     0xc  lcd_display.o [1]
  .rodata            const     0x800'f6e0     0xc  lcd_display.o [1]
  .rodata            const     0x800'f6ec     0xc  lcd_display.o [1]
  .rodata            const     0x800'f6f8     0xc  lcd_display.o [1]
  .rodata            const     0x800'f704     0xc  lcd_display.o [1]
  .rodata            const     0x800'f710     0xc  lcd_display.o [1]
  .rodata            const     0x800'f71c     0xc  user_app_comm.o [1]
  .rodata            const     0x800'f728     0xc  user_app_sensor.o [1]
  .rodata            const     0x800'f734     0xc  user_at_serial.o [1]
  .rodata            const     0x800'f740     0xc  user_at_serial.o [1]
  .rodata            const     0x800'f74c     0xc  user_at_serial.o [1]
  .rodata            const     0x800'f758     0xc  user_at_serial.o [1]
  .rodata            const     0x800'f764     0xc  user_at_serial.o [1]
  .rodata            const     0x800'f770     0xc  user_at_serial.o [1]
  .rodata            const     0x800'f77c     0xc  user_at_serial.o [1]
  .rodata            const     0x800'f788     0xc  user_at_serial.o [1]
  .rodata            const     0x800'f794     0xc  user_at_serial.o [1]
  .rodata            const     0x800'f7a0     0xc  user_at_serial.o [1]
  .rodata            const     0x800'f7ac     0xc  user_at_serial.o [1]
  .rodata            const     0x800'f7b8     0xc  user_at_serial.o [1]
  .rodata            const     0x800'f7c4     0xc  user_at_serial.o [1]
  .rodata            const     0x800'f7d0     0xc  user_at_serial.o [1]
  .rodata            const     0x800'f7dc     0xc  user_at_serial.o [1]
  .rodata            const     0x800'f7e8     0xc  user_at_serial.o [1]
  .rodata            const     0x800'f7f4     0xc  user_at_serial.o [1]
  .rodata            const     0x800'f800     0xc  user_at_serial.o [1]
  .rodata            const     0x800'f80c     0xc  user_at_serial.o [1]
  .rodata            const     0x800'f818     0xc  user_at_serial.o [1]
  .rodata            const     0x800'f824     0xc  user_at_serial.o [1]
  .rodata            const     0x800'f830     0xc  user_at_serial.o [1]
  .rodata            const     0x800'f83c     0xc  user_at_serial.o [1]
  .rodata            const     0x800'f848     0xc  user_at_serial.o [1]
  .rodata            const     0x800'f854     0xc  user_at_serial.o [1]
  .rodata            const     0x800'f860     0xc  user_at_serial.o [1]
  .rodata            const     0x800'f86c     0xc  user_at_serial.o [1]
  .rodata            const     0x800'f878     0xc  user_at_serial.o [1]
  .rodata            const     0x800'f884     0xc  user_rtc.o [1]
  .rodata            const     0x800'f890     0xc  user_rtc.o [1]
  .text              ro code   0x800'f89c     0xc  cstartup_M.o [4]
  .rodata            const     0x800'f8a8     0x8  lcd_display.o [1]
  .rodata            const     0x800'f8b0     0x8  lcd_display.o [1]
  .rodata            const     0x800'f8b8     0x8  lcd_display.o [1]
  .rodata            const     0x800'f8c0     0x8  lcd_display.o [1]
  .rodata            const     0x800'f8c8     0x8  lcd_display.o [1]
  .rodata            const     0x800'f8d0     0x8  lcd_display.o [1]
  .rodata            const     0x800'f8d8     0x8  lcd_display.o [1]
  .rodata            const     0x800'f8e0     0x8  lcd_display.o [1]
  .rodata            const     0x800'f8e8     0x8  lcd_display.o [1]
  .rodata            const     0x800'f8f0     0x8  lcd_display.o [1]
  .rodata            const     0x800'f8f8     0x8  lcd_display.o [1]
  .rodata            const     0x800'f900     0x8  lcd_display.o [1]
  .rodata            const     0x800'f908     0x8  system_stm32l4xx.o [1]
  .rodata            const     0x800'f910     0x8  user_app_modbus_rtu.o [1]
  .rodata            const     0x800'f918     0x8  user_app_modbus_rtu.o [1]
  .rodata            const     0x800'f920     0x8  user_app_sensor.o [1]
  .rodata            const     0x800'f928     0x8  user_app_sensor.o [1]
  .rodata            const     0x800'f930     0x8  user_app_sensor.o [1]
  .rodata            const     0x800'f938     0x8  user_app_sensor.o [1]
  .rodata            const     0x800'f940     0x8  user_at_serial.o [1]
  .rodata            const     0x800'f948     0x8  user_at_serial.o [1]
  .rodata            const     0x800'f950     0x8  user_at_serial.o [1]
  .rodata            const     0x800'f958     0x8  user_at_serial.o [1]
  .rodata            const     0x800'f960     0x8  user_at_serial.o [1]
  .rodata            const     0x800'f968     0x8  user_tiny_vsnprintf.o [1]
  .rodata            const     0x800'f970     0x8  user_util.o [1]
  .rodata            const     0x800'f978     0x8  xprintffull_nomb.o [2]
  .rodata            const     0x800'f980     0x4  lcd_display.o [1]
  .rodata            const     0x800'f984     0x4  lcd_display.o [1]
  .rodata            const     0x800'f988     0x4  lcd_display.o [1]
  .rodata            const     0x800'f98c     0x4  lcd_display.o [1]
  .rodata            const     0x800'f990     0x4  lcd_display.o [1]
  .text              ro code   0x800'f994     0x4  startup_stm32l433xx.o [1]
  .text              ro code   0x800'f998     0x4  startup_stm32l433xx.o [1]
  .text              ro code   0x800'f99c     0x4  startup_stm32l433xx.o [1]
  .text              ro code   0x800'f9a0     0x4  startup_stm32l433xx.o [1]
  .text              ro code   0x800'f9a4     0x4  startup_stm32l433xx.o [1]
  .text              ro code   0x800'f9a8     0x4  startup_stm32l433xx.o [1]
  .text              ro code   0x800'f9ac     0x4  startup_stm32l433xx.o [1]
  .text              ro code   0x800'f9b0     0x4  startup_stm32l433xx.o [1]
  .text              ro code   0x800'f9b4     0x4  startup_stm32l433xx.o [1]
  .text              ro code   0x800'f9b8     0x4  startup_stm32l433xx.o [1]
  .text              ro code   0x800'f9bc     0x4  startup_stm32l433xx.o [1]
  .text              ro code   0x800'f9c0     0x4  startup_stm32l433xx.o [1]
  .text              ro code   0x800'f9c4     0x4  startup_stm32l433xx.o [1]
  .text              ro code   0x800'f9c8     0x4  startup_stm32l433xx.o [1]
  .text              ro code   0x800'f9cc     0x4  startup_stm32l433xx.o [1]
  .text              ro code   0x800'f9d0     0x4  startup_stm32l433xx.o [1]
  .text              ro code   0x800'f9d4     0x4  startup_stm32l433xx.o [1]
  .text              ro code   0x800'f9d8     0x4  startup_stm32l433xx.o [1]
  .text              ro code   0x800'f9dc     0x4  startup_stm32l433xx.o [1]
  .text              ro code   0x800'f9e0     0x4  startup_stm32l433xx.o [1]
  .text              ro code   0x800'f9e4     0x4  startup_stm32l433xx.o [1]
  .text              ro code   0x800'f9e8     0x4  startup_stm32l433xx.o [1]
  .text              ro code   0x800'f9ec     0x4  startup_stm32l433xx.o [1]
  .text              ro code   0x800'f9f0     0x4  startup_stm32l433xx.o [1]
  .text              ro code   0x800'f9f4     0x4  startup_stm32l433xx.o [1]
  .text              ro code   0x800'f9f8     0x4  startup_stm32l433xx.o [1]
  .text              ro code   0x800'f9fc     0x4  startup_stm32l433xx.o [1]
  .text              ro code   0x800'fa00     0x4  startup_stm32l433xx.o [1]
  .text              ro code   0x800'fa04     0x4  startup_stm32l433xx.o [1]
  .text              ro code   0x800'fa08     0x4  startup_stm32l433xx.o [1]
  .text              ro code   0x800'fa0c     0x4  startup_stm32l433xx.o [1]
  .text              ro code   0x800'fa10     0x4  startup_stm32l433xx.o [1]
  .text              ro code   0x800'fa14     0x4  startup_stm32l433xx.o [1]
  .text              ro code   0x800'fa18     0x4  startup_stm32l433xx.o [1]
  .text              ro code   0x800'fa1c     0x4  startup_stm32l433xx.o [1]
  .text              ro code   0x800'fa20     0x4  startup_stm32l433xx.o [1]
  .text              ro code   0x800'fa24     0x4  startup_stm32l433xx.o [1]
  .text              ro code   0x800'fa28     0x4  startup_stm32l433xx.o [1]
  .text              ro code   0x800'fa2c     0x4  startup_stm32l433xx.o [1]
  .text              ro code   0x800'fa30     0x4  startup_stm32l433xx.o [1]
  .text              ro code   0x800'fa34     0x4  startup_stm32l433xx.o [1]
  .text              ro code   0x800'fa38     0x4  startup_stm32l433xx.o [1]
  .text              ro code   0x800'fa3c     0x4  startup_stm32l433xx.o [1]
  .text              ro code   0x800'fa40     0x4  startup_stm32l433xx.o [1]
  .text              ro code   0x800'fa44     0x4  startup_stm32l433xx.o [1]
  .text              ro code   0x800'fa48     0x4  startup_stm32l433xx.o [1]
  .text              ro code   0x800'fa4c     0x4  startup_stm32l433xx.o [1]
  .text              ro code   0x800'fa50     0x4  startup_stm32l433xx.o [1]
  .text              ro code   0x800'fa54     0x4  startup_stm32l433xx.o [1]
  .text              ro code   0x800'fa58     0x4  startup_stm32l433xx.o [1]
  .text              ro code   0x800'fa5c     0x4  startup_stm32l433xx.o [1]
  .text              ro code   0x800'fa60     0x4  startup_stm32l433xx.o [1]
  .text              ro code   0x800'fa64     0x4  startup_stm32l433xx.o [1]
  .text              ro code   0x800'fa68     0x4  startup_stm32l433xx.o [1]
  .text              ro code   0x800'fa6c     0x4  startup_stm32l433xx.o [1]
  .text              ro code   0x800'fa70     0x4  startup_stm32l433xx.o [1]
  .text              ro code   0x800'fa74     0x4  startup_stm32l433xx.o [1]
  .text              ro code   0x800'fa78     0x4  startup_stm32l433xx.o [1]
  .text              ro code   0x800'fa7c     0x4  startup_stm32l433xx.o [1]
  .rodata            const     0x800'fa80     0x0  zero_init3.o [4]
  .rodata            const     0x800'fa80     0x0  lz77_init_single.o [4]
  Initializer bytes  const     0x800'fa80   0x541  <for P2-1>
                             - 0x800'ffc1  0xfe35

"P2", part 1 of 3:                          0xc1d
  P2-1                        0x2000'0000   0xc1d  <Init block>
    .data            inited   0x2000'0000     0xc  button.o [1]
    .data            inited   0x2000'000c    0x70  lcd_display.o [1]
    .data            inited   0x2000'007c    0x54  lcd_display.o [1]
    .data            inited   0x2000'00d0     0x8  lcd_display.o [1]
    .data            inited   0x2000'00d8     0x4  lcd_display.o [1]
    .data            inited   0x2000'00dc    0x10  lcd_display.o [1]
    .data            inited   0x2000'00ec    0x10  lcd_display.o [1]
    .data            inited   0x2000'00fc    0x10  lcd_display.o [1]
    .data            inited   0x2000'010c    0x10  lcd_display.o [1]
    .data            inited   0x2000'011c    0x10  lcd_display.o [1]
    .data            inited   0x2000'012c     0x8  lcd_display.o [1]
    .data            inited   0x2000'0134   0x408  lcd_display.o [1]
    .data            inited   0x2000'053c     0x4  stm32l4xx_hal.o [1]
    .data            inited   0x2000'0540    0x20  stm32l4xx_hal_flash.o [1]
    .data            inited   0x2000'0560     0x4  system_stm32l4xx.o [1]
    .data            inited   0x2000'0564    0x70  user_app_comm.o [1]
    .data            inited   0x2000'05d4     0x8  user_app_comm.o [1]
    .data            inited   0x2000'05dc     0x8  user_app_comm.o [1]
    .data            inited   0x2000'05e4    0xc8  user_app_modbus_rtu.o [1]
    .data            inited   0x2000'06ac    0x2c  user_app_modbus_rtu.o [1]
    .data            inited   0x2000'06d8     0x8  user_app_modbus_rtu.o [1]
    .data            inited   0x2000'06e0    0x40  user_app_rs485.o [1]
    .data            inited   0x2000'0720    0x80  user_app_sensor.o [1]
    .data            inited   0x2000'07a0     0x8  user_app_sensor.o [1]
    .data            inited   0x2000'07a8     0x4  user_app_sensor.o [1]
    .data            inited   0x2000'07ac     0x4  user_app_sensor.o [1]
    .data            inited   0x2000'07b0     0x8  user_at_serial.o [1]
    .data            inited   0x2000'07b8   0x410  user_at_serial.o [1]
    .data            inited   0x2000'0bc8     0x8  user_connect_sensor.o [1]
    .data            inited   0x2000'0bd0     0x8  user_rs485.o [1]
    .data            inited   0x2000'0bd8     0x4  user_tiny_vsnprintf.o [1]
    .data            inited   0x2000'0bdc     0x4  user_tiny_vsnprintf.o [1]
    .data            inited   0x2000'0be0    0x38  xlocale_c.o [2]
    .data            inited   0x2000'0c18     0x2  user_app_modbus_rtu.o [1]
    .data            inited   0x2000'0c1a     0x1  lcd_display.o [1]
    .data            inited   0x2000'0c1b     0x1  stm32l4xx_hal.o [1]
    .data            inited   0x2000'0c1c     0x1  user_util.o [1]
                            - 0x2000'0c1d   0xc1d

"P2", part 2 of 3:                         0x1cdc
  .bss               zero     0x2000'0c20   0x4b0  user_app_comm.o [1]
  .bss               zero     0x2000'10d0   0x400  glcd.o [1]
  .bss               zero     0x2000'14d0   0x400  user_adv_trace.o [1]
  .bss               zero     0x2000'18d0   0x204  lcd_display.o [1]
  .bss               zero     0x2000'1ad4   0x200  user_adv_trace.o [1]
  .bss               zero     0x2000'1cd4   0x200  user_connect_sensor.o [1]
  .bss               zero     0x2000'1ed4   0x200  user_rs485.o [1]
  .bss               zero     0x2000'20d4    0x88  usart.o [1]
  .bss               zero     0x2000'215c    0x88  usart.o [1]
  .bss               zero     0x2000'21e4    0x88  usart.o [1]
  .bss               zero     0x2000'226c    0x84  lcd_display.o [1]
  .bss               zero     0x2000'22f0    0x80  user_app_modbus_rtu.o [1]
  .bss               zero     0x2000'2370    0x80  user_app_modbus_rtu.o [1]
  .bss               zero     0x2000'23f0    0x80  user_app_modbus_rtu.o [1]
  .bss               zero     0x2000'2470    0x80  user_at_serial.o [1]
  .bss               zero     0x2000'24f0    0x80  user_at_serial.o [1]
  .bss               zero     0x2000'2570    0x64  spi.o [1]
  .bss               zero     0x2000'25d4    0x64  user_app_comm.o [1]
  .bss               zero     0x2000'2638    0x48  usart.o [1]
  .bss               zero     0x2000'2680    0x48  usart.o [1]
  .bss               zero     0x2000'26c8    0x48  usart.o [1]
  .bss               zero     0x2000'2710    0x2c  user_rtc.o [1]
  .bss               zero     0x2000'273c    0x28  user_app_sensor.o [1]
  .bss               zero     0x2000'2764    0x28  user_app_sensor.o [1]
  .bss               zero     0x2000'278c    0x28  user_app_sensor.o [1]
  .bss               zero     0x2000'27b4    0x24  rtc.o [1]
  .bss               zero     0x2000'27d8    0x1c  user_rtc.o [1]
  .bss               zero     0x2000'27f4    0x18  button.o [1]
  .bss               zero     0x2000'280c    0x18  user_adv_trace.o [1]
  .bss               zero     0x2000'2824    0x18  user_app_comm.o [1]
  .bss               zero     0x2000'283c    0x10  lcd_display.o [1]
  .bss               zero     0x2000'284c    0x10  user_app_sensor.o [1]
  .bss               zero     0x2000'285c     0xc  text.o [1]
  .bss               zero     0x2000'2868     0xc  user_app_sensor.o [1]
  .bss               zero     0x2000'2874     0xc  user_util.o [1]
  .bss               zero     0x2000'2880     0x8  user_app_sensor.o [1]
  .bss               zero     0x2000'2888     0x4  button.o [1]
  .bss               zero     0x2000'288c     0x4  glcd.o [1]
  .bss               zero     0x2000'2890     0x4  glcd.o [1]
  .bss               zero     0x2000'2894     0x4  glcd.o [1]
  .bss               zero     0x2000'2898     0x4  lcd_display.o [1]
  .bss               zero     0x2000'289c     0x4  stm32l4xx_hal.o [1]
  .bss               zero     0x2000'28a0     0x4  stm32l4xx_it.o [1]
  .bss               zero     0x2000'28a4     0x4  user_app_comm.o [1]
  .bss               zero     0x2000'28a8     0x4  user_app_sensor.o [1]
  .bss               zero     0x2000'28ac     0x4  user_app_sensor.o [1]
  .bss               zero     0x2000'28b0     0x4  user_app_sensor.o [1]
  .bss               zero     0x2000'28b4     0x4  user_app_sensor.o [1]
  .bss               zero     0x2000'28b8     0x4  user_app_sensor.o [1]
  .bss               zero     0x2000'28bc     0x4  user_app_sensor.o [1]
  .bss               zero     0x2000'28c0     0x4  user_rtc.o [1]
  .bss               zero     0x2000'28c4     0x4  user_timer.o [1]
  .bss               zero     0x2000'28c8     0x4  user_util.o [1]
  .bss               zero     0x2000'28cc     0x4  user_util.o [1]
  .bss               zero     0x2000'28d0     0x4  user_util.o [1]
  .bss               zero     0x2000'28d4     0x4  xfail_s.o [2]
  .bss               zero     0x2000'28d8     0x2  button.o [1]
  .bss               zero     0x2000'28da     0x2  button.o [1]
  .bss               zero     0x2000'28dc     0x2  lcd_display.o [1]
  .bss               zero     0x2000'28de     0x2  user_app_comm.o [1]
  .bss               zero     0x2000'28e0     0x2  user_app_comm.o [1]
  .bss               zero     0x2000'28e2     0x2  user_app_sensor.o [1]
  .bss               zero     0x2000'28e4     0x2  user_app_sensor.o [1]
  .bss               zero     0x2000'28e6     0x2  user_uart.o [1]
  .bss               zero     0x2000'28e8     0x1  button.o [1]
  .bss               zero     0x2000'28e9     0x1  lcd_display.o [1]
  .bss               zero     0x2000'28ea     0x1  lcd_display.o [1]
  .bss               zero     0x2000'28eb     0x1  lcd_display.o [1]
  .bss               zero     0x2000'28ec     0x1  stm32l4xx_it.o [1]
  .bss               zero     0x2000'28ed     0x1  user_app_comm.o [1]
  .bss               zero     0x2000'28ee     0x1  user_app_comm.o [1]
  .bss               zero     0x2000'28ef     0x1  user_app_rs485.o [1]
  .bss               zero     0x2000'28f0     0x1  user_app_sensor.o [1]
  .bss               zero     0x2000'28f1     0x1  user_app_sensor.o [1]
  .bss               zero     0x2000'28f2     0x1  user_app_sensor.o [1]
  .bss               zero     0x2000'28f3     0x1  user_at_serial.o [1]
  .bss               zero     0x2000'28f4     0x1  user_connect_sensor.o [1]
  .bss               zero     0x2000'28f5     0x1  user_connect_sensor.o [1]
  .bss               zero     0x2000'28f6     0x1  user_rs485.o [1]
  .bss               zero     0x2000'28f7     0x1  user_rs485.o [1]
  .bss               zero     0x2000'28f8     0x1  user_rtc.o [1]
  .bss               zero     0x2000'28f9     0x1  user_uart.o [1]
                            - 0x2000'28fa  0x1cda

"P2", part 3 of 3:                          0x400
  CSTACK                      0x2000'2900   0x400  <Block>
    CSTACK           uninit   0x2000'2900   0x400  <Block tail>
                            - 0x2000'2d00   0x400

Unused ranges:

         From           To      Size
         ----           --      ----
   0x800'ffc1   0x803'ffff  0x3'003f
  0x2000'0c1d  0x2000'0c1f       0x3
  0x2000'28fc  0x2000'28ff       0x4
  0x2000'2d00  0x2000'ffff    0xd300


*******************************************************************************
*** INIT TABLE
***

          Address      Size
          -------      ----
Zero (__iar_zero_init3)
    1 destination range, total size 0x1cda:
          0x2000'0c20  0x1cda

Copy/lz77 (__iar_lz77_init_single3)
    1 source range, total size 0x541 (43% of destination):
           0x800'fa80   0x541
    1 destination range, total size 0xc1d:
          0x2000'0000   0xc1d



*******************************************************************************
*** MODULE SUMMARY
***

    Module                    ro code  ro data  rw data
    ------                    -------  -------  -------
command line/config:
    ---------------------------------------------------
    Total:

D:\Saoviet_Git\Saoviet_EnviroTrack_M_And_S_RawW\Project_Slave_Chemins_DO\Project_Slave_Sensor_EnviroTrack\EWARM\Project_Slave_Sensor_EnviroTrack\Obj: [1]
    ST7565R.o                     348
    STM32L4.o                     176
    button.o                    6'604        5       45
    dma.o                          96
    event_driven.o                 84
    glcd.o                        272             1'036
    gpio.o                        464
    graphics.o                    512
    lcd_display.o               3'260    2'189    2'002
    main.o                        194
    onchipflash.o                 370
    rtc.o                         336                36
    spi.o                         200               100
    startup_stm32l433xx.o         648
    stm32l4xx_hal.o               208        1        9
    stm32l4xx_hal_cortex.o        404
    stm32l4xx_hal_dma.o         1'058
    stm32l4xx_hal_flash.o         440       14       32
    stm32l4xx_hal_flash_ex.o      160
    stm32l4xx_hal_gpio.o          896
    stm32l4xx_hal_msp.o            56
    stm32l4xx_hal_pwr_ex.o        148
    stm32l4xx_hal_rcc.o         2'556
    stm32l4xx_hal_rcc_ex.o      1'256
    stm32l4xx_hal_rtc.o         1'934
    stm32l4xx_hal_rtc_ex.o         74
    stm32l4xx_hal_spi.o         1'322
    stm32l4xx_hal_uart.o        4'044
    stm32l4xx_hal_uart_ex.o       114
    stm32l4xx_it.o                212                 5
    system_stm32l4xx.o             16       74        4
    text.o                        912                12
    text_tiny.o                   656
    unit_tests.o                   20    1'024
    usart.o                       924               624
    user_adv_trace.o              570             1'560
    user_app_comm.o             1'200      140    1'462
    user_app_modbus_rtu.o       2'740      126      638
    user_app_rs485.o              384       28       65
    user_app_sensor.o           5'600      226      331
    user_at_serial.o              476    1'379    1'305
    user_connect_sensor.o         116        3      522
    user_convert_variable.o     1'036
    user_modbus_rtu.o             848
    user_rs485.o                  112        4      522
    user_rtc.o                    936      100       77
    user_string.o                 486
    user_time.o                    88
    user_timer.o                  784                 4
    user_tiny_vsnprintf.o         848       91        8
    user_uart.o                   296       28        3
    user_util.o                   540        9       25
    ---------------------------------------------------
    Total:                     48'034    5'441   10'427

dl7M_tlf.a: [2]
    abort.o                         6
    abs.o                           8
    exit.o                          4
    low_level_init.o                4
    sprintf.o                      64
    xfail_s.o                      64                 4
    xlocale_c.o                     8       27       56
    xprintffull_nomb.o          4'038        8
    xsprout.o                      10
    ---------------------------------------------------
    Total:                      4'206       35       60

m7M_tls.a: [3]
    DblAdd.o                      378
    DblCmpEq.o                     32
    DblCmpGe.o                     46
    DblCmpLe.o                     46
    DblDiv.o                      582
    DblMul.o                      418
    DblSub.o                      226
    DblToFlt.o                    104
    DblToS32.o                     58
    DblToU32.o                     40
    FltToDbl.o                     72
    S32ToDbl.o                     34
    U32ToDbl.o                     26
    fpinit_M.o                     34
    frexp.o                       112
    iar_Exp64.o                 1'000
    ldexp.o                       314
    math_wrappers64.o              22
    pow64.o                     1'772    1'056
    ---------------------------------------------------
    Total:                      5'316    1'056

rt7M_tl.a: [4]
    ABImemcpy.o                   166
    ABImemset.o                   102
    I64DivMod.o                   560
    I64DivZer.o                     2
    cexit.o                        10
    cmain.o                        30
    cstartup_M.o                   12
    data_init.o                    40
    lz77_init_single.o            120
    memchr.o                       88
    memset.o                       20
    strchr.o                       22
    strlen.o                       54
    zero_init3.o                   58
    ---------------------------------------------------
    Total:                      1'284

shb_l.a: [5]
    exit.o                         20
    ---------------------------------------------------
    Total:                         20

    Gaps                           41        8
    Linker created                          32    1'024
-------------------------------------------------------
    Grand Total:               58'901    6'572   11'511


*******************************************************************************
*** ENTRY LIST
***

Entry                       Address   Size  Type      Object
-----                       -------   ----  ----      ------
.iar.init_table$$Base    0x800'f244          --   Gb  - Linker created -
.iar.init_table$$Limit   0x800'f264          --   Gb  - Linker created -
?main                    0x800'f285         Code  Gb  cmain.o [4]
ADV_TRACE_Buffer        0x2000'14d0  0x400  Data  Lc  user_adv_trace.o [1]
ADV_TRACE_Ctx           0x2000'280c   0x18  Data  Lc  user_adv_trace.o [1]
AHBPrescTable            0x800'f444   0x10  Data  Gb  system_stm32l4xx.o [1]
APBPrescTable            0x800'f908    0x8  Data  Gb  system_stm32l4xx.o [1]
AT_CMD_Get_BR_Slave      0x800'40c1   0x52  Code  Gb  user_app_sensor.o [1]
AT_CMD_Get_ID_Slave      0x800'3fbf   0x58  Code  Gb  user_app_sensor.o [1]
AT_CMD_Reset_Slave       0x800'3f17   0x4a  Code  Gb  user_app_sensor.o [1]
AT_CMD_Restore_Slave     0x800'3f61   0x5e  Code  Gb  user_app_sensor.o [1]
AT_CMD_Set_BR_Slave      0x800'4113   0x94  Code  Gb  user_app_sensor.o [1]
AT_CMD_Set_ID_Slave      0x800'401d   0x96  Code  Gb  user_app_sensor.o [1]
AppComm_DBG_Init_RX_Mode
                         0x800'c581   0x1e  Code  Gb  user_app_comm.o [1]
AppComm_DBG_Init_Uart    0x800'c579    0x8  Code  Gb  user_app_comm.o [1]
AppComm_DBG_Rx_Callback
                         0x800'c5a7  0x176  Code  Gb  user_app_comm.o [1]
AppComm_DBG_Stop_RX_Mode
                         0x800'c5a5    0x2  Code  Gb  user_app_comm.o [1]
AppComm_Get_Reset_Source
                         0x800'c541   0x38  Code  Gb  user_app_comm.o [1]
AppComm_IRQ_Timer_CallBack
                         0x800'c501    0xc  Code  Gb  user_app_comm.o [1]
AppComm_Init             0x800'c441   0x20  Code  Gb  user_app_comm.o [1]
AppComm_Set_Next_TxTimer
                         0x800'c527    0x2  Code  Gb  user_app_comm.o [1]
AppComm_Task             0x800'c461   0x9e  Code  Gb  user_app_comm.o [1]
AppComm_Uart_Debug_Send
                         0x800'c529   0x18  Code  Lc  user_app_comm.o [1]
AppRs485_Task            0x800'd93d   0x84  Code  Gb  user_app_rs485.o [1]
AppSensor_Task           0x800'41f5   0x84  Code  Gb  user_app_sensor.o [1]
BUTTON_Down_Process      0x800'1205  0x304  Code  Gb  button.o [1]
BUTTON_ESC_Process       0x800'1525  0x5fa  Code  Gb  button.o [1]
BUTTON_Enter_Process     0x800'02e9  0xbdc  Code  Gb  button.o [1]
BUTTON_Process           0x800'018d   0x32  Code  Gb  button.o [1]
BUTTON_Up_Process        0x800'0ee1  0x31c  Code  Gb  button.o [1]
BUTTON_scan              0x800'01bf  0x11e  Code  Gb  button.o [1]
BUTTON_scan::block_time
                        0x2000'28d8    0x2  Data  Lc  button.o [1]
BUTTON_scan::hold       0x2000'2888    0x4  Data  Lc  button.o [1]
BUTTON_scan::last_value
                        0x2000'28e8    0x1  Data  Lc  button.o [1]
BusFault_Handler         0x800'efbb    0x2  Code  Gb  stm32l4xx_it.o [1]
CSTACK$$Base            0x2000'2900          --   Gb  - Linker created -
CSTACK$$Limit           0x2000'2d00          --   Gb  - Linker created -
Cal_Time                 0x800'1ef7   0x12  Code  Gb  user_util.o [1]
Calculator_Scale         0x800'4e45   0x54  Code  Gb  user_convert_variable.o [1]
CheckList_AT_CONFIG     0x2000'07b8  0x410  Data  Gb  user_at_serial.o [1]
Check_Time_Out           0x800'1ed9   0x1e  Code  Gb  user_util.o [1]
Convert_Point_Int_To_String
                         0x800'4e99   0xce  Code  Gb  user_convert_variable.o [1]
Convert_Point_Int_To_String_Scale
                         0x800'4f67   0xea  Code  Gb  user_convert_variable.o [1]
Convert_Scale            0x800'2049   0x5c  Code  Gb  user_util.o [1]
Convert_String_To_Dec    0x800'51c1   0x5c  Code  Gb  user_convert_variable.o [1]
Convert_uint32Hex_To_Float
                         0x800'507d  0x144  Code  Gb  user_convert_variable.o [1]
CountBufferHandleRecvSS
                        0x2000'28e2    0x2  Data  Gb  user_app_sensor.o [1]
DMA1_Channel3_IRQHandler
                         0x800'f015    0xa  Code  Gb  stm32l4xx_it.o [1]
DMA1_Channel5_IRQHandler
                         0x800'f01f    0xa  Code  Gb  stm32l4xx_it.o [1]
DMA2_Channel7_IRQHandler
                         0x800'f047    0xa  Code  Gb  stm32l4xx_it.o [1]
DMA_SetConfig            0x800'a6fd   0x32  Code  Lc  stm32l4xx_hal_dma.o [1]
DaysInMonth              0x800'f884    0xc  Data  Lc  user_rtc.o [1]
DaysInMonthLeapYear      0x800'f890    0xc  Data  Lc  user_rtc.o [1]
DebugMon_Handler         0x800'efc1    0x2  Code  Gb  stm32l4xx_it.o [1]
Display_Check_Password   0x800'2c25   0x2e  Code  Gb  lcd_display.o [1]
Display_Check_Toggle     0x800'2aab   0xac  Code  Gb  lcd_display.o [1]
Display_Check_Toggle::Hide
                        0x2000'226c   0x84  Data  Lc  lcd_display.o [1]
Display_Check_Toggle::LandMarkToggle_u32
                        0x2000'18d0  0x204  Data  Lc  lcd_display.o [1]
Display_Init             0x800'20f5  0x108  Code  Gb  lcd_display.o [1]
Display_Set_Screen       0x800'2bef   0x36  Code  Gb  lcd_display.o [1]
Display_Set_Screen_Flag
                         0x800'2ba9   0x46  Code  Gb  lcd_display.o [1]
Display_Show_Oject       0x800'270b  0x3a0  Code  Gb  lcd_display.o [1]
Display_Show_Screen      0x800'2b57   0x52  Code  Gb  lcd_display.o [1]
Display_Show_State_Sensor_Network
                         0x800'2c67   0x50  Code  Gb  lcd_display.o [1]
Display_Show_State_Setting
                         0x800'2cc5   0x5c  Code  Gb  lcd_display.o [1]
Display_Show_Static_Param
                         0x800'2c53   0x14  Code  Gb  lcd_display.o [1]
Display_Task             0x800'21fd   0x7e  Code  Gb  lcd_display.o [1]
Error_Handler            0x800'9e0d    0x4  Code  Gb  main.o [1]
FLASH_FlushCaches        0x800'b643   0x6a  Code  Gb  stm32l4xx_hal_flash_ex.o [1]
FLASH_PageErase          0x800'b619   0x2a  Code  Gb  stm32l4xx_hal_flash_ex.o [1]
FLASH_Program_DoubleWord
                         0x800'b5a7   0x1a  Code  Lc  stm32l4xx_hal_flash.o [1]
FLASH_Program_Fast       0x800'b5c1   0x32  Code  Lc  stm32l4xx_hal_flash.o [1]
FLASH_WaitForLastOperation
                         0x800'b541   0x66  Code  Gb  stm32l4xx_hal_flash.o [1]
Filter_DO_Per            0x800'36ed   0xc0  Code  Gb  user_app_sensor.o [1]
Filter_DO_Per::P        0x2000'07ac    0x4  Data  Lc  user_app_sensor.o [1]
Filter_DO_Per::x_est    0x2000'28b8    0x4  Data  Lc  user_app_sensor.o [1]
Filter_DO_Per::x_est_last
                        0x2000'28bc    0x4  Data  Lc  user_app_sensor.o [1]
Filter_Temp              0x800'36e9    0x2  Code  Gb  user_app_sensor.o [1]
Filter_pH                0x800'3629   0xc0  Code  Gb  user_app_sensor.o [1]
Filter_pH::P            0x2000'07a8    0x4  Data  Lc  user_app_sensor.o [1]
Filter_pH::x_est        0x2000'28b0    0x4  Data  Lc  user_app_sensor.o [1]
Filter_pH::x_est_last   0x2000'28b4    0x4  Data  Lc  user_app_sensor.o [1]
Find_String_V2           0x800'e0f3  0x130  Code  Gb  user_string.o [1]
Find_str_fix             0x800'e245   0x94  Code  Gb  user_string.o [1]
Flag_gettick            0x2000'28ec    0x1  Data  Gb  stm32l4xx_it.o [1]
Font5x7                  0x800'eda0  0x214  Data  Lc  lcd_display.o [1]
Get_RTC                  0x800'd80d   0x4e  Code  Gb  user_time.o [1]
HAL_DMA_Abort            0x800'a559   0x54  Code  Gb  stm32l4xx_hal_dma.o [1]
HAL_DMA_Abort_IT         0x800'a5ad   0x5e  Code  Gb  stm32l4xx_hal_dma.o [1]
HAL_DMA_DeInit           0x800'a3ed   0xb8  Code  Gb  stm32l4xx_hal_dma.o [1]
HAL_DMA_IRQHandler       0x800'a60b   0xf2  Code  Gb  stm32l4xx_hal_dma.o [1]
HAL_DMA_Init             0x800'a30d   0xe0  Code  Gb  stm32l4xx_hal_dma.o [1]
HAL_DMA_Start_IT         0x800'a4c1   0x98  Code  Gb  stm32l4xx_hal_dma.o [1]
HAL_Delay                0x800'69d1   0x28  Code  Wk  stm32l4xx_hal.o [1]
HAL_FLASH_Lock           0x800'b533    0xe  Code  Gb  stm32l4xx_hal_flash.o [1]
HAL_FLASH_Program        0x800'b461   0xb0  Code  Gb  stm32l4xx_hal_flash.o [1]
HAL_FLASH_Unlock         0x800'b511   0x22  Code  Gb  stm32l4xx_hal_flash.o [1]
HAL_GPIO_DeInit          0x800'1d1b  0x166  Code  Gb  stm32l4xx_hal_gpio.o [1]
HAL_GPIO_Init            0x800'1b59  0x1c2  Code  Gb  stm32l4xx_hal_gpio.o [1]
HAL_GPIO_ReadPin         0x800'1e81   0x16  Code  Gb  stm32l4xx_hal_gpio.o [1]
HAL_GPIO_WritePin        0x800'1e97   0x18  Code  Gb  stm32l4xx_hal_gpio.o [1]
HAL_GetTick              0x800'5709    0xc  Code  Wk  stm32l4xx_hal.o [1]
HAL_IncTick              0x800'f089   0x18  Code  Wk  stm32l4xx_hal.o [1]
HAL_Init                 0x800'bf5d   0x24  Code  Gb  stm32l4xx_hal.o [1]
HAL_InitTick             0x800'caf1   0x60  Code  Wk  stm32l4xx_hal.o [1]
HAL_MspInit              0x800'cb59   0x38  Code  Gb  stm32l4xx_hal_msp.o [1]
HAL_NVIC_DisableIRQ      0x800'a887    0xe  Code  Gb  stm32l4xx_hal_cortex.o [1]
HAL_NVIC_EnableIRQ       0x800'a879    0xe  Code  Gb  stm32l4xx_hal_cortex.o [1]
HAL_NVIC_SetPriority     0x800'a84f   0x2a  Code  Gb  stm32l4xx_hal_cortex.o [1]
HAL_NVIC_SetPriorityGrouping
                         0x800'a843    0xc  Code  Gb  stm32l4xx_hal_cortex.o [1]
HAL_PWREx_ControlVoltageScaling
                         0x800'c7bd   0x76  Code  Gb  stm32l4xx_hal_pwr_ex.o [1]
HAL_PWREx_GetVoltageRange
                         0x800'c7b1    0xc  Code  Gb  stm32l4xx_hal_pwr_ex.o [1]
HAL_RCCEx_PeriphCLKConfig
                         0x800'9e25  0x34c  Code  Gb  stm32l4xx_hal_rcc_ex.o [1]
HAL_RCC_ClockConfig      0x800'b0e9  0x17a  Code  Gb  stm32l4xx_hal_rcc.o [1]
HAL_RCC_GetHCLKFreq      0x800'b337    0x6  Code  Gb  stm32l4xx_hal_rcc.o [1]
HAL_RCC_GetPCLK1Freq     0x800'b33d   0x1a  Code  Gb  stm32l4xx_hal_rcc.o [1]
HAL_RCC_GetPCLK2Freq     0x800'b357   0x1a  Code  Gb  stm32l4xx_hal_rcc.o [1]
HAL_RCC_GetResetSource   0x800'b381   0x12  Code  Gb  stm32l4xx_hal_rcc.o [1]
HAL_RCC_GetSysClockFreq
                         0x800'b263   0xd4  Code  Gb  stm32l4xx_hal_rcc.o [1]
HAL_RCC_OscConfig        0x800'aa61  0x688  Code  Gb  stm32l4xx_hal_rcc.o [1]
HAL_RTCEx_AlarmBEventCallback
                         0x800'e0f1    0x2  Code  Wk  stm32l4xx_hal_rtc_ex.o [1]
HAL_RTCEx_EnableBypassShadow
                         0x800'e2d9   0x48  Code  Gb  stm32l4xx_hal_rtc_ex.o [1]
HAL_RTC_AlarmAEventCallback
                         0x800'de59    0xc  Code  Gb  user_rtc.o [1]
HAL_RTC_AlarmIRQHandler
                         0x800'd195   0x60  Code  Gb  stm32l4xx_hal_rtc.o [1]
HAL_RTC_DeactivateAlarm
                         0x800'd0bb   0xda  Code  Gb  stm32l4xx_hal_rtc.o [1]
HAL_RTC_GetDate          0x800'ce83   0x52  Code  Gb  stm32l4xx_hal_rtc.o [1]
HAL_RTC_GetTime          0x800'cd51   0x66  Code  Gb  stm32l4xx_hal_rtc.o [1]
HAL_RTC_Init             0x800'cb91   0xca  Code  Gb  stm32l4xx_hal_rtc.o [1]
HAL_RTC_MspInit          0x800'c2a5   0x50  Code  Gb  rtc.o [1]
HAL_RTC_SetAlarm_IT      0x800'ced5  0x1e6  Code  Gb  stm32l4xx_hal_rtc.o [1]
HAL_RTC_SetDate          0x800'cdb7   0xcc  Code  Gb  stm32l4xx_hal_rtc.o [1]
HAL_RTC_SetTime          0x800'cc5b   0xf6  Code  Gb  stm32l4xx_hal_rtc.o [1]
HAL_RTC_WaitForSynchro   0x800'd1f5   0x2e  Code  Gb  stm32l4xx_hal_rtc.o [1]
HAL_SPI_Init             0x800'981d   0xf8  Code  Gb  stm32l4xx_hal_spi.o [1]
HAL_SPI_MspInit          0x800'bee5   0x62  Code  Gb  spi.o [1]
HAL_SPI_Transmit         0x800'9915  0x1fe  Code  Gb  stm32l4xx_hal_spi.o [1]
HAL_SYSTICK_Config       0x800'a895    0xc  Code  Gb  stm32l4xx_hal_cortex.o [1]
HAL_UARTEx_ReceiveToIdle_DMA
                         0x800'a9ed   0x70  Code  Gb  stm32l4xx_hal_uart_ex.o [1]
HAL_UARTEx_RxEventCallback
                         0x800'a8fb   0x3e  Code  Gb  user_uart.o [1]
HAL_UARTEx_WakeupCallback
                         0x800'aa5d    0x2  Code  Wk  stm32l4xx_hal_uart_ex.o [1]
HAL_UART_ErrorCallback   0x800'a939   0x3e  Code  Gb  user_uart.o [1]
HAL_UART_IRQHandler      0x800'6b9d  0x35c  Code  Gb  stm32l4xx_hal_uart.o [1]
HAL_UART_Init            0x800'69f9   0x7a  Code  Gb  stm32l4xx_hal_uart.o [1]
HAL_UART_MspDeInit       0x800'6895   0x80  Code  Gb  usart.o [1]
HAL_UART_MspInit         0x800'6671  0x224  Code  Gb  usart.o [1]
HAL_UART_Receive_IT      0x800'6b3f   0x5e  Code  Gb  stm32l4xx_hal_uart.o [1]
HAL_UART_RxCpltCallback
                         0x800'a8c5   0x36  Code  Gb  user_uart.o [1]
HAL_UART_Transmit        0x800'6a73   0xcc  Code  Gb  stm32l4xx_hal_uart.o [1]
Handle_Data_Measure      0x800'308d  0x122  Code  Gb  user_app_sensor.o [1]
Handle_Data_Recv_SS_DO   0x800'32fd  0x13e  Code  Gb  user_app_sensor.o [1]
Handle_Data_Recv_Sensor
                         0x800'31c1   0x20  Code  Gb  user_app_sensor.o [1]
Handle_Data_Trans_SS_DO
                         0x800'31f5   0xfe  Code  Gb  user_app_sensor.o [1]
Handle_Data_Trans_Sensor
                         0x800'31af   0x12  Code  Gb  user_app_sensor.o [1]
Handle_Float_To_hexUint32
                         0x800'522d   0x24  Code  Gb  user_convert_variable.o [1]
Handle_State_SS_DO       0x800'343b   0x6c  Code  Gb  user_app_sensor.o [1]
Handle_State_Sensor      0x800'31e1   0x14  Code  Gb  user_app_sensor.o [1]
HardFault_Handler        0x800'efb7    0x2  Code  Gb  stm32l4xx_it.o [1]
IndexUartError          0x2000'28f9    0x1  Data  Lc  user_uart.o [1]
Init_AppRs485            0x800'd927   0x16  Code  Gb  user_app_rs485.o [1]
Init_AppSensor           0x800'41b1   0x3e  Code  Gb  user_app_sensor.o [1]
Init_InforSlaveModbusRTU
                         0x800'4a5f   0x30  Code  Gb  user_app_modbus_rtu.o [1]
Init_MeasureRange        0x800'3dff  0x118  Code  Gb  user_app_sensor.o [1]
Init_ParamCalib          0x800'3a31   0xd0  Code  Gb  user_app_sensor.o [1]
Init_TempAlarm           0x800'3bf1   0xa2  Code  Gb  user_app_sensor.o [1]
Init_UartRs485           0x800'd8e9   0x3e  Code  Gb  user_app_rs485.o [1]
Insert_String_To_String
                         0x800'5051   0x2a  Code  Gb  user_convert_variable.o [1]
Kind_Trans_Calib        0x2000'28f0    0x1  Data  Gb  user_app_sensor.o [1]
LPUART1_IRQHandler       0x800'f051    0xa  Code  Gb  stm32l4xx_it.o [1]
Liberation_Sans15x21_Numbers
                         0x800'eb78  0x228  Data  Lc  lcd_display.o [1]
MSIRangeTable            0x800'f14c   0x30  Data  Gb  system_stm32l4xx.o [1]
MX_DMA_Init              0x800'c151   0x60  Code  Gb  dma.o [1]
MX_GPIO_Init             0x800'bf81  0x1d0  Code  Gb  gpio.o [1]
MX_LPUART1_UART_Init     0x800'65c1   0x38  Code  Gb  usart.o [1]
MX_RTC_Init              0x800'c1b1   0xf4  Code  Gb  rtc.o [1]
MX_SPI2_Init             0x800'be95   0x50  Code  Gb  spi.o [1]
MX_USART1_UART_Init      0x800'65f9   0x3c  Code  Gb  usart.o [1]
MX_USART3_UART_Init      0x800'6635   0x3c  Code  Gb  usart.o [1]
Main_Task                0x800'c405   0x3c  Code  Gb  user_app_comm.o [1]
MemManage_Handler        0x800'efb9    0x2  Code  Gb  stm32l4xx_it.o [1]
ModRTU_CRC               0x800'6271   0x3c  Code  Gb  user_modbus_rtu.o [1]
ModRTU_Master_Read_Frame
                         0x800'62ad   0x9c  Code  Gb  user_modbus_rtu.o [1]
ModRTU_Master_Write_Frame
                         0x800'6349   0xe8  Code  Gb  user_modbus_rtu.o [1]
ModRTU_Slave_ACK_Read_Frame
                         0x800'6431   0xa2  Code  Gb  user_modbus_rtu.o [1]
ModRTU_Slave_ACK_Write_Frame
                         0x800'64d3   0xee  Code  Gb  user_modbus_rtu.o [1]
Modem_Check_AT           0x800'd631  0x1dc  Code  Gb  user_at_serial.o [1]
Modem_Check_RTU          0x800'4a8f  0x37e  Code  Gb  user_app_modbus_rtu.o [1]
NMI_Handler              0x800'efb5    0x2  Code  Gb  stm32l4xx_it.o [1]
NONE_Register_CallBack   0x800'4391    0x6  Code  Gb  user_app_modbus_rtu.o [1]
NVIC_EncodePriority      0x800'a7d3   0x40  Code  Lc  stm32l4xx_hal_cortex.o [1]
OldPosDMADebug          0x2000'28de    0x2  Data  Lc  user_app_comm.o [1]
Old_Value_i16           0x2000'28da    0x2  Data  Gb  button.o [1]
On_Speaker               0x800'24d1   0x24  Code  Gb  lcd_display.o [1]
OnchipFlashPageErase     0x800'7a4d   0x5a  Code  Gb  onchipflash.o [1]
OnchipFlashWriteData     0x800'79c1   0x8c  Code  Gb  onchipflash.o [1]
PendSV_Handler           0x800'efc3    0x2  Code  Gb  stm32l4xx_it.o [1]
PortConfig              0x2000'28f3    0x1  Data  Gb  user_at_serial.o [1]
RC                       0x800'e223   0x22  Code  Gb  user_string.o [1]
RCCEx_PLLSAI1_Config     0x800'a185  0x16e  Code  Lc  stm32l4xx_hal_rcc_ex.o [1]
RCC_SetFlashLatencyFromMSIRange
                         0x800'b399   0x8a  Code  Lc  stm32l4xx_hal_rcc.o [1]
RS485SS_Init_Data        0x800'695d   0x10  Code  Gb  user_connect_sensor.o [1]
RS485SS_Init_RX_Mode     0x800'696d   0x1e  Code  Gb  user_connect_sensor.o [1]
RS485SS_Rx_Callback      0x800'698d   0x34  Code  Gb  user_connect_sensor.o [1]
RS485SS_Stop_RX_Mode     0x800'698b    0x2  Code  Gb  user_connect_sensor.o [1]
RS485_Done_Calib         0x800'37ad   0x1a  Code  Gb  user_app_sensor.o [1]
RS485_Enter_Calib        0x800'37c7   0x1e  Code  Gb  user_app_sensor.o [1]
RS485_Init_RX_Mode       0x800'c845   0x1e  Code  Gb  user_rs485.o [1]
RS485_LogData_Calib      0x800'37e5   0x78  Code  Gb  user_app_sensor.o [1]
RS485_Rx_Callback        0x800'c865   0x3c  Code  Gb  user_rs485.o [1]
RS485_Stop_RX_Mode       0x800'c863    0x2  Code  Gb  user_rs485.o [1]
RTC_AlarmStructure      0x2000'2710   0x2c  Data  Lc  user_rtc.o [1]
RTC_Alarm_IRQHandler     0x800'f03d    0xa  Code  Gb  stm32l4xx_it.o [1]
RTC_Bcd2ToByte           0x800'd309   0x16  Code  Gb  stm32l4xx_hal_rtc.o [1]
RTC_ByteToBcd2           0x800'd2ed   0x1c  Code  Gb  stm32l4xx_hal_rtc.o [1]
RTC_EnterInitMode        0x800'd223   0x4c  Code  Gb  stm32l4xx_hal_rtc.o [1]
RTC_ExitInitMode         0x800'd26f   0x58  Code  Gb  stm32l4xx_hal_rtc.o [1]
RTC_GetCalendarValue     0x800'e02b   0x90  Code  Lc  user_rtc.o [1]
RTC_IF_Convert_Tick2ms   0x800'de49   0x10  Code  Gb  user_rtc.o [1]
RTC_IF_Convert_ms2Tick   0x800'de37   0x12  Code  Gb  user_rtc.o [1]
RTC_IF_GetMinimumTimeout
                         0x800'de33    0x4  Code  Gb  user_rtc.o [1]
RTC_IF_GetTimerContext   0x800'ddf7    0x8  Code  Gb  user_rtc.o [1]
RTC_IF_GetTimerElapsedTime
                         0x800'ddff   0x16  Code  Gb  user_rtc.o [1]
RTC_IF_GetTimerValue     0x800'de15   0x1e  Code  Gb  user_rtc.o [1]
RTC_IF_Init              0x800'dd81   0x30  Code  Gb  user_rtc.o [1]
RTC_IF_SetTimerContext   0x800'dde1   0x16  Code  Gb  user_rtc.o [1]
RTC_IF_StartTimer        0x800'ddb1    0xe  Code  Gb  user_rtc.o [1]
RTC_IF_StopTimer         0x800'ddbf   0x22  Code  Gb  user_rtc.o [1]
RTC_Initalized          0x2000'28f8    0x1  Data  Lc  user_rtc.o [1]
RTC_StartWakeUpAlarm     0x800'de65  0x1c6  Code  Lc  user_rtc.o [1]
ReInit_Rx_Mode_Uart_Error
                         0x800'a977   0x5a  Code  Gb  user_uart.o [1]
Read_Register_Rs485      0x800'386d   0x66  Code  Gb  user_app_sensor.o [1]
Region$$Table$$Base      0x800'f244          --   Gb  - Linker created -
Region$$Table$$Limit     0x800'f264          --   Gb  - Linker created -
Reset_Buff               0x800'1f69   0x24  Code  Gb  user_util.o [1]
Rs485SSStatus_u8        0x2000'28f5    0x1  Data  Gb  user_connect_sensor.o [1]
Rs485Status_u8          0x2000'28f7    0x1  Data  Gb  user_rs485.o [1]
RtCountSystick_u32      0x2000'28c8    0x4  Data  Gb  user_util.o [1]
RtcTimerContext         0x2000'27d8   0x1c  Data  Lc  user_rtc.o [1]
SPI_EndRxTxTransaction   0x800'9cdd   0x6a  Code  Lc  stm32l4xx_hal_spi.o [1]
SPI_WaitFifoStateUntilTimeout
                         0x800'9beb   0xee  Code  Lc  stm32l4xx_hal_spi.o [1]
SPI_WaitFlagStateUntilTimeout
                         0x800'9b13   0xd8  Code  Lc  stm32l4xx_hal_spi.o [1]
SVC_Handler              0x800'efbf    0x2  Code  Gb  stm32l4xx_it.o [1]
Save_Array               0x800'7aad   0x86  Code  Gb  onchipflash.o [1]
Save_InforSlaveModbusRTU
                         0x800'4a1b   0x44  Code  Gb  user_app_modbus_rtu.o [1]
Save_MeasureRange        0x800'3c9d  0x162  Code  Gb  user_app_sensor.o [1]
Save_ParamCalib          0x800'3925   0xfe  Code  Gb  user_app_sensor.o [1]
Save_TempAlarm           0x800'3b15   0xce  Code  Gb  user_app_sensor.o [1]
Send_RS458_Master        0x800'49e3   0x38  Code  Gb  user_app_modbus_rtu.o [1]
Send_RS458_Sensor        0x800'38d3   0x40  Code  Gb  user_app_sensor.o [1]
SysApp_Init              0x800'c3bd    0xc  Code  Gb  user_app_comm.o [1]
SysApp_Setting           0x800'c3c9   0x3c  Code  Gb  user_app_comm.o [1]
SysTick_Config           0x800'a813   0x30  Code  Lc  stm32l4xx_hal_cortex.o [1]
SysTick_Handler          0x800'efc5   0x50  Code  Gb  stm32l4xx_it.o [1]
SystemClock_Config       0x800'9d7b   0x92  Code  Gb  main.o [1]
SystemCoreClock         0x2000'0560    0x4  Data  Gb  system_stm32l4xx.o [1]
SystemInit               0x800'f635    0xc  Code  Gb  system_stm32l4xx.o [1]
TRACE_AllocateBufer      0x800'ca15   0xa2  Code  Lc  user_adv_trace.o [1]
TRACE_IsLocked           0x800'cacb   0x10  Code  Lc  user_adv_trace.o [1]
TRACE_Lock               0x800'cab7    0xa  Code  Lc  user_adv_trace.o [1]
TRACE_Send               0x800'c98f   0x84  Code  Lc  user_adv_trace.o [1]
TRACE_UnLock             0x800'cac1    0xa  Code  Lc  user_adv_trace.o [1]
TimerExists              0x800'd599   0x1a  Code  Gb  user_timer.o [1]
TimerInsertNewHeadTimer
                         0x800'd60d   0x1c  Code  Gb  user_timer.o [1]
TimerInsertTimer         0x800'd5df   0x2e  Code  Gb  user_timer.o [1]
TimerListHead           0x2000'28c4    0x4  Data  Lc  user_timer.o [1]
TimerSetTimeout          0x800'd5b3   0x2c  Code  Gb  user_timer.o [1]
TimerTx                 0x2000'2824   0x18  Data  Lc  user_app_comm.o [1]
TxCpltCallback          0x2000'28a4    0x4  Data  Lc  user_app_comm.o [1]
UART_AdvFeatureConfig    0x800'71f5   0xda  Code  Gb  stm32l4xx_hal_uart.o [1]
UART_CheckIdleState      0x800'72cf   0xd2  Code  Gb  stm32l4xx_hal_uart.o [1]
UART_DMAAbortOnError     0x800'7781   0x1a  Code  Lc  stm32l4xx_hal_uart.o [1]
UART_DMAError            0x800'7731   0x50  Code  Lc  stm32l4xx_hal_uart.o [1]
UART_DMAReceiveCplt      0x800'7665   0xa2  Code  Lc  stm32l4xx_hal_uart.o [1]
UART_DMARxHalfCplt       0x800'7709   0x28  Code  Lc  stm32l4xx_hal_uart.o [1]
UART_EndRxTransfer       0x800'7607   0x5e  Code  Lc  stm32l4xx_hal_uart.o [1]
UART_EndTransmit_IT      0x800'779b   0x2a  Code  Lc  stm32l4xx_hal_uart.o [1]
UART_EndTxTransfer       0x800'75eb   0x1c  Code  Lc  stm32l4xx_hal_uart.o [1]
UART_RxISR_16BIT         0x800'78b9   0xee  Code  Lc  stm32l4xx_hal_uart.o [1]
UART_RxISR_8BIT          0x800'77c5   0xec  Code  Lc  stm32l4xx_hal_uart.o [1]
UART_SetConfig           0x800'6efd  0x2ec  Code  Gb  stm32l4xx_hal_uart.o [1]
UART_Start_Receive_DMA   0x800'752f   0xbc  Code  Gb  stm32l4xx_hal_uart.o [1]
UART_Start_Receive_IT    0x800'743f   0xf0  Code  Gb  stm32l4xx_hal_uart.o [1]
UART_WaitOnFlagUntilTimeout
                         0x800'73a1   0x9e  Code  Gb  stm32l4xx_hal_uart.o [1]
USART1_IRQHandler        0x800'f029    0xa  Code  Gb  stm32l4xx_it.o [1]
USART3_IRQHandler        0x800'f033    0xa  Code  Gb  stm32l4xx_it.o [1]
UTIL_ADV_TRACE_COND_FSend
                         0x800'c8b5   0xda  Code  Gb  user_adv_trace.o [1]
UTIL_Log_Str             0x800'1fed   0x36  Code  Gb  user_util.o [1]
UTIL_MEM_cpy             0x800'2029   0x1e  Code  Gb  user_util.o [1]
UTIL_MEM_set             0x800'1f8d   0x18  Code  Gb  user_util.o [1]
UTIL_Printf              0x800'1fa5   0x2c  Code  Gb  user_util.o [1]
UTIL_Printf_Str          0x800'1fd1   0x1c  Code  Gb  user_util.o [1]
UTIL_TIMER_Create        0x800'd335   0x4c  Code  Gb  user_timer.o [1]
UTIL_TIMER_IRQ_Handler   0x800'd4e7   0xb2  Code  Gb  user_timer.o [1]
UTIL_TIMER_Init          0x800'd321   0x14  Code  Gb  user_timer.o [1]
UTIL_TIMER_SetPeriod     0x800'd4ad   0x3a  Code  Gb  user_timer.o [1]
UTIL_TIMER_Start         0x800'd381   0x92  Code  Gb  user_timer.o [1]
UTIL_TIMER_Stop          0x800'd413   0x9a  Code  Gb  user_timer.o [1]
UTIL_TimerDriver         0x800'f17c   0x2c  Data  Gb  user_rtc.o [1]
UTIL_TraceDriver         0x800'f71c    0xc  Data  Gb  user_app_comm.o [1]
Uart485RxByte           0x2000'28f6    0x1  Data  Lc  user_rs485.o [1]
Uart485SSRxByte         0x2000'28f4    0x1  Data  Lc  user_connect_sensor.o [1]
UartDebugBuff           0x2000'0c20  0x4b0  Data  Gb  user_app_comm.o [1]
UartDebugCountFail      0x2000'28e6    0x2  Data  Lc  user_uart.o [1]
UartDebugRxByte         0x2000'28ed    0x1  Data  Gb  user_app_comm.o [1]
Update_ParaDisplay       0x800'24f5  0x216  Code  Gb  lcd_display.o [1]
UsageFault_Handler       0x800'efbd    0x2  Code  Gb  stm32l4xx_it.o [1]
User_RTC_Init            0x800'dd49   0x38  Code  Lc  user_rtc.o [1]
UtilFloatToString        0x800'20a5   0x2e  Code  Gb  user_util.o [1]
UtilIntToStringWithScale
                         0x800'1f09   0x60  Code  Gb  user_util.o [1]
VLevelDebug             0x2000'0c1c    0x1  Data  Gb  user_util.o [1]
_Cb_Display_Auto_SW      0x800'23f1   0x7e  Code  Lc  lcd_display.o [1]
_Cb_Display_Auto_SW::MarkButtPressed
                        0x2000'28eb    0x1  Data  Lc  lcd_display.o [1]
_Cb_Display_Auto_SW::cNext
                        0x2000'28dc    0x2  Data  Lc  lcd_display.o [1]
_Cb_Display_Init         0x800'227b   0x52  Code  Lc  lcd_display.o [1]
_Cb_Display_Logo         0x800'22cd   0xa8  Code  Lc  lcd_display.o [1]
_Cb_Display_Logo::step_u8
                        0x2000'28e9    0x1  Data  Lc  lcd_display.o [1]
_Cb_Display_Show         0x800'2375   0x7c  Code  Lc  lcd_display.o [1]
_Cb_Display_Show::LandMarkChange_u32
                        0x2000'2898    0x4  Data  Lc  lcd_display.o [1]
_Cb_Display_Show::ScreenLast
                        0x2000'28ea    0x1  Data  Lc  lcd_display.o [1]
_Cb_HandLer_IDLE         0x800'c3ab    0x6  Code  Lc  user_app_comm.o [1]
_Cb_Off_Speaker          0x800'24bb   0x16  Code  Lc  lcd_display.o [1]
_Cb_R_ModbusRTU_REG_Alarm_Lower
                         0x800'48c9   0x5a  Code  Gb  user_app_modbus_rtu.o [1]
_Cb_R_ModbusRTU_REG_Alarm_State
                         0x800'4705   0x2e  Code  Gb  user_app_modbus_rtu.o [1]
_Cb_R_ModbusRTU_REG_Alarm_Upper
                         0x800'47af   0x5a  Code  Gb  user_app_modbus_rtu.o [1]
_Cb_R_ModbusRTU_REG_Baudrate
                         0x800'443d   0x2e  Code  Gb  user_app_modbus_rtu.o [1]
_Cb_R_ModbusRTU_REG_DO_Per_Measure
                         0x800'458d   0x5a  Code  Gb  user_app_modbus_rtu.o [1]
_Cb_R_ModbusRTU_REG_ID   0x800'4397   0x2e  Code  Gb  user_app_modbus_rtu.o [1]
_Cb_R_ModbusRTU_REG_Salt_Compensation
                         0x800'45e7   0x5a  Code  Gb  user_app_modbus_rtu.o [1]
_Cb_R_ModbusRTU_REG_Temp_Measure
                         0x800'4533   0x5a  Code  Gb  user_app_modbus_rtu.o [1]
_Cb_R_ModbusRTU_REG_pH_Measure
                         0x800'44d9   0x5a  Code  Gb  user_app_modbus_rtu.o [1]
_Cb_Save_Box             0x800'c3b7    0x6  Code  Lc  user_app_comm.o [1]
_Cb_Set_RTC              0x800'c38f   0x1c  Code  Lc  user_app_comm.o [1]
_Cb_TX_Timer_Event       0x800'c50d   0x1a  Code  Lc  user_app_comm.o [1]
_Cb_Timer_IRQ            0x800'c301    0xc  Code  Lc  user_app_comm.o [1]
_Cb_Tx_Timer             0x800'c3b1    0x6  Code  Lc  user_app_comm.o [1]
_Cb_Uart_Error           0x800'c383    0xc  Code  Lc  user_app_comm.o [1]
_Cb_Uart_Rx_Debug        0x800'c30d   0x76  Code  Lc  user_app_comm.o [1]
_Cb_Uart_Rx_Debug::LastLengthRecv
                        0x2000'28e0    0x2  Data  Lc  user_app_comm.o [1]
_Cb_Uart_Rx_Debug::MarkFirstRecvUart
                        0x2000'28ee    0x1  Data  Lc  user_app_comm.o [1]
_Cb_W_ModbusRTU_REG_Alarm_Lower
                         0x800'4923   0xc0  Code  Gb  user_app_modbus_rtu.o [1]
_Cb_W_ModbusRTU_REG_Alarm_State
                         0x800'4733   0x7c  Code  Gb  user_app_modbus_rtu.o [1]
_Cb_W_ModbusRTU_REG_Alarm_Upper
                         0x800'4809   0xc0  Code  Gb  user_app_modbus_rtu.o [1]
_Cb_W_ModbusRTU_REG_Baudrate
                         0x800'446b   0x6e  Code  Gb  user_app_modbus_rtu.o [1]
_Cb_W_ModbusRTU_REG_ID   0x800'43c5   0x78  Code  Gb  user_app_modbus_rtu.o [1]
_Cb_W_ModbusRTU_REG_Salt_Compensation
                         0x800'4641   0xc4  Code  Gb  user_app_modbus_rtu.o [1]
_Cb_button_detect        0x800'24a3   0x18  Code  Lc  lcd_display.o [1]
_Cb_button_scan          0x800'246f   0x34  Code  Lc  lcd_display.o [1]
_LitobFullNoMb           0x800'9615  0x10a  Code  Lc  xprintffull_nomb.o [2]
_Locale_lconv           0x2000'0be0   0x38  Data  Lc  xlocale_c.o [2]
_PrintfFullNoMb          0x800'8855  0xd9c  Code  Gb  xprintffull_nomb.o [2]
_PutcharFullNoMb         0x800'9785   0x20  Code  Lc  xprintffull_nomb.o [2]
_PutcharsFullNoMb        0x800'97a5   0x2e  Code  Lc  xprintffull_nomb.o [2]
_SProut                  0x800'52e3    0xa  Code  Gb  xsprout.o [2]
__NVIC_DisableIRQ        0x800'a781   0x26  Code  Lc  stm32l4xx_hal_cortex.o [1]
__NVIC_EnableIRQ         0x800'a761   0x20  Code  Lc  stm32l4xx_hal_cortex.o [1]
__NVIC_GetPriorityGrouping
                         0x800'a753    0xc  Code  Lc  stm32l4xx_hal_cortex.o [1]
__NVIC_SetPriority       0x800'a7a7   0x2c  Code  Lc  stm32l4xx_hal_cortex.o [1]
__NVIC_SetPriorityGrouping
                         0x800'a731   0x22  Code  Lc  stm32l4xx_hal_cortex.o [1]
__aeabi_cdcmpeq          0x800'b7a1         Code  Gb  DblCmpEq.o [3]
__aeabi_cdcmple          0x800'b831         Code  Gb  DblCmpLe.o [3]
__aeabi_cdrcmple         0x800'b861         Code  Gb  DblCmpGe.o [3]
__aeabi_d2f              0x800'554d         Code  Gb  DblToFlt.o [3]
__aeabi_d2iz             0x800'812d         Code  Gb  DblToS32.o [3]
__aeabi_d2uiz            0x800'be65         Code  Gb  DblToU32.o [3]
__aeabi_dadd             0x800'7fb1         Code  Gb  DblAdd.o [3]
__aeabi_ddiv             0x800'5305         Code  Gb  DblDiv.o [3]
__aeabi_dmul             0x800'7e0d         Code  Gb  DblMul.o [3]
__aeabi_dsub             0x800'b6bd         Code  Gb  DblSub.o [3]
__aeabi_f2d              0x800'55d1         Code  Gb  FltToDbl.o [3]
__aeabi_i2d              0x800'52c1         Code  Gb  S32ToDbl.o [3]
__aeabi_ldiv0            0x800'b6b9         Code  Gb  I64DivZer.o [4]
__aeabi_memcpy           0x800'7b35         Code  Gb  ABImemcpy.o [4]
__aeabi_memcpy4          0x800'7b55         Code  Gb  ABImemcpy.o [4]
__aeabi_memcpy8          0x800'7b55         Code  Gb  ABImemcpy.o [4]
__aeabi_memset           0x800'5c79         Code  Gb  ABImemset.o [4]
__aeabi_ui2d             0x800'55b5         Code  Gb  U32ToDbl.o [3]
__aeabi_uldivmod         0x800'7bdd         Code  Gb  I64DivMod.o [4]
__cmain                  0x800'f285         Code  Gb  cmain.o [4]
__exit                   0x800'dd35   0x14  Code  Gb  exit.o [5]
__iar_Exp64              0x800'b891  0x388  Code  Gb  iar_Exp64.o [3]
__iar_Fail_s             0x800'bc91   0x1c  Code  Gb  xfail_s.o [2]
__iar_Memchr             0x800'bcd1         Code  Gb  memchr.o [4]
__iar_Memset             0x800'5c79         Code  Gb  ABImemset.o [4]
__iar_Memset_word        0x800'5c81         Code  Gb  ABImemset.o [4]
__iar_Strchr             0x800'bc79         Code  Gb  strchr.o [4]
__iar_dadd               0x800'b6cd         Code  Gb  DblSub.o [3]
__iar_data_init3         0x800'f1f9   0x28  Code  Gb  data_init.o [4]
__iar_dsub               0x800'7fc1         Code  Gb  DblAdd.o [3]
__iar_dsubStart          0x800'7fd3         Code  Gb  DblAdd.o [3]
__iar_frexp              0x800'b7cd         Code  Gb  frexp.o [3]
__iar_frexpl             0x800'b7cd         Code  Gb  frexp.o [3]
__iar_init_vfp           0x800'f221         Code  Gb  fpinit_M.o [3]
__iar_ldexp64            0x800'bd29         Code  Gb  ldexp.o [3]
__iar_lz77_init_single3
                         0x800'f0a1   0x78  Code  Gb  lz77_init_single.o [4]
__iar_pow64              0x800'8169  0x6ec  Code  Gb  pow64.o [3]
__iar_pow_medium         0x800'8169  0x6ec  Code  Gb  pow64.o [3]
__iar_pow_medium64       0x800'8169  0x6ec  Code  Gb  pow64.o [3]
__iar_pow_mediuml        0x800'8169  0x6ec  Code  Gb  pow64.o [3]
__iar_program_start      0x800'f89d         Code  Gb  cstartup_M.o [4]
__iar_scalbln64          0x800'bd29         Code  Gb  ldexp.o [3]
__iar_scalbn64           0x800'bd29         Code  Gb  ldexp.o [3]
__iar_softfp___iar_frexp64
                         0x800'b7c1         Code  Gb  frexp.o [3]
__iar_softfp_frexp       0x800'b7c1         Code  Gb  frexp.o [3]
__iar_softfp_frexpl      0x800'b7c1         Code  Gb  frexp.o [3]
__iar_vfp_pow            0x800'52f3   0x10  Code  Gb  math_wrappers64.o [3]
__iar_zero_init3         0x800'5287   0x3a  Code  Gb  zero_init3.o [4]
__low_level_init         0x800'f2a3    0x4  Code  Gb  low_level_init.o [2]
__vector_table           0x800'0000         Data  Gb  startup_stm32l433xx.o [1]
_call_main               0x800'f291         Code  Gb  cmain.o [4]
_exit                    0x800'f2ad         Code  Gb  cexit.o [4]
_main                    0x800'f29f         Code  Gb  cmain.o [4]
aAT_CMD                 0x2000'24f0   0x80  Data  Lc  user_at_serial.o [1]
aBaudrate_value         0x2000'06ac   0x2c  Data  Gb  user_app_modbus_rtu.o [1]
aDATA_CALIB             0x2000'28a8    0x4  Data  Gb  user_app_sensor.o [1]
aDATA_CONFIG            0x2000'22f0   0x80  Data  Lc  user_app_modbus_rtu.o [1]
aDATA_CONFIG            0x2000'2470   0x80  Data  Lc  user_at_serial.o [1]
aDATA_LOG_REGISTER      0x2000'2370   0x80  Data  Lc  user_app_modbus_rtu.o [1]
aModeSelectONOFF        0x2000'012c    0x8  Data  Gb  lcd_display.o [1]
aPASSWORD               0x2000'00d8    0x4  Data  Gb  lcd_display.o [1]
aSTT_SETTING_DONE       0x2000'010c   0x10  Data  Gb  lcd_display.o [1]
aSTT_SETTING_ENTER      0x2000'00ec   0x10  Data  Gb  lcd_display.o [1]
aSTT_SETTING_ERROR      0x2000'011c   0x10  Data  Gb  lcd_display.o [1]
aSTT_SETTING_FREE       0x2000'00dc   0x10  Data  Gb  lcd_display.o [1]
aSTT_SETTING_WAIT       0x2000'00fc   0x10  Data  Gb  lcd_display.o [1]
aSampling_STT           0x2000'273c   0x28  Data  Gb  user_app_sensor.o [1]
aSampling_VALUE         0x2000'2764   0x28  Data  Gb  user_app_sensor.o [1]
aTEST                   0x2000'0000    0xc  Data  Lc  button.o [1]
aUART_485SS_DATA        0x2000'1cd4  0x200  Data  Lc  user_connect_sensor.o [1]
aUART_485_DATA          0x2000'1ed4  0x200  Data  Lc  user_rs485.o [1]
aUART_DBG_DMA_RX        0x2000'25d4   0x64  Data  Lc  user_app_comm.o [1]
abort                    0x800'cb51    0x6  Code  Gb  abort.o [2]
abs                      0x800'9d47    0x8  Code  Gb  abs.o [2]
aframe                  0x2000'23f0   0x80  Data  Gb  user_app_modbus_rtu.o [1]
bmp_SV_logo_12864        0x800'e778  0x400  Data  Gb  unit_tests.o [1]
charNotDetectPress      0x2000'0c1a    0x1  Data  Lc  lcd_display.o [1]
count_gettick           0x2000'28a0    0x4  Data  Gb  stm32l4xx_it.o [1]
delay_ms                 0x800'56fd    0xc  Code  Gb  STM32L4.o [1]
ee_number                0x800'da0d  0x146  Code  Lc  user_tiny_vsnprintf.o [1]
ee_skip_atoi             0x800'd9e5   0x28  Code  Lc  user_tiny_vsnprintf.o [1]
exit                     0x800'f2a7    0x4  Code  Gb  exit.o [2]
fevent_active            0x800'59a5   0x1e  Code  Gb  event_driven.o [1]
fevent_detect_salt_recv
                         0x800'2f3f   0x1c  Code  Lc  user_app_sensor.o [1]
fevent_disable           0x800'59e7   0x12  Code  Gb  event_driven.o [1]
fevent_enable            0x800'59c3   0x24  Code  Gb  event_driven.o [1]
fevent_rs485_entry       0x800'd865   0x12  Code  Lc  user_app_rs485.o [1]
fevent_rs485_init_uart   0x800'd877   0x2e  Code  Lc  user_app_rs485.o [1]
fevent_rs485_init_uart::stamp
                        0x2000'28ef    0x1  Data  Lc  user_app_rs485.o [1]
fevent_rs485_receive_complete
                         0x800'd8a5   0x24  Code  Lc  user_app_rs485.o [1]
fevent_rs485_refresh     0x800'd8c9   0x20  Code  Lc  user_app_rs485.o [1]
fevent_sensor_entry      0x800'2db1   0x12  Code  Lc  user_app_sensor.o [1]
fevent_sensor_receive_complete
                         0x800'2e75   0xb6  Code  Lc  user_app_sensor.o [1]
fevent_sensor_receive_handle
                         0x800'2e35   0x40  Code  Lc  user_app_sensor.o [1]
fevent_sensor_reset      0x800'3009   0x84  Code  Lc  user_app_sensor.o [1]
fevent_sensor_reset::state
                        0x2000'28f1    0x1  Data  Lc  user_app_sensor.o [1]
fevent_sensor_transmit   0x800'2dc3   0x72  Code  Lc  user_app_sensor.o [1]
fevent_sensor_wait_calib
                         0x800'2f2b   0x14  Code  Lc  user_app_sensor.o [1]
fevent_temp_alarm        0x800'2f5b   0xae  Code  Lc  user_app_sensor.o [1]
font_current            0x2000'285c    0xc  Data  Gb  text.o [1]
glcd_ST7565R_init        0x800'5c1d   0x5c  Code  Gb  ST7565R.o [1]
glcd_bbox               0x2000'288c    0x4  Data  Gb  glcd.o [1]
glcd_bbox_refresh        0x800'5aa1   0x1c  Code  Gb  glcd.o [1]
glcd_bbox_selected      0x2000'2894    0x4  Data  Gb  glcd.o [1]
glcd_buffer             0x2000'10d0  0x400  Data  Gb  glcd.o [1]
glcd_buffer_selected    0x2000'2890    0x4  Data  Gb  glcd.o [1]
glcd_clear               0x800'5abd   0x28  Code  Gb  glcd.o [1]
glcd_clear_buffer        0x800'5ae5   0x24  Code  Gb  glcd.o [1]
glcd_command             0x800'5b1d   0x1a  Code  Gb  ST7565R.o [1]
glcd_data                0x800'5b37   0x1a  Code  Gb  ST7565R.o [1]
glcd_draw_bitmap         0x800'6249   0x1e  Code  Gb  graphics.o [1]
glcd_draw_char_xy        0x800'5cfb  0x33a  Code  Gb  text.o [1]
glcd_draw_line           0x800'613d  0x10c  Code  Gb  graphics.o [1]
glcd_draw_string_xy      0x800'6035   0x38  Code  Gb  text.o [1]
glcd_enable_backlight    0x800'5681    0x2  Code  Gb  STM32L4.o [1]
glcd_init                0x800'5659   0x28  Code  Gb  STM32L4.o [1]
glcd_reset               0x800'56ad   0x40  Code  Gb  STM32L4.o [1]
glcd_reset_bbox          0x800'5a85   0x1c  Code  Gb  glcd.o [1]
glcd_select_screen       0x800'5b09    0xa  Code  Gb  glcd.o [1]
glcd_set_column_lower    0x800'5b91    0xe  Code  Gb  ST7565R.o [1]
glcd_set_column_upper    0x800'5b7b   0x16  Code  Gb  ST7565R.o [1]
glcd_set_font            0x800'5ce1   0x1a  Code  Gb  text.o [1]
glcd_set_pixel           0x800'6071   0xcc  Code  Gb  graphics.o [1]
glcd_set_x_address       0x800'5b65   0x16  Code  Gb  ST7565R.o [1]
glcd_set_y_address       0x800'5b51   0x14  Code  Gb  ST7565R.o [1]
glcd_spi_write           0x800'5683   0x2a  Code  Gb  STM32L4.o [1]
glcd_test_bitmap_128x64
                         0x800'59f9    0xe  Code  Gb  unit_tests.o [1]
glcd_tiny_draw_char      0x800'572f  0x21a  Code  Gb  text_tiny.o [1]
glcd_tiny_draw_string    0x800'5949   0x54  Code  Gb  text_tiny.o [1]
glcd_tiny_set_font       0x800'5715   0x1a  Code  Gb  text_tiny.o [1]
glcd_update_bbox         0x800'5a0d   0x78  Code  Gb  glcd.o [1]
glcd_write               0x800'5b9f   0x70  Code  Gb  ST7565R.o [1]
hdma_lpuart_rx          0x2000'2638   0x48  Data  Gb  usart.o [1]
hdma_usart1_rx          0x2000'2680   0x48  Data  Gb  usart.o [1]
hdma_usart3_rx          0x2000'26c8   0x48  Data  Gb  usart.o [1]
hlpuart1                0x2000'20d4   0x88  Data  Gb  usart.o [1]
hrtc                    0x2000'27b4   0x24  Data  Gb  rtc.o [1]
hspi2                   0x2000'2570   0x64  Data  Gb  spi.o [1]
huart1                  0x2000'215c   0x88  Data  Gb  usart.o [1]
huart3                  0x2000'21e4   0x88  Data  Gb  usart.o [1]
ldexp                    0x800'bd29         Code  Gb  ldexp.o [3]
ldexpl                   0x800'bd29         Code  Gb  ldexp.o [3]
lnbias                   0x800'e358  0x420  Data  Lc  pow64.o [3]
localeconv               0x800'be8d    0x4  Code  Gb  xlocale_c.o [2]
lower_digits            0x2000'0bd8    0x4  Data  Lc  user_tiny_vsnprintf.o [1]
main                     0x800'9d4f   0x2c  Code  Gb  main.o [1]
memchr                   0x800'bcd1         Code  Gb  memchr.o [4]
memset                   0x800'9e11   0x14  Code  Gb  memset.o [4]
pFlash                  0x2000'0540   0x20  Data  Gb  stm32l4xx_hal_flash.o [1]
pFunc_UTIL_Debug_Send   0x2000'28d0    0x4  Data  Gb  user_util.o [1]
pFunc_UTIL_Log_To_Mem   0x2000'28cc    0x4  Data  Gb  user_util.o [1]
pModemProcessIRQTimer   0x2000'28c0    0x4  Data  Gb  user_rtc.o [1]
pow                      0x800'8169  0x6ec  Code  Gb  pow64.o [3]
powl                     0x800'8169  0x6ec  Code  Gb  pow64.o [3]
quickSort_Sampling       0x800'34a7   0x9a  Code  Gb  user_app_sensor.o [1]
quickSort_Sampling_Value
                         0x800'3541   0xdc  Code  Gb  user_app_sensor.o [1]
quickSort_Sampling_Value::Handle_Once
                        0x2000'28f2    0x1  Data  Lc  user_app_sensor.o [1]
sButton                 0x2000'27f4   0x18  Data  Gb  button.o [1]
sCheckList_Reg_Modbus_RTU
                        0x2000'05e4   0xc8  Data  Gb  user_app_modbus_rtu.o [1]
sData_Calib             0x2000'07a0    0x8  Data  Gb  user_app_sensor.o [1]
sEventAppComm           0x2000'0564   0x70  Data  Gb  user_app_comm.o [1]
sEventAppRs485          0x2000'06e0   0x40  Data  Gb  user_app_rs485.o [1]
sEventAppSensor         0x2000'0720   0x80  Data  Gb  user_app_sensor.o [1]
sEventDisplay           0x2000'000c   0x70  Data  Gb  lcd_display.o [1]
sFirmVersion            0x2000'05d4    0x8  Data  Gb  user_app_comm.o [1]
sHandleRs485            0x2000'28ac    0x4  Data  Gb  user_app_sensor.o [1]
sKindMode485            0x2000'28e4    0x2  Data  Gb  user_app_sensor.o [1]
sLCD                    0x2000'283c   0x10  Data  Gb  lcd_display.o [1]
sLCDObject              0x2000'0134  0x408  Data  Gb  lcd_display.o [1]
sLogData_ModbusRTU      0x2000'06d8    0x8  Data  Gb  user_app_modbus_rtu.o [1]
sMeasureRange           0x2000'284c   0x10  Data  Gb  user_app_sensor.o [1]
sModelVersion           0x2000'00d0    0x8  Data  Gb  lcd_display.o [1]
sParaDisplay            0x2000'007c   0x54  Data  Gb  lcd_display.o [1]
sRTC                    0x2000'2874    0xc  Data  Gb  user_util.o [1]
sSaltPSU_RecvMaster     0x2000'2880    0x8  Data  Gb  user_app_sensor.o [1]
sSensor_DO              0x2000'278c   0x28  Data  Gb  user_app_sensor.o [1]
sSlave_ModbusRTU        0x2000'0c18    0x2  Data  Gb  user_app_modbus_rtu.o [1]
sTempAlarm              0x2000'2868    0xc  Data  Gb  user_app_sensor.o [1]
sUart485                0x2000'0bd0    0x8  Data  Gb  user_rs485.o [1]
sUart485SS              0x2000'0bc8    0x8  Data  Gb  user_connect_sensor.o [1]
sUartDebug              0x2000'05dc    0x8  Data  Gb  user_app_comm.o [1]
scalbln                  0x800'bd29         Code  Gb  ldexp.o [3]
scalblnl                 0x800'bd29         Code  Gb  ldexp.o [3]
scalbn                   0x800'bd29         Code  Gb  ldexp.o [3]
scalbnl                  0x800'bd29         Code  Gb  ldexp.o [3]
scale                    0x800'971f   0x46  Code  Lc  xprintffull_nomb.o [2]
sec_hand                0x2000'28d4    0x4  Data  Lc  xfail_s.o [2]
sprintf                  0x800'5619   0x40  Code  Gb  sprintf.o [2]
strATcmd                0x2000'07b0    0x8  Data  Gb  user_at_serial.o [1]
strchr                   0x800'bc79         Code  Gb  strchr.o [4]
strlen                   0x800'5251         Code  Gb  strlen.o [4]
sztmp                   0x2000'1ad4  0x200  Data  Lc  user_adv_trace.o [1]
tiny_vsnprintf_like      0x800'db53  0x1d6  Code  Gb  user_tiny_vsnprintf.o [1]
upper_digits            0x2000'0bdc    0x4  Data  Lc  user_tiny_vsnprintf.o [1]
uwTick                  0x2000'289c    0x4  Data  Gb  stm32l4xx_hal.o [1]
uwTickFreq              0x2000'0c1b    0x1  Data  Gb  stm32l4xx_hal.o [1]
uwTickPrio              0x2000'053c    0x4  Data  Gb  stm32l4xx_hal.o [1]
vcom_DeInit              0x800'c727   0x1e  Code  Gb  user_app_comm.o [1]
vcom_Init                0x800'c71d    0xa  Code  Gb  user_app_comm.o [1]
vcom_Trace_DMA           0x800'c745   0x24  Code  Gb  user_app_comm.o [1]


[1] = D:\Saoviet_Git\Saoviet_EnviroTrack_M_And_S_RawW\Project_Slave_Chemins_DO\Project_Slave_Sensor_EnviroTrack\EWARM\Project_Slave_Sensor_EnviroTrack\Obj
[2] = dl7M_tlf.a
[3] = m7M_tls.a
[4] = rt7M_tl.a
[5] = shb_l.a

  58'901 bytes of readonly  code memory
   6'572 bytes of readonly  data memory
  11'511 bytes of readwrite data memory

Errors: none
Warnings: none
