###############################################################################
#
# IAR ELF Linker V8.40.2.214/W32 for ARM                  26/Nov/2025  10:44:36
# Copyright 2007-2019 IAR Systems AB.
#
#    Output file  =
#        D:\Saoviet_Git\Saoviet_EnviroTrack_M_And_S_RawWater\Project_Slave_Chemins_DO\Project_Slave_Sensor_EnviroTrack\EWARM\Project_Slave_Sensor_EnviroTrack\Exe\Project_Slave_Sensor_EnviroTrack.out
#    Map file     =
#        D:\Saoviet_Git\Saoviet_EnviroTrack_M_And_S_RawWater\Project_Slave_Chemins_DO\Project_Slave_Sensor_EnviroTrack\EWARM\Project_Slave_Sensor_EnviroTrack\List\Project_Slave_Sensor_EnviroTrack.map
#    Command line =
#        -f C:\Users\PC\AppData\Local\Temp\EWB0CD.tmp
#        (D:\Saoviet_Git\Saoviet_EnviroTrack_M_And_S_RawWater\Project_Slave_Chemins_DO\Project_Slave_Sensor_EnviroTrack\EWARM\Project_Slave_Sensor_EnviroTrack\Obj\button.o
#        D:\Saoviet_Git\Saoviet_EnviroTrack_M_And_S_RawWater\Project_Slave_Chemins_DO\Project_Slave_Sensor_EnviroTrack\EWARM\Project_Slave_Sensor_EnviroTrack\Obj\dma.o
#        D:\Saoviet_Git\Saoviet_EnviroTrack_M_And_S_RawWater\Project_Slave_Chemins_DO\Project_Slave_Sensor_EnviroTrack\EWARM\Project_Slave_Sensor_EnviroTrack\Obj\event_driven.o
#        D:\Saoviet_Git\Saoviet_EnviroTrack_M_And_S_RawWater\Project_Slave_Chemins_DO\Project_Slave_Sensor_EnviroTrack\EWARM\Project_Slave_Sensor_EnviroTrack\Obj\glcd.o
#        D:\Saoviet_Git\Saoviet_EnviroTrack_M_And_S_RawWater\Project_Slave_Chemins_DO\Project_Slave_Sensor_EnviroTrack\EWARM\Project_Slave_Sensor_EnviroTrack\Obj\gpio.o
#        D:\Saoviet_Git\Saoviet_EnviroTrack_M_And_S_RawWater\Project_Slave_Chemins_DO\Project_Slave_Sensor_EnviroTrack\EWARM\Project_Slave_Sensor_EnviroTrack\Obj\graphics.o
#        D:\Saoviet_Git\Saoviet_EnviroTrack_M_And_S_RawWater\Project_Slave_Chemins_DO\Project_Slave_Sensor_EnviroTrack\EWARM\Project_Slave_Sensor_EnviroTrack\Obj\graphs.o
#        D:\Saoviet_Git\Saoviet_EnviroTrack_M_And_S_RawWater\Project_Slave_Chemins_DO\Project_Slave_Sensor_EnviroTrack\EWARM\Project_Slave_Sensor_EnviroTrack\Obj\lcd_display.o
#        D:\Saoviet_Git\Saoviet_EnviroTrack_M_And_S_RawWater\Project_Slave_Chemins_DO\Project_Slave_Sensor_EnviroTrack\EWARM\Project_Slave_Sensor_EnviroTrack\Obj\main.o
#        D:\Saoviet_Git\Saoviet_EnviroTrack_M_And_S_RawWater\Project_Slave_Chemins_DO\Project_Slave_Sensor_EnviroTrack\EWARM\Project_Slave_Sensor_EnviroTrack\Obj\NT75451.o
#        D:\Saoviet_Git\Saoviet_EnviroTrack_M_And_S_RawWater\Project_Slave_Chemins_DO\Project_Slave_Sensor_EnviroTrack\EWARM\Project_Slave_Sensor_EnviroTrack\Obj\onchipflash.o
#        D:\Saoviet_Git\Saoviet_EnviroTrack_M_And_S_RawWater\Project_Slave_Chemins_DO\Project_Slave_Sensor_EnviroTrack\EWARM\Project_Slave_Sensor_EnviroTrack\Obj\PCD8544.o
#        D:\Saoviet_Git\Saoviet_EnviroTrack_M_And_S_RawWater\Project_Slave_Chemins_DO\Project_Slave_Sensor_EnviroTrack\EWARM\Project_Slave_Sensor_EnviroTrack\Obj\queue_p.o
#        D:\Saoviet_Git\Saoviet_EnviroTrack_M_And_S_RawWater\Project_Slave_Chemins_DO\Project_Slave_Sensor_EnviroTrack\EWARM\Project_Slave_Sensor_EnviroTrack\Obj\rtc.o
#        D:\Saoviet_Git\Saoviet_EnviroTrack_M_And_S_RawWater\Project_Slave_Chemins_DO\Project_Slave_Sensor_EnviroTrack\EWARM\Project_Slave_Sensor_EnviroTrack\Obj\spi.o
#        D:\Saoviet_Git\Saoviet_EnviroTrack_M_And_S_RawWater\Project_Slave_Chemins_DO\Project_Slave_Sensor_EnviroTrack\EWARM\Project_Slave_Sensor_EnviroTrack\Obj\ST7565R.o
#        D:\Saoviet_Git\Saoviet_EnviroTrack_M_And_S_RawWater\Project_Slave_Chemins_DO\Project_Slave_Sensor_EnviroTrack\EWARM\Project_Slave_Sensor_EnviroTrack\Obj\startup_stm32l433xx.o
#        D:\Saoviet_Git\Saoviet_EnviroTrack_M_And_S_RawWater\Project_Slave_Chemins_DO\Project_Slave_Sensor_EnviroTrack\EWARM\Project_Slave_Sensor_EnviroTrack\Obj\STM32F0xx.o
#        D:\Saoviet_Git\Saoviet_EnviroTrack_M_And_S_RawWater\Project_Slave_Chemins_DO\Project_Slave_Sensor_EnviroTrack\EWARM\Project_Slave_Sensor_EnviroTrack\Obj\STM32F10x.o
#        D:\Saoviet_Git\Saoviet_EnviroTrack_M_And_S_RawWater\Project_Slave_Chemins_DO\Project_Slave_Sensor_EnviroTrack\EWARM\Project_Slave_Sensor_EnviroTrack\Obj\STM32F4.o
#        D:\Saoviet_Git\Saoviet_EnviroTrack_M_And_S_RawWater\Project_Slave_Chemins_DO\Project_Slave_Sensor_EnviroTrack\EWARM\Project_Slave_Sensor_EnviroTrack\Obj\STM32L4.o
#        D:\Saoviet_Git\Saoviet_EnviroTrack_M_And_S_RawWater\Project_Slave_Chemins_DO\Project_Slave_Sensor_EnviroTrack\EWARM\Project_Slave_Sensor_EnviroTrack\Obj\stm32l4xx_hal.o
#        D:\Saoviet_Git\Saoviet_EnviroTrack_M_And_S_RawWater\Project_Slave_Chemins_DO\Project_Slave_Sensor_EnviroTrack\EWARM\Project_Slave_Sensor_EnviroTrack\Obj\stm32l4xx_hal_cortex.o
#        D:\Saoviet_Git\Saoviet_EnviroTrack_M_And_S_RawWater\Project_Slave_Chemins_DO\Project_Slave_Sensor_EnviroTrack\EWARM\Project_Slave_Sensor_EnviroTrack\Obj\stm32l4xx_hal_dma.o
#        D:\Saoviet_Git\Saoviet_EnviroTrack_M_And_S_RawWater\Project_Slave_Chemins_DO\Project_Slave_Sensor_EnviroTrack\EWARM\Project_Slave_Sensor_EnviroTrack\Obj\stm32l4xx_hal_dma_ex.o
#        D:\Saoviet_Git\Saoviet_EnviroTrack_M_And_S_RawWater\Project_Slave_Chemins_DO\Project_Slave_Sensor_EnviroTrack\EWARM\Project_Slave_Sensor_EnviroTrack\Obj\stm32l4xx_hal_exti.o
#        D:\Saoviet_Git\Saoviet_EnviroTrack_M_And_S_RawWater\Project_Slave_Chemins_DO\Project_Slave_Sensor_EnviroTrack\EWARM\Project_Slave_Sensor_EnviroTrack\Obj\stm32l4xx_hal_flash.o
#        D:\Saoviet_Git\Saoviet_EnviroTrack_M_And_S_RawWater\Project_Slave_Chemins_DO\Project_Slave_Sensor_EnviroTrack\EWARM\Project_Slave_Sensor_EnviroTrack\Obj\stm32l4xx_hal_flash_ex.o
#        D:\Saoviet_Git\Saoviet_EnviroTrack_M_And_S_RawWater\Project_Slave_Chemins_DO\Project_Slave_Sensor_EnviroTrack\EWARM\Project_Slave_Sensor_EnviroTrack\Obj\stm32l4xx_hal_flash_ramfunc.o
#        D:\Saoviet_Git\Saoviet_EnviroTrack_M_And_S_RawWater\Project_Slave_Chemins_DO\Project_Slave_Sensor_EnviroTrack\EWARM\Project_Slave_Sensor_EnviroTrack\Obj\stm32l4xx_hal_gpio.o
#        D:\Saoviet_Git\Saoviet_EnviroTrack_M_And_S_RawWater\Project_Slave_Chemins_DO\Project_Slave_Sensor_EnviroTrack\EWARM\Project_Slave_Sensor_EnviroTrack\Obj\stm32l4xx_hal_i2c.o
#        D:\Saoviet_Git\Saoviet_EnviroTrack_M_And_S_RawWater\Project_Slave_Chemins_DO\Project_Slave_Sensor_EnviroTrack\EWARM\Project_Slave_Sensor_EnviroTrack\Obj\stm32l4xx_hal_i2c_ex.o
#        D:\Saoviet_Git\Saoviet_EnviroTrack_M_And_S_RawWater\Project_Slave_Chemins_DO\Project_Slave_Sensor_EnviroTrack\EWARM\Project_Slave_Sensor_EnviroTrack\Obj\stm32l4xx_hal_msp.o
#        D:\Saoviet_Git\Saoviet_EnviroTrack_M_And_S_RawWater\Project_Slave_Chemins_DO\Project_Slave_Sensor_EnviroTrack\EWARM\Project_Slave_Sensor_EnviroTrack\Obj\stm32l4xx_hal_pwr.o
#        D:\Saoviet_Git\Saoviet_EnviroTrack_M_And_S_RawWater\Project_Slave_Chemins_DO\Project_Slave_Sensor_EnviroTrack\EWARM\Project_Slave_Sensor_EnviroTrack\Obj\stm32l4xx_hal_pwr_ex.o
#        D:\Saoviet_Git\Saoviet_EnviroTrack_M_And_S_RawWater\Project_Slave_Chemins_DO\Project_Slave_Sensor_EnviroTrack\EWARM\Project_Slave_Sensor_EnviroTrack\Obj\stm32l4xx_hal_rcc.o
#        D:\Saoviet_Git\Saoviet_EnviroTrack_M_And_S_RawWater\Project_Slave_Chemins_DO\Project_Slave_Sensor_EnviroTrack\EWARM\Project_Slave_Sensor_EnviroTrack\Obj\stm32l4xx_hal_rcc_ex.o
#        D:\Saoviet_Git\Saoviet_EnviroTrack_M_And_S_RawWater\Project_Slave_Chemins_DO\Project_Slave_Sensor_EnviroTrack\EWARM\Project_Slave_Sensor_EnviroTrack\Obj\stm32l4xx_hal_rtc.o
#        D:\Saoviet_Git\Saoviet_EnviroTrack_M_And_S_RawWater\Project_Slave_Chemins_DO\Project_Slave_Sensor_EnviroTrack\EWARM\Project_Slave_Sensor_EnviroTrack\Obj\stm32l4xx_hal_rtc_ex.o
#        D:\Saoviet_Git\Saoviet_EnviroTrack_M_And_S_RawWater\Project_Slave_Chemins_DO\Project_Slave_Sensor_EnviroTrack\EWARM\Project_Slave_Sensor_EnviroTrack\Obj\stm32l4xx_hal_spi.o
#        D:\Saoviet_Git\Saoviet_EnviroTrack_M_And_S_RawWater\Project_Slave_Chemins_DO\Project_Slave_Sensor_EnviroTrack\EWARM\Project_Slave_Sensor_EnviroTrack\Obj\stm32l4xx_hal_spi_ex.o
#        D:\Saoviet_Git\Saoviet_EnviroTrack_M_And_S_RawWater\Project_Slave_Chemins_DO\Project_Slave_Sensor_EnviroTrack\EWARM\Project_Slave_Sensor_EnviroTrack\Obj\stm32l4xx_hal_uart.o
#        D:\Saoviet_Git\Saoviet_EnviroTrack_M_And_S_RawWater\Project_Slave_Chemins_DO\Project_Slave_Sensor_EnviroTrack\EWARM\Project_Slave_Sensor_EnviroTrack\Obj\stm32l4xx_hal_uart_ex.o
#        D:\Saoviet_Git\Saoviet_EnviroTrack_M_And_S_RawWater\Project_Slave_Chemins_DO\Project_Slave_Sensor_EnviroTrack\EWARM\Project_Slave_Sensor_EnviroTrack\Obj\stm32l4xx_it.o
#        D:\Saoviet_Git\Saoviet_EnviroTrack_M_And_S_RawWater\Project_Slave_Chemins_DO\Project_Slave_Sensor_EnviroTrack\EWARM\Project_Slave_Sensor_EnviroTrack\Obj\system_stm32l4xx.o
#        D:\Saoviet_Git\Saoviet_EnviroTrack_M_And_S_RawWater\Project_Slave_Chemins_DO\Project_Slave_Sensor_EnviroTrack\EWARM\Project_Slave_Sensor_EnviroTrack\Obj\text.o
#        D:\Saoviet_Git\Saoviet_EnviroTrack_M_And_S_RawWater\Project_Slave_Chemins_DO\Project_Slave_Sensor_EnviroTrack\EWARM\Project_Slave_Sensor_EnviroTrack\Obj\text_tiny.o
#        D:\Saoviet_Git\Saoviet_EnviroTrack_M_And_S_RawWater\Project_Slave_Chemins_DO\Project_Slave_Sensor_EnviroTrack\EWARM\Project_Slave_Sensor_EnviroTrack\Obj\unit_tests.o
#        D:\Saoviet_Git\Saoviet_EnviroTrack_M_And_S_RawWater\Project_Slave_Chemins_DO\Project_Slave_Sensor_EnviroTrack\EWARM\Project_Slave_Sensor_EnviroTrack\Obj\usart.o
#        D:\Saoviet_Git\Saoviet_EnviroTrack_M_And_S_RawWater\Project_Slave_Chemins_DO\Project_Slave_Sensor_EnviroTrack\EWARM\Project_Slave_Sensor_EnviroTrack\Obj\user_adv_trace.o
#        D:\Saoviet_Git\Saoviet_EnviroTrack_M_And_S_RawWater\Project_Slave_Chemins_DO\Project_Slave_Sensor_EnviroTrack\EWARM\Project_Slave_Sensor_EnviroTrack\Obj\user_app_comm.o
#        D:\Saoviet_Git\Saoviet_EnviroTrack_M_And_S_RawWater\Project_Slave_Chemins_DO\Project_Slave_Sensor_EnviroTrack\EWARM\Project_Slave_Sensor_EnviroTrack\Obj\user_app_modbus_rtu.o
#        D:\Saoviet_Git\Saoviet_EnviroTrack_M_And_S_RawWater\Project_Slave_Chemins_DO\Project_Slave_Sensor_EnviroTrack\EWARM\Project_Slave_Sensor_EnviroTrack\Obj\user_app_rs485.o
#        D:\Saoviet_Git\Saoviet_EnviroTrack_M_And_S_RawWater\Project_Slave_Chemins_DO\Project_Slave_Sensor_EnviroTrack\EWARM\Project_Slave_Sensor_EnviroTrack\Obj\user_app_sensor.o
#        D:\Saoviet_Git\Saoviet_EnviroTrack_M_And_S_RawWater\Project_Slave_Chemins_DO\Project_Slave_Sensor_EnviroTrack\EWARM\Project_Slave_Sensor_EnviroTrack\Obj\user_at_serial.o
#        D:\Saoviet_Git\Saoviet_EnviroTrack_M_And_S_RawWater\Project_Slave_Chemins_DO\Project_Slave_Sensor_EnviroTrack\EWARM\Project_Slave_Sensor_EnviroTrack\Obj\user_connect_sensor.o
#        D:\Saoviet_Git\Saoviet_EnviroTrack_M_And_S_RawWater\Project_Slave_Chemins_DO\Project_Slave_Sensor_EnviroTrack\EWARM\Project_Slave_Sensor_EnviroTrack\Obj\user_convert_variable.o
#        D:\Saoviet_Git\Saoviet_EnviroTrack_M_And_S_RawWater\Project_Slave_Chemins_DO\Project_Slave_Sensor_EnviroTrack\EWARM\Project_Slave_Sensor_EnviroTrack\Obj\user_internal_mem.o
#        D:\Saoviet_Git\Saoviet_EnviroTrack_M_And_S_RawWater\Project_Slave_Chemins_DO\Project_Slave_Sensor_EnviroTrack\EWARM\Project_Slave_Sensor_EnviroTrack\Obj\user_mem_comm.o
#        D:\Saoviet_Git\Saoviet_EnviroTrack_M_And_S_RawWater\Project_Slave_Chemins_DO\Project_Slave_Sensor_EnviroTrack\EWARM\Project_Slave_Sensor_EnviroTrack\Obj\user_modbus_rtu.o
#        D:\Saoviet_Git\Saoviet_EnviroTrack_M_And_S_RawWater\Project_Slave_Chemins_DO\Project_Slave_Sensor_EnviroTrack\EWARM\Project_Slave_Sensor_EnviroTrack\Obj\user_obis_sv.o
#        D:\Saoviet_Git\Saoviet_EnviroTrack_M_And_S_RawWater\Project_Slave_Chemins_DO\Project_Slave_Sensor_EnviroTrack\EWARM\Project_Slave_Sensor_EnviroTrack\Obj\user_rs485.o
#        D:\Saoviet_Git\Saoviet_EnviroTrack_M_And_S_RawWater\Project_Slave_Chemins_DO\Project_Slave_Sensor_EnviroTrack\EWARM\Project_Slave_Sensor_EnviroTrack\Obj\user_rtc.o
#        D:\Saoviet_Git\Saoviet_EnviroTrack_M_And_S_RawWater\Project_Slave_Chemins_DO\Project_Slave_Sensor_EnviroTrack\EWARM\Project_Slave_Sensor_EnviroTrack\Obj\user_string.o
#        D:\Saoviet_Git\Saoviet_EnviroTrack_M_And_S_RawWater\Project_Slave_Chemins_DO\Project_Slave_Sensor_EnviroTrack\EWARM\Project_Slave_Sensor_EnviroTrack\Obj\user_time.o
#        D:\Saoviet_Git\Saoviet_EnviroTrack_M_And_S_RawWater\Project_Slave_Chemins_DO\Project_Slave_Sensor_EnviroTrack\EWARM\Project_Slave_Sensor_EnviroTrack\Obj\user_timer.o
#        D:\Saoviet_Git\Saoviet_EnviroTrack_M_And_S_RawWater\Project_Slave_Chemins_DO\Project_Slave_Sensor_EnviroTrack\EWARM\Project_Slave_Sensor_EnviroTrack\Obj\user_tiny_vsnprintf.o
#        D:\Saoviet_Git\Saoviet_EnviroTrack_M_And_S_RawWater\Project_Slave_Chemins_DO\Project_Slave_Sensor_EnviroTrack\EWARM\Project_Slave_Sensor_EnviroTrack\Obj\user_uart.o
#        D:\Saoviet_Git\Saoviet_EnviroTrack_M_And_S_RawWater\Project_Slave_Chemins_DO\Project_Slave_Sensor_EnviroTrack\EWARM\Project_Slave_Sensor_EnviroTrack\Obj\user_util.o
#        --no_out_extension -o
#        D:\Saoviet_Git\Saoviet_EnviroTrack_M_And_S_RawWater\Project_Slave_Chemins_DO\Project_Slave_Sensor_EnviroTrack\EWARM\Project_Slave_Sensor_EnviroTrack\Exe\Project_Slave_Sensor_EnviroTrack.out
#        --redirect _Printf=_PrintfFullNoMb --redirect _Scanf=_ScanfFullNoMb
#        --map
#        D:\Saoviet_Git\Saoviet_EnviroTrack_M_And_S_RawWater\Project_Slave_Chemins_DO\Project_Slave_Sensor_EnviroTrack\EWARM\Project_Slave_Sensor_EnviroTrack\List\Project_Slave_Sensor_EnviroTrack.map
#        --config
#        D:\Saoviet_Git\Saoviet_EnviroTrack_M_And_S_RawWater\Project_Slave_Chemins_DO\Project_Slave_Sensor_EnviroTrack\EWARM/stm32l433xx_flash.icf
#        --semihosting --entry __iar_program_start --vfe --text_out locale)
#
###############################################################################

*******************************************************************************
*** RUNTIME MODEL ATTRIBUTES
***

CppFlavor       = *
__Heap_Handler  = DLMalloc
__SystemLibrary = DLib
__dlib_version  = 6


*******************************************************************************
*** HEAP SELECTION
***

The advanced heap was selected because the application calls memory
allocation functions outside of system library functions, and there
are calls to deallocation functions in the application.


*******************************************************************************
*** PLACEMENT SUMMARY
***

"A0":  place at address 0x800'0000 { ro section .intvec };
"P1":  place in [from 0x800'0000 to 0x803'ffff] { ro };
define block CSTACK with size = 1K, alignment = 8 { };
define block HEAP with size = 512, alignment = 8 { };
"P2":  place in [from 0x2000'0000 to 0x2000'ffff] {
          rw, block CSTACK, block HEAP };
initialize by copy { rw };

  Section            Kind         Address    Size  Object
  -------            ----         -------    ----  ------
"A0":                                       0x18c
  .intvec            ro code   0x800'0000   0x18c  startup_stm32l433xx.o [1]
                             - 0x800'018c   0x18c

"P1":                                      0xe817
  .text              ro code   0x800'018c  0x1190  user_app_sensor.o [1]
  .text              ro code   0x800'131c    0x54  event_driven.o [1]
  .text              ro code   0x800'1370    0x66  ABImemset.o [4]
  .text              ro code   0x800'13d6   0x350  user_modbus_rtu.o [1]
  .text              ro code   0x800'1726    0x3a  zero_init3.o [4]
  .text              ro code   0x800'1760   0x380  stm32l4xx_hal_gpio.o [1]
  .text              ro code   0x800'1ae0   0x39c  usart.o [1]
  .text              ro code   0x800'1e7c    0x74  user_connect_sensor.o [1]
  .text              ro code   0x800'1ef0    0x48  FltToDbl.o [3]
  .text              ro code   0x800'1f38    0x1a  U32ToDbl.o [3]
  .text              ro code   0x800'1f52     0xa  xsprout.o [2]
  .text              ro code   0x800'1f5c    0x16  math_wrappers64.o [3]
  .rodata            const     0x800'1f72     0x2  xlocale_c.o [2]
  .text              ro code   0x800'1f74   0x246  DblDiv.o [3]
  .rodata            const     0x800'21ba     0x1  xlocale_c.o [2]
  .text              ro code   0x800'21bc    0x68  DblToFlt.o [3]
  .text              ro code   0x800'2224   0xb78  lcd_display.o [1]
  .text              ro code   0x800'2d9c   0x21c  user_util.o [1]
  .text              ro code   0x800'2fb8    0x28  stm32l4xx_hal.o [1]
  .text              ro code   0x800'2fe0   0xfc8  stm32l4xx_hal_uart.o [1]
  .text              ro code   0x800'3fa8   0x40c  user_convert_variable.o [1]
  .text              ro code   0x800'43b4   0x172  onchipflash.o [1]
  .text              ro code   0x800'4528   0x7d4  user_app_modbus_rtu.o [1]
  .text              ro code   0x800'4cfc    0xa6  ABImemcpy.o [4]
  .text              ro code   0x800'4da4     0xc  stm32l4xx_hal.o [1]
  .text              ro code   0x800'4db0    0xc2  main.o [1]
  .text              ro code   0x800'4e72    0x14  memset.o [4]
  .text              ro code   0x800'4e88   0x4e8  stm32l4xx_hal_rcc_ex.o [1]
  .text              ro code   0x800'5370   0x422  stm32l4xx_hal_dma.o [1]
  .text              ro code   0x800'5794   0x194  stm32l4xx_hal_cortex.o [1]
  .text              ro code   0x800'5928   0x6ec  pow64.o [3]
  .text              ro code   0x800'6014    0xa0  STM32L4.o [1]
  .text              ro code   0x800'60b4   0x290  text_tiny.o [1]
  .text              ro code   0x800'6344    0x14  unit_tests.o [1]
  .text              ro code   0x800'6358    0xe8  glcd.o [1]
  .text              ro code   0x800'6440   0x158  ST7565R.o [1]
  .text              ro code   0x800'6598   0xd6c  button.o [1]
  .text              ro code   0x800'7304    0x36  strlen.o [4]
  .text              ro code   0x800'733c   0x390  text.o [1]
  .text              ro code   0x800'76cc   0x200  graphics.o [1]
  .text              ro code   0x800'78cc    0x22  S32ToDbl.o [3]
  .text              ro code   0x800'78f0    0x40  sprintf.o [2]
  .text              ro code   0x800'7930   0x128  user_uart.o [1]
  .text              ro code   0x800'7a58    0x72  stm32l4xx_hal_uart_ex.o [1]
  .text              ro code   0x800'7acc   0x9fc  stm32l4xx_hal_rcc.o [1]
  .text              ro code   0x800'84c8   0x230  I64DivMod.o [4]
  .text              ro code   0x800'86f8     0x2  stm32l4xx_hal_uart.o [1]
  .text              ro code   0x800'86fa     0x2  stm32l4xx_hal_uart.o [1]
  .text              ro code   0x800'86fc   0x1a2  DblMul.o [3]
  .text              ro code   0x800'88a0   0x17a  DblAdd.o [3]
  .text              ro code   0x800'8a1c    0x3a  DblToS32.o [3]
  .text              ro code   0x800'8a58   0x1b8  stm32l4xx_hal_flash.o [1]
  .text              ro code   0x800'8c10    0xa0  stm32l4xx_hal_flash_ex.o [1]
  .text              ro code   0x800'8cb0    0x24  stm32l4xx_hal.o [1]
  .text              ro code   0x800'8cd4   0x1d0  gpio.o [1]
  .text              ro code   0x800'8ea4    0x60  dma.o [1]
  .text              ro code   0x800'8f04   0x150  rtc.o [1]
  .text              ro code   0x800'9054    0xc8  spi.o [1]
  .text              ro code   0x800'911c   0x4b0  user_app_comm.o [1]
  .text              ro code   0x800'95cc    0x94  stm32l4xx_hal_pwr_ex.o [1]
  .text              ro code   0x800'9660    0x20  DblCmpEq.o [3]
  .text              ro code   0x800'9680    0x70  frexp.o [3]
  .text              ro code   0x800'96f0    0x2e  DblCmpLe.o [3]
  .text              ro code   0x800'9720    0xe2  DblSub.o [3]
  .text              ro code   0x800'9804    0x2e  DblCmpGe.o [3]
  .text              ro code   0x800'9834   0x3e8  iar_Exp64.o [3]
  .text              ro code   0x800'9c1c   0x52a  stm32l4xx_hal_spi.o [1]
  .text              ro code   0x800'a146     0x8  abs.o [2]
  .text              ro code   0x800'a150   0xfc6  xprintffull_nomb.o [2]
  .text              ro code   0x800'b118    0x70  user_rs485.o [1]
  .text              ro code   0x800'b188   0x23a  user_adv_trace.o [1]
  .text              ro code   0x800'b3c4    0x60  stm32l4xx_hal.o [1]
  .text              ro code   0x800'b424     0x2  I64DivZer.o [4]
  .text              ro code   0x800'b428    0x38  stm32l4xx_hal_msp.o [1]
  .text              ro code   0x800'b460   0x78e  stm32l4xx_hal_rtc.o [1]
  .text              ro code   0x800'bbf0   0x310  user_timer.o [1]
  .text              ro code   0x800'bf00   0x1dc  user_at_serial.o [1]
  .text              ro code   0x800'c0dc    0x58  user_time.o [1]
  .text              ro code   0x800'c134   0x180  user_app_rs485.o [1]
  .text              ro code   0x800'c2b4   0x13a  ldexp.o [3]
  .text              ro code   0x800'c3f0    0x16  strchr.o [4]
  .text              ro code   0x800'c408    0x40  xfail_s.o [2]
  .text              ro code   0x800'c448    0x58  memchr.o [4]
  .text              ro code   0x800'c4a0    0x28  DblToU32.o [3]
  .text              ro code   0x800'c4c8     0x8  xlocale_c.o [2]
  .text              ro code   0x800'c4d0   0x350  user_tiny_vsnprintf.o [1]
  .text              ro code   0x800'c820   0x3a8  user_rtc.o [1]
  .text              ro code   0x800'cbc8     0x2  stm32l4xx_hal_rtc_ex.o [1]
  .text              ro code   0x800'cbca   0x1e6  user_string.o [1]
  .text              ro code   0x800'cdb0     0x6  abort.o [2]
  .text              ro code   0x800'cdb8    0x48  stm32l4xx_hal_rtc_ex.o [1]
  .text              ro code   0x800'ce00    0x14  exit.o [5]
  .rodata            const     0x800'ce18   0x420  pow64.o [3]
  .rodata            const     0x800'd238   0x400  unit_tests.o [1]
  .rodata            const     0x800'd638   0x228  lcd_display.o [1]
  .rodata            const     0x800'd860   0x214  lcd_display.o [1]
  .text              ro code   0x800'da74    0xd4  stm32l4xx_it.o [1]
  .text              ro code   0x800'db48    0x18  stm32l4xx_hal.o [1]
  .text              ro code   0x800'db60    0x78  lz77_init_single.o [4]
  .rodata            const     0x800'dbd8    0x34  user_app_sensor.o [1]
  .rodata            const     0x800'dc0c    0x34  user_app_sensor.o [1]
  .rodata            const     0x800'dc40    0x30  system_stm32l4xx.o [1]
  .rodata            const     0x800'dc70    0x2c  user_rtc.o [1]
  .rodata            const     0x800'dc9c    0x28  user_tiny_vsnprintf.o [1]
  .rodata            const     0x800'dcc4    0x28  user_tiny_vsnprintf.o [1]
  .text              ro code   0x800'dcec    0x28  data_init.o [4]
  .text              ro code   0x800'dd14    0x22  fpinit_M.o [3]
  .iar.init_table    const     0x800'dd38    0x20  - Linker created -
  .rodata            const     0x800'dd58    0x20  user_rtc.o [1]
  .text              ro code   0x800'dd78    0x1e  cmain.o [4]
  .text              ro code   0x800'dd96     0x4  low_level_init.o [2]
  .text              ro code   0x800'dd9a     0x4  exit.o [2]
  .text              ro code   0x800'dda0     0xa  cexit.o [4]
  .rodata            const     0x800'ddac    0x1c  user_app_comm.o [1]
  .rodata            const     0x800'ddc8    0x1c  user_uart.o [1]
  .rodata            const     0x800'dde4    0x18  user_app_comm.o [1]
  .rodata            const     0x800'ddfc    0x14  lcd_display.o [1]
  .rodata            const     0x800'de10    0x14  user_app_comm.o [1]
  .rodata            const     0x800'de24    0x14  user_at_serial.o [1]
  .rodata            const     0x800'de38    0x14  user_at_serial.o [1]
  .rodata            const     0x800'de4c    0x14  user_at_serial.o [1]
  .rodata            const     0x800'de60    0x14  user_at_serial.o [1]
  .rodata            const     0x800'de74    0x14  user_at_serial.o [1]
  .rodata            const     0x800'de88    0x10  lcd_display.o [1]
  .rodata            const     0x800'de98    0x10  lcd_display.o [1]
  .rodata            const     0x800'dea8    0x10  lcd_display.o [1]
  .rodata            const     0x800'deb8    0x10  lcd_display.o [1]
  .rodata            const     0x800'dec8    0x10  lcd_display.o [1]
  .rodata            const     0x800'ded8    0x10  lcd_display.o [1]
  .rodata            const     0x800'dee8    0x10  lcd_display.o [1]
  .rodata            const     0x800'def8    0x10  lcd_display.o [1]
  .rodata            const     0x800'df08    0x10  lcd_display.o [1]
  .rodata            const     0x800'df18    0x10  lcd_display.o [1]
  .rodata            const     0x800'df28    0x10  lcd_display.o [1]
  .rodata            const     0x800'df38    0x10  system_stm32l4xx.o [1]
  .rodata            const     0x800'df48    0x10  user_app_sensor.o [1]
  .rodata            const     0x800'df58    0x10  user_at_serial.o [1]
  .rodata            const     0x800'df68    0x10  user_at_serial.o [1]
  .rodata            const     0x800'df78    0x10  user_at_serial.o [1]
  .rodata            const     0x800'df88    0x10  user_at_serial.o [1]
  .rodata            const     0x800'df98    0x10  user_at_serial.o [1]
  .rodata            const     0x800'dfa8    0x10  user_at_serial.o [1]
  .rodata            const     0x800'dfb8    0x10  user_at_serial.o [1]
  .rodata            const     0x800'dfc8    0x10  user_at_serial.o [1]
  .rodata            const     0x800'dfd8    0x10  user_at_serial.o [1]
  .rodata            const     0x800'dfe8    0x10  user_at_serial.o [1]
  .rodata            const     0x800'dff8    0x10  user_at_serial.o [1]
  .rodata            const     0x800'e008    0x10  user_at_serial.o [1]
  .rodata            const     0x800'e018    0x10  user_at_serial.o [1]
  .rodata            const     0x800'e028    0x10  user_at_serial.o [1]
  .rodata            const     0x800'e038    0x10  user_at_serial.o [1]
  .rodata            const     0x800'e048    0x10  user_at_serial.o [1]
  .rodata            const     0x800'e058    0x10  user_at_serial.o [1]
  .rodata            const     0x800'e068    0x10  user_at_serial.o [1]
  .rodata            const     0x800'e078    0x10  user_at_serial.o [1]
  .rodata            const     0x800'e088    0x10  user_at_serial.o [1]
  .rodata            const     0x800'e098    0x10  user_at_serial.o [1]
  .rodata            const     0x800'e0a8    0x10  user_at_serial.o [1]
  .rodata            const     0x800'e0b8    0x10  user_at_serial.o [1]
  .rodata            const     0x800'e0c8    0x10  user_at_serial.o [1]
  .rodata            const     0x800'e0d8    0x10  user_at_serial.o [1]
  .rodata            const     0x800'e0e8    0x10  user_at_serial.o [1]
  .rodata            const     0x800'e0f8    0x10  user_at_serial.o [1]
  .rodata            const     0x800'e108    0x10  user_at_serial.o [1]
  .text              ro code   0x800'e118    0x10  startup_stm32l433xx.o [1]
  .text              ro code   0x800'e128    0x10  system_stm32l4xx.o [1]
  .rodata            const     0x800'e138     0xc  lcd_display.o [1]
  .rodata            const     0x800'e144     0xc  lcd_display.o [1]
  .rodata            const     0x800'e150     0xc  lcd_display.o [1]
  .rodata            const     0x800'e15c     0xc  lcd_display.o [1]
  .rodata            const     0x800'e168     0xc  lcd_display.o [1]
  .rodata            const     0x800'e174     0xc  lcd_display.o [1]
  .rodata            const     0x800'e180     0xc  lcd_display.o [1]
  .rodata            const     0x800'e18c     0xc  lcd_display.o [1]
  .rodata            const     0x800'e198     0xc  lcd_display.o [1]
  .rodata            const     0x800'e1a4     0xc  user_app_comm.o [1]
  .rodata            const     0x800'e1b0     0xc  user_app_sensor.o [1]
  .rodata            const     0x800'e1bc     0xc  user_at_serial.o [1]
  .rodata            const     0x800'e1c8     0xc  user_at_serial.o [1]
  .rodata            const     0x800'e1d4     0xc  user_at_serial.o [1]
  .rodata            const     0x800'e1e0     0xc  user_at_serial.o [1]
  .rodata            const     0x800'e1ec     0xc  user_at_serial.o [1]
  .rodata            const     0x800'e1f8     0xc  user_at_serial.o [1]
  .rodata            const     0x800'e204     0xc  user_at_serial.o [1]
  .rodata            const     0x800'e210     0xc  user_at_serial.o [1]
  .rodata            const     0x800'e21c     0xc  user_at_serial.o [1]
  .rodata            const     0x800'e228     0xc  user_at_serial.o [1]
  .rodata            const     0x800'e234     0xc  user_at_serial.o [1]
  .rodata            const     0x800'e240     0xc  user_at_serial.o [1]
  .rodata            const     0x800'e24c     0xc  user_at_serial.o [1]
  .rodata            const     0x800'e258     0xc  user_at_serial.o [1]
  .rodata            const     0x800'e264     0xc  user_at_serial.o [1]
  .rodata            const     0x800'e270     0xc  user_at_serial.o [1]
  .rodata            const     0x800'e27c     0xc  user_at_serial.o [1]
  .rodata            const     0x800'e288     0xc  user_at_serial.o [1]
  .rodata            const     0x800'e294     0xc  user_at_serial.o [1]
  .rodata            const     0x800'e2a0     0xc  user_at_serial.o [1]
  .rodata            const     0x800'e2ac     0xc  user_at_serial.o [1]
  .rodata            const     0x800'e2b8     0xc  user_at_serial.o [1]
  .rodata            const     0x800'e2c4     0xc  user_at_serial.o [1]
  .rodata            const     0x800'e2d0     0xc  user_at_serial.o [1]
  .rodata            const     0x800'e2dc     0xc  user_at_serial.o [1]
  .rodata            const     0x800'e2e8     0xc  user_at_serial.o [1]
  .rodata            const     0x800'e2f4     0xc  user_at_serial.o [1]
  .rodata            const     0x800'e300     0xc  user_at_serial.o [1]
  .rodata            const     0x800'e30c     0xc  user_rtc.o [1]
  .rodata            const     0x800'e318     0xc  user_rtc.o [1]
  .text              ro code   0x800'e324     0xc  cstartup_M.o [4]
  .rodata            const     0x800'e330     0x8  lcd_display.o [1]
  .rodata            const     0x800'e338     0x8  lcd_display.o [1]
  .rodata            const     0x800'e340     0x8  lcd_display.o [1]
  .rodata            const     0x800'e348     0x8  lcd_display.o [1]
  .rodata            const     0x800'e350     0x8  lcd_display.o [1]
  .rodata            const     0x800'e358     0x8  lcd_display.o [1]
  .rodata            const     0x800'e360     0x8  lcd_display.o [1]
  .rodata            const     0x800'e368     0x8  lcd_display.o [1]
  .rodata            const     0x800'e370     0x8  lcd_display.o [1]
  .rodata            const     0x800'e378     0x8  lcd_display.o [1]
  .rodata            const     0x800'e380     0x8  system_stm32l4xx.o [1]
  .rodata            const     0x800'e388     0x8  user_app_modbus_rtu.o [1]
  .rodata            const     0x800'e390     0x8  user_app_modbus_rtu.o [1]
  .rodata            const     0x800'e398     0x8  user_app_sensor.o [1]
  .rodata            const     0x800'e3a0     0x8  user_app_sensor.o [1]
  .rodata            const     0x800'e3a8     0x8  user_app_sensor.o [1]
  .rodata            const     0x800'e3b0     0x8  user_app_sensor.o [1]
  .rodata            const     0x800'e3b8     0x8  user_at_serial.o [1]
  .rodata            const     0x800'e3c0     0x8  user_at_serial.o [1]
  .rodata            const     0x800'e3c8     0x8  user_at_serial.o [1]
  .rodata            const     0x800'e3d0     0x8  user_at_serial.o [1]
  .rodata            const     0x800'e3d8     0x8  user_at_serial.o [1]
  .rodata            const     0x800'e3e0     0x8  user_tiny_vsnprintf.o [1]
  .rodata            const     0x800'e3e8     0x8  user_util.o [1]
  .rodata            const     0x800'e3f0     0x8  xprintffull_nomb.o [2]
  .rodata            const     0x800'e3f8     0x4  lcd_display.o [1]
  .rodata            const     0x800'e3fc     0x4  lcd_display.o [1]
  .rodata            const     0x800'e400     0x4  lcd_display.o [1]
  .text              ro code   0x800'e404     0x4  startup_stm32l433xx.o [1]
  .text              ro code   0x800'e408     0x4  startup_stm32l433xx.o [1]
  .text              ro code   0x800'e40c     0x4  startup_stm32l433xx.o [1]
  .text              ro code   0x800'e410     0x4  startup_stm32l433xx.o [1]
  .text              ro code   0x800'e414     0x4  startup_stm32l433xx.o [1]
  .text              ro code   0x800'e418     0x4  startup_stm32l433xx.o [1]
  .text              ro code   0x800'e41c     0x4  startup_stm32l433xx.o [1]
  .text              ro code   0x800'e420     0x4  startup_stm32l433xx.o [1]
  .text              ro code   0x800'e424     0x4  startup_stm32l433xx.o [1]
  .text              ro code   0x800'e428     0x4  startup_stm32l433xx.o [1]
  .text              ro code   0x800'e42c     0x4  startup_stm32l433xx.o [1]
  .text              ro code   0x800'e430     0x4  startup_stm32l433xx.o [1]
  .text              ro code   0x800'e434     0x4  startup_stm32l433xx.o [1]
  .text              ro code   0x800'e438     0x4  startup_stm32l433xx.o [1]
  .text              ro code   0x800'e43c     0x4  startup_stm32l433xx.o [1]
  .text              ro code   0x800'e440     0x4  startup_stm32l433xx.o [1]
  .text              ro code   0x800'e444     0x4  startup_stm32l433xx.o [1]
  .text              ro code   0x800'e448     0x4  startup_stm32l433xx.o [1]
  .text              ro code   0x800'e44c     0x4  startup_stm32l433xx.o [1]
  .text              ro code   0x800'e450     0x4  startup_stm32l433xx.o [1]
  .text              ro code   0x800'e454     0x4  startup_stm32l433xx.o [1]
  .text              ro code   0x800'e458     0x4  startup_stm32l433xx.o [1]
  .text              ro code   0x800'e45c     0x4  startup_stm32l433xx.o [1]
  .text              ro code   0x800'e460     0x4  startup_stm32l433xx.o [1]
  .text              ro code   0x800'e464     0x4  startup_stm32l433xx.o [1]
  .text              ro code   0x800'e468     0x4  startup_stm32l433xx.o [1]
  .text              ro code   0x800'e46c     0x4  startup_stm32l433xx.o [1]
  .text              ro code   0x800'e470     0x4  startup_stm32l433xx.o [1]
  .text              ro code   0x800'e474     0x4  startup_stm32l433xx.o [1]
  .text              ro code   0x800'e478     0x4  startup_stm32l433xx.o [1]
  .text              ro code   0x800'e47c     0x4  startup_stm32l433xx.o [1]
  .text              ro code   0x800'e480     0x4  startup_stm32l433xx.o [1]
  .text              ro code   0x800'e484     0x4  startup_stm32l433xx.o [1]
  .text              ro code   0x800'e488     0x4  startup_stm32l433xx.o [1]
  .text              ro code   0x800'e48c     0x4  startup_stm32l433xx.o [1]
  .text              ro code   0x800'e490     0x4  startup_stm32l433xx.o [1]
  .text              ro code   0x800'e494     0x4  startup_stm32l433xx.o [1]
  .text              ro code   0x800'e498     0x4  startup_stm32l433xx.o [1]
  .text              ro code   0x800'e49c     0x4  startup_stm32l433xx.o [1]
  .text              ro code   0x800'e4a0     0x4  startup_stm32l433xx.o [1]
  .text              ro code   0x800'e4a4     0x4  startup_stm32l433xx.o [1]
  .text              ro code   0x800'e4a8     0x4  startup_stm32l433xx.o [1]
  .text              ro code   0x800'e4ac     0x4  startup_stm32l433xx.o [1]
  .text              ro code   0x800'e4b0     0x4  startup_stm32l433xx.o [1]
  .text              ro code   0x800'e4b4     0x4  startup_stm32l433xx.o [1]
  .text              ro code   0x800'e4b8     0x4  startup_stm32l433xx.o [1]
  .text              ro code   0x800'e4bc     0x4  startup_stm32l433xx.o [1]
  .text              ro code   0x800'e4c0     0x4  startup_stm32l433xx.o [1]
  .text              ro code   0x800'e4c4     0x4  startup_stm32l433xx.o [1]
  .text              ro code   0x800'e4c8     0x4  startup_stm32l433xx.o [1]
  .text              ro code   0x800'e4cc     0x4  startup_stm32l433xx.o [1]
  .text              ro code   0x800'e4d0     0x4  startup_stm32l433xx.o [1]
  .text              ro code   0x800'e4d4     0x4  startup_stm32l433xx.o [1]
  .text              ro code   0x800'e4d8     0x4  startup_stm32l433xx.o [1]
  .text              ro code   0x800'e4dc     0x4  startup_stm32l433xx.o [1]
  .text              ro code   0x800'e4e0     0x4  startup_stm32l433xx.o [1]
  .text              ro code   0x800'e4e4     0x4  startup_stm32l433xx.o [1]
  .text              ro code   0x800'e4e8     0x4  startup_stm32l433xx.o [1]
  .text              ro code   0x800'e4ec     0x4  startup_stm32l433xx.o [1]
  .rodata            const     0x800'e4f0     0x0  zero_init3.o [4]
  .rodata            const     0x800'e4f0     0x0  lz77_init_single.o [4]
  Initializer bytes  const     0x800'e4f0   0x4b3  <for P2-1>
                             - 0x800'e9a3  0xe817

"P2", part 1 of 3:                          0xab1
  P2-1                        0x2000'0000   0xab1  <Init block>
    .data            inited   0x2000'0000     0xc  button.o [1]
    .data            inited   0x2000'000c    0x70  lcd_display.o [1]
    .data            inited   0x2000'007c    0x34  lcd_display.o [1]
    .data            inited   0x2000'00b0     0x8  lcd_display.o [1]
    .data            inited   0x2000'00b8     0x4  lcd_display.o [1]
    .data            inited   0x2000'00bc    0x10  lcd_display.o [1]
    .data            inited   0x2000'00cc    0x10  lcd_display.o [1]
    .data            inited   0x2000'00dc    0x10  lcd_display.o [1]
    .data            inited   0x2000'00ec    0x10  lcd_display.o [1]
    .data            inited   0x2000'00fc    0x10  lcd_display.o [1]
    .data            inited   0x2000'010c   0x300  lcd_display.o [1]
    .data            inited   0x2000'040c     0x4  stm32l4xx_hal.o [1]
    .data            inited   0x2000'0410    0x20  stm32l4xx_hal_flash.o [1]
    .data            inited   0x2000'0430     0x4  system_stm32l4xx.o [1]
    .data            inited   0x2000'0434    0x70  user_app_comm.o [1]
    .data            inited   0x2000'04a4     0x8  user_app_comm.o [1]
    .data            inited   0x2000'04ac     0x8  user_app_comm.o [1]
    .data            inited   0x2000'04b4    0x8c  user_app_modbus_rtu.o [1]
    .data            inited   0x2000'0540    0x2c  user_app_modbus_rtu.o [1]
    .data            inited   0x2000'056c     0x8  user_app_modbus_rtu.o [1]
    .data            inited   0x2000'0574    0x40  user_app_rs485.o [1]
    .data            inited   0x2000'05b4    0x80  user_app_sensor.o [1]
    .data            inited   0x2000'0634     0x8  user_app_sensor.o [1]
    .data            inited   0x2000'063c     0x4  user_app_sensor.o [1]
    .data            inited   0x2000'0640     0x4  user_app_sensor.o [1]
    .data            inited   0x2000'0644     0x8  user_at_serial.o [1]
    .data            inited   0x2000'064c   0x410  user_at_serial.o [1]
    .data            inited   0x2000'0a5c     0x8  user_connect_sensor.o [1]
    .data            inited   0x2000'0a64     0x8  user_rs485.o [1]
    .data            inited   0x2000'0a6c     0x4  user_tiny_vsnprintf.o [1]
    .data            inited   0x2000'0a70     0x4  user_tiny_vsnprintf.o [1]
    .data            inited   0x2000'0a74    0x38  xlocale_c.o [2]
    .data            inited   0x2000'0aac     0x2  user_app_modbus_rtu.o [1]
    .data            inited   0x2000'0aae     0x1  lcd_display.o [1]
    .data            inited   0x2000'0aaf     0x1  stm32l4xx_hal.o [1]
    .data            inited   0x2000'0ab0     0x1  user_util.o [1]
                            - 0x2000'0ab1   0xab1

"P2", part 2 of 3:                         0x1c20
  .bss               zero     0x2000'0ab4   0x4b0  user_app_comm.o [1]
  .bss               zero     0x2000'0f64   0x400  glcd.o [1]
  .bss               zero     0x2000'1364   0x400  user_adv_trace.o [1]
  .bss               zero     0x2000'1764   0x200  user_adv_trace.o [1]
  .bss               zero     0x2000'1964   0x200  user_connect_sensor.o [1]
  .bss               zero     0x2000'1b64   0x200  user_rs485.o [1]
  .bss               zero     0x2000'1d64   0x180  lcd_display.o [1]
  .bss               zero     0x2000'1ee4    0x88  usart.o [1]
  .bss               zero     0x2000'1f6c    0x88  usart.o [1]
  .bss               zero     0x2000'1ff4    0x88  usart.o [1]
  .bss               zero     0x2000'207c    0x80  user_app_modbus_rtu.o [1]
  .bss               zero     0x2000'20fc    0x80  user_app_modbus_rtu.o [1]
  .bss               zero     0x2000'217c    0x80  user_app_modbus_rtu.o [1]
  .bss               zero     0x2000'21fc    0x80  user_at_serial.o [1]
  .bss               zero     0x2000'227c    0x80  user_at_serial.o [1]
  .bss               zero     0x2000'22fc    0x64  spi.o [1]
  .bss               zero     0x2000'2360    0x64  user_app_comm.o [1]
  .bss               zero     0x2000'23c4    0x60  lcd_display.o [1]
  .bss               zero     0x2000'2424    0x48  usart.o [1]
  .bss               zero     0x2000'246c    0x48  usart.o [1]
  .bss               zero     0x2000'24b4    0x48  usart.o [1]
  .bss               zero     0x2000'24fc    0x2c  user_rtc.o [1]
  .bss               zero     0x2000'2528    0x28  user_app_sensor.o [1]
  .bss               zero     0x2000'2550    0x28  user_app_sensor.o [1]
  .bss               zero     0x2000'2578    0x28  user_app_sensor.o [1]
  .bss               zero     0x2000'25a0    0x24  rtc.o [1]
  .bss               zero     0x2000'25c4    0x1c  user_rtc.o [1]
  .bss               zero     0x2000'25e0    0x18  button.o [1]
  .bss               zero     0x2000'25f8    0x18  user_adv_trace.o [1]
  .bss               zero     0x2000'2610    0x18  user_app_comm.o [1]
  .bss               zero     0x2000'2628    0x10  lcd_display.o [1]
  .bss               zero     0x2000'2638     0xc  text.o [1]
  .bss               zero     0x2000'2644     0xc  user_app_sensor.o [1]
  .bss               zero     0x2000'2650     0xc  user_util.o [1]
  .bss               zero     0x2000'265c     0x8  user_app_sensor.o [1]
  .bss               zero     0x2000'2664     0x4  button.o [1]
  .bss               zero     0x2000'2668     0x4  glcd.o [1]
  .bss               zero     0x2000'266c     0x4  glcd.o [1]
  .bss               zero     0x2000'2670     0x4  glcd.o [1]
  .bss               zero     0x2000'2674     0x4  lcd_display.o [1]
  .bss               zero     0x2000'2678     0x4  stm32l4xx_hal.o [1]
  .bss               zero     0x2000'267c     0x4  stm32l4xx_it.o [1]
  .bss               zero     0x2000'2680     0x4  user_app_comm.o [1]
  .bss               zero     0x2000'2684     0x4  user_app_sensor.o [1]
  .bss               zero     0x2000'2688     0x4  user_app_sensor.o [1]
  .bss               zero     0x2000'268c     0x4  user_app_sensor.o [1]
  .bss               zero     0x2000'2690     0x4  user_app_sensor.o [1]
  .bss               zero     0x2000'2694     0x4  user_app_sensor.o [1]
  .bss               zero     0x2000'2698     0x4  user_app_sensor.o [1]
  .bss               zero     0x2000'269c     0x4  user_rtc.o [1]
  .bss               zero     0x2000'26a0     0x4  user_timer.o [1]
  .bss               zero     0x2000'26a4     0x4  user_util.o [1]
  .bss               zero     0x2000'26a8     0x4  user_util.o [1]
  .bss               zero     0x2000'26ac     0x4  user_util.o [1]
  .bss               zero     0x2000'26b0     0x4  xfail_s.o [2]
  .bss               zero     0x2000'26b4     0x2  button.o [1]
  .bss               zero     0x2000'26b6     0x2  lcd_display.o [1]
  .bss               zero     0x2000'26b8     0x2  user_app_comm.o [1]
  .bss               zero     0x2000'26ba     0x2  user_app_comm.o [1]
  .bss               zero     0x2000'26bc     0x2  user_app_sensor.o [1]
  .bss               zero     0x2000'26be     0x2  user_app_sensor.o [1]
  .bss               zero     0x2000'26c0     0x2  user_uart.o [1]
  .bss               zero     0x2000'26c2     0x1  button.o [1]
  .bss               zero     0x2000'26c3     0x1  lcd_display.o [1]
  .bss               zero     0x2000'26c4     0x1  lcd_display.o [1]
  .bss               zero     0x2000'26c5     0x1  lcd_display.o [1]
  .bss               zero     0x2000'26c6     0x1  stm32l4xx_it.o [1]
  .bss               zero     0x2000'26c7     0x1  user_app_comm.o [1]
  .bss               zero     0x2000'26c8     0x1  user_app_comm.o [1]
  .bss               zero     0x2000'26c9     0x1  user_app_rs485.o [1]
  .bss               zero     0x2000'26ca     0x1  user_app_sensor.o [1]
  .bss               zero     0x2000'26cb     0x1  user_app_sensor.o [1]
  .bss               zero     0x2000'26cc     0x1  user_app_sensor.o [1]
  .bss               zero     0x2000'26cd     0x1  user_at_serial.o [1]
  .bss               zero     0x2000'26ce     0x1  user_connect_sensor.o [1]
  .bss               zero     0x2000'26cf     0x1  user_connect_sensor.o [1]
  .bss               zero     0x2000'26d0     0x1  user_rs485.o [1]
  .bss               zero     0x2000'26d1     0x1  user_rs485.o [1]
  .bss               zero     0x2000'26d2     0x1  user_rtc.o [1]
  .bss               zero     0x2000'26d3     0x1  user_uart.o [1]
                            - 0x2000'26d4  0x1c20

"P2", part 3 of 3:                          0x400
  CSTACK                      0x2000'26d8   0x400  <Block>
    CSTACK           uninit   0x2000'26d8   0x400  <Block tail>
                            - 0x2000'2ad8   0x400

Unused ranges:

         From           To      Size
         ----           --      ----
   0x800'e9a3   0x803'ffff  0x3'165d
  0x2000'0ab1  0x2000'0ab3       0x3
  0x2000'26d4  0x2000'26d7       0x4
  0x2000'2ad8  0x2000'ffff    0xd528


*******************************************************************************
*** INIT TABLE
***

          Address      Size
          -------      ----
Zero (__iar_zero_init3)
    1 destination range, total size 0x1c20:
          0x2000'0ab4  0x1c20

Copy/lz77 (__iar_lz77_init_single3)
    1 source range, total size 0x4b3 (43% of destination):
           0x800'e4f0   0x4b3
    1 destination range, total size 0xab1:
          0x2000'0000   0xab1



*******************************************************************************
*** MODULE SUMMARY
***

    Module                    ro code  ro data  rw data
    ------                    -------  -------  -------
command line/config:
    ---------------------------------------------------
    Total:

D:\Saoviet_Git\Saoviet_EnviroTrack_M_And_S_RawWater\Project_Slave_Chemins_DO\Project_Slave_Sensor_EnviroTrack\EWARM\Project_Slave_Sensor_EnviroTrack\Obj: [1]
    ST7565R.o                     344
    STM32L4.o                     160
    button.o                    3'436        5       43
    dma.o                          96
    event_driven.o                 84
    glcd.o                        232             1'036
    gpio.o                        464
    graphics.o                    512
    lcd_display.o               2'936    1'931    1'530
    main.o                        194
    onchipflash.o                 370
    rtc.o                         336                36
    spi.o                         200               100
    startup_stm32l433xx.o         648
    stm32l4xx_hal.o               208        2        9
    stm32l4xx_hal_cortex.o        404
    stm32l4xx_hal_dma.o         1'058
    stm32l4xx_hal_flash.o         440       14       32
    stm32l4xx_hal_flash_ex.o      160
    stm32l4xx_hal_gpio.o          896
    stm32l4xx_hal_msp.o            56
    stm32l4xx_hal_pwr_ex.o        148
    stm32l4xx_hal_rcc.o         2'556
    stm32l4xx_hal_rcc_ex.o      1'256
    stm32l4xx_hal_rtc.o         1'934
    stm32l4xx_hal_rtc_ex.o         74
    stm32l4xx_hal_spi.o         1'322
    stm32l4xx_hal_uart.o        4'044
    stm32l4xx_hal_uart_ex.o       114
    stm32l4xx_it.o                212                 5
    system_stm32l4xx.o             16       73        4
    text.o                        912                12
    text_tiny.o                   656
    unit_tests.o                   20    1'024
    usart.o                       924               624
    user_adv_trace.o              570             1'560
    user_app_comm.o             1'200      141    1'462
    user_app_modbus_rtu.o       2'004      101      578
    user_app_rs485.o              384       28       65
    user_app_sensor.o           4'496      228      315
    user_at_serial.o              476    1'384    1'305
    user_connect_sensor.o         116        4      522
    user_convert_variable.o     1'036
    user_modbus_rtu.o             848
    user_rs485.o                  112        3      522
    user_rtc.o                    936      100       77
    user_string.o                 486
    user_time.o                    88
    user_timer.o                  784                 4
    user_tiny_vsnprintf.o         848       92        8
    user_uart.o                   296       28        3
    user_util.o                   540        9       25
    ---------------------------------------------------
    Total:                     42'642    5'167    9'877

dl7M_tlf.a: [2]
    abort.o                         6
    abs.o                           8
    exit.o                          4
    low_level_init.o                4
    sprintf.o                      64
    xfail_s.o                      64                 4
    xlocale_c.o                     8       27       56
    xprintffull_nomb.o          4'038        8
    xsprout.o                      10
    ---------------------------------------------------
    Total:                      4'206       35       60

m7M_tls.a: [3]
    DblAdd.o                      378
    DblCmpEq.o                     32
    DblCmpGe.o                     46
    DblCmpLe.o                     46
    DblDiv.o                      582
    DblMul.o                      418
    DblSub.o                      226
    DblToFlt.o                    104
    DblToS32.o                     58
    DblToU32.o                     40
    FltToDbl.o                     72
    S32ToDbl.o                     34
    U32ToDbl.o                     26
    fpinit_M.o                     34
    frexp.o                       112
    iar_Exp64.o                 1'000
    ldexp.o                       314
    math_wrappers64.o              22
    pow64.o                     1'772    1'056
    ---------------------------------------------------
    Total:                      5'316    1'056

rt7M_tl.a: [4]
    ABImemcpy.o                   166
    ABImemset.o                   102
    I64DivMod.o                   560
    I64DivZer.o                     2
    cexit.o                        10
    cmain.o                        30
    cstartup_M.o                   12
    data_init.o                    40
    lz77_init_single.o            120
    memchr.o                       88
    memset.o                       20
    strchr.o                       22
    strlen.o                       54
    zero_init3.o                   58
    ---------------------------------------------------
    Total:                      1'284

shb_l.a: [5]
    exit.o                         20
    ---------------------------------------------------
    Total:                         20

    Gaps                           45        8
    Linker created                          32    1'024
-------------------------------------------------------
    Grand Total:               53'513    6'298   10'961


*******************************************************************************
*** ENTRY LIST
***

Entry                       Address   Size  Type      Object
-----                       -------   ----  ----      ------
.iar.init_table$$Base    0x800'dd38          --   Gb  - Linker created -
.iar.init_table$$Limit   0x800'dd58          --   Gb  - Linker created -
?main                    0x800'dd79         Code  Gb  cmain.o [4]
ADV_TRACE_Buffer        0x2000'1364  0x400  Data  Lc  user_adv_trace.o [1]
ADV_TRACE_Ctx           0x2000'25f8   0x18  Data  Lc  user_adv_trace.o [1]
AHBPrescTable            0x800'df38   0x10  Data  Gb  system_stm32l4xx.o [1]
APBPrescTable            0x800'e380    0x8  Data  Gb  system_stm32l4xx.o [1]
AT_CMD_Get_BR_Slave      0x800'1091   0x52  Code  Gb  user_app_sensor.o [1]
AT_CMD_Get_ID_Slave      0x800'0f9b   0x52  Code  Gb  user_app_sensor.o [1]
AT_CMD_Reset_Slave       0x800'0eed   0x4a  Code  Gb  user_app_sensor.o [1]
AT_CMD_Restore_Slave     0x800'0f3d   0x5e  Code  Gb  user_app_sensor.o [1]
AT_CMD_Set_BR_Slave      0x800'10e9   0x94  Code  Gb  user_app_sensor.o [1]
AT_CMD_Set_ID_Slave      0x800'0ff1   0x96  Code  Gb  user_app_sensor.o [1]
AppComm_DBG_Init_RX_Mode
                         0x800'939d   0x1e  Code  Gb  user_app_comm.o [1]
AppComm_DBG_Init_Uart    0x800'9395    0x8  Code  Gb  user_app_comm.o [1]
AppComm_DBG_Rx_Callback
                         0x800'93c3  0x176  Code  Gb  user_app_comm.o [1]
AppComm_DBG_Stop_RX_Mode
                         0x800'93c1    0x2  Code  Gb  user_app_comm.o [1]
AppComm_Get_Reset_Source
                         0x800'935d   0x38  Code  Gb  user_app_comm.o [1]
AppComm_IRQ_Timer_CallBack
                         0x800'931d    0xc  Code  Gb  user_app_comm.o [1]
AppComm_Init             0x800'925d   0x20  Code  Gb  user_app_comm.o [1]
AppComm_Set_Next_TxTimer
                         0x800'9343    0x2  Code  Gb  user_app_comm.o [1]
AppComm_Task             0x800'927d   0x9e  Code  Gb  user_app_comm.o [1]
AppComm_Uart_Debug_Send
                         0x800'9345   0x18  Code  Lc  user_app_comm.o [1]
AppRs485_Task            0x800'c20d   0x84  Code  Gb  user_app_rs485.o [1]
AppSensor_Task           0x800'11c9   0x84  Code  Gb  user_app_sensor.o [1]
BUTTON_Down_Process      0x800'6e7b  0x170  Code  Gb  button.o [1]
BUTTON_ESC_Process       0x800'7005  0x2d0  Code  Gb  button.o [1]
BUTTON_Enter_Process     0x800'66cb  0x63c  Code  Gb  button.o [1]
BUTTON_Process           0x800'6599   0x34  Code  Gb  button.o [1]
BUTTON_Up_Process        0x800'6d07  0x174  Code  Gb  button.o [1]
BUTTON_scan              0x800'65cd   0xfe  Code  Gb  button.o [1]
BUTTON_scan::hold       0x2000'2664    0x4  Data  Lc  button.o [1]
BUTTON_scan::last_value
                        0x2000'26c2    0x1  Data  Lc  button.o [1]
BusFault_Handler         0x800'da7b    0x2  Code  Gb  stm32l4xx_it.o [1]
CSTACK$$Base            0x2000'26d8          --   Gb  - Linker created -
CSTACK$$Limit           0x2000'2ad8          --   Gb  - Linker created -
Cal_Time                 0x800'2dbb   0x12  Code  Gb  user_util.o [1]
Calculator_Scale         0x800'3fa9   0x54  Code  Gb  user_convert_variable.o [1]
CheckList_AT_CONFIG     0x2000'064c  0x410  Data  Gb  user_at_serial.o [1]
Check_Time_Out           0x800'2d9d   0x1e  Code  Gb  user_util.o [1]
Convert_Point_Int_To_String
                         0x800'3ffd   0xce  Code  Gb  user_convert_variable.o [1]
Convert_Point_Int_To_String_Scale
                         0x800'40cb   0xea  Code  Gb  user_convert_variable.o [1]
Convert_Scale            0x800'2f0d   0x5c  Code  Gb  user_util.o [1]
Convert_String_To_Dec    0x800'4325   0x5c  Code  Gb  user_convert_variable.o [1]
Convert_uint32Hex_To_Float
                         0x800'41e1  0x144  Code  Gb  user_convert_variable.o [1]
CountBufferHandleRecvSS
                        0x2000'26bc    0x2  Data  Gb  user_app_sensor.o [1]
DMA1_Channel3_IRQHandler
                         0x800'dad5    0xa  Code  Gb  stm32l4xx_it.o [1]
DMA1_Channel5_IRQHandler
                         0x800'dadf    0xa  Code  Gb  stm32l4xx_it.o [1]
DMA2_Channel7_IRQHandler
                         0x800'db07    0xa  Code  Gb  stm32l4xx_it.o [1]
DMA_SetConfig            0x800'5761   0x32  Code  Lc  stm32l4xx_hal_dma.o [1]
DaysInMonth              0x800'e30c    0xc  Data  Lc  user_rtc.o [1]
DaysInMonthLeapYear      0x800'e318    0xc  Data  Lc  user_rtc.o [1]
DebugMon_Handler         0x800'da81    0x2  Code  Gb  stm32l4xx_it.o [1]
Display_Check_Password   0x800'2c21   0x2e  Code  Gb  lcd_display.o [1]
Display_Check_Toggle     0x800'2ab1   0xa2  Code  Gb  lcd_display.o [1]
Display_Check_Toggle::Hide
                        0x2000'23c4   0x60  Data  Lc  lcd_display.o [1]
Display_Check_Toggle::LandMarkToggle_u32
                        0x2000'1d64  0x180  Data  Lc  lcd_display.o [1]
Display_Init             0x800'2225   0xae  Code  Gb  lcd_display.o [1]
Display_Set_Screen       0x800'2beb   0x36  Code  Gb  lcd_display.o [1]
Display_Set_Screen_Flag
                         0x800'2ba5   0x46  Code  Gb  lcd_display.o [1]
Display_Show_Oject       0x800'2711  0x3a0  Code  Gb  lcd_display.o [1]
Display_Show_Screen      0x800'2b53   0x52  Code  Gb  lcd_display.o [1]
Display_Show_State_Sensor_Network
                         0x800'2c63   0x50  Code  Gb  lcd_display.o [1]
Display_Show_State_Setting
                         0x800'2cb3   0x5c  Code  Gb  lcd_display.o [1]
Display_Show_Static_Param
                         0x800'2c4f   0x14  Code  Gb  lcd_display.o [1]
Display_Task             0x800'22d3   0x7e  Code  Gb  lcd_display.o [1]
Error_Handler            0x800'4e6f    0x4  Code  Gb  main.o [1]
FLASH_FlushCaches        0x800'8c3b   0x6a  Code  Gb  stm32l4xx_hal_flash_ex.o [1]
FLASH_PageErase          0x800'8c11   0x2a  Code  Gb  stm32l4xx_hal_flash_ex.o [1]
FLASH_Program_DoubleWord
                         0x800'8b9f   0x1a  Code  Lc  stm32l4xx_hal_flash.o [1]
FLASH_Program_Fast       0x800'8bb9   0x32  Code  Lc  stm32l4xx_hal_flash.o [1]
FLASH_WaitForLastOperation
                         0x800'8b39   0x66  Code  Gb  stm32l4xx_hal_flash.o [1]
Filter_DO_Per            0x800'0a19   0xc0  Code  Gb  user_app_sensor.o [1]
Filter_DO_Per::P        0x2000'0640    0x4  Data  Lc  user_app_sensor.o [1]
Filter_DO_Per::x_est    0x2000'2694    0x4  Data  Lc  user_app_sensor.o [1]
Filter_DO_Per::x_est_last
                        0x2000'2698    0x4  Data  Lc  user_app_sensor.o [1]
Filter_Temp              0x800'0a15    0x2  Code  Gb  user_app_sensor.o [1]
Filter_pH                0x800'0955   0xc0  Code  Gb  user_app_sensor.o [1]
Filter_pH::P            0x2000'063c    0x4  Data  Lc  user_app_sensor.o [1]
Filter_pH::x_est        0x2000'268c    0x4  Data  Lc  user_app_sensor.o [1]
Filter_pH::x_est_last   0x2000'2690    0x4  Data  Lc  user_app_sensor.o [1]
Find_String_V2           0x800'cbcb  0x130  Code  Gb  user_string.o [1]
Find_str_fix             0x800'cd1d   0x94  Code  Gb  user_string.o [1]
Flag_gettick            0x2000'26c6    0x1  Data  Gb  stm32l4xx_it.o [1]
Font5x7                  0x800'd860  0x214  Data  Lc  lcd_display.o [1]
Get_RTC                  0x800'c0dd   0x4e  Code  Gb  user_time.o [1]
HAL_DMA_Abort            0x800'55bd   0x54  Code  Gb  stm32l4xx_hal_dma.o [1]
HAL_DMA_Abort_IT         0x800'5611   0x5e  Code  Gb  stm32l4xx_hal_dma.o [1]
HAL_DMA_DeInit           0x800'5451   0xb8  Code  Gb  stm32l4xx_hal_dma.o [1]
HAL_DMA_IRQHandler       0x800'566f   0xf2  Code  Gb  stm32l4xx_hal_dma.o [1]
HAL_DMA_Init             0x800'5371   0xe0  Code  Gb  stm32l4xx_hal_dma.o [1]
HAL_DMA_Start_IT         0x800'5525   0x98  Code  Gb  stm32l4xx_hal_dma.o [1]
HAL_Delay                0x800'2fb9   0x28  Code  Wk  stm32l4xx_hal.o [1]
HAL_FLASH_Lock           0x800'8b2b    0xe  Code  Gb  stm32l4xx_hal_flash.o [1]
HAL_FLASH_Program        0x800'8a59   0xb0  Code  Gb  stm32l4xx_hal_flash.o [1]
HAL_FLASH_Unlock         0x800'8b09   0x22  Code  Gb  stm32l4xx_hal_flash.o [1]
HAL_GPIO_DeInit          0x800'1923  0x166  Code  Gb  stm32l4xx_hal_gpio.o [1]
HAL_GPIO_Init            0x800'1761  0x1c2  Code  Gb  stm32l4xx_hal_gpio.o [1]
HAL_GPIO_ReadPin         0x800'1a89   0x16  Code  Gb  stm32l4xx_hal_gpio.o [1]
HAL_GPIO_WritePin        0x800'1a9f   0x18  Code  Gb  stm32l4xx_hal_gpio.o [1]
HAL_GetTick              0x800'4da5    0xc  Code  Wk  stm32l4xx_hal.o [1]
HAL_IncTick              0x800'db49   0x18  Code  Wk  stm32l4xx_hal.o [1]
HAL_Init                 0x800'8cb1   0x24  Code  Gb  stm32l4xx_hal.o [1]
HAL_InitTick             0x800'b3c5   0x60  Code  Wk  stm32l4xx_hal.o [1]
HAL_MspInit              0x800'b429   0x38  Code  Gb  stm32l4xx_hal_msp.o [1]
HAL_NVIC_DisableIRQ      0x800'58eb    0xe  Code  Gb  stm32l4xx_hal_cortex.o [1]
HAL_NVIC_EnableIRQ       0x800'58dd    0xe  Code  Gb  stm32l4xx_hal_cortex.o [1]
HAL_NVIC_SetPriority     0x800'58b3   0x2a  Code  Gb  stm32l4xx_hal_cortex.o [1]
HAL_NVIC_SetPriorityGrouping
                         0x800'58a7    0xc  Code  Gb  stm32l4xx_hal_cortex.o [1]
HAL_PWREx_ControlVoltageScaling
                         0x800'95d9   0x76  Code  Gb  stm32l4xx_hal_pwr_ex.o [1]
HAL_PWREx_GetVoltageRange
                         0x800'95cd    0xc  Code  Gb  stm32l4xx_hal_pwr_ex.o [1]
HAL_RCCEx_PeriphCLKConfig
                         0x800'4e89  0x34c  Code  Gb  stm32l4xx_hal_rcc_ex.o [1]
HAL_RCC_ClockConfig      0x800'8155  0x17a  Code  Gb  stm32l4xx_hal_rcc.o [1]
HAL_RCC_GetHCLKFreq      0x800'83a3    0x6  Code  Gb  stm32l4xx_hal_rcc.o [1]
HAL_RCC_GetPCLK1Freq     0x800'83a9   0x1a  Code  Gb  stm32l4xx_hal_rcc.o [1]
HAL_RCC_GetPCLK2Freq     0x800'83c3   0x1a  Code  Gb  stm32l4xx_hal_rcc.o [1]
HAL_RCC_GetResetSource   0x800'83ed   0x12  Code  Gb  stm32l4xx_hal_rcc.o [1]
HAL_RCC_GetSysClockFreq
                         0x800'82cf   0xd4  Code  Gb  stm32l4xx_hal_rcc.o [1]
HAL_RCC_OscConfig        0x800'7acd  0x688  Code  Gb  stm32l4xx_hal_rcc.o [1]
HAL_RTCEx_AlarmBEventCallback
                         0x800'cbc9    0x2  Code  Wk  stm32l4xx_hal_rtc_ex.o [1]
HAL_RTCEx_EnableBypassShadow
                         0x800'cdb9   0x48  Code  Gb  stm32l4xx_hal_rtc_ex.o [1]
HAL_RTC_AlarmAEventCallback
                         0x800'c931    0xc  Code  Gb  user_rtc.o [1]
HAL_RTC_AlarmIRQHandler
                         0x800'ba65   0x60  Code  Gb  stm32l4xx_hal_rtc.o [1]
HAL_RTC_DeactivateAlarm
                         0x800'b98b   0xda  Code  Gb  stm32l4xx_hal_rtc.o [1]
HAL_RTC_GetDate          0x800'b753   0x52  Code  Gb  stm32l4xx_hal_rtc.o [1]
HAL_RTC_GetTime          0x800'b621   0x66  Code  Gb  stm32l4xx_hal_rtc.o [1]
HAL_RTC_Init             0x800'b461   0xca  Code  Gb  stm32l4xx_hal_rtc.o [1]
HAL_RTC_MspInit          0x800'8ff9   0x50  Code  Gb  rtc.o [1]
HAL_RTC_SetAlarm_IT      0x800'b7a5  0x1e6  Code  Gb  stm32l4xx_hal_rtc.o [1]
HAL_RTC_SetDate          0x800'b687   0xcc  Code  Gb  stm32l4xx_hal_rtc.o [1]
HAL_RTC_SetTime          0x800'b52b   0xf6  Code  Gb  stm32l4xx_hal_rtc.o [1]
HAL_RTC_WaitForSynchro   0x800'bac5   0x2e  Code  Gb  stm32l4xx_hal_rtc.o [1]
HAL_SPI_Init             0x800'9c1d   0xf8  Code  Gb  stm32l4xx_hal_spi.o [1]
HAL_SPI_MspInit          0x800'90a5   0x62  Code  Gb  spi.o [1]
HAL_SPI_Transmit         0x800'9d15  0x1fe  Code  Gb  stm32l4xx_hal_spi.o [1]
HAL_SYSTICK_Config       0x800'58f9    0xc  Code  Gb  stm32l4xx_hal_cortex.o [1]
HAL_UARTEx_ReceiveToIdle_DMA
                         0x800'7a59   0x70  Code  Gb  stm32l4xx_hal_uart_ex.o [1]
HAL_UARTEx_RxEventCallback
                         0x800'7967   0x3e  Code  Gb  user_uart.o [1]
HAL_UARTEx_WakeupCallback
                         0x800'7ac9    0x2  Code  Wk  stm32l4xx_hal_uart_ex.o [1]
HAL_UART_ErrorCallback   0x800'79a5   0x3e  Code  Gb  user_uart.o [1]
HAL_UART_IRQHandler      0x800'3185  0x35c  Code  Gb  stm32l4xx_hal_uart.o [1]
HAL_UART_Init            0x800'2fe1   0x7a  Code  Gb  stm32l4xx_hal_uart.o [1]
HAL_UART_MspDeInit       0x800'1db5   0x80  Code  Gb  usart.o [1]
HAL_UART_MspInit         0x800'1b91  0x224  Code  Gb  usart.o [1]
HAL_UART_Receive_IT      0x800'3127   0x5e  Code  Gb  stm32l4xx_hal_uart.o [1]
HAL_UART_RxCpltCallback
                         0x800'7931   0x36  Code  Gb  user_uart.o [1]
HAL_UART_Transmit        0x800'305b   0xcc  Code  Gb  stm32l4xx_hal_uart.o [1]
Handle_Data_Measure      0x800'03d1  0x102  Code  Gb  user_app_sensor.o [1]
Handle_Data_Recv_SS_DO   0x800'0621  0x13e  Code  Gb  user_app_sensor.o [1]
Handle_Data_Recv_Sensor
                         0x800'04e5   0x20  Code  Gb  user_app_sensor.o [1]
Handle_Data_Trans_SS_DO
                         0x800'0519   0xfe  Code  Gb  user_app_sensor.o [1]
Handle_Data_Trans_Sensor
                         0x800'04d3   0x12  Code  Gb  user_app_sensor.o [1]
Handle_Float_To_hexUint32
                         0x800'4391   0x24  Code  Gb  user_convert_variable.o [1]
Handle_State_SS_DO       0x800'0765   0x6c  Code  Gb  user_app_sensor.o [1]
Handle_State_Sensor      0x800'0505   0x14  Code  Gb  user_app_sensor.o [1]
HardFault_Handler        0x800'da77    0x2  Code  Gb  stm32l4xx_it.o [1]
IndexUartError          0x2000'26d3    0x1  Data  Lc  user_uart.o [1]
Init_AppRs485            0x800'c1f7   0x16  Code  Gb  user_app_rs485.o [1]
Init_AppSensor           0x800'1185   0x3a  Code  Gb  user_app_sensor.o [1]
Init_InforSlaveModbusRTU
                         0x800'4919   0x30  Code  Gb  user_app_modbus_rtu.o [1]
Init_ParamCalib          0x800'0d75   0xd0  Code  Gb  user_app_sensor.o [1]
Init_TempAlarm           0x800'0e49   0xa4  Code  Gb  user_app_sensor.o [1]
Init_UartRs485           0x800'c1b9   0x3e  Code  Gb  user_app_rs485.o [1]
Insert_String_To_String
                         0x800'41b5   0x2a  Code  Gb  user_convert_variable.o [1]
Kind_Trans_Calib        0x2000'26ca    0x1  Data  Gb  user_app_sensor.o [1]
LPUART1_IRQHandler       0x800'db11    0xa  Code  Gb  stm32l4xx_it.o [1]
Liberation_Sans15x21_Numbers
                         0x800'd638  0x228  Data  Lc  lcd_display.o [1]
MSIRangeTable            0x800'dc40   0x30  Data  Gb  system_stm32l4xx.o [1]
MX_DMA_Init              0x800'8ea5   0x60  Code  Gb  dma.o [1]
MX_GPIO_Init             0x800'8cd5  0x1d0  Code  Gb  gpio.o [1]
MX_LPUART1_UART_Init     0x800'1ae1   0x38  Code  Gb  usart.o [1]
MX_RTC_Init              0x800'8f05   0xf4  Code  Gb  rtc.o [1]
MX_SPI2_Init             0x800'9055   0x50  Code  Gb  spi.o [1]
MX_USART1_UART_Init      0x800'1b19   0x3c  Code  Gb  usart.o [1]
MX_USART3_UART_Init      0x800'1b55   0x3c  Code  Gb  usart.o [1]
Main_Task                0x800'9221   0x3c  Code  Gb  user_app_comm.o [1]
MemManage_Handler        0x800'da79    0x2  Code  Gb  stm32l4xx_it.o [1]
ModRTU_CRC               0x800'13d7   0x3c  Code  Gb  user_modbus_rtu.o [1]
ModRTU_Master_Read_Frame
                         0x800'1413   0x9c  Code  Gb  user_modbus_rtu.o [1]
ModRTU_Master_Write_Frame
                         0x800'14af   0xe8  Code  Gb  user_modbus_rtu.o [1]
ModRTU_Slave_ACK_Read_Frame
                         0x800'1597   0xa2  Code  Gb  user_modbus_rtu.o [1]
ModRTU_Slave_ACK_Write_Frame
                         0x800'1639   0xee  Code  Gb  user_modbus_rtu.o [1]
Modem_Check_AT           0x800'bf01  0x1dc  Code  Gb  user_at_serial.o [1]
Modem_Check_RTU          0x800'4949  0x37e  Code  Gb  user_app_modbus_rtu.o [1]
NMI_Handler              0x800'da75    0x2  Code  Gb  stm32l4xx_it.o [1]
NONE_Register_CallBack   0x800'4529    0x6  Code  Gb  user_app_modbus_rtu.o [1]
NVIC_EncodePriority      0x800'5837   0x40  Code  Lc  stm32l4xx_hal_cortex.o [1]
OldPosDMADebug          0x2000'26b8    0x2  Data  Lc  user_app_comm.o [1]
Old_Value_i16           0x2000'26b4    0x2  Data  Gb  button.o [1]
On_Speaker               0x800'25a7   0x24  Code  Gb  lcd_display.o [1]
OnchipFlashPageErase     0x800'4441   0x5a  Code  Gb  onchipflash.o [1]
OnchipFlashWriteData     0x800'43b5   0x8c  Code  Gb  onchipflash.o [1]
PendSV_Handler           0x800'da83    0x2  Code  Gb  stm32l4xx_it.o [1]
PortConfig              0x2000'26cd    0x1  Data  Gb  user_at_serial.o [1]
RC                       0x800'ccfb   0x22  Code  Gb  user_string.o [1]
RCCEx_PLLSAI1_Config     0x800'51e9  0x16e  Code  Lc  stm32l4xx_hal_rcc_ex.o [1]
RCC_SetFlashLatencyFromMSIRange
                         0x800'8405   0x8a  Code  Lc  stm32l4xx_hal_rcc.o [1]
RS485SS_Init_Data        0x800'1e7d   0x10  Code  Gb  user_connect_sensor.o [1]
RS485SS_Init_RX_Mode     0x800'1e8d   0x1e  Code  Gb  user_connect_sensor.o [1]
RS485SS_Rx_Callback      0x800'1ead   0x34  Code  Gb  user_connect_sensor.o [1]
RS485SS_Stop_RX_Mode     0x800'1eab    0x2  Code  Gb  user_connect_sensor.o [1]
RS485_Done_Calib         0x800'0ad9   0x1c  Code  Gb  user_app_sensor.o [1]
RS485_Enter_Calib        0x800'0af5   0x20  Code  Gb  user_app_sensor.o [1]
RS485_Init_RX_Mode       0x800'b119   0x1e  Code  Gb  user_rs485.o [1]
RS485_LogData_Calib      0x800'0b15   0x78  Code  Gb  user_app_sensor.o [1]
RS485_Rx_Callback        0x800'b139   0x3c  Code  Gb  user_rs485.o [1]
RS485_Stop_RX_Mode       0x800'b137    0x2  Code  Gb  user_rs485.o [1]
RTC_AlarmStructure      0x2000'24fc   0x2c  Data  Lc  user_rtc.o [1]
RTC_Alarm_IRQHandler     0x800'dafd    0xa  Code  Gb  stm32l4xx_it.o [1]
RTC_Bcd2ToByte           0x800'bbd9   0x16  Code  Gb  stm32l4xx_hal_rtc.o [1]
RTC_ByteToBcd2           0x800'bbbd   0x1c  Code  Gb  stm32l4xx_hal_rtc.o [1]
RTC_EnterInitMode        0x800'baf3   0x4c  Code  Gb  stm32l4xx_hal_rtc.o [1]
RTC_ExitInitMode         0x800'bb3f   0x58  Code  Gb  stm32l4xx_hal_rtc.o [1]
RTC_GetCalendarValue     0x800'cb03   0x90  Code  Lc  user_rtc.o [1]
RTC_IF_Convert_Tick2ms   0x800'c921   0x10  Code  Gb  user_rtc.o [1]
RTC_IF_Convert_ms2Tick   0x800'c90f   0x12  Code  Gb  user_rtc.o [1]
RTC_IF_GetMinimumTimeout
                         0x800'c90b    0x4  Code  Gb  user_rtc.o [1]
RTC_IF_GetTimerContext   0x800'c8cf    0x8  Code  Gb  user_rtc.o [1]
RTC_IF_GetTimerElapsedTime
                         0x800'c8d7   0x16  Code  Gb  user_rtc.o [1]
RTC_IF_GetTimerValue     0x800'c8ed   0x1e  Code  Gb  user_rtc.o [1]
RTC_IF_Init              0x800'c859   0x30  Code  Gb  user_rtc.o [1]
RTC_IF_SetTimerContext   0x800'c8b9   0x16  Code  Gb  user_rtc.o [1]
RTC_IF_StartTimer        0x800'c889    0xe  Code  Gb  user_rtc.o [1]
RTC_IF_StopTimer         0x800'c897   0x22  Code  Gb  user_rtc.o [1]
RTC_Initalized          0x2000'26d2    0x1  Data  Lc  user_rtc.o [1]
RTC_StartWakeUpAlarm     0x800'c93d  0x1c6  Code  Lc  user_rtc.o [1]
ReInit_Rx_Mode_Uart_Error
                         0x800'79e3   0x5a  Code  Gb  user_uart.o [1]
Read_Register_Rs485      0x800'0bb5   0x66  Code  Gb  user_app_sensor.o [1]
Region$$Table$$Base      0x800'dd38          --   Gb  - Linker created -
Region$$Table$$Limit     0x800'dd58          --   Gb  - Linker created -
Reset_Buff               0x800'2e2d   0x24  Code  Gb  user_util.o [1]
Rs485SSStatus_u8        0x2000'26cf    0x1  Data  Gb  user_connect_sensor.o [1]
Rs485Status_u8          0x2000'26d1    0x1  Data  Gb  user_rs485.o [1]
RtCountSystick_u32      0x2000'26a4    0x4  Data  Gb  user_util.o [1]
RtcTimerContext         0x2000'25c4   0x1c  Data  Lc  user_rtc.o [1]
SPI_EndRxTxTransaction   0x800'a0dd   0x6a  Code  Lc  stm32l4xx_hal_spi.o [1]
SPI_WaitFifoStateUntilTimeout
                         0x800'9feb   0xee  Code  Lc  stm32l4xx_hal_spi.o [1]
SPI_WaitFlagStateUntilTimeout
                         0x800'9f13   0xd8  Code  Lc  stm32l4xx_hal_spi.o [1]
SVC_Handler              0x800'da7f    0x2  Code  Gb  stm32l4xx_it.o [1]
Save_Array               0x800'44a1   0x86  Code  Gb  onchipflash.o [1]
Save_InforSlaveModbusRTU
                         0x800'48d5   0x44  Code  Gb  user_app_modbus_rtu.o [1]
Save_ParamCalib          0x800'0c65   0xfe  Code  Gb  user_app_sensor.o [1]
Send_RS458_Master        0x800'489d   0x38  Code  Gb  user_app_modbus_rtu.o [1]
Send_RS458_Sensor        0x800'0c1b   0x40  Code  Gb  user_app_sensor.o [1]
SysApp_Init              0x800'91d9    0xc  Code  Gb  user_app_comm.o [1]
SysApp_Setting           0x800'91e5   0x3c  Code  Gb  user_app_comm.o [1]
SysTick_Config           0x800'5877   0x30  Code  Lc  stm32l4xx_hal_cortex.o [1]
SysTick_Handler          0x800'da85   0x50  Code  Gb  stm32l4xx_it.o [1]
SystemClock_Config       0x800'4ddd   0x92  Code  Gb  main.o [1]
SystemCoreClock         0x2000'0430    0x4  Data  Gb  system_stm32l4xx.o [1]
SystemInit               0x800'e129    0xc  Code  Gb  system_stm32l4xx.o [1]
TRACE_AllocateBufer      0x800'b2e9   0xa2  Code  Lc  user_adv_trace.o [1]
TRACE_IsLocked           0x800'b39f   0x10  Code  Lc  user_adv_trace.o [1]
TRACE_Lock               0x800'b38b    0xa  Code  Lc  user_adv_trace.o [1]
TRACE_Send               0x800'b263   0x84  Code  Lc  user_adv_trace.o [1]
TRACE_UnLock             0x800'b395    0xa  Code  Lc  user_adv_trace.o [1]
TimerExists              0x800'be69   0x1a  Code  Gb  user_timer.o [1]
TimerInsertNewHeadTimer
                         0x800'bedd   0x1c  Code  Gb  user_timer.o [1]
TimerInsertTimer         0x800'beaf   0x2e  Code  Gb  user_timer.o [1]
TimerListHead           0x2000'26a0    0x4  Data  Lc  user_timer.o [1]
TimerSetTimeout          0x800'be83   0x2c  Code  Gb  user_timer.o [1]
TimerTx                 0x2000'2610   0x18  Data  Lc  user_app_comm.o [1]
TxCpltCallback          0x2000'2680    0x4  Data  Lc  user_app_comm.o [1]
UART_AdvFeatureConfig    0x800'37dd   0xda  Code  Gb  stm32l4xx_hal_uart.o [1]
UART_CheckIdleState      0x800'38b7   0xd2  Code  Gb  stm32l4xx_hal_uart.o [1]
UART_DMAAbortOnError     0x800'3d69   0x1a  Code  Lc  stm32l4xx_hal_uart.o [1]
UART_DMAError            0x800'3d19   0x50  Code  Lc  stm32l4xx_hal_uart.o [1]
UART_DMAReceiveCplt      0x800'3c4d   0xa2  Code  Lc  stm32l4xx_hal_uart.o [1]
UART_DMARxHalfCplt       0x800'3cf1   0x28  Code  Lc  stm32l4xx_hal_uart.o [1]
UART_EndRxTransfer       0x800'3bef   0x5e  Code  Lc  stm32l4xx_hal_uart.o [1]
UART_EndTransmit_IT      0x800'3d83   0x2a  Code  Lc  stm32l4xx_hal_uart.o [1]
UART_EndTxTransfer       0x800'3bd3   0x1c  Code  Lc  stm32l4xx_hal_uart.o [1]
UART_RxISR_16BIT         0x800'3ea1   0xee  Code  Lc  stm32l4xx_hal_uart.o [1]
UART_RxISR_8BIT          0x800'3dad   0xec  Code  Lc  stm32l4xx_hal_uart.o [1]
UART_SetConfig           0x800'34e5  0x2ec  Code  Gb  stm32l4xx_hal_uart.o [1]
UART_Start_Receive_DMA   0x800'3b17   0xbc  Code  Gb  stm32l4xx_hal_uart.o [1]
UART_Start_Receive_IT    0x800'3a27   0xf0  Code  Gb  stm32l4xx_hal_uart.o [1]
UART_WaitOnFlagUntilTimeout
                         0x800'3989   0x9e  Code  Gb  stm32l4xx_hal_uart.o [1]
USART1_IRQHandler        0x800'dae9    0xa  Code  Gb  stm32l4xx_it.o [1]
USART3_IRQHandler        0x800'daf3    0xa  Code  Gb  stm32l4xx_it.o [1]
UTIL_ADV_TRACE_COND_FSend
                         0x800'b189   0xda  Code  Gb  user_adv_trace.o [1]
UTIL_Log_Str             0x800'2eb1   0x36  Code  Gb  user_util.o [1]
UTIL_MEM_cpy             0x800'2eed   0x1e  Code  Gb  user_util.o [1]
UTIL_MEM_set             0x800'2e51   0x18  Code  Gb  user_util.o [1]
UTIL_Printf              0x800'2e69   0x2c  Code  Gb  user_util.o [1]
UTIL_Printf_Str          0x800'2e95   0x1c  Code  Gb  user_util.o [1]
UTIL_TIMER_Create        0x800'bc05   0x4c  Code  Gb  user_timer.o [1]
UTIL_TIMER_IRQ_Handler   0x800'bdb7   0xb2  Code  Gb  user_timer.o [1]
UTIL_TIMER_Init          0x800'bbf1   0x14  Code  Gb  user_timer.o [1]
UTIL_TIMER_SetPeriod     0x800'bd7d   0x3a  Code  Gb  user_timer.o [1]
UTIL_TIMER_Start         0x800'bc51   0x92  Code  Gb  user_timer.o [1]
UTIL_TIMER_Stop          0x800'bce3   0x9a  Code  Gb  user_timer.o [1]
UTIL_TimerDriver         0x800'dc70   0x2c  Data  Gb  user_rtc.o [1]
UTIL_TraceDriver         0x800'e1a4    0xc  Data  Gb  user_app_comm.o [1]
Uart485RxByte           0x2000'26d0    0x1  Data  Lc  user_rs485.o [1]
Uart485SSRxByte         0x2000'26ce    0x1  Data  Lc  user_connect_sensor.o [1]
UartDebugBuff           0x2000'0ab4  0x4b0  Data  Gb  user_app_comm.o [1]
UartDebugCountFail      0x2000'26c0    0x2  Data  Lc  user_uart.o [1]
UartDebugRxByte         0x2000'26c7    0x1  Data  Gb  user_app_comm.o [1]
Update_ParaDisplay       0x800'25cb  0x146  Code  Gb  lcd_display.o [1]
UsageFault_Handler       0x800'da7d    0x2  Code  Gb  stm32l4xx_it.o [1]
User_RTC_Init            0x800'c821   0x38  Code  Lc  user_rtc.o [1]
UtilFloatToString        0x800'2f69   0x2e  Code  Gb  user_util.o [1]
UtilIntToStringWithScale
                         0x800'2dcd   0x60  Code  Gb  user_util.o [1]
VLevelDebug             0x2000'0ab0    0x1  Data  Gb  user_util.o [1]
_Cb_Display_Auto_SW      0x800'24c7   0x7e  Code  Lc  lcd_display.o [1]
_Cb_Display_Auto_SW::MarkButtPressed
                        0x2000'26c5    0x1  Data  Lc  lcd_display.o [1]
_Cb_Display_Auto_SW::cNext
                        0x2000'26b6    0x2  Data  Lc  lcd_display.o [1]
_Cb_Display_Init         0x800'2351   0x52  Code  Lc  lcd_display.o [1]
_Cb_Display_Logo         0x800'23a3   0xa8  Code  Lc  lcd_display.o [1]
_Cb_Display_Logo::step_u8
                        0x2000'26c3    0x1  Data  Lc  lcd_display.o [1]
_Cb_Display_Show         0x800'244b   0x7c  Code  Lc  lcd_display.o [1]
_Cb_Display_Show::LandMarkChange_u32
                        0x2000'2674    0x4  Data  Lc  lcd_display.o [1]
_Cb_Display_Show::ScreenLast
                        0x2000'26c4    0x1  Data  Lc  lcd_display.o [1]
_Cb_HandLer_IDLE         0x800'91c7    0x6  Code  Lc  user_app_comm.o [1]
_Cb_Off_Speaker          0x800'2591   0x16  Code  Lc  lcd_display.o [1]
_Cb_R_ModbusRTU_REG_Baudrate
                         0x800'45d5   0x2e  Code  Gb  user_app_modbus_rtu.o [1]
_Cb_R_ModbusRTU_REG_DO_Per_Measure
                         0x800'4725   0x5a  Code  Gb  user_app_modbus_rtu.o [1]
_Cb_R_ModbusRTU_REG_ID   0x800'452f   0x2e  Code  Gb  user_app_modbus_rtu.o [1]
_Cb_R_ModbusRTU_REG_Salt_Compensation
                         0x800'477f   0x5a  Code  Gb  user_app_modbus_rtu.o [1]
_Cb_R_ModbusRTU_REG_Temp_Measure
                         0x800'46cb   0x5a  Code  Gb  user_app_modbus_rtu.o [1]
_Cb_R_ModbusRTU_REG_pH_Measure
                         0x800'4671   0x5a  Code  Gb  user_app_modbus_rtu.o [1]
_Cb_Save_Box             0x800'91d3    0x6  Code  Lc  user_app_comm.o [1]
_Cb_Set_RTC              0x800'91ab   0x1c  Code  Lc  user_app_comm.o [1]
_Cb_TX_Timer_Event       0x800'9329   0x1a  Code  Lc  user_app_comm.o [1]
_Cb_Timer_IRQ            0x800'911d    0xc  Code  Lc  user_app_comm.o [1]
_Cb_Tx_Timer             0x800'91cd    0x6  Code  Lc  user_app_comm.o [1]
_Cb_Uart_Error           0x800'919f    0xc  Code  Lc  user_app_comm.o [1]
_Cb_Uart_Rx_Debug        0x800'9129   0x76  Code  Lc  user_app_comm.o [1]
_Cb_Uart_Rx_Debug::LastLengthRecv
                        0x2000'26ba    0x2  Data  Lc  user_app_comm.o [1]
_Cb_Uart_Rx_Debug::MarkFirstRecvUart
                        0x2000'26c8    0x1  Data  Lc  user_app_comm.o [1]
_Cb_W_ModbusRTU_REG_Baudrate
                         0x800'4603   0x6e  Code  Gb  user_app_modbus_rtu.o [1]
_Cb_W_ModbusRTU_REG_ID   0x800'455d   0x78  Code  Gb  user_app_modbus_rtu.o [1]
_Cb_W_ModbusRTU_REG_Salt_Compensation
                         0x800'47d9   0xc4  Code  Gb  user_app_modbus_rtu.o [1]
_Cb_button_detect        0x800'2579   0x18  Code  Lc  lcd_display.o [1]
_Cb_button_scan          0x800'2545   0x34  Code  Lc  lcd_display.o [1]
_LitobFullNoMb           0x800'af11  0x10a  Code  Lc  xprintffull_nomb.o [2]
_Locale_lconv           0x2000'0a74   0x38  Data  Lc  xlocale_c.o [2]
_PrintfFullNoMb          0x800'a151  0xd9c  Code  Gb  xprintffull_nomb.o [2]
_PutcharFullNoMb         0x800'b081   0x20  Code  Lc  xprintffull_nomb.o [2]
_PutcharsFullNoMb        0x800'b0a1   0x2e  Code  Lc  xprintffull_nomb.o [2]
_SProut                  0x800'1f53    0xa  Code  Gb  xsprout.o [2]
__NVIC_DisableIRQ        0x800'57e5   0x26  Code  Lc  stm32l4xx_hal_cortex.o [1]
__NVIC_EnableIRQ         0x800'57c5   0x20  Code  Lc  stm32l4xx_hal_cortex.o [1]
__NVIC_GetPriorityGrouping
                         0x800'57b7    0xc  Code  Lc  stm32l4xx_hal_cortex.o [1]
__NVIC_SetPriority       0x800'580b   0x2c  Code  Lc  stm32l4xx_hal_cortex.o [1]
__NVIC_SetPriorityGrouping
                         0x800'5795   0x22  Code  Lc  stm32l4xx_hal_cortex.o [1]
__aeabi_cdcmpeq          0x800'9661         Code  Gb  DblCmpEq.o [3]
__aeabi_cdcmple          0x800'96f1         Code  Gb  DblCmpLe.o [3]
__aeabi_cdrcmple         0x800'9805         Code  Gb  DblCmpGe.o [3]
__aeabi_d2f              0x800'21bd         Code  Gb  DblToFlt.o [3]
__aeabi_d2iz             0x800'8a1d         Code  Gb  DblToS32.o [3]
__aeabi_d2uiz            0x800'c4a1         Code  Gb  DblToU32.o [3]
__aeabi_dadd             0x800'88a1         Code  Gb  DblAdd.o [3]
__aeabi_ddiv             0x800'1f75         Code  Gb  DblDiv.o [3]
__aeabi_dmul             0x800'86fd         Code  Gb  DblMul.o [3]
__aeabi_dsub             0x800'9721         Code  Gb  DblSub.o [3]
__aeabi_f2d              0x800'1ef1         Code  Gb  FltToDbl.o [3]
__aeabi_i2d              0x800'78cd         Code  Gb  S32ToDbl.o [3]
__aeabi_ldiv0            0x800'b425         Code  Gb  I64DivZer.o [4]
__aeabi_memcpy           0x800'4cfd         Code  Gb  ABImemcpy.o [4]
__aeabi_memcpy4          0x800'4d1d         Code  Gb  ABImemcpy.o [4]
__aeabi_memcpy8          0x800'4d1d         Code  Gb  ABImemcpy.o [4]
__aeabi_memset           0x800'1371         Code  Gb  ABImemset.o [4]
__aeabi_ui2d             0x800'1f39         Code  Gb  U32ToDbl.o [3]
__aeabi_uldivmod         0x800'84c9         Code  Gb  I64DivMod.o [4]
__cmain                  0x800'dd79         Code  Gb  cmain.o [4]
__exit                   0x800'ce01   0x14  Code  Gb  exit.o [5]
__iar_Exp64              0x800'9835  0x388  Code  Gb  iar_Exp64.o [3]
__iar_Fail_s             0x800'c409   0x1c  Code  Gb  xfail_s.o [2]
__iar_Memchr             0x800'c449         Code  Gb  memchr.o [4]
__iar_Memset             0x800'1371         Code  Gb  ABImemset.o [4]
__iar_Memset_word        0x800'1379         Code  Gb  ABImemset.o [4]
__iar_Strchr             0x800'c3f1         Code  Gb  strchr.o [4]
__iar_dadd               0x800'9731         Code  Gb  DblSub.o [3]
__iar_data_init3         0x800'dced   0x28  Code  Gb  data_init.o [4]
__iar_dsub               0x800'88b1         Code  Gb  DblAdd.o [3]
__iar_dsubStart          0x800'88c3         Code  Gb  DblAdd.o [3]
__iar_frexp              0x800'968d         Code  Gb  frexp.o [3]
__iar_frexpl             0x800'968d         Code  Gb  frexp.o [3]
__iar_init_vfp           0x800'dd15         Code  Gb  fpinit_M.o [3]
__iar_ldexp64            0x800'c2b5         Code  Gb  ldexp.o [3]
__iar_lz77_init_single3
                         0x800'db61   0x78  Code  Gb  lz77_init_single.o [4]
__iar_pow64              0x800'5929  0x6ec  Code  Gb  pow64.o [3]
__iar_pow_medium         0x800'5929  0x6ec  Code  Gb  pow64.o [3]
__iar_pow_medium64       0x800'5929  0x6ec  Code  Gb  pow64.o [3]
__iar_pow_mediuml        0x800'5929  0x6ec  Code  Gb  pow64.o [3]
__iar_program_start      0x800'e325         Code  Gb  cstartup_M.o [4]
__iar_scalbln64          0x800'c2b5         Code  Gb  ldexp.o [3]
__iar_scalbn64           0x800'c2b5         Code  Gb  ldexp.o [3]
__iar_softfp___iar_frexp64
                         0x800'9681         Code  Gb  frexp.o [3]
__iar_softfp_frexp       0x800'9681         Code  Gb  frexp.o [3]
__iar_softfp_frexpl      0x800'9681         Code  Gb  frexp.o [3]
__iar_vfp_pow            0x800'1f63   0x10  Code  Gb  math_wrappers64.o [3]
__iar_zero_init3         0x800'1727   0x3a  Code  Gb  zero_init3.o [4]
__low_level_init         0x800'dd97    0x4  Code  Gb  low_level_init.o [2]
__vector_table           0x800'0000         Data  Gb  startup_stm32l433xx.o [1]
_call_main               0x800'dd85         Code  Gb  cmain.o [4]
_exit                    0x800'dda1         Code  Gb  cexit.o [4]
_main                    0x800'dd93         Code  Gb  cmain.o [4]
aAT_CMD                 0x2000'227c   0x80  Data  Lc  user_at_serial.o [1]
aBaudrate_value         0x2000'0540   0x2c  Data  Gb  user_app_modbus_rtu.o [1]
aDATA_CALIB             0x2000'2684    0x4  Data  Gb  user_app_sensor.o [1]
aDATA_CONFIG            0x2000'207c   0x80  Data  Lc  user_app_modbus_rtu.o [1]
aDATA_CONFIG            0x2000'21fc   0x80  Data  Lc  user_at_serial.o [1]
aDATA_LOG_REGISTER      0x2000'20fc   0x80  Data  Lc  user_app_modbus_rtu.o [1]
aPASSWORD               0x2000'00b8    0x4  Data  Gb  lcd_display.o [1]
aSTT_SETTING_DONE       0x2000'00ec   0x10  Data  Gb  lcd_display.o [1]
aSTT_SETTING_ENTER      0x2000'00cc   0x10  Data  Gb  lcd_display.o [1]
aSTT_SETTING_ERROR      0x2000'00fc   0x10  Data  Gb  lcd_display.o [1]
aSTT_SETTING_FREE       0x2000'00bc   0x10  Data  Gb  lcd_display.o [1]
aSTT_SETTING_WAIT       0x2000'00dc   0x10  Data  Gb  lcd_display.o [1]
aSampling_STT           0x2000'2528   0x28  Data  Gb  user_app_sensor.o [1]
aSampling_VALUE         0x2000'2550   0x28  Data  Gb  user_app_sensor.o [1]
aTEST                   0x2000'0000    0xc  Data  Lc  button.o [1]
aUART_485SS_DATA        0x2000'1964  0x200  Data  Lc  user_connect_sensor.o [1]
aUART_485_DATA          0x2000'1b64  0x200  Data  Lc  user_rs485.o [1]
aUART_DBG_DMA_RX        0x2000'2360   0x64  Data  Lc  user_app_comm.o [1]
abort                    0x800'cdb1    0x6  Code  Gb  abort.o [2]
abs                      0x800'a147    0x8  Code  Gb  abs.o [2]
aframe                  0x2000'217c   0x80  Data  Gb  user_app_modbus_rtu.o [1]
bmp_SV_logo_12864        0x800'd238  0x400  Data  Gb  unit_tests.o [1]
charNotDetectPress      0x2000'0aae    0x1  Data  Lc  lcd_display.o [1]
count_gettick           0x2000'267c    0x4  Data  Gb  stm32l4xx_it.o [1]
delay_ms                 0x800'60a9    0xc  Code  Gb  STM32L4.o [1]
ee_number                0x800'c4f9  0x146  Code  Lc  user_tiny_vsnprintf.o [1]
ee_skip_atoi             0x800'c4d1   0x28  Code  Lc  user_tiny_vsnprintf.o [1]
exit                     0x800'dd9b    0x4  Code  Gb  exit.o [2]
fevent_active            0x800'131d   0x1e  Code  Gb  event_driven.o [1]
fevent_detect_salt_recv
                         0x800'031b   0x1c  Code  Lc  user_app_sensor.o [1]
fevent_disable           0x800'135f   0x12  Code  Gb  event_driven.o [1]
fevent_enable            0x800'133b   0x24  Code  Gb  event_driven.o [1]
fevent_rs485_entry       0x800'c135   0x12  Code  Lc  user_app_rs485.o [1]
fevent_rs485_init_uart   0x800'c147   0x2e  Code  Lc  user_app_rs485.o [1]
fevent_rs485_init_uart::stamp
                        0x2000'26c9    0x1  Data  Lc  user_app_rs485.o [1]
fevent_rs485_receive_complete
                         0x800'c175   0x24  Code  Lc  user_app_rs485.o [1]
fevent_rs485_refresh     0x800'c199   0x20  Code  Lc  user_app_rs485.o [1]
fevent_sensor_entry      0x800'018d   0x12  Code  Lc  user_app_sensor.o [1]
fevent_sensor_receive_complete
                         0x800'0251   0xb6  Code  Lc  user_app_sensor.o [1]
fevent_sensor_receive_handle
                         0x800'0211   0x40  Code  Lc  user_app_sensor.o [1]
fevent_sensor_reset      0x800'034b   0x84  Code  Lc  user_app_sensor.o [1]
fevent_sensor_reset::state
                        0x2000'26cb    0x1  Data  Lc  user_app_sensor.o [1]
fevent_sensor_transmit   0x800'019f   0x72  Code  Lc  user_app_sensor.o [1]
fevent_sensor_wait_calib
                         0x800'0307   0x14  Code  Lc  user_app_sensor.o [1]
fevent_temp_alarm        0x800'0337   0x14  Code  Lc  user_app_sensor.o [1]
font_current            0x2000'2638    0xc  Data  Gb  text.o [1]
glcd_ST7565R_init        0x800'6565   0x34  Code  Gb  ST7565R.o [1]
glcd_bbox               0x2000'2668    0x4  Data  Gb  glcd.o [1]
glcd_bbox_refresh        0x800'63ed   0x1c  Code  Gb  glcd.o [1]
glcd_bbox_selected      0x2000'2670    0x4  Data  Gb  glcd.o [1]
glcd_buffer             0x2000'0f64  0x400  Data  Gb  glcd.o [1]
glcd_buffer_selected    0x2000'266c    0x4  Data  Gb  glcd.o [1]
glcd_clear_buffer        0x800'6409   0x24  Code  Gb  glcd.o [1]
glcd_command             0x800'6441   0x1a  Code  Gb  ST7565R.o [1]
glcd_data                0x800'645b   0x1a  Code  Gb  ST7565R.o [1]
glcd_draw_bitmap         0x800'78a5   0x1e  Code  Gb  graphics.o [1]
glcd_draw_char_xy        0x800'7357  0x33a  Code  Gb  text.o [1]
glcd_draw_line           0x800'7799  0x10c  Code  Gb  graphics.o [1]
glcd_draw_string_xy      0x800'7691   0x38  Code  Gb  text.o [1]
glcd_enable_backlight    0x800'6039    0x2  Code  Gb  STM32L4.o [1]
glcd_init                0x800'6015   0x24  Code  Gb  STM32L4.o [1]
glcd_reset               0x800'6065   0x34  Code  Gb  STM32L4.o [1]
glcd_reset_bbox          0x800'63d1   0x1c  Code  Gb  glcd.o [1]
glcd_select_screen       0x800'642d    0xa  Code  Gb  glcd.o [1]
glcd_set_column_lower    0x800'64d9    0xe  Code  Gb  ST7565R.o [1]
glcd_set_column_upper    0x800'64c3   0x16  Code  Gb  ST7565R.o [1]
glcd_set_contrast        0x800'6475   0x24  Code  Gb  ST7565R.o [1]
glcd_set_font            0x800'733d   0x1a  Code  Gb  text.o [1]
glcd_set_pixel           0x800'76cd   0xcc  Code  Gb  graphics.o [1]
glcd_set_x_address       0x800'64ad   0x16  Code  Gb  ST7565R.o [1]
glcd_set_y_address       0x800'6499   0x14  Code  Gb  ST7565R.o [1]
glcd_spi_write           0x800'603b   0x2a  Code  Gb  STM32L4.o [1]
glcd_test_bitmap_128x64
                         0x800'6345    0xe  Code  Gb  unit_tests.o [1]
glcd_tiny_draw_char      0x800'60cf  0x21a  Code  Gb  text_tiny.o [1]
glcd_tiny_draw_string    0x800'62e9   0x54  Code  Gb  text_tiny.o [1]
glcd_tiny_set_font       0x800'60b5   0x1a  Code  Gb  text_tiny.o [1]
glcd_update_bbox         0x800'6359   0x78  Code  Gb  glcd.o [1]
glcd_write               0x800'64e7   0x70  Code  Gb  ST7565R.o [1]
hdma_lpuart_rx          0x2000'2424   0x48  Data  Gb  usart.o [1]
hdma_usart1_rx          0x2000'246c   0x48  Data  Gb  usart.o [1]
hdma_usart3_rx          0x2000'24b4   0x48  Data  Gb  usart.o [1]
hlpuart1                0x2000'1ee4   0x88  Data  Gb  usart.o [1]
hrtc                    0x2000'25a0   0x24  Data  Gb  rtc.o [1]
hspi2                   0x2000'22fc   0x64  Data  Gb  spi.o [1]
huart1                  0x2000'1f6c   0x88  Data  Gb  usart.o [1]
huart3                  0x2000'1ff4   0x88  Data  Gb  usart.o [1]
ldexp                    0x800'c2b5         Code  Gb  ldexp.o [3]
ldexpl                   0x800'c2b5         Code  Gb  ldexp.o [3]
lnbias                   0x800'ce18  0x420  Data  Lc  pow64.o [3]
localeconv               0x800'c4c9    0x4  Code  Gb  xlocale_c.o [2]
lower_digits            0x2000'0a6c    0x4  Data  Lc  user_tiny_vsnprintf.o [1]
main                     0x800'4db1   0x2c  Code  Gb  main.o [1]
memchr                   0x800'c449         Code  Gb  memchr.o [4]
memset                   0x800'4e73   0x14  Code  Gb  memset.o [4]
pFlash                  0x2000'0410   0x20  Data  Gb  stm32l4xx_hal_flash.o [1]
pFunc_UTIL_Debug_Send   0x2000'26ac    0x4  Data  Gb  user_util.o [1]
pFunc_UTIL_Log_To_Mem   0x2000'26a8    0x4  Data  Gb  user_util.o [1]
pModemProcessIRQTimer   0x2000'269c    0x4  Data  Gb  user_rtc.o [1]
pow                      0x800'5929  0x6ec  Code  Gb  pow64.o [3]
powl                     0x800'5929  0x6ec  Code  Gb  pow64.o [3]
quickSort_Sampling       0x800'07d1   0x9a  Code  Gb  user_app_sensor.o [1]
quickSort_Sampling_Value
                         0x800'086d   0xdc  Code  Gb  user_app_sensor.o [1]
quickSort_Sampling_Value::Handle_Once
                        0x2000'26cc    0x1  Data  Lc  user_app_sensor.o [1]
sButton                 0x2000'25e0   0x18  Data  Gb  button.o [1]
sCheckList_Reg_Modbus_RTU
                        0x2000'04b4   0x8c  Data  Gb  user_app_modbus_rtu.o [1]
sData_Calib             0x2000'0634    0x8  Data  Gb  user_app_sensor.o [1]
sEventAppComm           0x2000'0434   0x70  Data  Gb  user_app_comm.o [1]
sEventAppRs485          0x2000'0574   0x40  Data  Gb  user_app_rs485.o [1]
sEventAppSensor         0x2000'05b4   0x80  Data  Gb  user_app_sensor.o [1]
sEventDisplay           0x2000'000c   0x70  Data  Gb  lcd_display.o [1]
sFirmVersion            0x2000'04a4    0x8  Data  Gb  user_app_comm.o [1]
sHandleRs485            0x2000'2688    0x4  Data  Gb  user_app_sensor.o [1]
sKindMode485            0x2000'26be    0x2  Data  Gb  user_app_sensor.o [1]
sLCD                    0x2000'2628   0x10  Data  Gb  lcd_display.o [1]
sLCDObject              0x2000'010c  0x300  Data  Gb  lcd_display.o [1]
sLogData_ModbusRTU      0x2000'056c    0x8  Data  Gb  user_app_modbus_rtu.o [1]
sModelVersion           0x2000'00b0    0x8  Data  Gb  lcd_display.o [1]
sParaDisplay            0x2000'007c   0x34  Data  Gb  lcd_display.o [1]
sRTC                    0x2000'2650    0xc  Data  Gb  user_util.o [1]
sSaltPSU_RecvMaster     0x2000'265c    0x8  Data  Gb  user_app_sensor.o [1]
sSensor_DO              0x2000'2578   0x28  Data  Gb  user_app_sensor.o [1]
sSlave_ModbusRTU        0x2000'0aac    0x2  Data  Gb  user_app_modbus_rtu.o [1]
sTempAlarm              0x2000'2644    0xc  Data  Gb  user_app_sensor.o [1]
sUart485                0x2000'0a64    0x8  Data  Gb  user_rs485.o [1]
sUart485SS              0x2000'0a5c    0x8  Data  Gb  user_connect_sensor.o [1]
sUartDebug              0x2000'04ac    0x8  Data  Gb  user_app_comm.o [1]
scalbln                  0x800'c2b5         Code  Gb  ldexp.o [3]
scalblnl                 0x800'c2b5         Code  Gb  ldexp.o [3]
scalbn                   0x800'c2b5         Code  Gb  ldexp.o [3]
scalbnl                  0x800'c2b5         Code  Gb  ldexp.o [3]
scale                    0x800'b01b   0x46  Code  Lc  xprintffull_nomb.o [2]
sec_hand                0x2000'26b0    0x4  Data  Lc  xfail_s.o [2]
sprintf                  0x800'78f1   0x40  Code  Gb  sprintf.o [2]
strATcmd                0x2000'0644    0x8  Data  Gb  user_at_serial.o [1]
strchr                   0x800'c3f1         Code  Gb  strchr.o [4]
strlen                   0x800'7305         Code  Gb  strlen.o [4]
sztmp                   0x2000'1764  0x200  Data  Lc  user_adv_trace.o [1]
tiny_vsnprintf_like      0x800'c63f  0x1d6  Code  Gb  user_tiny_vsnprintf.o [1]
upper_digits            0x2000'0a70    0x4  Data  Lc  user_tiny_vsnprintf.o [1]
uwTick                  0x2000'2678    0x4  Data  Gb  stm32l4xx_hal.o [1]
uwTickFreq              0x2000'0aaf    0x1  Data  Gb  stm32l4xx_hal.o [1]
uwTickPrio              0x2000'040c    0x4  Data  Gb  stm32l4xx_hal.o [1]
vcom_DeInit              0x800'9543   0x1e  Code  Gb  user_app_comm.o [1]
vcom_Init                0x800'9539    0xa  Code  Gb  user_app_comm.o [1]
vcom_Trace_DMA           0x800'9561   0x24  Code  Gb  user_app_comm.o [1]


[1] = D:\Saoviet_Git\Saoviet_EnviroTrack_M_And_S_RawWater\Project_Slave_Chemins_DO\Project_Slave_Sensor_EnviroTrack\EWARM\Project_Slave_Sensor_EnviroTrack\Obj
[2] = dl7M_tlf.a
[3] = m7M_tls.a
[4] = rt7M_tl.a
[5] = shb_l.a

  53'513 bytes of readonly  code memory
   6'298 bytes of readonly  data memory
  10'961 bytes of readwrite data memory

Errors: none
Warnings: none
