###############################################################################
#
# IAR ELF Linker V8.40.2.214/W32 for ARM                  26/Nov/2025  11:31:08
# Copyright 2007-2019 IAR Systems AB.
#
#    Output file  =
#        D:\Saoviet_Git\Saoviet_EnviroTrack_M_And_S_RawWater\Project_Slave_Chemins_pH\Project_Slave_Sensor_EnviroTrack\EWARM\Project_Slave_Sensor_EnviroTrack\Exe\Project_Slave_Sensor_EnviroTrack.out
#    Map file     =
#        D:\Saoviet_Git\Saoviet_EnviroTrack_M_And_S_RawWater\Project_Slave_Chemins_pH\Project_Slave_Sensor_EnviroTrack\EWARM\Project_Slave_Sensor_EnviroTrack\List\Project_Slave_Sensor_EnviroTrack.map
#    Command line =
#        -f C:\Users\PC\AppData\Local\Temp\EW4D7B.tmp
#        (D:\Saoviet_Git\Saoviet_EnviroTrack_M_And_S_RawWater\Project_Slave_Chemins_pH\Project_Slave_Sensor_EnviroTrack\EWARM\Project_Slave_Sensor_EnviroTrack\Obj\button.o
#        D:\Saoviet_Git\Saoviet_EnviroTrack_M_And_S_RawWater\Project_Slave_Chemins_pH\Project_Slave_Sensor_EnviroTrack\EWARM\Project_Slave_Sensor_EnviroTrack\Obj\dma.o
#        D:\Saoviet_Git\Saoviet_EnviroTrack_M_And_S_RawWater\Project_Slave_Chemins_pH\Project_Slave_Sensor_EnviroTrack\EWARM\Project_Slave_Sensor_EnviroTrack\Obj\event_driven.o
#        D:\Saoviet_Git\Saoviet_EnviroTrack_M_And_S_RawWater\Project_Slave_Chemins_pH\Project_Slave_Sensor_EnviroTrack\EWARM\Project_Slave_Sensor_EnviroTrack\Obj\glcd.o
#        D:\Saoviet_Git\Saoviet_EnviroTrack_M_And_S_RawWater\Project_Slave_Chemins_pH\Project_Slave_Sensor_EnviroTrack\EWARM\Project_Slave_Sensor_EnviroTrack\Obj\gpio.o
#        D:\Saoviet_Git\Saoviet_EnviroTrack_M_And_S_RawWater\Project_Slave_Chemins_pH\Project_Slave_Sensor_EnviroTrack\EWARM\Project_Slave_Sensor_EnviroTrack\Obj\graphics.o
#        D:\Saoviet_Git\Saoviet_EnviroTrack_M_And_S_RawWater\Project_Slave_Chemins_pH\Project_Slave_Sensor_EnviroTrack\EWARM\Project_Slave_Sensor_EnviroTrack\Obj\graphs.o
#        D:\Saoviet_Git\Saoviet_EnviroTrack_M_And_S_RawWater\Project_Slave_Chemins_pH\Project_Slave_Sensor_EnviroTrack\EWARM\Project_Slave_Sensor_EnviroTrack\Obj\lcd_display.o
#        D:\Saoviet_Git\Saoviet_EnviroTrack_M_And_S_RawWater\Project_Slave_Chemins_pH\Project_Slave_Sensor_EnviroTrack\EWARM\Project_Slave_Sensor_EnviroTrack\Obj\main.o
#        D:\Saoviet_Git\Saoviet_EnviroTrack_M_And_S_RawWater\Project_Slave_Chemins_pH\Project_Slave_Sensor_EnviroTrack\EWARM\Project_Slave_Sensor_EnviroTrack\Obj\NT75451.o
#        D:\Saoviet_Git\Saoviet_EnviroTrack_M_And_S_RawWater\Project_Slave_Chemins_pH\Project_Slave_Sensor_EnviroTrack\EWARM\Project_Slave_Sensor_EnviroTrack\Obj\onchipflash.o
#        D:\Saoviet_Git\Saoviet_EnviroTrack_M_And_S_RawWater\Project_Slave_Chemins_pH\Project_Slave_Sensor_EnviroTrack\EWARM\Project_Slave_Sensor_EnviroTrack\Obj\PCD8544.o
#        D:\Saoviet_Git\Saoviet_EnviroTrack_M_And_S_RawWater\Project_Slave_Chemins_pH\Project_Slave_Sensor_EnviroTrack\EWARM\Project_Slave_Sensor_EnviroTrack\Obj\queue_p.o
#        D:\Saoviet_Git\Saoviet_EnviroTrack_M_And_S_RawWater\Project_Slave_Chemins_pH\Project_Slave_Sensor_EnviroTrack\EWARM\Project_Slave_Sensor_EnviroTrack\Obj\rtc.o
#        D:\Saoviet_Git\Saoviet_EnviroTrack_M_And_S_RawWater\Project_Slave_Chemins_pH\Project_Slave_Sensor_EnviroTrack\EWARM\Project_Slave_Sensor_EnviroTrack\Obj\spi.o
#        D:\Saoviet_Git\Saoviet_EnviroTrack_M_And_S_RawWater\Project_Slave_Chemins_pH\Project_Slave_Sensor_EnviroTrack\EWARM\Project_Slave_Sensor_EnviroTrack\Obj\ST7565R.o
#        D:\Saoviet_Git\Saoviet_EnviroTrack_M_And_S_RawWater\Project_Slave_Chemins_pH\Project_Slave_Sensor_EnviroTrack\EWARM\Project_Slave_Sensor_EnviroTrack\Obj\startup_stm32l433xx.o
#        D:\Saoviet_Git\Saoviet_EnviroTrack_M_And_S_RawWater\Project_Slave_Chemins_pH\Project_Slave_Sensor_EnviroTrack\EWARM\Project_Slave_Sensor_EnviroTrack\Obj\STM32F0xx.o
#        D:\Saoviet_Git\Saoviet_EnviroTrack_M_And_S_RawWater\Project_Slave_Chemins_pH\Project_Slave_Sensor_EnviroTrack\EWARM\Project_Slave_Sensor_EnviroTrack\Obj\STM32F10x.o
#        D:\Saoviet_Git\Saoviet_EnviroTrack_M_And_S_RawWater\Project_Slave_Chemins_pH\Project_Slave_Sensor_EnviroTrack\EWARM\Project_Slave_Sensor_EnviroTrack\Obj\STM32F4.o
#        D:\Saoviet_Git\Saoviet_EnviroTrack_M_And_S_RawWater\Project_Slave_Chemins_pH\Project_Slave_Sensor_EnviroTrack\EWARM\Project_Slave_Sensor_EnviroTrack\Obj\STM32L4.o
#        D:\Saoviet_Git\Saoviet_EnviroTrack_M_And_S_RawWater\Project_Slave_Chemins_pH\Project_Slave_Sensor_EnviroTrack\EWARM\Project_Slave_Sensor_EnviroTrack\Obj\stm32l4xx_hal.o
#        D:\Saoviet_Git\Saoviet_EnviroTrack_M_And_S_RawWater\Project_Slave_Chemins_pH\Project_Slave_Sensor_EnviroTrack\EWARM\Project_Slave_Sensor_EnviroTrack\Obj\stm32l4xx_hal_cortex.o
#        D:\Saoviet_Git\Saoviet_EnviroTrack_M_And_S_RawWater\Project_Slave_Chemins_pH\Project_Slave_Sensor_EnviroTrack\EWARM\Project_Slave_Sensor_EnviroTrack\Obj\stm32l4xx_hal_dma.o
#        D:\Saoviet_Git\Saoviet_EnviroTrack_M_And_S_RawWater\Project_Slave_Chemins_pH\Project_Slave_Sensor_EnviroTrack\EWARM\Project_Slave_Sensor_EnviroTrack\Obj\stm32l4xx_hal_dma_ex.o
#        D:\Saoviet_Git\Saoviet_EnviroTrack_M_And_S_RawWater\Project_Slave_Chemins_pH\Project_Slave_Sensor_EnviroTrack\EWARM\Project_Slave_Sensor_EnviroTrack\Obj\stm32l4xx_hal_exti.o
#        D:\Saoviet_Git\Saoviet_EnviroTrack_M_And_S_RawWater\Project_Slave_Chemins_pH\Project_Slave_Sensor_EnviroTrack\EWARM\Project_Slave_Sensor_EnviroTrack\Obj\stm32l4xx_hal_flash.o
#        D:\Saoviet_Git\Saoviet_EnviroTrack_M_And_S_RawWater\Project_Slave_Chemins_pH\Project_Slave_Sensor_EnviroTrack\EWARM\Project_Slave_Sensor_EnviroTrack\Obj\stm32l4xx_hal_flash_ex.o
#        D:\Saoviet_Git\Saoviet_EnviroTrack_M_And_S_RawWater\Project_Slave_Chemins_pH\Project_Slave_Sensor_EnviroTrack\EWARM\Project_Slave_Sensor_EnviroTrack\Obj\stm32l4xx_hal_flash_ramfunc.o
#        D:\Saoviet_Git\Saoviet_EnviroTrack_M_And_S_RawWater\Project_Slave_Chemins_pH\Project_Slave_Sensor_EnviroTrack\EWARM\Project_Slave_Sensor_EnviroTrack\Obj\stm32l4xx_hal_gpio.o
#        D:\Saoviet_Git\Saoviet_EnviroTrack_M_And_S_RawWater\Project_Slave_Chemins_pH\Project_Slave_Sensor_EnviroTrack\EWARM\Project_Slave_Sensor_EnviroTrack\Obj\stm32l4xx_hal_i2c.o
#        D:\Saoviet_Git\Saoviet_EnviroTrack_M_And_S_RawWater\Project_Slave_Chemins_pH\Project_Slave_Sensor_EnviroTrack\EWARM\Project_Slave_Sensor_EnviroTrack\Obj\stm32l4xx_hal_i2c_ex.o
#        D:\Saoviet_Git\Saoviet_EnviroTrack_M_And_S_RawWater\Project_Slave_Chemins_pH\Project_Slave_Sensor_EnviroTrack\EWARM\Project_Slave_Sensor_EnviroTrack\Obj\stm32l4xx_hal_msp.o
#        D:\Saoviet_Git\Saoviet_EnviroTrack_M_And_S_RawWater\Project_Slave_Chemins_pH\Project_Slave_Sensor_EnviroTrack\EWARM\Project_Slave_Sensor_EnviroTrack\Obj\stm32l4xx_hal_pwr.o
#        D:\Saoviet_Git\Saoviet_EnviroTrack_M_And_S_RawWater\Project_Slave_Chemins_pH\Project_Slave_Sensor_EnviroTrack\EWARM\Project_Slave_Sensor_EnviroTrack\Obj\stm32l4xx_hal_pwr_ex.o
#        D:\Saoviet_Git\Saoviet_EnviroTrack_M_And_S_RawWater\Project_Slave_Chemins_pH\Project_Slave_Sensor_EnviroTrack\EWARM\Project_Slave_Sensor_EnviroTrack\Obj\stm32l4xx_hal_rcc.o
#        D:\Saoviet_Git\Saoviet_EnviroTrack_M_And_S_RawWater\Project_Slave_Chemins_pH\Project_Slave_Sensor_EnviroTrack\EWARM\Project_Slave_Sensor_EnviroTrack\Obj\stm32l4xx_hal_rcc_ex.o
#        D:\Saoviet_Git\Saoviet_EnviroTrack_M_And_S_RawWater\Project_Slave_Chemins_pH\Project_Slave_Sensor_EnviroTrack\EWARM\Project_Slave_Sensor_EnviroTrack\Obj\stm32l4xx_hal_rtc.o
#        D:\Saoviet_Git\Saoviet_EnviroTrack_M_And_S_RawWater\Project_Slave_Chemins_pH\Project_Slave_Sensor_EnviroTrack\EWARM\Project_Slave_Sensor_EnviroTrack\Obj\stm32l4xx_hal_rtc_ex.o
#        D:\Saoviet_Git\Saoviet_EnviroTrack_M_And_S_RawWater\Project_Slave_Chemins_pH\Project_Slave_Sensor_EnviroTrack\EWARM\Project_Slave_Sensor_EnviroTrack\Obj\stm32l4xx_hal_spi.o
#        D:\Saoviet_Git\Saoviet_EnviroTrack_M_And_S_RawWater\Project_Slave_Chemins_pH\Project_Slave_Sensor_EnviroTrack\EWARM\Project_Slave_Sensor_EnviroTrack\Obj\stm32l4xx_hal_spi_ex.o
#        D:\Saoviet_Git\Saoviet_EnviroTrack_M_And_S_RawWater\Project_Slave_Chemins_pH\Project_Slave_Sensor_EnviroTrack\EWARM\Project_Slave_Sensor_EnviroTrack\Obj\stm32l4xx_hal_uart.o
#        D:\Saoviet_Git\Saoviet_EnviroTrack_M_And_S_RawWater\Project_Slave_Chemins_pH\Project_Slave_Sensor_EnviroTrack\EWARM\Project_Slave_Sensor_EnviroTrack\Obj\stm32l4xx_hal_uart_ex.o
#        D:\Saoviet_Git\Saoviet_EnviroTrack_M_And_S_RawWater\Project_Slave_Chemins_pH\Project_Slave_Sensor_EnviroTrack\EWARM\Project_Slave_Sensor_EnviroTrack\Obj\stm32l4xx_it.o
#        D:\Saoviet_Git\Saoviet_EnviroTrack_M_And_S_RawWater\Project_Slave_Chemins_pH\Project_Slave_Sensor_EnviroTrack\EWARM\Project_Slave_Sensor_EnviroTrack\Obj\system_stm32l4xx.o
#        D:\Saoviet_Git\Saoviet_EnviroTrack_M_And_S_RawWater\Project_Slave_Chemins_pH\Project_Slave_Sensor_EnviroTrack\EWARM\Project_Slave_Sensor_EnviroTrack\Obj\text.o
#        D:\Saoviet_Git\Saoviet_EnviroTrack_M_And_S_RawWater\Project_Slave_Chemins_pH\Project_Slave_Sensor_EnviroTrack\EWARM\Project_Slave_Sensor_EnviroTrack\Obj\text_tiny.o
#        D:\Saoviet_Git\Saoviet_EnviroTrack_M_And_S_RawWater\Project_Slave_Chemins_pH\Project_Slave_Sensor_EnviroTrack\EWARM\Project_Slave_Sensor_EnviroTrack\Obj\unit_tests.o
#        D:\Saoviet_Git\Saoviet_EnviroTrack_M_And_S_RawWater\Project_Slave_Chemins_pH\Project_Slave_Sensor_EnviroTrack\EWARM\Project_Slave_Sensor_EnviroTrack\Obj\usart.o
#        D:\Saoviet_Git\Saoviet_EnviroTrack_M_And_S_RawWater\Project_Slave_Chemins_pH\Project_Slave_Sensor_EnviroTrack\EWARM\Project_Slave_Sensor_EnviroTrack\Obj\user_adv_trace.o
#        D:\Saoviet_Git\Saoviet_EnviroTrack_M_And_S_RawWater\Project_Slave_Chemins_pH\Project_Slave_Sensor_EnviroTrack\EWARM\Project_Slave_Sensor_EnviroTrack\Obj\user_app_comm.o
#        D:\Saoviet_Git\Saoviet_EnviroTrack_M_And_S_RawWater\Project_Slave_Chemins_pH\Project_Slave_Sensor_EnviroTrack\EWARM\Project_Slave_Sensor_EnviroTrack\Obj\user_app_modbus_rtu.o
#        D:\Saoviet_Git\Saoviet_EnviroTrack_M_And_S_RawWater\Project_Slave_Chemins_pH\Project_Slave_Sensor_EnviroTrack\EWARM\Project_Slave_Sensor_EnviroTrack\Obj\user_app_rs485.o
#        D:\Saoviet_Git\Saoviet_EnviroTrack_M_And_S_RawWater\Project_Slave_Chemins_pH\Project_Slave_Sensor_EnviroTrack\EWARM\Project_Slave_Sensor_EnviroTrack\Obj\user_app_sensor.o
#        D:\Saoviet_Git\Saoviet_EnviroTrack_M_And_S_RawWater\Project_Slave_Chemins_pH\Project_Slave_Sensor_EnviroTrack\EWARM\Project_Slave_Sensor_EnviroTrack\Obj\user_at_serial.o
#        D:\Saoviet_Git\Saoviet_EnviroTrack_M_And_S_RawWater\Project_Slave_Chemins_pH\Project_Slave_Sensor_EnviroTrack\EWARM\Project_Slave_Sensor_EnviroTrack\Obj\user_connect_sensor.o
#        D:\Saoviet_Git\Saoviet_EnviroTrack_M_And_S_RawWater\Project_Slave_Chemins_pH\Project_Slave_Sensor_EnviroTrack\EWARM\Project_Slave_Sensor_EnviroTrack\Obj\user_convert_variable.o
#        D:\Saoviet_Git\Saoviet_EnviroTrack_M_And_S_RawWater\Project_Slave_Chemins_pH\Project_Slave_Sensor_EnviroTrack\EWARM\Project_Slave_Sensor_EnviroTrack\Obj\user_internal_mem.o
#        D:\Saoviet_Git\Saoviet_EnviroTrack_M_And_S_RawWater\Project_Slave_Chemins_pH\Project_Slave_Sensor_EnviroTrack\EWARM\Project_Slave_Sensor_EnviroTrack\Obj\user_mem_comm.o
#        D:\Saoviet_Git\Saoviet_EnviroTrack_M_And_S_RawWater\Project_Slave_Chemins_pH\Project_Slave_Sensor_EnviroTrack\EWARM\Project_Slave_Sensor_EnviroTrack\Obj\user_modbus_rtu.o
#        D:\Saoviet_Git\Saoviet_EnviroTrack_M_And_S_RawWater\Project_Slave_Chemins_pH\Project_Slave_Sensor_EnviroTrack\EWARM\Project_Slave_Sensor_EnviroTrack\Obj\user_obis_sv.o
#        D:\Saoviet_Git\Saoviet_EnviroTrack_M_And_S_RawWater\Project_Slave_Chemins_pH\Project_Slave_Sensor_EnviroTrack\EWARM\Project_Slave_Sensor_EnviroTrack\Obj\user_rs485.o
#        D:\Saoviet_Git\Saoviet_EnviroTrack_M_And_S_RawWater\Project_Slave_Chemins_pH\Project_Slave_Sensor_EnviroTrack\EWARM\Project_Slave_Sensor_EnviroTrack\Obj\user_rtc.o
#        D:\Saoviet_Git\Saoviet_EnviroTrack_M_And_S_RawWater\Project_Slave_Chemins_pH\Project_Slave_Sensor_EnviroTrack\EWARM\Project_Slave_Sensor_EnviroTrack\Obj\user_string.o
#        D:\Saoviet_Git\Saoviet_EnviroTrack_M_And_S_RawWater\Project_Slave_Chemins_pH\Project_Slave_Sensor_EnviroTrack\EWARM\Project_Slave_Sensor_EnviroTrack\Obj\user_time.o
#        D:\Saoviet_Git\Saoviet_EnviroTrack_M_And_S_RawWater\Project_Slave_Chemins_pH\Project_Slave_Sensor_EnviroTrack\EWARM\Project_Slave_Sensor_EnviroTrack\Obj\user_timer.o
#        D:\Saoviet_Git\Saoviet_EnviroTrack_M_And_S_RawWater\Project_Slave_Chemins_pH\Project_Slave_Sensor_EnviroTrack\EWARM\Project_Slave_Sensor_EnviroTrack\Obj\user_tiny_vsnprintf.o
#        D:\Saoviet_Git\Saoviet_EnviroTrack_M_And_S_RawWater\Project_Slave_Chemins_pH\Project_Slave_Sensor_EnviroTrack\EWARM\Project_Slave_Sensor_EnviroTrack\Obj\user_uart.o
#        D:\Saoviet_Git\Saoviet_EnviroTrack_M_And_S_RawWater\Project_Slave_Chemins_pH\Project_Slave_Sensor_EnviroTrack\EWARM\Project_Slave_Sensor_EnviroTrack\Obj\user_util.o
#        --no_out_extension -o
#        D:\Saoviet_Git\Saoviet_EnviroTrack_M_And_S_RawWater\Project_Slave_Chemins_pH\Project_Slave_Sensor_EnviroTrack\EWARM\Project_Slave_Sensor_EnviroTrack\Exe\Project_Slave_Sensor_EnviroTrack.out
#        --redirect _Printf=_PrintfFullNoMb --redirect _Scanf=_ScanfFullNoMb
#        --map
#        D:\Saoviet_Git\Saoviet_EnviroTrack_M_And_S_RawWater\Project_Slave_Chemins_pH\Project_Slave_Sensor_EnviroTrack\EWARM\Project_Slave_Sensor_EnviroTrack\List\Project_Slave_Sensor_EnviroTrack.map
#        --config
#        D:\Saoviet_Git\Saoviet_EnviroTrack_M_And_S_RawWater\Project_Slave_Chemins_pH\Project_Slave_Sensor_EnviroTrack\EWARM/stm32l433xx_flash.icf
#        --semihosting --entry __iar_program_start --vfe --text_out locale)
#
###############################################################################

*******************************************************************************
*** RUNTIME MODEL ATTRIBUTES
***

CppFlavor       = *
__Heap_Handler  = DLMalloc
__SystemLibrary = DLib
__dlib_version  = 6


*******************************************************************************
*** HEAP SELECTION
***

The advanced heap was selected because the application calls memory
allocation functions outside of system library functions, and there
are calls to deallocation functions in the application.


*******************************************************************************
*** PLACEMENT SUMMARY
***

"A0":  place at address 0x800'0000 { ro section .intvec };
"P1":  place in [from 0x800'0000 to 0x803'ffff] { ro };
define block CSTACK with size = 1K, alignment = 8 { };
define block HEAP with size = 512, alignment = 8 { };
"P2":  place in [from 0x2000'0000 to 0x2000'ffff] {
          rw, block CSTACK, block HEAP };
initialize by copy { rw };

  Section            Kind         Address    Size  Object
  -------            ----         -------    ----  ------
"A0":                                       0x18c
  .intvec            ro code   0x800'0000   0x18c  startup_stm32l433xx.o [1]
                             - 0x800'018c   0x18c

"P1":                                      0xe26a
  .text              ro code   0x800'018c   0xfc8  stm32l4xx_hal_uart.o [1]
  .text              ro code   0x800'1154   0x39c  usart.o [1]
  .text              ro code   0x800'14f0     0xc  stm32l4xx_hal.o [1]
  .text              ro code   0x800'14fc   0x422  stm32l4xx_hal_dma.o [1]
  .text              ro code   0x800'191e    0x3a  zero_init3.o [4]
  .text              ro code   0x800'1958   0x128  user_uart.o [1]
  .text              ro code   0x800'1a80    0x72  stm32l4xx_hal_uart_ex.o [1]
  .text              ro code   0x800'1af2     0xa  xsprout.o [2]
  .text              ro code   0x800'1afc   0x9fc  stm32l4xx_hal_rcc.o [1]
  .text              ro code   0x800'24f8   0x230  I64DivMod.o [4]
  .text              ro code   0x800'2728     0x2  stm32l4xx_hal_uart.o [1]
  .text              ro code   0x800'272a     0x2  stm32l4xx_hal_uart.o [1]
  .text              ro code   0x800'272c    0xc2  main.o [1]
  .text              ro code   0x800'27ee    0x14  memset.o [4]
  .rodata            const     0x800'2802     0x2  xlocale_c.o [2]
  .text              ro code   0x800'2804   0x4e8  stm32l4xx_hal_rcc_ex.o [1]
  .text              ro code   0x800'2cec   0x380  stm32l4xx_hal_gpio.o [1]
  .text              ro code   0x800'306c   0x194  stm32l4xx_hal_cortex.o [1]
  .text              ro code   0x800'3200   0x4b0  user_app_comm.o [1]
  .text              ro code   0x800'36b0    0x70  user_rs485.o [1]
  .text              ro code   0x800'3720    0x74  user_connect_sensor.o [1]
  .text              ro code   0x800'3794    0x54  event_driven.o [1]
  .text              ro code   0x800'37e8   0x23a  user_adv_trace.o [1]
  .rodata            const     0x800'3a22     0x1  xlocale_c.o [2]
  .text              ro code   0x800'3a24    0x60  stm32l4xx_hal.o [1]
  .text              ro code   0x800'3a84    0x94  stm32l4xx_hal_pwr_ex.o [1]
  .text              ro code   0x800'3b18     0x2  I64DivZer.o [4]
  .text              ro code   0x800'3b1c    0x24  stm32l4xx_hal.o [1]
  .text              ro code   0x800'3b40   0x1d0  gpio.o [1]
  .text              ro code   0x800'3d10    0x60  dma.o [1]
  .text              ro code   0x800'3d70   0x150  rtc.o [1]
  .text              ro code   0x800'3ec0    0xc8  spi.o [1]
  .text              ro code   0x800'3f88    0x66  ABImemset.o [4]
  .text              ro code   0x800'3ff0   0x310  user_timer.o [1]
  .text              ro code   0x800'4300   0x21c  user_util.o [1]
  .text              ro code   0x800'451c   0x1dc  user_at_serial.o [1]
  .text              ro code   0x800'46f8    0x58  user_time.o [1]
  .text              ro code   0x800'4750   0x180  user_app_rs485.o [1]
  .text              ro code   0x800'48d0   0xad0  lcd_display.o [1]
  .text              ro code   0x800'53a0   0xf50  user_app_sensor.o [1]
  .text              ro code   0x800'62f0    0x28  stm32l4xx_hal.o [1]
  .text              ro code   0x800'6318   0x350  user_tiny_vsnprintf.o [1]
  .text              ro code   0x800'6668    0x38  stm32l4xx_hal_msp.o [1]
  .text              ro code   0x800'66a0   0x78e  stm32l4xx_hal_rtc.o [1]
  .text              ro code   0x800'6e30   0x52a  stm32l4xx_hal_spi.o [1]
  .text              ro code   0x800'735c    0x36  strlen.o [4]
  .text              ro code   0x800'7394    0x22  S32ToDbl.o [3]
  .text              ro code   0x800'73b8    0x16  math_wrappers64.o [3]
  .text              ro code   0x800'73d0   0x246  DblDiv.o [3]
  .text              ro code   0x800'7618    0x68  DblToFlt.o [3]
  .text              ro code   0x800'7680    0x1a  U32ToDbl.o [3]
  .text              ro code   0x800'769c    0x48  FltToDbl.o [3]
  .text              ro code   0x800'76e4    0x40  sprintf.o [2]
  .text              ro code   0x800'7724   0x1e6  user_string.o [1]
  .text              ro code   0x800'790c   0x654  user_app_modbus_rtu.o [1]
  .text              ro code   0x800'7f60    0xa0  STM32L4.o [1]
  .text              ro code   0x800'8000   0x290  text_tiny.o [1]
  .text              ro code   0x800'8290    0x14  unit_tests.o [1]
  .text              ro code   0x800'82a4    0xe8  glcd.o [1]
  .text              ro code   0x800'838c   0x158  ST7565R.o [1]
  .text              ro code   0x800'84e4   0xc68  button.o [1]
  .text              ro code   0x800'914c   0x40c  user_convert_variable.o [1]
  .text              ro code   0x800'9558   0x390  text.o [1]
  .text              ro code   0x800'98e8   0x200  graphics.o [1]
  .text              ro code   0x800'9ae8   0x350  user_modbus_rtu.o [1]
  .text              ro code   0x800'9e38   0x172  onchipflash.o [1]
  .text              ro code   0x800'9fac    0xa6  ABImemcpy.o [4]
  .text              ro code   0x800'a054   0x3a8  user_rtc.o [1]
  .text              ro code   0x800'a3fc     0x2  stm32l4xx_hal_rtc_ex.o [1]
  .text              ro code   0x800'a400   0x6ec  pow64.o [3]
  .text              ro code   0x800'aaec   0xfc6  xprintffull_nomb.o [2]
  .text              ro code   0x800'bab4   0x1a2  DblMul.o [3]
  .text              ro code   0x800'bc58   0x17a  DblAdd.o [3]
  .text              ro code   0x800'bdd4    0x3a  DblToS32.o [3]
  .text              ro code   0x800'be0e     0x8  abs.o [2]
  .text              ro code   0x800'be18   0x1b8  stm32l4xx_hal_flash.o [1]
  .text              ro code   0x800'bfd0    0xa0  stm32l4xx_hal_flash_ex.o [1]
  .text              ro code   0x800'c070    0x48  stm32l4xx_hal_rtc_ex.o [1]
  .text              ro code   0x800'c0b8    0x20  DblCmpEq.o [3]
  .text              ro code   0x800'c0d8    0x70  frexp.o [3]
  .text              ro code   0x800'c148    0x2e  DblCmpLe.o [3]
  .text              ro code   0x800'c178    0xe2  DblSub.o [3]
  .text              ro code   0x800'c25c    0x2e  DblCmpGe.o [3]
  .text              ro code   0x800'c28c   0x3e8  iar_Exp64.o [3]
  .text              ro code   0x800'c674    0x16  strchr.o [4]
  .text              ro code   0x800'c68c    0x40  xfail_s.o [2]
  .text              ro code   0x800'c6cc    0x58  memchr.o [4]
  .text              ro code   0x800'c724   0x13a  ldexp.o [3]
  .text              ro code   0x800'c860    0x28  DblToU32.o [3]
  .text              ro code   0x800'c888     0x8  xlocale_c.o [2]
  .text              ro code   0x800'c890     0x6  abort.o [2]
  .text              ro code   0x800'c898    0x14  exit.o [5]
  .rodata            const     0x800'c8b0   0x420  pow64.o [3]
  .rodata            const     0x800'ccd0   0x400  unit_tests.o [1]
  .rodata            const     0x800'd0d0   0x228  lcd_display.o [1]
  .rodata            const     0x800'd2f8   0x214  lcd_display.o [1]
  .text              ro code   0x800'd50c    0xd4  stm32l4xx_it.o [1]
  .text              ro code   0x800'd5e0    0x18  stm32l4xx_hal.o [1]
  .text              ro code   0x800'd5f8    0x78  lz77_init_single.o [4]
  .rodata            const     0x800'd670    0x34  user_app_sensor.o [1]
  .rodata            const     0x800'd6a4    0x34  user_app_sensor.o [1]
  .rodata            const     0x800'd6d8    0x30  system_stm32l4xx.o [1]
  .rodata            const     0x800'd708    0x2c  user_rtc.o [1]
  .rodata            const     0x800'd734    0x28  user_tiny_vsnprintf.o [1]
  .rodata            const     0x800'd75c    0x28  user_tiny_vsnprintf.o [1]
  .text              ro code   0x800'd784    0x28  data_init.o [4]
  .text              ro code   0x800'd7ac    0x22  fpinit_M.o [3]
  .iar.init_table    const     0x800'd7d0    0x20  - Linker created -
  .rodata            const     0x800'd7f0    0x20  user_rtc.o [1]
  .text              ro code   0x800'd810    0x1e  cmain.o [4]
  .text              ro code   0x800'd82e     0x4  low_level_init.o [2]
  .text              ro code   0x800'd832     0x4  exit.o [2]
  .text              ro code   0x800'd838     0xa  cexit.o [4]
  .rodata            const     0x800'd844    0x1c  user_app_comm.o [1]
  .rodata            const     0x800'd860    0x1c  user_uart.o [1]
  .rodata            const     0x800'd87c    0x18  user_app_comm.o [1]
  .rodata            const     0x800'd894    0x14  lcd_display.o [1]
  .rodata            const     0x800'd8a8    0x14  user_app_comm.o [1]
  .rodata            const     0x800'd8bc    0x14  user_at_serial.o [1]
  .rodata            const     0x800'd8d0    0x14  user_at_serial.o [1]
  .rodata            const     0x800'd8e4    0x14  user_at_serial.o [1]
  .rodata            const     0x800'd8f8    0x14  user_at_serial.o [1]
  .rodata            const     0x800'd90c    0x14  user_at_serial.o [1]
  .rodata            const     0x800'd920    0x10  lcd_display.o [1]
  .rodata            const     0x800'd930    0x10  lcd_display.o [1]
  .rodata            const     0x800'd940    0x10  lcd_display.o [1]
  .rodata            const     0x800'd950    0x10  lcd_display.o [1]
  .rodata            const     0x800'd960    0x10  lcd_display.o [1]
  .rodata            const     0x800'd970    0x10  lcd_display.o [1]
  .rodata            const     0x800'd980    0x10  lcd_display.o [1]
  .rodata            const     0x800'd990    0x10  lcd_display.o [1]
  .rodata            const     0x800'd9a0    0x10  lcd_display.o [1]
  .rodata            const     0x800'd9b0    0x10  lcd_display.o [1]
  .rodata            const     0x800'd9c0    0x10  lcd_display.o [1]
  .rodata            const     0x800'd9d0    0x10  lcd_display.o [1]
  .rodata            const     0x800'd9e0    0x10  lcd_display.o [1]
  .rodata            const     0x800'd9f0    0x10  system_stm32l4xx.o [1]
  .rodata            const     0x800'da00    0x10  user_app_sensor.o [1]
  .rodata            const     0x800'da10    0x10  user_at_serial.o [1]
  .rodata            const     0x800'da20    0x10  user_at_serial.o [1]
  .rodata            const     0x800'da30    0x10  user_at_serial.o [1]
  .rodata            const     0x800'da40    0x10  user_at_serial.o [1]
  .rodata            const     0x800'da50    0x10  user_at_serial.o [1]
  .rodata            const     0x800'da60    0x10  user_at_serial.o [1]
  .rodata            const     0x800'da70    0x10  user_at_serial.o [1]
  .rodata            const     0x800'da80    0x10  user_at_serial.o [1]
  .rodata            const     0x800'da90    0x10  user_at_serial.o [1]
  .rodata            const     0x800'daa0    0x10  user_at_serial.o [1]
  .rodata            const     0x800'dab0    0x10  user_at_serial.o [1]
  .rodata            const     0x800'dac0    0x10  user_at_serial.o [1]
  .rodata            const     0x800'dad0    0x10  user_at_serial.o [1]
  .rodata            const     0x800'dae0    0x10  user_at_serial.o [1]
  .rodata            const     0x800'daf0    0x10  user_at_serial.o [1]
  .rodata            const     0x800'db00    0x10  user_at_serial.o [1]
  .rodata            const     0x800'db10    0x10  user_at_serial.o [1]
  .rodata            const     0x800'db20    0x10  user_at_serial.o [1]
  .rodata            const     0x800'db30    0x10  user_at_serial.o [1]
  .rodata            const     0x800'db40    0x10  user_at_serial.o [1]
  .rodata            const     0x800'db50    0x10  user_at_serial.o [1]
  .rodata            const     0x800'db60    0x10  user_at_serial.o [1]
  .rodata            const     0x800'db70    0x10  user_at_serial.o [1]
  .rodata            const     0x800'db80    0x10  user_at_serial.o [1]
  .rodata            const     0x800'db90    0x10  user_at_serial.o [1]
  .rodata            const     0x800'dba0    0x10  user_at_serial.o [1]
  .rodata            const     0x800'dbb0    0x10  user_at_serial.o [1]
  .rodata            const     0x800'dbc0    0x10  user_at_serial.o [1]
  .text              ro code   0x800'dbd0    0x10  startup_stm32l433xx.o [1]
  .text              ro code   0x800'dbe0    0x10  system_stm32l4xx.o [1]
  .rodata            const     0x800'dbf0     0xc  lcd_display.o [1]
  .rodata            const     0x800'dbfc     0xc  lcd_display.o [1]
  .rodata            const     0x800'dc08     0xc  lcd_display.o [1]
  .rodata            const     0x800'dc14     0xc  lcd_display.o [1]
  .rodata            const     0x800'dc20     0xc  lcd_display.o [1]
  .rodata            const     0x800'dc2c     0xc  lcd_display.o [1]
  .rodata            const     0x800'dc38     0xc  user_app_comm.o [1]
  .rodata            const     0x800'dc44     0xc  user_app_sensor.o [1]
  .rodata            const     0x800'dc50     0xc  user_at_serial.o [1]
  .rodata            const     0x800'dc5c     0xc  user_at_serial.o [1]
  .rodata            const     0x800'dc68     0xc  user_at_serial.o [1]
  .rodata            const     0x800'dc74     0xc  user_at_serial.o [1]
  .rodata            const     0x800'dc80     0xc  user_at_serial.o [1]
  .rodata            const     0x800'dc8c     0xc  user_at_serial.o [1]
  .rodata            const     0x800'dc98     0xc  user_at_serial.o [1]
  .rodata            const     0x800'dca4     0xc  user_at_serial.o [1]
  .rodata            const     0x800'dcb0     0xc  user_at_serial.o [1]
  .rodata            const     0x800'dcbc     0xc  user_at_serial.o [1]
  .rodata            const     0x800'dcc8     0xc  user_at_serial.o [1]
  .rodata            const     0x800'dcd4     0xc  user_at_serial.o [1]
  .rodata            const     0x800'dce0     0xc  user_at_serial.o [1]
  .rodata            const     0x800'dcec     0xc  user_at_serial.o [1]
  .rodata            const     0x800'dcf8     0xc  user_at_serial.o [1]
  .rodata            const     0x800'dd04     0xc  user_at_serial.o [1]
  .rodata            const     0x800'dd10     0xc  user_at_serial.o [1]
  .rodata            const     0x800'dd1c     0xc  user_at_serial.o [1]
  .rodata            const     0x800'dd28     0xc  user_at_serial.o [1]
  .rodata            const     0x800'dd34     0xc  user_at_serial.o [1]
  .rodata            const     0x800'dd40     0xc  user_at_serial.o [1]
  .rodata            const     0x800'dd4c     0xc  user_at_serial.o [1]
  .rodata            const     0x800'dd58     0xc  user_at_serial.o [1]
  .rodata            const     0x800'dd64     0xc  user_at_serial.o [1]
  .rodata            const     0x800'dd70     0xc  user_at_serial.o [1]
  .rodata            const     0x800'dd7c     0xc  user_at_serial.o [1]
  .rodata            const     0x800'dd88     0xc  user_at_serial.o [1]
  .rodata            const     0x800'dd94     0xc  user_at_serial.o [1]
  .rodata            const     0x800'dda0     0xc  user_rtc.o [1]
  .rodata            const     0x800'ddac     0xc  user_rtc.o [1]
  .text              ro code   0x800'ddb8     0xc  cstartup_M.o [4]
  .rodata            const     0x800'ddc4     0x8  lcd_display.o [1]
  .rodata            const     0x800'ddcc     0x8  lcd_display.o [1]
  .rodata            const     0x800'ddd4     0x8  lcd_display.o [1]
  .rodata            const     0x800'dddc     0x8  lcd_display.o [1]
  .rodata            const     0x800'dde4     0x8  lcd_display.o [1]
  .rodata            const     0x800'ddec     0x8  lcd_display.o [1]
  .rodata            const     0x800'ddf4     0x8  lcd_display.o [1]
  .rodata            const     0x800'ddfc     0x8  system_stm32l4xx.o [1]
  .rodata            const     0x800'de04     0x8  user_app_modbus_rtu.o [1]
  .rodata            const     0x800'de0c     0x8  user_app_modbus_rtu.o [1]
  .rodata            const     0x800'de14     0x8  user_app_sensor.o [1]
  .rodata            const     0x800'de1c     0x8  user_app_sensor.o [1]
  .rodata            const     0x800'de24     0x8  user_app_sensor.o [1]
  .rodata            const     0x800'de2c     0x8  user_app_sensor.o [1]
  .rodata            const     0x800'de34     0x8  user_at_serial.o [1]
  .rodata            const     0x800'de3c     0x8  user_at_serial.o [1]
  .rodata            const     0x800'de44     0x8  user_at_serial.o [1]
  .rodata            const     0x800'de4c     0x8  user_at_serial.o [1]
  .rodata            const     0x800'de54     0x8  user_at_serial.o [1]
  .rodata            const     0x800'de5c     0x8  user_tiny_vsnprintf.o [1]
  .rodata            const     0x800'de64     0x8  user_util.o [1]
  .rodata            const     0x800'de6c     0x8  xprintffull_nomb.o [2]
  .rodata            const     0x800'de74     0x4  lcd_display.o [1]
  .rodata            const     0x800'de78     0x4  lcd_display.o [1]
  .rodata            const     0x800'de7c     0x4  lcd_display.o [1]
  .rodata            const     0x800'de80     0x4  lcd_display.o [1]
  .text              ro code   0x800'de84     0x4  startup_stm32l433xx.o [1]
  .text              ro code   0x800'de88     0x4  startup_stm32l433xx.o [1]
  .text              ro code   0x800'de8c     0x4  startup_stm32l433xx.o [1]
  .text              ro code   0x800'de90     0x4  startup_stm32l433xx.o [1]
  .text              ro code   0x800'de94     0x4  startup_stm32l433xx.o [1]
  .text              ro code   0x800'de98     0x4  startup_stm32l433xx.o [1]
  .text              ro code   0x800'de9c     0x4  startup_stm32l433xx.o [1]
  .text              ro code   0x800'dea0     0x4  startup_stm32l433xx.o [1]
  .text              ro code   0x800'dea4     0x4  startup_stm32l433xx.o [1]
  .text              ro code   0x800'dea8     0x4  startup_stm32l433xx.o [1]
  .text              ro code   0x800'deac     0x4  startup_stm32l433xx.o [1]
  .text              ro code   0x800'deb0     0x4  startup_stm32l433xx.o [1]
  .text              ro code   0x800'deb4     0x4  startup_stm32l433xx.o [1]
  .text              ro code   0x800'deb8     0x4  startup_stm32l433xx.o [1]
  .text              ro code   0x800'debc     0x4  startup_stm32l433xx.o [1]
  .text              ro code   0x800'dec0     0x4  startup_stm32l433xx.o [1]
  .text              ro code   0x800'dec4     0x4  startup_stm32l433xx.o [1]
  .text              ro code   0x800'dec8     0x4  startup_stm32l433xx.o [1]
  .text              ro code   0x800'decc     0x4  startup_stm32l433xx.o [1]
  .text              ro code   0x800'ded0     0x4  startup_stm32l433xx.o [1]
  .text              ro code   0x800'ded4     0x4  startup_stm32l433xx.o [1]
  .text              ro code   0x800'ded8     0x4  startup_stm32l433xx.o [1]
  .text              ro code   0x800'dedc     0x4  startup_stm32l433xx.o [1]
  .text              ro code   0x800'dee0     0x4  startup_stm32l433xx.o [1]
  .text              ro code   0x800'dee4     0x4  startup_stm32l433xx.o [1]
  .text              ro code   0x800'dee8     0x4  startup_stm32l433xx.o [1]
  .text              ro code   0x800'deec     0x4  startup_stm32l433xx.o [1]
  .text              ro code   0x800'def0     0x4  startup_stm32l433xx.o [1]
  .text              ro code   0x800'def4     0x4  startup_stm32l433xx.o [1]
  .text              ro code   0x800'def8     0x4  startup_stm32l433xx.o [1]
  .text              ro code   0x800'defc     0x4  startup_stm32l433xx.o [1]
  .text              ro code   0x800'df00     0x4  startup_stm32l433xx.o [1]
  .text              ro code   0x800'df04     0x4  startup_stm32l433xx.o [1]
  .text              ro code   0x800'df08     0x4  startup_stm32l433xx.o [1]
  .text              ro code   0x800'df0c     0x4  startup_stm32l433xx.o [1]
  .text              ro code   0x800'df10     0x4  startup_stm32l433xx.o [1]
  .text              ro code   0x800'df14     0x4  startup_stm32l433xx.o [1]
  .text              ro code   0x800'df18     0x4  startup_stm32l433xx.o [1]
  .text              ro code   0x800'df1c     0x4  startup_stm32l433xx.o [1]
  .text              ro code   0x800'df20     0x4  startup_stm32l433xx.o [1]
  .text              ro code   0x800'df24     0x4  startup_stm32l433xx.o [1]
  .text              ro code   0x800'df28     0x4  startup_stm32l433xx.o [1]
  .text              ro code   0x800'df2c     0x4  startup_stm32l433xx.o [1]
  .text              ro code   0x800'df30     0x4  startup_stm32l433xx.o [1]
  .text              ro code   0x800'df34     0x4  startup_stm32l433xx.o [1]
  .text              ro code   0x800'df38     0x4  startup_stm32l433xx.o [1]
  .text              ro code   0x800'df3c     0x4  startup_stm32l433xx.o [1]
  .text              ro code   0x800'df40     0x4  startup_stm32l433xx.o [1]
  .text              ro code   0x800'df44     0x4  startup_stm32l433xx.o [1]
  .text              ro code   0x800'df48     0x4  startup_stm32l433xx.o [1]
  .text              ro code   0x800'df4c     0x4  startup_stm32l433xx.o [1]
  .text              ro code   0x800'df50     0x4  startup_stm32l433xx.o [1]
  .text              ro code   0x800'df54     0x4  startup_stm32l433xx.o [1]
  .text              ro code   0x800'df58     0x4  startup_stm32l433xx.o [1]
  .text              ro code   0x800'df5c     0x4  startup_stm32l433xx.o [1]
  .text              ro code   0x800'df60     0x4  startup_stm32l433xx.o [1]
  .text              ro code   0x800'df64     0x4  startup_stm32l433xx.o [1]
  .text              ro code   0x800'df68     0x4  startup_stm32l433xx.o [1]
  .text              ro code   0x800'df6c     0x4  startup_stm32l433xx.o [1]
  .rodata            const     0x800'df70     0x0  zero_init3.o [4]
  .rodata            const     0x800'df70     0x0  lz77_init_single.o [4]
  Initializer bytes  const     0x800'df70   0x486  <for P2-1>
                             - 0x800'e3f6  0xe26a

"P2", part 1 of 3:                          0xa45
  P2-1                        0x2000'0000   0xa45  <Init block>
    .data            inited   0x2000'0000     0xc  button.o [1]
    .data            inited   0x2000'000c    0x70  lcd_display.o [1]
    .data            inited   0x2000'007c    0x24  lcd_display.o [1]
    .data            inited   0x2000'00a0     0x8  lcd_display.o [1]
    .data            inited   0x2000'00a8     0x4  lcd_display.o [1]
    .data            inited   0x2000'00ac    0x10  lcd_display.o [1]
    .data            inited   0x2000'00bc    0x10  lcd_display.o [1]
    .data            inited   0x2000'00cc    0x10  lcd_display.o [1]
    .data            inited   0x2000'00dc    0x10  lcd_display.o [1]
    .data            inited   0x2000'00ec    0x10  lcd_display.o [1]
    .data            inited   0x2000'00fc   0x2d0  lcd_display.o [1]
    .data            inited   0x2000'03cc     0x4  stm32l4xx_hal.o [1]
    .data            inited   0x2000'03d0    0x20  stm32l4xx_hal_flash.o [1]
    .data            inited   0x2000'03f0     0x4  system_stm32l4xx.o [1]
    .data            inited   0x2000'03f4    0x70  user_app_comm.o [1]
    .data            inited   0x2000'0464     0x8  user_app_comm.o [1]
    .data            inited   0x2000'046c     0x8  user_app_comm.o [1]
    .data            inited   0x2000'0474    0x64  user_app_modbus_rtu.o [1]
    .data            inited   0x2000'04d8    0x2c  user_app_modbus_rtu.o [1]
    .data            inited   0x2000'0504     0x8  user_app_modbus_rtu.o [1]
    .data            inited   0x2000'050c    0x40  user_app_rs485.o [1]
    .data            inited   0x2000'054c    0x80  user_app_sensor.o [1]
    .data            inited   0x2000'05cc     0x8  user_app_sensor.o [1]
    .data            inited   0x2000'05d4     0x4  user_app_sensor.o [1]
    .data            inited   0x2000'05d8     0x8  user_at_serial.o [1]
    .data            inited   0x2000'05e0   0x410  user_at_serial.o [1]
    .data            inited   0x2000'09f0     0x8  user_connect_sensor.o [1]
    .data            inited   0x2000'09f8     0x8  user_rs485.o [1]
    .data            inited   0x2000'0a00     0x4  user_tiny_vsnprintf.o [1]
    .data            inited   0x2000'0a04     0x4  user_tiny_vsnprintf.o [1]
    .data            inited   0x2000'0a08    0x38  xlocale_c.o [2]
    .data            inited   0x2000'0a40     0x2  user_app_modbus_rtu.o [1]
    .data            inited   0x2000'0a42     0x1  lcd_display.o [1]
    .data            inited   0x2000'0a43     0x1  stm32l4xx_hal.o [1]
    .data            inited   0x2000'0a44     0x1  user_util.o [1]
                            - 0x2000'0a45   0xa45

"P2", part 2 of 3:                         0x1be8
  .bss               zero     0x2000'0a48   0x4b0  user_app_comm.o [1]
  .bss               zero     0x2000'0ef8   0x400  glcd.o [1]
  .bss               zero     0x2000'12f8   0x400  user_adv_trace.o [1]
  .bss               zero     0x2000'16f8   0x200  user_adv_trace.o [1]
  .bss               zero     0x2000'18f8   0x200  user_connect_sensor.o [1]
  .bss               zero     0x2000'1af8   0x200  user_rs485.o [1]
  .bss               zero     0x2000'1cf8   0x168  lcd_display.o [1]
  .bss               zero     0x2000'1e60    0x88  usart.o [1]
  .bss               zero     0x2000'1ee8    0x88  usart.o [1]
  .bss               zero     0x2000'1f70    0x88  usart.o [1]
  .bss               zero     0x2000'1ff8    0x80  user_app_modbus_rtu.o [1]
  .bss               zero     0x2000'2078    0x80  user_app_modbus_rtu.o [1]
  .bss               zero     0x2000'20f8    0x80  user_app_modbus_rtu.o [1]
  .bss               zero     0x2000'2178    0x80  user_at_serial.o [1]
  .bss               zero     0x2000'21f8    0x80  user_at_serial.o [1]
  .bss               zero     0x2000'2278    0x64  spi.o [1]
  .bss               zero     0x2000'22dc    0x64  user_app_comm.o [1]
  .bss               zero     0x2000'2340    0x5c  lcd_display.o [1]
  .bss               zero     0x2000'239c    0x48  usart.o [1]
  .bss               zero     0x2000'23e4    0x48  usart.o [1]
  .bss               zero     0x2000'242c    0x48  usart.o [1]
  .bss               zero     0x2000'2474    0x2c  user_rtc.o [1]
  .bss               zero     0x2000'24a0    0x28  user_app_sensor.o [1]
  .bss               zero     0x2000'24c8    0x28  user_app_sensor.o [1]
  .bss               zero     0x2000'24f0    0x24  rtc.o [1]
  .bss               zero     0x2000'2514    0x1c  user_app_sensor.o [1]
  .bss               zero     0x2000'2530    0x1c  user_rtc.o [1]
  .bss               zero     0x2000'254c    0x18  button.o [1]
  .bss               zero     0x2000'2564    0x18  user_adv_trace.o [1]
  .bss               zero     0x2000'257c    0x18  user_app_comm.o [1]
  .bss               zero     0x2000'2594    0x10  lcd_display.o [1]
  .bss               zero     0x2000'25a4     0xc  text.o [1]
  .bss               zero     0x2000'25b0     0xc  user_app_sensor.o [1]
  .bss               zero     0x2000'25bc     0xc  user_util.o [1]
  .bss               zero     0x2000'25c8     0x4  button.o [1]
  .bss               zero     0x2000'25cc     0x4  glcd.o [1]
  .bss               zero     0x2000'25d0     0x4  glcd.o [1]
  .bss               zero     0x2000'25d4     0x4  glcd.o [1]
  .bss               zero     0x2000'25d8     0x4  lcd_display.o [1]
  .bss               zero     0x2000'25dc     0x4  stm32l4xx_hal.o [1]
  .bss               zero     0x2000'25e0     0x4  stm32l4xx_it.o [1]
  .bss               zero     0x2000'25e4     0x4  user_app_comm.o [1]
  .bss               zero     0x2000'25e8     0x4  user_app_sensor.o [1]
  .bss               zero     0x2000'25ec     0x4  user_app_sensor.o [1]
  .bss               zero     0x2000'25f0     0x4  user_app_sensor.o [1]
  .bss               zero     0x2000'25f4     0x4  user_app_sensor.o [1]
  .bss               zero     0x2000'25f8     0x4  user_rtc.o [1]
  .bss               zero     0x2000'25fc     0x4  user_timer.o [1]
  .bss               zero     0x2000'2600     0x4  user_util.o [1]
  .bss               zero     0x2000'2604     0x4  user_util.o [1]
  .bss               zero     0x2000'2608     0x4  user_util.o [1]
  .bss               zero     0x2000'260c     0x4  xfail_s.o [2]
  .bss               zero     0x2000'2610     0x2  button.o [1]
  .bss               zero     0x2000'2612     0x2  lcd_display.o [1]
  .bss               zero     0x2000'2614     0x2  user_app_comm.o [1]
  .bss               zero     0x2000'2616     0x2  user_app_comm.o [1]
  .bss               zero     0x2000'2618     0x2  user_app_sensor.o [1]
  .bss               zero     0x2000'261a     0x2  user_app_sensor.o [1]
  .bss               zero     0x2000'261c     0x2  user_uart.o [1]
  .bss               zero     0x2000'261e     0x1  button.o [1]
  .bss               zero     0x2000'261f     0x1  lcd_display.o [1]
  .bss               zero     0x2000'2620     0x1  lcd_display.o [1]
  .bss               zero     0x2000'2621     0x1  lcd_display.o [1]
  .bss               zero     0x2000'2622     0x1  stm32l4xx_it.o [1]
  .bss               zero     0x2000'2623     0x1  user_app_comm.o [1]
  .bss               zero     0x2000'2624     0x1  user_app_comm.o [1]
  .bss               zero     0x2000'2625     0x1  user_app_rs485.o [1]
  .bss               zero     0x2000'2626     0x1  user_app_sensor.o [1]
  .bss               zero     0x2000'2627     0x1  user_app_sensor.o [1]
  .bss               zero     0x2000'2628     0x1  user_app_sensor.o [1]
  .bss               zero     0x2000'2629     0x1  user_at_serial.o [1]
  .bss               zero     0x2000'262a     0x1  user_connect_sensor.o [1]
  .bss               zero     0x2000'262b     0x1  user_connect_sensor.o [1]
  .bss               zero     0x2000'262c     0x1  user_rs485.o [1]
  .bss               zero     0x2000'262d     0x1  user_rs485.o [1]
  .bss               zero     0x2000'262e     0x1  user_rtc.o [1]
  .bss               zero     0x2000'262f     0x1  user_uart.o [1]
                            - 0x2000'2630  0x1be8

"P2", part 3 of 3:                          0x400
  CSTACK                      0x2000'2630   0x400  <Block>
    CSTACK           uninit   0x2000'2630   0x400  <Block tail>
                            - 0x2000'2a30   0x400

Unused ranges:

         From           To      Size
         ----           --      ----
   0x800'e3f6   0x803'ffff  0x3'1c0a
  0x2000'0a45  0x2000'0a47       0x3
  0x2000'2a30  0x2000'ffff    0xd5d0


*******************************************************************************
*** INIT TABLE
***

          Address      Size
          -------      ----
Zero (__iar_zero_init3)
    1 destination range, total size 0x1be8:
          0x2000'0a48  0x1be8

Copy/lz77 (__iar_lz77_init_single3)
    1 source range, total size 0x486 (44% of destination):
           0x800'df70   0x486
    1 destination range, total size 0xa45:
          0x2000'0000   0xa45



*******************************************************************************
*** MODULE SUMMARY
***

    Module                    ro code  ro data  rw data
    ------                    -------  -------  -------
command line/config:
    ---------------------------------------------------
    Total:

D:\Saoviet_Git\Saoviet_EnviroTrack_M_And_S_RawWater\Project_Slave_Chemins_pH\Project_Slave_Sensor_EnviroTrack\EWARM\Project_Slave_Sensor_EnviroTrack\Obj: [1]
    ST7565R.o                     344
    STM32L4.o                     160
    button.o                    3'176        5       43
    dma.o                          96
    event_driven.o                 84
    glcd.o                        232             1'036
    gpio.o                        464
    graphics.o                    512
    lcd_display.o               2'768    1'880    1'438
    main.o                        194
    onchipflash.o                 370
    rtc.o                         336                36
    spi.o                         200               100
    startup_stm32l433xx.o         648
    stm32l4xx_hal.o               208        1        9
    stm32l4xx_hal_cortex.o        404
    stm32l4xx_hal_dma.o         1'058
    stm32l4xx_hal_flash.o         440       14       32
    stm32l4xx_hal_flash_ex.o      160
    stm32l4xx_hal_gpio.o          896
    stm32l4xx_hal_msp.o            56
    stm32l4xx_hal_pwr_ex.o        148
    stm32l4xx_hal_rcc.o         2'556
    stm32l4xx_hal_rcc_ex.o      1'256
    stm32l4xx_hal_rtc.o         1'934
    stm32l4xx_hal_rtc_ex.o         74
    stm32l4xx_hal_spi.o         1'322
    stm32l4xx_hal_uart.o        4'044
    stm32l4xx_hal_uart_ex.o       114
    stm32l4xx_it.o                212                 5
    system_stm32l4xx.o             16       74        4
    text.o                        912                12
    text_tiny.o                   656
    unit_tests.o                   20    1'024
    usart.o                       924               624
    user_adv_trace.o              570             1'560
    user_app_comm.o             1'200      141    1'462
    user_app_modbus_rtu.o       1'620       84      538
    user_app_rs485.o              384       28       65
    user_app_sensor.o           3'920      225      283
    user_at_serial.o              476    1'386    1'305
    user_connect_sensor.o         116        4      522
    user_convert_variable.o     1'036
    user_modbus_rtu.o             848
    user_rs485.o                  112        3      522
    user_rtc.o                    936      100       77
    user_string.o                 486
    user_time.o                    88
    user_timer.o                  784                 4
    user_tiny_vsnprintf.o         848       92        8
    user_uart.o                   296       28        3
    user_util.o                   540        9       25
    ---------------------------------------------------
    Total:                     41'254    5'098    9'713

dl7M_tlf.a: [2]
    abort.o                         6
    abs.o                           8
    exit.o                          4
    low_level_init.o                4
    sprintf.o                      64
    xfail_s.o                      64                 4
    xlocale_c.o                     8       27       56
    xprintffull_nomb.o          4'038        8
    xsprout.o                      10
    ---------------------------------------------------
    Total:                      4'206       35       60

m7M_tls.a: [3]
    DblAdd.o                      378
    DblCmpEq.o                     32
    DblCmpGe.o                     46
    DblCmpLe.o                     46
    DblDiv.o                      582
    DblMul.o                      418
    DblSub.o                      226
    DblToFlt.o                    104
    DblToS32.o                     58
    DblToU32.o                     40
    FltToDbl.o                     72
    S32ToDbl.o                     34
    U32ToDbl.o                     26
    fpinit_M.o                     34
    frexp.o                       112
    iar_Exp64.o                 1'000
    ldexp.o                       314
    math_wrappers64.o              22
    pow64.o                     1'772    1'056
    ---------------------------------------------------
    Total:                      5'316    1'056

rt7M_tl.a: [4]
    ABImemcpy.o                   166
    ABImemset.o                   102
    I64DivMod.o                   560
    I64DivZer.o                     2
    cexit.o                        10
    cmain.o                        30
    cstartup_M.o                   12
    data_init.o                    40
    lz77_init_single.o            120
    memchr.o                       88
    memset.o                       20
    strchr.o                       22
    strlen.o                       54
    zero_init3.o                   58
    ---------------------------------------------------
    Total:                      1'284

shb_l.a: [5]
    exit.o                         20
    ---------------------------------------------------
    Total:                         20

    Gaps                           49        8
    Linker created                          32    1'024
-------------------------------------------------------
    Grand Total:               52'129    6'229   10'797


*******************************************************************************
*** ENTRY LIST
***

Entry                       Address   Size  Type      Object
-----                       -------   ----  ----      ------
.iar.init_table$$Base    0x800'd7d0          --   Gb  - Linker created -
.iar.init_table$$Limit   0x800'd7f0          --   Gb  - Linker created -
?main                    0x800'd811         Code  Gb  cmain.o [4]
ADV_TRACE_Buffer        0x2000'12f8  0x400  Data  Lc  user_adv_trace.o [1]
ADV_TRACE_Ctx           0x2000'2564   0x18  Data  Lc  user_adv_trace.o [1]
AHBPrescTable            0x800'd9f0   0x10  Data  Gb  system_stm32l4xx.o [1]
APBPrescTable            0x800'ddfc    0x8  Data  Gb  system_stm32l4xx.o [1]
AT_CMD_Get_BR_Slave      0x800'6071   0x52  Code  Gb  user_app_sensor.o [1]
AT_CMD_Get_ID_Slave      0x800'5f75   0x52  Code  Gb  user_app_sensor.o [1]
AT_CMD_Reset_Slave       0x800'5ec5   0x4a  Code  Gb  user_app_sensor.o [1]
AT_CMD_Restore_Slave     0x800'5f19   0x5c  Code  Gb  user_app_sensor.o [1]
AT_CMD_Set_BR_Slave      0x800'60c3   0x94  Code  Gb  user_app_sensor.o [1]
AT_CMD_Set_ID_Slave      0x800'5fd5   0x96  Code  Gb  user_app_sensor.o [1]
AppComm_DBG_Init_RX_Mode
                         0x800'3481   0x1e  Code  Gb  user_app_comm.o [1]
AppComm_DBG_Init_Uart    0x800'3479    0x8  Code  Gb  user_app_comm.o [1]
AppComm_DBG_Rx_Callback
                         0x800'34a7  0x176  Code  Gb  user_app_comm.o [1]
AppComm_DBG_Stop_RX_Mode
                         0x800'34a5    0x2  Code  Gb  user_app_comm.o [1]
AppComm_Get_Reset_Source
                         0x800'3441   0x38  Code  Gb  user_app_comm.o [1]
AppComm_IRQ_Timer_CallBack
                         0x800'3401    0xc  Code  Gb  user_app_comm.o [1]
AppComm_Init             0x800'3341   0x20  Code  Gb  user_app_comm.o [1]
AppComm_Set_Next_TxTimer
                         0x800'3427    0x2  Code  Gb  user_app_comm.o [1]
AppComm_Task             0x800'3361   0x9e  Code  Gb  user_app_comm.o [1]
AppComm_Uart_Debug_Send
                         0x800'3429   0x18  Code  Lc  user_app_comm.o [1]
AppRs485_Task            0x800'4829   0x84  Code  Gb  user_app_rs485.o [1]
AppSensor_Task           0x800'6199   0x84  Code  Gb  user_app_sensor.o [1]
BUTTON_Down_Process      0x800'8d3d  0x170  Code  Gb  button.o [1]
BUTTON_ESC_Process       0x800'8eb9  0x260  Code  Gb  button.o [1]
BUTTON_Enter_Process     0x800'8617  0x5b4  Code  Gb  button.o [1]
BUTTON_Process           0x800'84e5   0x34  Code  Gb  button.o [1]
BUTTON_Up_Process        0x800'8bcb  0x172  Code  Gb  button.o [1]
BUTTON_scan              0x800'8519   0xfe  Code  Gb  button.o [1]
BUTTON_scan::hold       0x2000'25c8    0x4  Data  Lc  button.o [1]
BUTTON_scan::last_value
                        0x2000'261e    0x1  Data  Lc  button.o [1]
BusFault_Handler         0x800'd513    0x2  Code  Gb  stm32l4xx_it.o [1]
CSTACK$$Base            0x2000'2630          --   Gb  - Linker created -
CSTACK$$Limit           0x2000'2a30          --   Gb  - Linker created -
Cal_Time                 0x800'431f   0x12  Code  Gb  user_util.o [1]
Calculator_Scale         0x800'914d   0x54  Code  Gb  user_convert_variable.o [1]
CheckList_AT_CONFIG     0x2000'05e0  0x410  Data  Gb  user_at_serial.o [1]
Check_Time_Out           0x800'4301   0x1e  Code  Gb  user_util.o [1]
Convert_Point_Int_To_String
                         0x800'91a1   0xce  Code  Gb  user_convert_variable.o [1]
Convert_Point_Int_To_String_Scale
                         0x800'926f   0xea  Code  Gb  user_convert_variable.o [1]
Convert_Scale            0x800'4471   0x5c  Code  Gb  user_util.o [1]
Convert_String_To_Dec    0x800'94c9   0x5c  Code  Gb  user_convert_variable.o [1]
Convert_uint32Hex_To_Float
                         0x800'9385  0x144  Code  Gb  user_convert_variable.o [1]
CountBufferHandleRecvSS
                        0x2000'2618    0x2  Data  Gb  user_app_sensor.o [1]
DMA1_Channel3_IRQHandler
                         0x800'd56d    0xa  Code  Gb  stm32l4xx_it.o [1]
DMA1_Channel5_IRQHandler
                         0x800'd577    0xa  Code  Gb  stm32l4xx_it.o [1]
DMA2_Channel7_IRQHandler
                         0x800'd59f    0xa  Code  Gb  stm32l4xx_it.o [1]
DMA_SetConfig            0x800'18ed   0x32  Code  Lc  stm32l4xx_hal_dma.o [1]
DaysInMonth              0x800'dda0    0xc  Data  Lc  user_rtc.o [1]
DaysInMonthLeapYear      0x800'ddac    0xc  Data  Lc  user_rtc.o [1]
DebugMon_Handler         0x800'd519    0x2  Code  Gb  stm32l4xx_it.o [1]
Display_Check_Password   0x800'5245   0x2e  Code  Gb  lcd_display.o [1]
Display_Check_Toggle     0x800'50cb   0xac  Code  Gb  lcd_display.o [1]
Display_Check_Toggle::Hide
                        0x2000'2340   0x5c  Data  Lc  lcd_display.o [1]
Display_Check_Toggle::LandMarkToggle_u32
                        0x2000'1cf8  0x168  Data  Lc  lcd_display.o [1]
Display_Init             0x800'48d1   0x8e  Code  Gb  lcd_display.o [1]
Display_Set_Screen       0x800'520f   0x36  Code  Gb  lcd_display.o [1]
Display_Set_Screen_Flag
                         0x800'51c9   0x46  Code  Gb  lcd_display.o [1]
Display_Show_Oject       0x800'4d2b  0x3a0  Code  Gb  lcd_display.o [1]
Display_Show_Screen      0x800'5177   0x52  Code  Gb  lcd_display.o [1]
Display_Show_State_Sensor_Network
                         0x800'5287   0x34  Code  Gb  lcd_display.o [1]
Display_Show_State_Setting
                         0x800'52bb   0x5c  Code  Gb  lcd_display.o [1]
Display_Show_Static_Param
                         0x800'5273   0x14  Code  Gb  lcd_display.o [1]
Display_Task             0x800'495f   0x7e  Code  Gb  lcd_display.o [1]
Error_Handler            0x800'27eb    0x4  Code  Gb  main.o [1]
FLASH_FlushCaches        0x800'bffb   0x6a  Code  Gb  stm32l4xx_hal_flash_ex.o [1]
FLASH_PageErase          0x800'bfd1   0x2a  Code  Gb  stm32l4xx_hal_flash_ex.o [1]
FLASH_Program_DoubleWord
                         0x800'bf5f   0x1a  Code  Lc  stm32l4xx_hal_flash.o [1]
FLASH_Program_Fast       0x800'bf79   0x32  Code  Lc  stm32l4xx_hal_flash.o [1]
FLASH_WaitForLastOperation
                         0x800'bef9   0x66  Code  Gb  stm32l4xx_hal_flash.o [1]
Filter_Temp              0x800'5b45    0x2  Code  Gb  user_app_sensor.o [1]
Filter_pH                0x800'5a85   0xc0  Code  Gb  user_app_sensor.o [1]
Filter_pH::P            0x2000'05d4    0x4  Data  Lc  user_app_sensor.o [1]
Filter_pH::x_est        0x2000'25f0    0x4  Data  Lc  user_app_sensor.o [1]
Filter_pH::x_est_last   0x2000'25f4    0x4  Data  Lc  user_app_sensor.o [1]
Find_String_V2           0x800'7725  0x130  Code  Gb  user_string.o [1]
Find_str_fix             0x800'7877   0x94  Code  Gb  user_string.o [1]
Flag_gettick            0x2000'2622    0x1  Data  Gb  stm32l4xx_it.o [1]
Font5x7                  0x800'd2f8  0x214  Data  Lc  lcd_display.o [1]
Get_RTC                  0x800'46f9   0x4e  Code  Gb  user_time.o [1]
HAL_DMA_Abort            0x800'1749   0x54  Code  Gb  stm32l4xx_hal_dma.o [1]
HAL_DMA_Abort_IT         0x800'179d   0x5e  Code  Gb  stm32l4xx_hal_dma.o [1]
HAL_DMA_DeInit           0x800'15dd   0xb8  Code  Gb  stm32l4xx_hal_dma.o [1]
HAL_DMA_IRQHandler       0x800'17fb   0xf2  Code  Gb  stm32l4xx_hal_dma.o [1]
HAL_DMA_Init             0x800'14fd   0xe0  Code  Gb  stm32l4xx_hal_dma.o [1]
HAL_DMA_Start_IT         0x800'16b1   0x98  Code  Gb  stm32l4xx_hal_dma.o [1]
HAL_Delay                0x800'62f1   0x28  Code  Wk  stm32l4xx_hal.o [1]
HAL_FLASH_Lock           0x800'beeb    0xe  Code  Gb  stm32l4xx_hal_flash.o [1]
HAL_FLASH_Program        0x800'be19   0xb0  Code  Gb  stm32l4xx_hal_flash.o [1]
HAL_FLASH_Unlock         0x800'bec9   0x22  Code  Gb  stm32l4xx_hal_flash.o [1]
HAL_GPIO_DeInit          0x800'2eaf  0x166  Code  Gb  stm32l4xx_hal_gpio.o [1]
HAL_GPIO_Init            0x800'2ced  0x1c2  Code  Gb  stm32l4xx_hal_gpio.o [1]
HAL_GPIO_ReadPin         0x800'3015   0x16  Code  Gb  stm32l4xx_hal_gpio.o [1]
HAL_GPIO_WritePin        0x800'302b   0x18  Code  Gb  stm32l4xx_hal_gpio.o [1]
HAL_GetTick              0x800'14f1    0xc  Code  Wk  stm32l4xx_hal.o [1]
HAL_IncTick              0x800'd5e1   0x18  Code  Wk  stm32l4xx_hal.o [1]
HAL_Init                 0x800'3b1d   0x24  Code  Gb  stm32l4xx_hal.o [1]
HAL_InitTick             0x800'3a25   0x60  Code  Wk  stm32l4xx_hal.o [1]
HAL_MspInit              0x800'6669   0x38  Code  Gb  stm32l4xx_hal_msp.o [1]
HAL_NVIC_DisableIRQ      0x800'31c3    0xe  Code  Gb  stm32l4xx_hal_cortex.o [1]
HAL_NVIC_EnableIRQ       0x800'31b5    0xe  Code  Gb  stm32l4xx_hal_cortex.o [1]
HAL_NVIC_SetPriority     0x800'318b   0x2a  Code  Gb  stm32l4xx_hal_cortex.o [1]
HAL_NVIC_SetPriorityGrouping
                         0x800'317f    0xc  Code  Gb  stm32l4xx_hal_cortex.o [1]
HAL_PWREx_ControlVoltageScaling
                         0x800'3a91   0x76  Code  Gb  stm32l4xx_hal_pwr_ex.o [1]
HAL_PWREx_GetVoltageRange
                         0x800'3a85    0xc  Code  Gb  stm32l4xx_hal_pwr_ex.o [1]
HAL_RCCEx_PeriphCLKConfig
                         0x800'2805  0x34c  Code  Gb  stm32l4xx_hal_rcc_ex.o [1]
HAL_RCC_ClockConfig      0x800'2185  0x17a  Code  Gb  stm32l4xx_hal_rcc.o [1]
HAL_RCC_GetHCLKFreq      0x800'23d3    0x6  Code  Gb  stm32l4xx_hal_rcc.o [1]
HAL_RCC_GetPCLK1Freq     0x800'23d9   0x1a  Code  Gb  stm32l4xx_hal_rcc.o [1]
HAL_RCC_GetPCLK2Freq     0x800'23f3   0x1a  Code  Gb  stm32l4xx_hal_rcc.o [1]
HAL_RCC_GetResetSource   0x800'241d   0x12  Code  Gb  stm32l4xx_hal_rcc.o [1]
HAL_RCC_GetSysClockFreq
                         0x800'22ff   0xd4  Code  Gb  stm32l4xx_hal_rcc.o [1]
HAL_RCC_OscConfig        0x800'1afd  0x688  Code  Gb  stm32l4xx_hal_rcc.o [1]
HAL_RTCEx_AlarmBEventCallback
                         0x800'a3fd    0x2  Code  Wk  stm32l4xx_hal_rtc_ex.o [1]
HAL_RTCEx_EnableBypassShadow
                         0x800'c071   0x48  Code  Gb  stm32l4xx_hal_rtc_ex.o [1]
HAL_RTC_AlarmAEventCallback
                         0x800'a165    0xc  Code  Gb  user_rtc.o [1]
HAL_RTC_AlarmIRQHandler
                         0x800'6ca5   0x60  Code  Gb  stm32l4xx_hal_rtc.o [1]
HAL_RTC_DeactivateAlarm
                         0x800'6bcb   0xda  Code  Gb  stm32l4xx_hal_rtc.o [1]
HAL_RTC_GetDate          0x800'6993   0x52  Code  Gb  stm32l4xx_hal_rtc.o [1]
HAL_RTC_GetTime          0x800'6861   0x66  Code  Gb  stm32l4xx_hal_rtc.o [1]
HAL_RTC_Init             0x800'66a1   0xca  Code  Gb  stm32l4xx_hal_rtc.o [1]
HAL_RTC_MspInit          0x800'3e65   0x50  Code  Gb  rtc.o [1]
HAL_RTC_SetAlarm_IT      0x800'69e5  0x1e6  Code  Gb  stm32l4xx_hal_rtc.o [1]
HAL_RTC_SetDate          0x800'68c7   0xcc  Code  Gb  stm32l4xx_hal_rtc.o [1]
HAL_RTC_SetTime          0x800'676b   0xf6  Code  Gb  stm32l4xx_hal_rtc.o [1]
HAL_RTC_WaitForSynchro   0x800'6d05   0x2e  Code  Gb  stm32l4xx_hal_rtc.o [1]
HAL_SPI_Init             0x800'6e31   0xf8  Code  Gb  stm32l4xx_hal_spi.o [1]
HAL_SPI_MspInit          0x800'3f11   0x62  Code  Gb  spi.o [1]
HAL_SPI_Transmit         0x800'6f29  0x1fe  Code  Gb  stm32l4xx_hal_spi.o [1]
HAL_SYSTICK_Config       0x800'31d1    0xc  Code  Gb  stm32l4xx_hal_cortex.o [1]
HAL_UARTEx_ReceiveToIdle_DMA
                         0x800'1a81   0x70  Code  Gb  stm32l4xx_hal_uart_ex.o [1]
HAL_UARTEx_RxEventCallback
                         0x800'198f   0x3e  Code  Gb  user_uart.o [1]
HAL_UARTEx_WakeupCallback
                         0x800'1af1    0x2  Code  Wk  stm32l4xx_hal_uart_ex.o [1]
HAL_UART_ErrorCallback   0x800'19cd   0x3e  Code  Gb  user_uart.o [1]
HAL_UART_IRQHandler      0x800'0331  0x35c  Code  Gb  stm32l4xx_hal_uart.o [1]
HAL_UART_Init            0x800'018d   0x7a  Code  Gb  stm32l4xx_hal_uart.o [1]
HAL_UART_MspDeInit       0x800'1429   0x80  Code  Gb  usart.o [1]
HAL_UART_MspInit         0x800'1205  0x224  Code  Gb  usart.o [1]
HAL_UART_Receive_IT      0x800'02d3   0x5e  Code  Gb  stm32l4xx_hal_uart.o [1]
HAL_UART_RxCpltCallback
                         0x800'1959   0x36  Code  Gb  user_uart.o [1]
HAL_UART_Transmit        0x800'0207   0xcc  Code  Gb  stm32l4xx_hal_uart.o [1]
Handle_Data_Measure      0x800'55c1   0xd0  Code  Gb  user_app_sensor.o [1]
Handle_Data_Recv_SS_pH   0x800'57b1   0xe8  Code  Gb  user_app_sensor.o [1]
Handle_Data_Recv_Sensor
                         0x800'56a3   0x20  Code  Gb  user_app_sensor.o [1]
Handle_Data_Trans_SS_pH
                         0x800'56d7   0xd8  Code  Gb  user_app_sensor.o [1]
Handle_Data_Trans_Sensor
                         0x800'5691   0x12  Code  Gb  user_app_sensor.o [1]
Handle_Float_To_hexUint32
                         0x800'9535   0x24  Code  Gb  user_convert_variable.o [1]
Handle_State_SS_pH       0x800'58a1   0x68  Code  Gb  user_app_sensor.o [1]
Handle_State_Sensor      0x800'56c3   0x14  Code  Gb  user_app_sensor.o [1]
HardFault_Handler        0x800'd50f    0x2  Code  Gb  stm32l4xx_it.o [1]
IndexUartError          0x2000'262f    0x1  Data  Lc  user_uart.o [1]
Init_AppRs485            0x800'4813   0x16  Code  Gb  user_app_rs485.o [1]
Init_AppSensor           0x800'6157   0x3a  Code  Gb  user_app_sensor.o [1]
Init_InforSlaveModbusRTU
                         0x800'7b85   0x30  Code  Gb  user_app_modbus_rtu.o [1]
Init_ParamCalib          0x800'5d81   0x96  Code  Gb  user_app_sensor.o [1]
Init_TempAlarm           0x800'5e17   0xa4  Code  Gb  user_app_sensor.o [1]
Init_UartRs485           0x800'47d5   0x3e  Code  Gb  user_app_rs485.o [1]
Insert_String_To_String
                         0x800'9359   0x2a  Code  Gb  user_convert_variable.o [1]
Kind_Trans_Calib        0x2000'2626    0x1  Data  Gb  user_app_sensor.o [1]
LPUART1_IRQHandler       0x800'd5a9    0xa  Code  Gb  stm32l4xx_it.o [1]
Liberation_Sans15x21_Numbers
                         0x800'd0d0  0x228  Data  Lc  lcd_display.o [1]
MSIRangeTable            0x800'd6d8   0x30  Data  Gb  system_stm32l4xx.o [1]
MX_DMA_Init              0x800'3d11   0x60  Code  Gb  dma.o [1]
MX_GPIO_Init             0x800'3b41  0x1d0  Code  Gb  gpio.o [1]
MX_LPUART1_UART_Init     0x800'1155   0x38  Code  Gb  usart.o [1]
MX_RTC_Init              0x800'3d71   0xf4  Code  Gb  rtc.o [1]
MX_SPI2_Init             0x800'3ec1   0x50  Code  Gb  spi.o [1]
MX_USART1_UART_Init      0x800'118d   0x3c  Code  Gb  usart.o [1]
MX_USART3_UART_Init      0x800'11c9   0x3c  Code  Gb  usart.o [1]
Main_Task                0x800'3305   0x3c  Code  Gb  user_app_comm.o [1]
MemManage_Handler        0x800'd511    0x2  Code  Gb  stm32l4xx_it.o [1]
ModRTU_CRC               0x800'9ae9   0x3c  Code  Gb  user_modbus_rtu.o [1]
ModRTU_Master_Read_Frame
                         0x800'9b25   0x9c  Code  Gb  user_modbus_rtu.o [1]
ModRTU_Master_Write_Frame
                         0x800'9bc1   0xe8  Code  Gb  user_modbus_rtu.o [1]
ModRTU_Slave_ACK_Read_Frame
                         0x800'9ca9   0xa2  Code  Gb  user_modbus_rtu.o [1]
ModRTU_Slave_ACK_Write_Frame
                         0x800'9d4b   0xee  Code  Gb  user_modbus_rtu.o [1]
Modem_Check_AT           0x800'451d  0x1dc  Code  Gb  user_at_serial.o [1]
Modem_Check_RTU          0x800'7bb5  0x37e  Code  Gb  user_app_modbus_rtu.o [1]
NMI_Handler              0x800'd50d    0x2  Code  Gb  stm32l4xx_it.o [1]
NONE_Register_CallBack   0x800'790d    0x6  Code  Gb  user_app_modbus_rtu.o [1]
NVIC_EncodePriority      0x800'310f   0x40  Code  Lc  stm32l4xx_hal_cortex.o [1]
OldPosDMADebug          0x2000'2614    0x2  Data  Lc  user_app_comm.o [1]
Old_Value_i16           0x2000'2610    0x2  Data  Gb  button.o [1]
On_Speaker               0x800'4c33   0x24  Code  Gb  lcd_display.o [1]
OnchipFlashPageErase     0x800'9ec5   0x5a  Code  Gb  onchipflash.o [1]
OnchipFlashWriteData     0x800'9e39   0x8c  Code  Gb  onchipflash.o [1]
PendSV_Handler           0x800'd51b    0x2  Code  Gb  stm32l4xx_it.o [1]
PortConfig              0x2000'2629    0x1  Data  Gb  user_at_serial.o [1]
RC                       0x800'7855   0x22  Code  Gb  user_string.o [1]
RCCEx_PLLSAI1_Config     0x800'2b65  0x16e  Code  Lc  stm32l4xx_hal_rcc_ex.o [1]
RCC_SetFlashLatencyFromMSIRange
                         0x800'2435   0x8a  Code  Lc  stm32l4xx_hal_rcc.o [1]
RS485SS_Init_Data        0x800'3721   0x10  Code  Gb  user_connect_sensor.o [1]
RS485SS_Init_RX_Mode     0x800'3731   0x1e  Code  Gb  user_connect_sensor.o [1]
RS485SS_Rx_Callback      0x800'3751   0x34  Code  Gb  user_connect_sensor.o [1]
RS485SS_Stop_RX_Mode     0x800'374f    0x2  Code  Gb  user_connect_sensor.o [1]
RS485_Done_Calib         0x800'5b47   0x1c  Code  Gb  user_app_sensor.o [1]
RS485_Enter_Calib        0x800'5b6d   0x22  Code  Gb  user_app_sensor.o [1]
RS485_Init_RX_Mode       0x800'36b1   0x1e  Code  Gb  user_rs485.o [1]
RS485_LogData_Calib      0x800'5b8f   0x78  Code  Gb  user_app_sensor.o [1]
RS485_Rx_Callback        0x800'36d1   0x3c  Code  Gb  user_rs485.o [1]
RS485_Stop_RX_Mode       0x800'36cf    0x2  Code  Gb  user_rs485.o [1]
RTC_AlarmStructure      0x2000'2474   0x2c  Data  Lc  user_rtc.o [1]
RTC_Alarm_IRQHandler     0x800'd595    0xa  Code  Gb  stm32l4xx_it.o [1]
RTC_Bcd2ToByte           0x800'6e19   0x16  Code  Gb  stm32l4xx_hal_rtc.o [1]
RTC_ByteToBcd2           0x800'6dfd   0x1c  Code  Gb  stm32l4xx_hal_rtc.o [1]
RTC_EnterInitMode        0x800'6d33   0x4c  Code  Gb  stm32l4xx_hal_rtc.o [1]
RTC_ExitInitMode         0x800'6d7f   0x58  Code  Gb  stm32l4xx_hal_rtc.o [1]
RTC_GetCalendarValue     0x800'a337   0x90  Code  Lc  user_rtc.o [1]
RTC_IF_Convert_Tick2ms   0x800'a155   0x10  Code  Gb  user_rtc.o [1]
RTC_IF_Convert_ms2Tick   0x800'a143   0x12  Code  Gb  user_rtc.o [1]
RTC_IF_GetMinimumTimeout
                         0x800'a13f    0x4  Code  Gb  user_rtc.o [1]
RTC_IF_GetTimerContext   0x800'a103    0x8  Code  Gb  user_rtc.o [1]
RTC_IF_GetTimerElapsedTime
                         0x800'a10b   0x16  Code  Gb  user_rtc.o [1]
RTC_IF_GetTimerValue     0x800'a121   0x1e  Code  Gb  user_rtc.o [1]
RTC_IF_Init              0x800'a08d   0x30  Code  Gb  user_rtc.o [1]
RTC_IF_SetTimerContext   0x800'a0ed   0x16  Code  Gb  user_rtc.o [1]
RTC_IF_StartTimer        0x800'a0bd    0xe  Code  Gb  user_rtc.o [1]
RTC_IF_StopTimer         0x800'a0cb   0x22  Code  Gb  user_rtc.o [1]
RTC_Initalized          0x2000'262e    0x1  Data  Lc  user_rtc.o [1]
RTC_StartWakeUpAlarm     0x800'a171  0x1c6  Code  Lc  user_rtc.o [1]
ReInit_Rx_Mode_Uart_Error
                         0x800'1a0b   0x5a  Code  Gb  user_uart.o [1]
Read_Register_Rs485      0x800'5c0d   0x66  Code  Gb  user_app_sensor.o [1]
Region$$Table$$Base      0x800'd7d0          --   Gb  - Linker created -
Region$$Table$$Limit     0x800'd7f0          --   Gb  - Linker created -
Reset_Buff               0x800'4391   0x24  Code  Gb  user_util.o [1]
Rs485SSStatus_u8        0x2000'262b    0x1  Data  Gb  user_connect_sensor.o [1]
Rs485Status_u8          0x2000'262d    0x1  Data  Gb  user_rs485.o [1]
RtCountSystick_u32      0x2000'2600    0x4  Data  Gb  user_util.o [1]
RtcTimerContext         0x2000'2530   0x1c  Data  Lc  user_rtc.o [1]
SPI_EndRxTxTransaction   0x800'72f1   0x6a  Code  Lc  stm32l4xx_hal_spi.o [1]
SPI_WaitFifoStateUntilTimeout
                         0x800'71ff   0xee  Code  Lc  stm32l4xx_hal_spi.o [1]
SPI_WaitFlagStateUntilTimeout
                         0x800'7127   0xd8  Code  Lc  stm32l4xx_hal_spi.o [1]
SVC_Handler              0x800'd517    0x2  Code  Gb  stm32l4xx_it.o [1]
Save_Array               0x800'9f25   0x86  Code  Gb  onchipflash.o [1]
Save_InforSlaveModbusRTU
                         0x800'7b41   0x44  Code  Gb  user_app_modbus_rtu.o [1]
Save_ParamCalib          0x800'5cb3   0xba  Code  Gb  user_app_sensor.o [1]
Send_RS458_Master        0x800'7b09   0x38  Code  Gb  user_app_modbus_rtu.o [1]
Send_RS458_Sensor        0x800'5c73   0x40  Code  Gb  user_app_sensor.o [1]
SysApp_Init              0x800'32bd    0xc  Code  Gb  user_app_comm.o [1]
SysApp_Setting           0x800'32c9   0x3c  Code  Gb  user_app_comm.o [1]
SysTick_Config           0x800'314f   0x30  Code  Lc  stm32l4xx_hal_cortex.o [1]
SysTick_Handler          0x800'd51d   0x50  Code  Gb  stm32l4xx_it.o [1]
SystemClock_Config       0x800'2759   0x92  Code  Gb  main.o [1]
SystemCoreClock         0x2000'03f0    0x4  Data  Gb  system_stm32l4xx.o [1]
SystemInit               0x800'dbe1    0xc  Code  Gb  system_stm32l4xx.o [1]
TRACE_AllocateBufer      0x800'3949   0xa2  Code  Lc  user_adv_trace.o [1]
TRACE_IsLocked           0x800'39ff   0x10  Code  Lc  user_adv_trace.o [1]
TRACE_Lock               0x800'39eb    0xa  Code  Lc  user_adv_trace.o [1]
TRACE_Send               0x800'38c3   0x84  Code  Lc  user_adv_trace.o [1]
TRACE_UnLock             0x800'39f5    0xa  Code  Lc  user_adv_trace.o [1]
TimerExists              0x800'4269   0x1a  Code  Gb  user_timer.o [1]
TimerInsertNewHeadTimer
                         0x800'42dd   0x1c  Code  Gb  user_timer.o [1]
TimerInsertTimer         0x800'42af   0x2e  Code  Gb  user_timer.o [1]
TimerListHead           0x2000'25fc    0x4  Data  Lc  user_timer.o [1]
TimerSetTimeout          0x800'4283   0x2c  Code  Gb  user_timer.o [1]
TimerTx                 0x2000'257c   0x18  Data  Lc  user_app_comm.o [1]
TxCpltCallback          0x2000'25e4    0x4  Data  Lc  user_app_comm.o [1]
UART_AdvFeatureConfig    0x800'0989   0xda  Code  Gb  stm32l4xx_hal_uart.o [1]
UART_CheckIdleState      0x800'0a63   0xd2  Code  Gb  stm32l4xx_hal_uart.o [1]
UART_DMAAbortOnError     0x800'0f15   0x1a  Code  Lc  stm32l4xx_hal_uart.o [1]
UART_DMAError            0x800'0ec5   0x50  Code  Lc  stm32l4xx_hal_uart.o [1]
UART_DMAReceiveCplt      0x800'0df9   0xa2  Code  Lc  stm32l4xx_hal_uart.o [1]
UART_DMARxHalfCplt       0x800'0e9d   0x28  Code  Lc  stm32l4xx_hal_uart.o [1]
UART_EndRxTransfer       0x800'0d9b   0x5e  Code  Lc  stm32l4xx_hal_uart.o [1]
UART_EndTransmit_IT      0x800'0f2f   0x2a  Code  Lc  stm32l4xx_hal_uart.o [1]
UART_EndTxTransfer       0x800'0d7f   0x1c  Code  Lc  stm32l4xx_hal_uart.o [1]
UART_RxISR_16BIT         0x800'104d   0xee  Code  Lc  stm32l4xx_hal_uart.o [1]
UART_RxISR_8BIT          0x800'0f59   0xec  Code  Lc  stm32l4xx_hal_uart.o [1]
UART_SetConfig           0x800'0691  0x2ec  Code  Gb  stm32l4xx_hal_uart.o [1]
UART_Start_Receive_DMA   0x800'0cc3   0xbc  Code  Gb  stm32l4xx_hal_uart.o [1]
UART_Start_Receive_IT    0x800'0bd3   0xf0  Code  Gb  stm32l4xx_hal_uart.o [1]
UART_WaitOnFlagUntilTimeout
                         0x800'0b35   0x9e  Code  Gb  stm32l4xx_hal_uart.o [1]
USART1_IRQHandler        0x800'd581    0xa  Code  Gb  stm32l4xx_it.o [1]
USART3_IRQHandler        0x800'd58b    0xa  Code  Gb  stm32l4xx_it.o [1]
UTIL_ADV_TRACE_COND_FSend
                         0x800'37e9   0xda  Code  Gb  user_adv_trace.o [1]
UTIL_Log_Str             0x800'4415   0x36  Code  Gb  user_util.o [1]
UTIL_MEM_cpy             0x800'4451   0x1e  Code  Gb  user_util.o [1]
UTIL_MEM_set             0x800'43b5   0x18  Code  Gb  user_util.o [1]
UTIL_Printf              0x800'43cd   0x2c  Code  Gb  user_util.o [1]
UTIL_Printf_Str          0x800'43f9   0x1c  Code  Gb  user_util.o [1]
UTIL_TIMER_Create        0x800'4005   0x4c  Code  Gb  user_timer.o [1]
UTIL_TIMER_IRQ_Handler   0x800'41b7   0xb2  Code  Gb  user_timer.o [1]
UTIL_TIMER_Init          0x800'3ff1   0x14  Code  Gb  user_timer.o [1]
UTIL_TIMER_SetPeriod     0x800'417d   0x3a  Code  Gb  user_timer.o [1]
UTIL_TIMER_Start         0x800'4051   0x92  Code  Gb  user_timer.o [1]
UTIL_TIMER_Stop          0x800'40e3   0x9a  Code  Gb  user_timer.o [1]
UTIL_TimerDriver         0x800'd708   0x2c  Data  Gb  user_rtc.o [1]
UTIL_TraceDriver         0x800'dc38    0xc  Data  Gb  user_app_comm.o [1]
Uart485RxByte           0x2000'262c    0x1  Data  Lc  user_rs485.o [1]
Uart485SSRxByte         0x2000'262a    0x1  Data  Lc  user_connect_sensor.o [1]
UartDebugBuff           0x2000'0a48  0x4b0  Data  Gb  user_app_comm.o [1]
UartDebugCountFail      0x2000'261c    0x2  Data  Lc  user_uart.o [1]
UartDebugRxByte         0x2000'2623    0x1  Data  Gb  user_app_comm.o [1]
Update_ParaDisplay       0x800'4c57   0xd4  Code  Gb  lcd_display.o [1]
UsageFault_Handler       0x800'd515    0x2  Code  Gb  stm32l4xx_it.o [1]
User_RTC_Init            0x800'a055   0x38  Code  Lc  user_rtc.o [1]
UtilFloatToString        0x800'44cd   0x2e  Code  Gb  user_util.o [1]
UtilIntToStringWithScale
                         0x800'4331   0x60  Code  Gb  user_util.o [1]
VLevelDebug             0x2000'0a44    0x1  Data  Gb  user_util.o [1]
_Cb_Display_Auto_SW      0x800'4b53   0x7e  Code  Lc  lcd_display.o [1]
_Cb_Display_Auto_SW::MarkButtPressed
                        0x2000'2621    0x1  Data  Lc  lcd_display.o [1]
_Cb_Display_Auto_SW::cNext
                        0x2000'2612    0x2  Data  Lc  lcd_display.o [1]
_Cb_Display_Init         0x800'49dd   0x52  Code  Lc  lcd_display.o [1]
_Cb_Display_Logo         0x800'4a2f   0xa8  Code  Lc  lcd_display.o [1]
_Cb_Display_Logo::step_u8
                        0x2000'261f    0x1  Data  Lc  lcd_display.o [1]
_Cb_Display_Show         0x800'4ad7   0x7c  Code  Lc  lcd_display.o [1]
_Cb_Display_Show::LandMarkChange_u32
                        0x2000'25d8    0x4  Data  Lc  lcd_display.o [1]
_Cb_Display_Show::ScreenLast
                        0x2000'2620    0x1  Data  Lc  lcd_display.o [1]
_Cb_HandLer_IDLE         0x800'32ab    0x6  Code  Lc  user_app_comm.o [1]
_Cb_Off_Speaker          0x800'4c1d   0x16  Code  Lc  lcd_display.o [1]
_Cb_R_ModbusRTU_REG_Baudrate
                         0x800'79b9   0x2e  Code  Gb  user_app_modbus_rtu.o [1]
_Cb_R_ModbusRTU_REG_ID   0x800'7913   0x2e  Code  Gb  user_app_modbus_rtu.o [1]
_Cb_R_ModbusRTU_REG_Temp_Measure
                         0x800'7aaf   0x5a  Code  Gb  user_app_modbus_rtu.o [1]
_Cb_R_ModbusRTU_REG_pH_Measure
                         0x800'7a55   0x5a  Code  Gb  user_app_modbus_rtu.o [1]
_Cb_Save_Box             0x800'32b7    0x6  Code  Lc  user_app_comm.o [1]
_Cb_Set_RTC              0x800'328f   0x1c  Code  Lc  user_app_comm.o [1]
_Cb_TX_Timer_Event       0x800'340d   0x1a  Code  Lc  user_app_comm.o [1]
_Cb_Timer_IRQ            0x800'3201    0xc  Code  Lc  user_app_comm.o [1]
_Cb_Tx_Timer             0x800'32b1    0x6  Code  Lc  user_app_comm.o [1]
_Cb_Uart_Error           0x800'3283    0xc  Code  Lc  user_app_comm.o [1]
_Cb_Uart_Rx_Debug        0x800'320d   0x76  Code  Lc  user_app_comm.o [1]
_Cb_Uart_Rx_Debug::LastLengthRecv
                        0x2000'2616    0x2  Data  Lc  user_app_comm.o [1]
_Cb_Uart_Rx_Debug::MarkFirstRecvUart
                        0x2000'2624    0x1  Data  Lc  user_app_comm.o [1]
_Cb_W_ModbusRTU_REG_Baudrate
                         0x800'79e7   0x6e  Code  Gb  user_app_modbus_rtu.o [1]
_Cb_W_ModbusRTU_REG_ID   0x800'7941   0x78  Code  Gb  user_app_modbus_rtu.o [1]
_Cb_button_detect        0x800'4c05   0x18  Code  Lc  lcd_display.o [1]
_Cb_button_scan          0x800'4bd1   0x34  Code  Lc  lcd_display.o [1]
_LitobFullNoMb           0x800'b8ad  0x10a  Code  Lc  xprintffull_nomb.o [2]
_Locale_lconv           0x2000'0a08   0x38  Data  Lc  xlocale_c.o [2]
_PrintfFullNoMb          0x800'aaed  0xd9c  Code  Gb  xprintffull_nomb.o [2]
_PutcharFullNoMb         0x800'ba1d   0x20  Code  Lc  xprintffull_nomb.o [2]
_PutcharsFullNoMb        0x800'ba3d   0x2e  Code  Lc  xprintffull_nomb.o [2]
_SProut                  0x800'1af3    0xa  Code  Gb  xsprout.o [2]
__NVIC_DisableIRQ        0x800'30bd   0x26  Code  Lc  stm32l4xx_hal_cortex.o [1]
__NVIC_EnableIRQ         0x800'309d   0x20  Code  Lc  stm32l4xx_hal_cortex.o [1]
__NVIC_GetPriorityGrouping
                         0x800'308f    0xc  Code  Lc  stm32l4xx_hal_cortex.o [1]
__NVIC_SetPriority       0x800'30e3   0x2c  Code  Lc  stm32l4xx_hal_cortex.o [1]
__NVIC_SetPriorityGrouping
                         0x800'306d   0x22  Code  Lc  stm32l4xx_hal_cortex.o [1]
__aeabi_cdcmpeq          0x800'c0b9         Code  Gb  DblCmpEq.o [3]
__aeabi_cdcmple          0x800'c149         Code  Gb  DblCmpLe.o [3]
__aeabi_cdrcmple         0x800'c25d         Code  Gb  DblCmpGe.o [3]
__aeabi_d2f              0x800'7619         Code  Gb  DblToFlt.o [3]
__aeabi_d2iz             0x800'bdd5         Code  Gb  DblToS32.o [3]
__aeabi_d2uiz            0x800'c861         Code  Gb  DblToU32.o [3]
__aeabi_dadd             0x800'bc59         Code  Gb  DblAdd.o [3]
__aeabi_ddiv             0x800'73d1         Code  Gb  DblDiv.o [3]
__aeabi_dmul             0x800'bab5         Code  Gb  DblMul.o [3]
__aeabi_dsub             0x800'c179         Code  Gb  DblSub.o [3]
__aeabi_f2d              0x800'769d         Code  Gb  FltToDbl.o [3]
__aeabi_i2d              0x800'7395         Code  Gb  S32ToDbl.o [3]
__aeabi_ldiv0            0x800'3b19         Code  Gb  I64DivZer.o [4]
__aeabi_memcpy           0x800'9fad         Code  Gb  ABImemcpy.o [4]
__aeabi_memcpy4          0x800'9fcd         Code  Gb  ABImemcpy.o [4]
__aeabi_memcpy8          0x800'9fcd         Code  Gb  ABImemcpy.o [4]
__aeabi_memset           0x800'3f89         Code  Gb  ABImemset.o [4]
__aeabi_ui2d             0x800'7681         Code  Gb  U32ToDbl.o [3]
__aeabi_uldivmod         0x800'24f9         Code  Gb  I64DivMod.o [4]
__cmain                  0x800'd811         Code  Gb  cmain.o [4]
__exit                   0x800'c899   0x14  Code  Gb  exit.o [5]
__iar_Exp64              0x800'c28d  0x388  Code  Gb  iar_Exp64.o [3]
__iar_Fail_s             0x800'c68d   0x1c  Code  Gb  xfail_s.o [2]
__iar_Memchr             0x800'c6cd         Code  Gb  memchr.o [4]
__iar_Memset             0x800'3f89         Code  Gb  ABImemset.o [4]
__iar_Memset_word        0x800'3f91         Code  Gb  ABImemset.o [4]
__iar_Strchr             0x800'c675         Code  Gb  strchr.o [4]
__iar_dadd               0x800'c189         Code  Gb  DblSub.o [3]
__iar_data_init3         0x800'd785   0x28  Code  Gb  data_init.o [4]
__iar_dsub               0x800'bc69         Code  Gb  DblAdd.o [3]
__iar_dsubStart          0x800'bc7b         Code  Gb  DblAdd.o [3]
__iar_frexp              0x800'c0e5         Code  Gb  frexp.o [3]
__iar_frexpl             0x800'c0e5         Code  Gb  frexp.o [3]
__iar_init_vfp           0x800'd7ad         Code  Gb  fpinit_M.o [3]
__iar_ldexp64            0x800'c725         Code  Gb  ldexp.o [3]
__iar_lz77_init_single3
                         0x800'd5f9   0x78  Code  Gb  lz77_init_single.o [4]
__iar_pow64              0x800'a401  0x6ec  Code  Gb  pow64.o [3]
__iar_pow_medium         0x800'a401  0x6ec  Code  Gb  pow64.o [3]
__iar_pow_medium64       0x800'a401  0x6ec  Code  Gb  pow64.o [3]
__iar_pow_mediuml        0x800'a401  0x6ec  Code  Gb  pow64.o [3]
__iar_program_start      0x800'ddb9         Code  Gb  cstartup_M.o [4]
__iar_scalbln64          0x800'c725         Code  Gb  ldexp.o [3]
__iar_scalbn64           0x800'c725         Code  Gb  ldexp.o [3]
__iar_softfp___iar_frexp64
                         0x800'c0d9         Code  Gb  frexp.o [3]
__iar_softfp_frexp       0x800'c0d9         Code  Gb  frexp.o [3]
__iar_softfp_frexpl      0x800'c0d9         Code  Gb  frexp.o [3]
__iar_vfp_pow            0x800'73bf   0x10  Code  Gb  math_wrappers64.o [3]
__iar_zero_init3         0x800'191f   0x3a  Code  Gb  zero_init3.o [4]
__low_level_init         0x800'd82f    0x4  Code  Gb  low_level_init.o [2]
__vector_table           0x800'0000         Data  Gb  startup_stm32l433xx.o [1]
_call_main               0x800'd81d         Code  Gb  cmain.o [4]
_exit                    0x800'd839         Code  Gb  cexit.o [4]
_main                    0x800'd82b         Code  Gb  cmain.o [4]
aAT_CMD                 0x2000'21f8   0x80  Data  Lc  user_at_serial.o [1]
aBaudrate_value         0x2000'04d8   0x2c  Data  Gb  user_app_modbus_rtu.o [1]
aDATA_CALIB             0x2000'25e8    0x4  Data  Gb  user_app_sensor.o [1]
aDATA_CONFIG            0x2000'1ff8   0x80  Data  Lc  user_app_modbus_rtu.o [1]
aDATA_CONFIG            0x2000'2178   0x80  Data  Lc  user_at_serial.o [1]
aDATA_LOG_REGISTER      0x2000'2078   0x80  Data  Lc  user_app_modbus_rtu.o [1]
aPASSWORD               0x2000'00a8    0x4  Data  Gb  lcd_display.o [1]
aSTT_SETTING_DONE       0x2000'00dc   0x10  Data  Gb  lcd_display.o [1]
aSTT_SETTING_ENTER      0x2000'00bc   0x10  Data  Gb  lcd_display.o [1]
aSTT_SETTING_ERROR      0x2000'00ec   0x10  Data  Gb  lcd_display.o [1]
aSTT_SETTING_FREE       0x2000'00ac   0x10  Data  Gb  lcd_display.o [1]
aSTT_SETTING_WAIT       0x2000'00cc   0x10  Data  Gb  lcd_display.o [1]
aSampling_STT           0x2000'24a0   0x28  Data  Gb  user_app_sensor.o [1]
aSampling_VALUE         0x2000'24c8   0x28  Data  Gb  user_app_sensor.o [1]
aTEST                   0x2000'0000    0xc  Data  Lc  button.o [1]
aUART_485SS_DATA        0x2000'18f8  0x200  Data  Lc  user_connect_sensor.o [1]
aUART_485_DATA          0x2000'1af8  0x200  Data  Lc  user_rs485.o [1]
aUART_DBG_DMA_RX        0x2000'22dc   0x64  Data  Lc  user_app_comm.o [1]
abort                    0x800'c891    0x6  Code  Gb  abort.o [2]
abs                      0x800'be0f    0x8  Code  Gb  abs.o [2]
aframe                  0x2000'20f8   0x80  Data  Gb  user_app_modbus_rtu.o [1]
bmp_SV_logo_12864        0x800'ccd0  0x400  Data  Gb  unit_tests.o [1]
charNotDetectPress      0x2000'0a42    0x1  Data  Lc  lcd_display.o [1]
count_gettick           0x2000'25e0    0x4  Data  Gb  stm32l4xx_it.o [1]
delay_ms                 0x800'7ff5    0xc  Code  Gb  STM32L4.o [1]
ee_number                0x800'6341  0x146  Code  Lc  user_tiny_vsnprintf.o [1]
ee_skip_atoi             0x800'6319   0x28  Code  Lc  user_tiny_vsnprintf.o [1]
exit                     0x800'd833    0x4  Code  Gb  exit.o [2]
fevent_active            0x800'3795   0x1e  Code  Gb  event_driven.o [1]
fevent_detect_salt_recv
                         0x800'5521    0x6  Code  Lc  user_app_sensor.o [1]
fevent_disable           0x800'37d7   0x12  Code  Gb  event_driven.o [1]
fevent_enable            0x800'37b3   0x24  Code  Gb  event_driven.o [1]
fevent_rs485_entry       0x800'4751   0x12  Code  Lc  user_app_rs485.o [1]
fevent_rs485_init_uart   0x800'4763   0x2e  Code  Lc  user_app_rs485.o [1]
fevent_rs485_init_uart::stamp
                        0x2000'2625    0x1  Data  Lc  user_app_rs485.o [1]
fevent_rs485_receive_complete
                         0x800'4791   0x24  Code  Lc  user_app_rs485.o [1]
fevent_rs485_refresh     0x800'47b5   0x20  Code  Lc  user_app_rs485.o [1]
fevent_sensor_entry      0x800'53a1   0x12  Code  Lc  user_app_sensor.o [1]
fevent_sensor_receive_complete
                         0x800'5457   0xb6  Code  Lc  user_app_sensor.o [1]
fevent_sensor_receive_handle
                         0x800'5417   0x40  Code  Lc  user_app_sensor.o [1]
fevent_sensor_reset      0x800'553b   0x84  Code  Lc  user_app_sensor.o [1]
fevent_sensor_reset::state
                        0x2000'2627    0x1  Data  Lc  user_app_sensor.o [1]
fevent_sensor_transmit   0x800'53b3   0x64  Code  Lc  user_app_sensor.o [1]
fevent_sensor_wait_calib
                         0x800'550d   0x14  Code  Lc  user_app_sensor.o [1]
fevent_temp_alarm        0x800'5527   0x14  Code  Lc  user_app_sensor.o [1]
font_current            0x2000'25a4    0xc  Data  Gb  text.o [1]
glcd_ST7565R_init        0x800'84b1   0x34  Code  Gb  ST7565R.o [1]
glcd_bbox               0x2000'25cc    0x4  Data  Gb  glcd.o [1]
glcd_bbox_refresh        0x800'8339   0x1c  Code  Gb  glcd.o [1]
glcd_bbox_selected      0x2000'25d4    0x4  Data  Gb  glcd.o [1]
glcd_buffer             0x2000'0ef8  0x400  Data  Gb  glcd.o [1]
glcd_buffer_selected    0x2000'25d0    0x4  Data  Gb  glcd.o [1]
glcd_clear_buffer        0x800'8355   0x24  Code  Gb  glcd.o [1]
glcd_command             0x800'838d   0x1a  Code  Gb  ST7565R.o [1]
glcd_data                0x800'83a7   0x1a  Code  Gb  ST7565R.o [1]
glcd_draw_bitmap         0x800'9ac1   0x1e  Code  Gb  graphics.o [1]
glcd_draw_char_xy        0x800'9573  0x33a  Code  Gb  text.o [1]
glcd_draw_line           0x800'99b5  0x10c  Code  Gb  graphics.o [1]
glcd_draw_string_xy      0x800'98ad   0x38  Code  Gb  text.o [1]
glcd_enable_backlight    0x800'7f85    0x2  Code  Gb  STM32L4.o [1]
glcd_init                0x800'7f61   0x24  Code  Gb  STM32L4.o [1]
glcd_reset               0x800'7fb1   0x34  Code  Gb  STM32L4.o [1]
glcd_reset_bbox          0x800'831d   0x1c  Code  Gb  glcd.o [1]
glcd_select_screen       0x800'8379    0xa  Code  Gb  glcd.o [1]
glcd_set_column_lower    0x800'8425    0xe  Code  Gb  ST7565R.o [1]
glcd_set_column_upper    0x800'840f   0x16  Code  Gb  ST7565R.o [1]
glcd_set_contrast        0x800'83c1   0x24  Code  Gb  ST7565R.o [1]
glcd_set_font            0x800'9559   0x1a  Code  Gb  text.o [1]
glcd_set_pixel           0x800'98e9   0xcc  Code  Gb  graphics.o [1]
glcd_set_x_address       0x800'83f9   0x16  Code  Gb  ST7565R.o [1]
glcd_set_y_address       0x800'83e5   0x14  Code  Gb  ST7565R.o [1]
glcd_spi_write           0x800'7f87   0x2a  Code  Gb  STM32L4.o [1]
glcd_test_bitmap_128x64
                         0x800'8291    0xe  Code  Gb  unit_tests.o [1]
glcd_tiny_draw_char      0x800'801b  0x21a  Code  Gb  text_tiny.o [1]
glcd_tiny_draw_string    0x800'8235   0x54  Code  Gb  text_tiny.o [1]
glcd_tiny_set_font       0x800'8001   0x1a  Code  Gb  text_tiny.o [1]
glcd_update_bbox         0x800'82a5   0x78  Code  Gb  glcd.o [1]
glcd_write               0x800'8433   0x70  Code  Gb  ST7565R.o [1]
hdma_lpuart_rx          0x2000'239c   0x48  Data  Gb  usart.o [1]
hdma_usart1_rx          0x2000'23e4   0x48  Data  Gb  usart.o [1]
hdma_usart3_rx          0x2000'242c   0x48  Data  Gb  usart.o [1]
hlpuart1                0x2000'1e60   0x88  Data  Gb  usart.o [1]
hrtc                    0x2000'24f0   0x24  Data  Gb  rtc.o [1]
hspi2                   0x2000'2278   0x64  Data  Gb  spi.o [1]
huart1                  0x2000'1ee8   0x88  Data  Gb  usart.o [1]
huart3                  0x2000'1f70   0x88  Data  Gb  usart.o [1]
ldexp                    0x800'c725         Code  Gb  ldexp.o [3]
ldexpl                   0x800'c725         Code  Gb  ldexp.o [3]
lnbias                   0x800'c8b0  0x420  Data  Lc  pow64.o [3]
localeconv               0x800'c889    0x4  Code  Gb  xlocale_c.o [2]
lower_digits            0x2000'0a00    0x4  Data  Lc  user_tiny_vsnprintf.o [1]
main                     0x800'272d   0x2c  Code  Gb  main.o [1]
memchr                   0x800'c6cd         Code  Gb  memchr.o [4]
memset                   0x800'27ef   0x14  Code  Gb  memset.o [4]
pFlash                  0x2000'03d0   0x20  Data  Gb  stm32l4xx_hal_flash.o [1]
pFunc_UTIL_Debug_Send   0x2000'2608    0x4  Data  Gb  user_util.o [1]
pFunc_UTIL_Log_To_Mem   0x2000'2604    0x4  Data  Gb  user_util.o [1]
pModemProcessIRQTimer   0x2000'25f8    0x4  Data  Gb  user_rtc.o [1]
pow                      0x800'a401  0x6ec  Code  Gb  pow64.o [3]
powl                     0x800'a401  0x6ec  Code  Gb  pow64.o [3]
quickSort_Sampling       0x800'590d   0x9a  Code  Gb  user_app_sensor.o [1]
quickSort_Sampling_Value
                         0x800'59a9   0xdc  Code  Gb  user_app_sensor.o [1]
quickSort_Sampling_Value::Handle_Once
                        0x2000'2628    0x1  Data  Lc  user_app_sensor.o [1]
sButton                 0x2000'254c   0x18  Data  Gb  button.o [1]
sCheckList_Reg_Modbus_RTU
                        0x2000'0474   0x64  Data  Gb  user_app_modbus_rtu.o [1]
sData_Calib             0x2000'05cc    0x8  Data  Gb  user_app_sensor.o [1]
sEventAppComm           0x2000'03f4   0x70  Data  Gb  user_app_comm.o [1]
sEventAppRs485          0x2000'050c   0x40  Data  Gb  user_app_rs485.o [1]
sEventAppSensor         0x2000'054c   0x80  Data  Gb  user_app_sensor.o [1]
sEventDisplay           0x2000'000c   0x70  Data  Gb  lcd_display.o [1]
sFirmVersion            0x2000'0464    0x8  Data  Gb  user_app_comm.o [1]
sHandleRs485            0x2000'25ec    0x4  Data  Gb  user_app_sensor.o [1]
sKindMode485            0x2000'261a    0x2  Data  Gb  user_app_sensor.o [1]
sLCD                    0x2000'2594   0x10  Data  Gb  lcd_display.o [1]
sLCDObject              0x2000'00fc  0x2d0  Data  Gb  lcd_display.o [1]
sLogData_ModbusRTU      0x2000'0504    0x8  Data  Gb  user_app_modbus_rtu.o [1]
sModelVersion           0x2000'00a0    0x8  Data  Gb  lcd_display.o [1]
sParaDisplay            0x2000'007c   0x24  Data  Gb  lcd_display.o [1]
sRTC                    0x2000'25bc    0xc  Data  Gb  user_util.o [1]
sSensor_pH              0x2000'2514   0x1c  Data  Gb  user_app_sensor.o [1]
sSlave_ModbusRTU        0x2000'0a40    0x2  Data  Gb  user_app_modbus_rtu.o [1]
sTempAlarm              0x2000'25b0    0xc  Data  Gb  user_app_sensor.o [1]
sUart485                0x2000'09f8    0x8  Data  Gb  user_rs485.o [1]
sUart485SS              0x2000'09f0    0x8  Data  Gb  user_connect_sensor.o [1]
sUartDebug              0x2000'046c    0x8  Data  Gb  user_app_comm.o [1]
scalbln                  0x800'c725         Code  Gb  ldexp.o [3]
scalblnl                 0x800'c725         Code  Gb  ldexp.o [3]
scalbn                   0x800'c725         Code  Gb  ldexp.o [3]
scalbnl                  0x800'c725         Code  Gb  ldexp.o [3]
scale                    0x800'b9b7   0x46  Code  Lc  xprintffull_nomb.o [2]
sec_hand                0x2000'260c    0x4  Data  Lc  xfail_s.o [2]
sprintf                  0x800'76e5   0x40  Code  Gb  sprintf.o [2]
strATcmd                0x2000'05d8    0x8  Data  Gb  user_at_serial.o [1]
strchr                   0x800'c675         Code  Gb  strchr.o [4]
strlen                   0x800'735d         Code  Gb  strlen.o [4]
sztmp                   0x2000'16f8  0x200  Data  Lc  user_adv_trace.o [1]
tiny_vsnprintf_like      0x800'6487  0x1d6  Code  Gb  user_tiny_vsnprintf.o [1]
upper_digits            0x2000'0a04    0x4  Data  Lc  user_tiny_vsnprintf.o [1]
uwTick                  0x2000'25dc    0x4  Data  Gb  stm32l4xx_hal.o [1]
uwTickFreq              0x2000'0a43    0x1  Data  Gb  stm32l4xx_hal.o [1]
uwTickPrio              0x2000'03cc    0x4  Data  Gb  stm32l4xx_hal.o [1]
vcom_DeInit              0x800'3627   0x1e  Code  Gb  user_app_comm.o [1]
vcom_Init                0x800'361d    0xa  Code  Gb  user_app_comm.o [1]
vcom_Trace_DMA           0x800'3645   0x24  Code  Gb  user_app_comm.o [1]


[1] = D:\Saoviet_Git\Saoviet_EnviroTrack_M_And_S_RawWater\Project_Slave_Chemins_pH\Project_Slave_Sensor_EnviroTrack\EWARM\Project_Slave_Sensor_EnviroTrack\Obj
[2] = dl7M_tlf.a
[3] = m7M_tls.a
[4] = rt7M_tl.a
[5] = shb_l.a

  52'129 bytes of readonly  code memory
   6'229 bytes of readonly  data memory
  10'797 bytes of readwrite data memory

Errors: none
Warnings: none
