###############################################################################
#
# IAR ELF Linker V8.40.2.214/W32 for ARM                  05/Dec/2025  16:18:34
# Copyright 2007-2019 IAR Systems AB.
#
#    Output file  =
#        D:\Saoviet_Git\Saoviet_EnviroTrack_M_And_S_RawWater\Project_Slave_Chemins_pH\Project_Slave_Sensor_EnviroTrack\EWARM\Project_Slave_Sensor_EnviroTrack\Exe\Project_Slave_Sensor_EnviroTrack.out
#    Map file     =
#        D:\Saoviet_Git\Saoviet_EnviroTrack_M_And_S_RawWater\Project_Slave_Chemins_pH\Project_Slave_Sensor_EnviroTrack\EWARM\Project_Slave_Sensor_EnviroTrack\List\Project_Slave_Sensor_EnviroTrack.map
#    Command line =
#        -f C:\Users\PC\AppData\Local\Temp\EW2DC1.tmp
#        (D:\Saoviet_Git\Saoviet_EnviroTrack_M_And_S_RawWater\Project_Slave_Chemins_pH\Project_Slave_Sensor_EnviroTrack\EWARM\Project_Slave_Sensor_EnviroTrack\Obj\button.o
#        D:\Saoviet_Git\Saoviet_EnviroTrack_M_And_S_RawWater\Project_Slave_Chemins_pH\Project_Slave_Sensor_EnviroTrack\EWARM\Project_Slave_Sensor_EnviroTrack\Obj\dma.o
#        D:\Saoviet_Git\Saoviet_EnviroTrack_M_And_S_RawWater\Project_Slave_Chemins_pH\Project_Slave_Sensor_EnviroTrack\EWARM\Project_Slave_Sensor_EnviroTrack\Obj\event_driven.o
#        D:\Saoviet_Git\Saoviet_EnviroTrack_M_And_S_RawWater\Project_Slave_Chemins_pH\Project_Slave_Sensor_EnviroTrack\EWARM\Project_Slave_Sensor_EnviroTrack\Obj\glcd.o
#        D:\Saoviet_Git\Saoviet_EnviroTrack_M_And_S_RawWater\Project_Slave_Chemins_pH\Project_Slave_Sensor_EnviroTrack\EWARM\Project_Slave_Sensor_EnviroTrack\Obj\gpio.o
#        D:\Saoviet_Git\Saoviet_EnviroTrack_M_And_S_RawWater\Project_Slave_Chemins_pH\Project_Slave_Sensor_EnviroTrack\EWARM\Project_Slave_Sensor_EnviroTrack\Obj\graphics.o
#        D:\Saoviet_Git\Saoviet_EnviroTrack_M_And_S_RawWater\Project_Slave_Chemins_pH\Project_Slave_Sensor_EnviroTrack\EWARM\Project_Slave_Sensor_EnviroTrack\Obj\graphs.o
#        D:\Saoviet_Git\Saoviet_EnviroTrack_M_And_S_RawWater\Project_Slave_Chemins_pH\Project_Slave_Sensor_EnviroTrack\EWARM\Project_Slave_Sensor_EnviroTrack\Obj\lcd_display.o
#        D:\Saoviet_Git\Saoviet_EnviroTrack_M_And_S_RawWater\Project_Slave_Chemins_pH\Project_Slave_Sensor_EnviroTrack\EWARM\Project_Slave_Sensor_EnviroTrack\Obj\main.o
#        D:\Saoviet_Git\Saoviet_EnviroTrack_M_And_S_RawWater\Project_Slave_Chemins_pH\Project_Slave_Sensor_EnviroTrack\EWARM\Project_Slave_Sensor_EnviroTrack\Obj\NT75451.o
#        D:\Saoviet_Git\Saoviet_EnviroTrack_M_And_S_RawWater\Project_Slave_Chemins_pH\Project_Slave_Sensor_EnviroTrack\EWARM\Project_Slave_Sensor_EnviroTrack\Obj\onchipflash.o
#        D:\Saoviet_Git\Saoviet_EnviroTrack_M_And_S_RawWater\Project_Slave_Chemins_pH\Project_Slave_Sensor_EnviroTrack\EWARM\Project_Slave_Sensor_EnviroTrack\Obj\PCD8544.o
#        D:\Saoviet_Git\Saoviet_EnviroTrack_M_And_S_RawWater\Project_Slave_Chemins_pH\Project_Slave_Sensor_EnviroTrack\EWARM\Project_Slave_Sensor_EnviroTrack\Obj\queue_p.o
#        D:\Saoviet_Git\Saoviet_EnviroTrack_M_And_S_RawWater\Project_Slave_Chemins_pH\Project_Slave_Sensor_EnviroTrack\EWARM\Project_Slave_Sensor_EnviroTrack\Obj\rtc.o
#        D:\Saoviet_Git\Saoviet_EnviroTrack_M_And_S_RawWater\Project_Slave_Chemins_pH\Project_Slave_Sensor_EnviroTrack\EWARM\Project_Slave_Sensor_EnviroTrack\Obj\spi.o
#        D:\Saoviet_Git\Saoviet_EnviroTrack_M_And_S_RawWater\Project_Slave_Chemins_pH\Project_Slave_Sensor_EnviroTrack\EWARM\Project_Slave_Sensor_EnviroTrack\Obj\ST7565R.o
#        D:\Saoviet_Git\Saoviet_EnviroTrack_M_And_S_RawWater\Project_Slave_Chemins_pH\Project_Slave_Sensor_EnviroTrack\EWARM\Project_Slave_Sensor_EnviroTrack\Obj\startup_stm32l433xx.o
#        D:\Saoviet_Git\Saoviet_EnviroTrack_M_And_S_RawWater\Project_Slave_Chemins_pH\Project_Slave_Sensor_EnviroTrack\EWARM\Project_Slave_Sensor_EnviroTrack\Obj\STM32F0xx.o
#        D:\Saoviet_Git\Saoviet_EnviroTrack_M_And_S_RawWater\Project_Slave_Chemins_pH\Project_Slave_Sensor_EnviroTrack\EWARM\Project_Slave_Sensor_EnviroTrack\Obj\STM32F10x.o
#        D:\Saoviet_Git\Saoviet_EnviroTrack_M_And_S_RawWater\Project_Slave_Chemins_pH\Project_Slave_Sensor_EnviroTrack\EWARM\Project_Slave_Sensor_EnviroTrack\Obj\STM32F4.o
#        D:\Saoviet_Git\Saoviet_EnviroTrack_M_And_S_RawWater\Project_Slave_Chemins_pH\Project_Slave_Sensor_EnviroTrack\EWARM\Project_Slave_Sensor_EnviroTrack\Obj\STM32L4.o
#        D:\Saoviet_Git\Saoviet_EnviroTrack_M_And_S_RawWater\Project_Slave_Chemins_pH\Project_Slave_Sensor_EnviroTrack\EWARM\Project_Slave_Sensor_EnviroTrack\Obj\stm32l4xx_hal.o
#        D:\Saoviet_Git\Saoviet_EnviroTrack_M_And_S_RawWater\Project_Slave_Chemins_pH\Project_Slave_Sensor_EnviroTrack\EWARM\Project_Slave_Sensor_EnviroTrack\Obj\stm32l4xx_hal_cortex.o
#        D:\Saoviet_Git\Saoviet_EnviroTrack_M_And_S_RawWater\Project_Slave_Chemins_pH\Project_Slave_Sensor_EnviroTrack\EWARM\Project_Slave_Sensor_EnviroTrack\Obj\stm32l4xx_hal_dma.o
#        D:\Saoviet_Git\Saoviet_EnviroTrack_M_And_S_RawWater\Project_Slave_Chemins_pH\Project_Slave_Sensor_EnviroTrack\EWARM\Project_Slave_Sensor_EnviroTrack\Obj\stm32l4xx_hal_dma_ex.o
#        D:\Saoviet_Git\Saoviet_EnviroTrack_M_And_S_RawWater\Project_Slave_Chemins_pH\Project_Slave_Sensor_EnviroTrack\EWARM\Project_Slave_Sensor_EnviroTrack\Obj\stm32l4xx_hal_exti.o
#        D:\Saoviet_Git\Saoviet_EnviroTrack_M_And_S_RawWater\Project_Slave_Chemins_pH\Project_Slave_Sensor_EnviroTrack\EWARM\Project_Slave_Sensor_EnviroTrack\Obj\stm32l4xx_hal_flash.o
#        D:\Saoviet_Git\Saoviet_EnviroTrack_M_And_S_RawWater\Project_Slave_Chemins_pH\Project_Slave_Sensor_EnviroTrack\EWARM\Project_Slave_Sensor_EnviroTrack\Obj\stm32l4xx_hal_flash_ex.o
#        D:\Saoviet_Git\Saoviet_EnviroTrack_M_And_S_RawWater\Project_Slave_Chemins_pH\Project_Slave_Sensor_EnviroTrack\EWARM\Project_Slave_Sensor_EnviroTrack\Obj\stm32l4xx_hal_flash_ramfunc.o
#        D:\Saoviet_Git\Saoviet_EnviroTrack_M_And_S_RawWater\Project_Slave_Chemins_pH\Project_Slave_Sensor_EnviroTrack\EWARM\Project_Slave_Sensor_EnviroTrack\Obj\stm32l4xx_hal_gpio.o
#        D:\Saoviet_Git\Saoviet_EnviroTrack_M_And_S_RawWater\Project_Slave_Chemins_pH\Project_Slave_Sensor_EnviroTrack\EWARM\Project_Slave_Sensor_EnviroTrack\Obj\stm32l4xx_hal_i2c.o
#        D:\Saoviet_Git\Saoviet_EnviroTrack_M_And_S_RawWater\Project_Slave_Chemins_pH\Project_Slave_Sensor_EnviroTrack\EWARM\Project_Slave_Sensor_EnviroTrack\Obj\stm32l4xx_hal_i2c_ex.o
#        D:\Saoviet_Git\Saoviet_EnviroTrack_M_And_S_RawWater\Project_Slave_Chemins_pH\Project_Slave_Sensor_EnviroTrack\EWARM\Project_Slave_Sensor_EnviroTrack\Obj\stm32l4xx_hal_msp.o
#        D:\Saoviet_Git\Saoviet_EnviroTrack_M_And_S_RawWater\Project_Slave_Chemins_pH\Project_Slave_Sensor_EnviroTrack\EWARM\Project_Slave_Sensor_EnviroTrack\Obj\stm32l4xx_hal_pwr.o
#        D:\Saoviet_Git\Saoviet_EnviroTrack_M_And_S_RawWater\Project_Slave_Chemins_pH\Project_Slave_Sensor_EnviroTrack\EWARM\Project_Slave_Sensor_EnviroTrack\Obj\stm32l4xx_hal_pwr_ex.o
#        D:\Saoviet_Git\Saoviet_EnviroTrack_M_And_S_RawWater\Project_Slave_Chemins_pH\Project_Slave_Sensor_EnviroTrack\EWARM\Project_Slave_Sensor_EnviroTrack\Obj\stm32l4xx_hal_rcc.o
#        D:\Saoviet_Git\Saoviet_EnviroTrack_M_And_S_RawWater\Project_Slave_Chemins_pH\Project_Slave_Sensor_EnviroTrack\EWARM\Project_Slave_Sensor_EnviroTrack\Obj\stm32l4xx_hal_rcc_ex.o
#        D:\Saoviet_Git\Saoviet_EnviroTrack_M_And_S_RawWater\Project_Slave_Chemins_pH\Project_Slave_Sensor_EnviroTrack\EWARM\Project_Slave_Sensor_EnviroTrack\Obj\stm32l4xx_hal_rtc.o
#        D:\Saoviet_Git\Saoviet_EnviroTrack_M_And_S_RawWater\Project_Slave_Chemins_pH\Project_Slave_Sensor_EnviroTrack\EWARM\Project_Slave_Sensor_EnviroTrack\Obj\stm32l4xx_hal_rtc_ex.o
#        D:\Saoviet_Git\Saoviet_EnviroTrack_M_And_S_RawWater\Project_Slave_Chemins_pH\Project_Slave_Sensor_EnviroTrack\EWARM\Project_Slave_Sensor_EnviroTrack\Obj\stm32l4xx_hal_spi.o
#        D:\Saoviet_Git\Saoviet_EnviroTrack_M_And_S_RawWater\Project_Slave_Chemins_pH\Project_Slave_Sensor_EnviroTrack\EWARM\Project_Slave_Sensor_EnviroTrack\Obj\stm32l4xx_hal_spi_ex.o
#        D:\Saoviet_Git\Saoviet_EnviroTrack_M_And_S_RawWater\Project_Slave_Chemins_pH\Project_Slave_Sensor_EnviroTrack\EWARM\Project_Slave_Sensor_EnviroTrack\Obj\stm32l4xx_hal_uart.o
#        D:\Saoviet_Git\Saoviet_EnviroTrack_M_And_S_RawWater\Project_Slave_Chemins_pH\Project_Slave_Sensor_EnviroTrack\EWARM\Project_Slave_Sensor_EnviroTrack\Obj\stm32l4xx_hal_uart_ex.o
#        D:\Saoviet_Git\Saoviet_EnviroTrack_M_And_S_RawWater\Project_Slave_Chemins_pH\Project_Slave_Sensor_EnviroTrack\EWARM\Project_Slave_Sensor_EnviroTrack\Obj\stm32l4xx_it.o
#        D:\Saoviet_Git\Saoviet_EnviroTrack_M_And_S_RawWater\Project_Slave_Chemins_pH\Project_Slave_Sensor_EnviroTrack\EWARM\Project_Slave_Sensor_EnviroTrack\Obj\system_stm32l4xx.o
#        D:\Saoviet_Git\Saoviet_EnviroTrack_M_And_S_RawWater\Project_Slave_Chemins_pH\Project_Slave_Sensor_EnviroTrack\EWARM\Project_Slave_Sensor_EnviroTrack\Obj\text.o
#        D:\Saoviet_Git\Saoviet_EnviroTrack_M_And_S_RawWater\Project_Slave_Chemins_pH\Project_Slave_Sensor_EnviroTrack\EWARM\Project_Slave_Sensor_EnviroTrack\Obj\text_tiny.o
#        D:\Saoviet_Git\Saoviet_EnviroTrack_M_And_S_RawWater\Project_Slave_Chemins_pH\Project_Slave_Sensor_EnviroTrack\EWARM\Project_Slave_Sensor_EnviroTrack\Obj\unit_tests.o
#        D:\Saoviet_Git\Saoviet_EnviroTrack_M_And_S_RawWater\Project_Slave_Chemins_pH\Project_Slave_Sensor_EnviroTrack\EWARM\Project_Slave_Sensor_EnviroTrack\Obj\usart.o
#        D:\Saoviet_Git\Saoviet_EnviroTrack_M_And_S_RawWater\Project_Slave_Chemins_pH\Project_Slave_Sensor_EnviroTrack\EWARM\Project_Slave_Sensor_EnviroTrack\Obj\user_adv_trace.o
#        D:\Saoviet_Git\Saoviet_EnviroTrack_M_And_S_RawWater\Project_Slave_Chemins_pH\Project_Slave_Sensor_EnviroTrack\EWARM\Project_Slave_Sensor_EnviroTrack\Obj\user_app_comm.o
#        D:\Saoviet_Git\Saoviet_EnviroTrack_M_And_S_RawWater\Project_Slave_Chemins_pH\Project_Slave_Sensor_EnviroTrack\EWARM\Project_Slave_Sensor_EnviroTrack\Obj\user_app_modbus_rtu.o
#        D:\Saoviet_Git\Saoviet_EnviroTrack_M_And_S_RawWater\Project_Slave_Chemins_pH\Project_Slave_Sensor_EnviroTrack\EWARM\Project_Slave_Sensor_EnviroTrack\Obj\user_app_rs485.o
#        D:\Saoviet_Git\Saoviet_EnviroTrack_M_And_S_RawWater\Project_Slave_Chemins_pH\Project_Slave_Sensor_EnviroTrack\EWARM\Project_Slave_Sensor_EnviroTrack\Obj\user_app_sensor.o
#        D:\Saoviet_Git\Saoviet_EnviroTrack_M_And_S_RawWater\Project_Slave_Chemins_pH\Project_Slave_Sensor_EnviroTrack\EWARM\Project_Slave_Sensor_EnviroTrack\Obj\user_at_serial.o
#        D:\Saoviet_Git\Saoviet_EnviroTrack_M_And_S_RawWater\Project_Slave_Chemins_pH\Project_Slave_Sensor_EnviroTrack\EWARM\Project_Slave_Sensor_EnviroTrack\Obj\user_connect_sensor.o
#        D:\Saoviet_Git\Saoviet_EnviroTrack_M_And_S_RawWater\Project_Slave_Chemins_pH\Project_Slave_Sensor_EnviroTrack\EWARM\Project_Slave_Sensor_EnviroTrack\Obj\user_convert_variable.o
#        D:\Saoviet_Git\Saoviet_EnviroTrack_M_And_S_RawWater\Project_Slave_Chemins_pH\Project_Slave_Sensor_EnviroTrack\EWARM\Project_Slave_Sensor_EnviroTrack\Obj\user_internal_mem.o
#        D:\Saoviet_Git\Saoviet_EnviroTrack_M_And_S_RawWater\Project_Slave_Chemins_pH\Project_Slave_Sensor_EnviroTrack\EWARM\Project_Slave_Sensor_EnviroTrack\Obj\user_mem_comm.o
#        D:\Saoviet_Git\Saoviet_EnviroTrack_M_And_S_RawWater\Project_Slave_Chemins_pH\Project_Slave_Sensor_EnviroTrack\EWARM\Project_Slave_Sensor_EnviroTrack\Obj\user_modbus_rtu.o
#        D:\Saoviet_Git\Saoviet_EnviroTrack_M_And_S_RawWater\Project_Slave_Chemins_pH\Project_Slave_Sensor_EnviroTrack\EWARM\Project_Slave_Sensor_EnviroTrack\Obj\user_obis_sv.o
#        D:\Saoviet_Git\Saoviet_EnviroTrack_M_And_S_RawWater\Project_Slave_Chemins_pH\Project_Slave_Sensor_EnviroTrack\EWARM\Project_Slave_Sensor_EnviroTrack\Obj\user_rs485.o
#        D:\Saoviet_Git\Saoviet_EnviroTrack_M_And_S_RawWater\Project_Slave_Chemins_pH\Project_Slave_Sensor_EnviroTrack\EWARM\Project_Slave_Sensor_EnviroTrack\Obj\user_rtc.o
#        D:\Saoviet_Git\Saoviet_EnviroTrack_M_And_S_RawWater\Project_Slave_Chemins_pH\Project_Slave_Sensor_EnviroTrack\EWARM\Project_Slave_Sensor_EnviroTrack\Obj\user_string.o
#        D:\Saoviet_Git\Saoviet_EnviroTrack_M_And_S_RawWater\Project_Slave_Chemins_pH\Project_Slave_Sensor_EnviroTrack\EWARM\Project_Slave_Sensor_EnviroTrack\Obj\user_time.o
#        D:\Saoviet_Git\Saoviet_EnviroTrack_M_And_S_RawWater\Project_Slave_Chemins_pH\Project_Slave_Sensor_EnviroTrack\EWARM\Project_Slave_Sensor_EnviroTrack\Obj\user_timer.o
#        D:\Saoviet_Git\Saoviet_EnviroTrack_M_And_S_RawWater\Project_Slave_Chemins_pH\Project_Slave_Sensor_EnviroTrack\EWARM\Project_Slave_Sensor_EnviroTrack\Obj\user_tiny_vsnprintf.o
#        D:\Saoviet_Git\Saoviet_EnviroTrack_M_And_S_RawWater\Project_Slave_Chemins_pH\Project_Slave_Sensor_EnviroTrack\EWARM\Project_Slave_Sensor_EnviroTrack\Obj\user_uart.o
#        D:\Saoviet_Git\Saoviet_EnviroTrack_M_And_S_RawWater\Project_Slave_Chemins_pH\Project_Slave_Sensor_EnviroTrack\EWARM\Project_Slave_Sensor_EnviroTrack\Obj\user_util.o
#        --no_out_extension -o
#        D:\Saoviet_Git\Saoviet_EnviroTrack_M_And_S_RawWater\Project_Slave_Chemins_pH\Project_Slave_Sensor_EnviroTrack\EWARM\Project_Slave_Sensor_EnviroTrack\Exe\Project_Slave_Sensor_EnviroTrack.out
#        --redirect _Printf=_PrintfFullNoMb --redirect _Scanf=_ScanfFullNoMb
#        --map
#        D:\Saoviet_Git\Saoviet_EnviroTrack_M_And_S_RawWater\Project_Slave_Chemins_pH\Project_Slave_Sensor_EnviroTrack\EWARM\Project_Slave_Sensor_EnviroTrack\List\Project_Slave_Sensor_EnviroTrack.map
#        --config
#        D:\Saoviet_Git\Saoviet_EnviroTrack_M_And_S_RawWater\Project_Slave_Chemins_pH\Project_Slave_Sensor_EnviroTrack\EWARM/stm32l433xx_flash.icf
#        --semihosting --entry __iar_program_start --vfe --text_out locale)
#
###############################################################################

*******************************************************************************
*** RUNTIME MODEL ATTRIBUTES
***

CppFlavor       = *
__Heap_Handler  = DLMalloc
__SystemLibrary = DLib
__dlib_version  = 6


*******************************************************************************
*** HEAP SELECTION
***

The advanced heap was selected because the application calls memory
allocation functions outside of system library functions, and there
are calls to deallocation functions in the application.


*******************************************************************************
*** PLACEMENT SUMMARY
***

"A0":  place at address 0x800'0000 { ro section .intvec };
"P1":  place in [from 0x800'0000 to 0x803'ffff] { ro };
define block CSTACK with size = 1K, alignment = 8 { };
define block HEAP with size = 512, alignment = 8 { };
"P2":  place in [from 0x2000'0000 to 0x2000'ffff] {
          rw, block CSTACK, block HEAP };
initialize by copy { rw };

  Section            Kind         Address    Size  Object
  -------            ----         -------    ----  ------
"A0":                                       0x18c
  .intvec            ro code   0x800'0000   0x18c  startup_stm32l433xx.o [1]
                             - 0x800'018c   0x18c

"P1":                                      0xed25
  .text              ro code   0x800'018c  0x11c8  button.o [1]
  .text              ro code   0x800'1354   0x380  stm32l4xx_hal_gpio.o [1]
  .text              ro code   0x800'16d4   0x21c  user_util.o [1]
  .text              ro code   0x800'18f0   0xb38  lcd_display.o [1]
  .text              ro code   0x800'2428  0x10a4  user_app_sensor.o [1]
  .text              ro code   0x800'34cc   0x934  user_app_modbus_rtu.o [1]
  .text              ro code   0x800'3e00   0x40c  user_convert_variable.o [1]
  .text              ro code   0x800'420c    0x36  strlen.o [4]
  .text              ro code   0x800'4242    0x3a  zero_init3.o [4]
  .text              ro code   0x800'427c    0x22  S32ToDbl.o [3]
  .text              ro code   0x800'429e     0xa  xsprout.o [2]
  .text              ro code   0x800'42a8    0x16  math_wrappers64.o [3]
  .rodata            const     0x800'42be     0x2  xlocale_c.o [2]
  .text              ro code   0x800'42c0   0x246  DblDiv.o [3]
  .rodata            const     0x800'4506     0x1  xlocale_c.o [2]
  .text              ro code   0x800'4508    0x68  DblToFlt.o [3]
  .text              ro code   0x800'4570    0x1a  U32ToDbl.o [3]
  .text              ro code   0x800'458c    0x48  FltToDbl.o [3]
  .text              ro code   0x800'45d4    0x40  sprintf.o [2]
  .text              ro code   0x800'4614    0xb0  STM32L4.o [1]
  .text              ro code   0x800'46c4     0xc  stm32l4xx_hal.o [1]
  .text              ro code   0x800'46d0   0x290  text_tiny.o [1]
  .text              ro code   0x800'4960    0x54  event_driven.o [1]
  .text              ro code   0x800'49b4    0x14  unit_tests.o [1]
  .text              ro code   0x800'49c8   0x110  glcd.o [1]
  .text              ro code   0x800'4ad8   0x15c  ST7565R.o [1]
  .text              ro code   0x800'4c34    0x66  ABImemset.o [4]
  .text              ro code   0x800'4c9c   0x390  text.o [1]
  .text              ro code   0x800'502c   0x200  graphics.o [1]
  .text              ro code   0x800'522c   0x350  user_modbus_rtu.o [1]
  .text              ro code   0x800'557c   0x39c  usart.o [1]
  .text              ro code   0x800'5918    0x74  user_connect_sensor.o [1]
  .text              ro code   0x800'598c    0x28  stm32l4xx_hal.o [1]
  .text              ro code   0x800'59b4   0xfc8  stm32l4xx_hal_uart.o [1]
  .text              ro code   0x800'697c   0x172  onchipflash.o [1]
  .text              ro code   0x800'6af0    0xa6  ABImemcpy.o [4]
  .text              ro code   0x800'6b98   0x230  I64DivMod.o [4]
  .text              ro code   0x800'6dc8   0x1a2  DblMul.o [3]
  .text              ro code   0x800'6f6c   0x17a  DblAdd.o [3]
  .text              ro code   0x800'70e8    0x3a  DblToS32.o [3]
  .text              ro code   0x800'7124   0x6ec  pow64.o [3]
  .text              ro code   0x800'7810   0xfc6  xprintffull_nomb.o [2]
  .text              ro code   0x800'87d8   0x52a  stm32l4xx_hal_spi.o [1]
  .text              ro code   0x800'8d02     0x8  abs.o [2]
  .text              ro code   0x800'8d0a    0xc2  main.o [1]
  .text              ro code   0x800'8dcc    0x14  memset.o [4]
  .text              ro code   0x800'8de0   0x4e8  stm32l4xx_hal_rcc_ex.o [1]
  .text              ro code   0x800'92c8   0x422  stm32l4xx_hal_dma.o [1]
  .text              ro code   0x800'96ec   0x194  stm32l4xx_hal_cortex.o [1]
  .text              ro code   0x800'9880   0x128  user_uart.o [1]
  .text              ro code   0x800'99a8    0x72  stm32l4xx_hal_uart_ex.o [1]
  .text              ro code   0x800'9a1c   0x9fc  stm32l4xx_hal_rcc.o [1]
  .text              ro code   0x800'a418     0x2  stm32l4xx_hal_uart.o [1]
  .text              ro code   0x800'a41a     0x2  stm32l4xx_hal_uart.o [1]
  .text              ro code   0x800'a41c   0x1b8  stm32l4xx_hal_flash.o [1]
  .text              ro code   0x800'a5d4    0xa0  stm32l4xx_hal_flash_ex.o [1]
  .text              ro code   0x800'a674     0x2  I64DivZer.o [4]
  .text              ro code   0x800'a678    0xe2  DblSub.o [3]
  .text              ro code   0x800'a75c    0x20  DblCmpEq.o [3]
  .text              ro code   0x800'a77c    0x70  frexp.o [3]
  .text              ro code   0x800'a7ec    0x2e  DblCmpLe.o [3]
  .text              ro code   0x800'a81c    0x2e  DblCmpGe.o [3]
  .text              ro code   0x800'a84c   0x3e8  iar_Exp64.o [3]
  .text              ro code   0x800'ac34    0x16  strchr.o [4]
  .text              ro code   0x800'ac4c    0x40  xfail_s.o [2]
  .text              ro code   0x800'ac8c    0x58  memchr.o [4]
  .text              ro code   0x800'ace4   0x13a  ldexp.o [3]
  .text              ro code   0x800'ae20    0x28  DblToU32.o [3]
  .text              ro code   0x800'ae48     0x8  xlocale_c.o [2]
  .text              ro code   0x800'ae50    0xc8  spi.o [1]
  .text              ro code   0x800'af18    0x24  stm32l4xx_hal.o [1]
  .text              ro code   0x800'af3c   0x1d0  gpio.o [1]
  .text              ro code   0x800'b10c    0x60  dma.o [1]
  .text              ro code   0x800'b16c   0x150  rtc.o [1]
  .text              ro code   0x800'b2bc   0x4b0  user_app_comm.o [1]
  .text              ro code   0x800'b76c    0x94  stm32l4xx_hal_pwr_ex.o [1]
  .text              ro code   0x800'b800    0x70  user_rs485.o [1]
  .text              ro code   0x800'b870   0x23a  user_adv_trace.o [1]
  .text              ro code   0x800'baac    0x60  stm32l4xx_hal.o [1]
  .text              ro code   0x800'bb0c     0x6  abort.o [2]
  .text              ro code   0x800'bb14    0x38  stm32l4xx_hal_msp.o [1]
  .text              ro code   0x800'bb4c   0x78e  stm32l4xx_hal_rtc.o [1]
  .text              ro code   0x800'c2dc   0x310  user_timer.o [1]
  .text              ro code   0x800'c5ec   0x1dc  user_at_serial.o [1]
  .text              ro code   0x800'c7c8    0x58  user_time.o [1]
  .text              ro code   0x800'c820   0x180  user_app_rs485.o [1]
  .text              ro code   0x800'c9a0   0x350  user_tiny_vsnprintf.o [1]
  .text              ro code   0x800'ccf0    0x14  exit.o [5]
  .text              ro code   0x800'cd04   0x3a8  user_rtc.o [1]
  .text              ro code   0x800'd0ac     0x2  stm32l4xx_hal_rtc_ex.o [1]
  .text              ro code   0x800'd0ae   0x1e6  user_string.o [1]
  .text              ro code   0x800'd294    0x48  stm32l4xx_hal_rtc_ex.o [1]
  .rodata            const     0x800'd2e0   0x420  pow64.o [3]
  .rodata            const     0x800'd700   0x400  unit_tests.o [1]
  .rodata            const     0x800'db00   0x228  lcd_display.o [1]
  .rodata            const     0x800'dd28   0x214  lcd_display.o [1]
  .text              ro code   0x800'df3c    0xd4  stm32l4xx_it.o [1]
  .text              ro code   0x800'e010    0x18  stm32l4xx_hal.o [1]
  .text              ro code   0x800'e028    0x78  lz77_init_single.o [4]
  .rodata            const     0x800'e0a0    0x34  user_app_sensor.o [1]
  .rodata            const     0x800'e0d4    0x34  user_app_sensor.o [1]
  .rodata            const     0x800'e108    0x30  system_stm32l4xx.o [1]
  .rodata            const     0x800'e138    0x2c  user_rtc.o [1]
  .rodata            const     0x800'e164    0x28  user_tiny_vsnprintf.o [1]
  .rodata            const     0x800'e18c    0x28  user_tiny_vsnprintf.o [1]
  .text              ro code   0x800'e1b4    0x28  data_init.o [4]
  .text              ro code   0x800'e1dc    0x22  fpinit_M.o [3]
  .iar.init_table    const     0x800'e200    0x20  - Linker created -
  .rodata            const     0x800'e220    0x20  user_rtc.o [1]
  .text              ro code   0x800'e240    0x1e  cmain.o [4]
  .text              ro code   0x800'e25e     0x4  low_level_init.o [2]
  .text              ro code   0x800'e262     0x4  exit.o [2]
  .text              ro code   0x800'e268     0xa  cexit.o [4]
  .rodata            const     0x800'e274    0x1c  user_app_comm.o [1]
  .rodata            const     0x800'e290    0x1c  user_uart.o [1]
  .rodata            const     0x800'e2ac    0x18  user_app_comm.o [1]
  .rodata            const     0x800'e2c4    0x14  lcd_display.o [1]
  .rodata            const     0x800'e2d8    0x14  user_app_comm.o [1]
  .rodata            const     0x800'e2ec    0x14  user_at_serial.o [1]
  .rodata            const     0x800'e300    0x14  user_at_serial.o [1]
  .rodata            const     0x800'e314    0x14  user_at_serial.o [1]
  .rodata            const     0x800'e328    0x14  user_at_serial.o [1]
  .rodata            const     0x800'e33c    0x14  user_at_serial.o [1]
  .rodata            const     0x800'e350    0x10  lcd_display.o [1]
  .rodata            const     0x800'e360    0x10  lcd_display.o [1]
  .rodata            const     0x800'e370    0x10  lcd_display.o [1]
  .rodata            const     0x800'e380    0x10  lcd_display.o [1]
  .rodata            const     0x800'e390    0x10  lcd_display.o [1]
  .rodata            const     0x800'e3a0    0x10  lcd_display.o [1]
  .rodata            const     0x800'e3b0    0x10  lcd_display.o [1]
  .rodata            const     0x800'e3c0    0x10  lcd_display.o [1]
  .rodata            const     0x800'e3d0    0x10  lcd_display.o [1]
  .rodata            const     0x800'e3e0    0x10  lcd_display.o [1]
  .rodata            const     0x800'e3f0    0x10  lcd_display.o [1]
  .rodata            const     0x800'e400    0x10  lcd_display.o [1]
  .rodata            const     0x800'e410    0x10  lcd_display.o [1]
  .rodata            const     0x800'e420    0x10  system_stm32l4xx.o [1]
  .rodata            const     0x800'e430    0x10  user_app_sensor.o [1]
  .rodata            const     0x800'e440    0x10  user_at_serial.o [1]
  .rodata            const     0x800'e450    0x10  user_at_serial.o [1]
  .rodata            const     0x800'e460    0x10  user_at_serial.o [1]
  .rodata            const     0x800'e470    0x10  user_at_serial.o [1]
  .rodata            const     0x800'e480    0x10  user_at_serial.o [1]
  .rodata            const     0x800'e490    0x10  user_at_serial.o [1]
  .rodata            const     0x800'e4a0    0x10  user_at_serial.o [1]
  .rodata            const     0x800'e4b0    0x10  user_at_serial.o [1]
  .rodata            const     0x800'e4c0    0x10  user_at_serial.o [1]
  .rodata            const     0x800'e4d0    0x10  user_at_serial.o [1]
  .rodata            const     0x800'e4e0    0x10  user_at_serial.o [1]
  .rodata            const     0x800'e4f0    0x10  user_at_serial.o [1]
  .rodata            const     0x800'e500    0x10  user_at_serial.o [1]
  .rodata            const     0x800'e510    0x10  user_at_serial.o [1]
  .rodata            const     0x800'e520    0x10  user_at_serial.o [1]
  .rodata            const     0x800'e530    0x10  user_at_serial.o [1]
  .rodata            const     0x800'e540    0x10  user_at_serial.o [1]
  .rodata            const     0x800'e550    0x10  user_at_serial.o [1]
  .rodata            const     0x800'e560    0x10  user_at_serial.o [1]
  .rodata            const     0x800'e570    0x10  user_at_serial.o [1]
  .rodata            const     0x800'e580    0x10  user_at_serial.o [1]
  .rodata            const     0x800'e590    0x10  user_at_serial.o [1]
  .rodata            const     0x800'e5a0    0x10  user_at_serial.o [1]
  .rodata            const     0x800'e5b0    0x10  user_at_serial.o [1]
  .rodata            const     0x800'e5c0    0x10  user_at_serial.o [1]
  .rodata            const     0x800'e5d0    0x10  user_at_serial.o [1]
  .rodata            const     0x800'e5e0    0x10  user_at_serial.o [1]
  .rodata            const     0x800'e5f0    0x10  user_at_serial.o [1]
  .text              ro code   0x800'e600    0x10  startup_stm32l433xx.o [1]
  .text              ro code   0x800'e610    0x10  system_stm32l4xx.o [1]
  .rodata            const     0x800'e620     0xc  lcd_display.o [1]
  .rodata            const     0x800'e62c     0xc  lcd_display.o [1]
  .rodata            const     0x800'e638     0xc  lcd_display.o [1]
  .rodata            const     0x800'e644     0xc  lcd_display.o [1]
  .rodata            const     0x800'e650     0xc  lcd_display.o [1]
  .rodata            const     0x800'e65c     0xc  lcd_display.o [1]
  .rodata            const     0x800'e668     0xc  lcd_display.o [1]
  .rodata            const     0x800'e674     0xc  lcd_display.o [1]
  .rodata            const     0x800'e680     0xc  lcd_display.o [1]
  .rodata            const     0x800'e68c     0xc  lcd_display.o [1]
  .rodata            const     0x800'e698     0xc  lcd_display.o [1]
  .rodata            const     0x800'e6a4     0xc  user_app_comm.o [1]
  .rodata            const     0x800'e6b0     0xc  user_app_sensor.o [1]
  .rodata            const     0x800'e6bc     0xc  user_at_serial.o [1]
  .rodata            const     0x800'e6c8     0xc  user_at_serial.o [1]
  .rodata            const     0x800'e6d4     0xc  user_at_serial.o [1]
  .rodata            const     0x800'e6e0     0xc  user_at_serial.o [1]
  .rodata            const     0x800'e6ec     0xc  user_at_serial.o [1]
  .rodata            const     0x800'e6f8     0xc  user_at_serial.o [1]
  .rodata            const     0x800'e704     0xc  user_at_serial.o [1]
  .rodata            const     0x800'e710     0xc  user_at_serial.o [1]
  .rodata            const     0x800'e71c     0xc  user_at_serial.o [1]
  .rodata            const     0x800'e728     0xc  user_at_serial.o [1]
  .rodata            const     0x800'e734     0xc  user_at_serial.o [1]
  .rodata            const     0x800'e740     0xc  user_at_serial.o [1]
  .rodata            const     0x800'e74c     0xc  user_at_serial.o [1]
  .rodata            const     0x800'e758     0xc  user_at_serial.o [1]
  .rodata            const     0x800'e764     0xc  user_at_serial.o [1]
  .rodata            const     0x800'e770     0xc  user_at_serial.o [1]
  .rodata            const     0x800'e77c     0xc  user_at_serial.o [1]
  .rodata            const     0x800'e788     0xc  user_at_serial.o [1]
  .rodata            const     0x800'e794     0xc  user_at_serial.o [1]
  .rodata            const     0x800'e7a0     0xc  user_at_serial.o [1]
  .rodata            const     0x800'e7ac     0xc  user_at_serial.o [1]
  .rodata            const     0x800'e7b8     0xc  user_at_serial.o [1]
  .rodata            const     0x800'e7c4     0xc  user_at_serial.o [1]
  .rodata            const     0x800'e7d0     0xc  user_at_serial.o [1]
  .rodata            const     0x800'e7dc     0xc  user_at_serial.o [1]
  .rodata            const     0x800'e7e8     0xc  user_at_serial.o [1]
  .rodata            const     0x800'e7f4     0xc  user_at_serial.o [1]
  .rodata            const     0x800'e800     0xc  user_at_serial.o [1]
  .rodata            const     0x800'e80c     0xc  user_rtc.o [1]
  .rodata            const     0x800'e818     0xc  user_rtc.o [1]
  .text              ro code   0x800'e824     0xc  cstartup_M.o [4]
  .rodata            const     0x800'e830     0x8  lcd_display.o [1]
  .rodata            const     0x800'e838     0x8  lcd_display.o [1]
  .rodata            const     0x800'e840     0x8  lcd_display.o [1]
  .rodata            const     0x800'e848     0x8  lcd_display.o [1]
  .rodata            const     0x800'e850     0x8  lcd_display.o [1]
  .rodata            const     0x800'e858     0x8  lcd_display.o [1]
  .rodata            const     0x800'e860     0x8  lcd_display.o [1]
  .rodata            const     0x800'e868     0x8  system_stm32l4xx.o [1]
  .rodata            const     0x800'e870     0x8  user_app_modbus_rtu.o [1]
  .rodata            const     0x800'e878     0x8  user_app_modbus_rtu.o [1]
  .rodata            const     0x800'e880     0x8  user_app_sensor.o [1]
  .rodata            const     0x800'e888     0x8  user_app_sensor.o [1]
  .rodata            const     0x800'e890     0x8  user_app_sensor.o [1]
  .rodata            const     0x800'e898     0x8  user_app_sensor.o [1]
  .rodata            const     0x800'e8a0     0x8  user_at_serial.o [1]
  .rodata            const     0x800'e8a8     0x8  user_at_serial.o [1]
  .rodata            const     0x800'e8b0     0x8  user_at_serial.o [1]
  .rodata            const     0x800'e8b8     0x8  user_at_serial.o [1]
  .rodata            const     0x800'e8c0     0x8  user_at_serial.o [1]
  .rodata            const     0x800'e8c8     0x8  user_tiny_vsnprintf.o [1]
  .rodata            const     0x800'e8d0     0x8  user_util.o [1]
  .rodata            const     0x800'e8d8     0x8  xprintffull_nomb.o [2]
  .rodata            const     0x800'e8e0     0x4  lcd_display.o [1]
  .rodata            const     0x800'e8e4     0x4  lcd_display.o [1]
  .rodata            const     0x800'e8e8     0x4  lcd_display.o [1]
  .rodata            const     0x800'e8ec     0x4  lcd_display.o [1]
  .text              ro code   0x800'e8f0     0x4  startup_stm32l433xx.o [1]
  .text              ro code   0x800'e8f4     0x4  startup_stm32l433xx.o [1]
  .text              ro code   0x800'e8f8     0x4  startup_stm32l433xx.o [1]
  .text              ro code   0x800'e8fc     0x4  startup_stm32l433xx.o [1]
  .text              ro code   0x800'e900     0x4  startup_stm32l433xx.o [1]
  .text              ro code   0x800'e904     0x4  startup_stm32l433xx.o [1]
  .text              ro code   0x800'e908     0x4  startup_stm32l433xx.o [1]
  .text              ro code   0x800'e90c     0x4  startup_stm32l433xx.o [1]
  .text              ro code   0x800'e910     0x4  startup_stm32l433xx.o [1]
  .text              ro code   0x800'e914     0x4  startup_stm32l433xx.o [1]
  .text              ro code   0x800'e918     0x4  startup_stm32l433xx.o [1]
  .text              ro code   0x800'e91c     0x4  startup_stm32l433xx.o [1]
  .text              ro code   0x800'e920     0x4  startup_stm32l433xx.o [1]
  .text              ro code   0x800'e924     0x4  startup_stm32l433xx.o [1]
  .text              ro code   0x800'e928     0x4  startup_stm32l433xx.o [1]
  .text              ro code   0x800'e92c     0x4  startup_stm32l433xx.o [1]
  .text              ro code   0x800'e930     0x4  startup_stm32l433xx.o [1]
  .text              ro code   0x800'e934     0x4  startup_stm32l433xx.o [1]
  .text              ro code   0x800'e938     0x4  startup_stm32l433xx.o [1]
  .text              ro code   0x800'e93c     0x4  startup_stm32l433xx.o [1]
  .text              ro code   0x800'e940     0x4  startup_stm32l433xx.o [1]
  .text              ro code   0x800'e944     0x4  startup_stm32l433xx.o [1]
  .text              ro code   0x800'e948     0x4  startup_stm32l433xx.o [1]
  .text              ro code   0x800'e94c     0x4  startup_stm32l433xx.o [1]
  .text              ro code   0x800'e950     0x4  startup_stm32l433xx.o [1]
  .text              ro code   0x800'e954     0x4  startup_stm32l433xx.o [1]
  .text              ro code   0x800'e958     0x4  startup_stm32l433xx.o [1]
  .text              ro code   0x800'e95c     0x4  startup_stm32l433xx.o [1]
  .text              ro code   0x800'e960     0x4  startup_stm32l433xx.o [1]
  .text              ro code   0x800'e964     0x4  startup_stm32l433xx.o [1]
  .text              ro code   0x800'e968     0x4  startup_stm32l433xx.o [1]
  .text              ro code   0x800'e96c     0x4  startup_stm32l433xx.o [1]
  .text              ro code   0x800'e970     0x4  startup_stm32l433xx.o [1]
  .text              ro code   0x800'e974     0x4  startup_stm32l433xx.o [1]
  .text              ro code   0x800'e978     0x4  startup_stm32l433xx.o [1]
  .text              ro code   0x800'e97c     0x4  startup_stm32l433xx.o [1]
  .text              ro code   0x800'e980     0x4  startup_stm32l433xx.o [1]
  .text              ro code   0x800'e984     0x4  startup_stm32l433xx.o [1]
  .text              ro code   0x800'e988     0x4  startup_stm32l433xx.o [1]
  .text              ro code   0x800'e98c     0x4  startup_stm32l433xx.o [1]
  .text              ro code   0x800'e990     0x4  startup_stm32l433xx.o [1]
  .text              ro code   0x800'e994     0x4  startup_stm32l433xx.o [1]
  .text              ro code   0x800'e998     0x4  startup_stm32l433xx.o [1]
  .text              ro code   0x800'e99c     0x4  startup_stm32l433xx.o [1]
  .text              ro code   0x800'e9a0     0x4  startup_stm32l433xx.o [1]
  .text              ro code   0x800'e9a4     0x4  startup_stm32l433xx.o [1]
  .text              ro code   0x800'e9a8     0x4  startup_stm32l433xx.o [1]
  .text              ro code   0x800'e9ac     0x4  startup_stm32l433xx.o [1]
  .text              ro code   0x800'e9b0     0x4  startup_stm32l433xx.o [1]
  .text              ro code   0x800'e9b4     0x4  startup_stm32l433xx.o [1]
  .text              ro code   0x800'e9b8     0x4  startup_stm32l433xx.o [1]
  .text              ro code   0x800'e9bc     0x4  startup_stm32l433xx.o [1]
  .text              ro code   0x800'e9c0     0x4  startup_stm32l433xx.o [1]
  .text              ro code   0x800'e9c4     0x4  startup_stm32l433xx.o [1]
  .text              ro code   0x800'e9c8     0x4  startup_stm32l433xx.o [1]
  .text              ro code   0x800'e9cc     0x4  startup_stm32l433xx.o [1]
  .text              ro code   0x800'e9d0     0x4  startup_stm32l433xx.o [1]
  .text              ro code   0x800'e9d4     0x4  startup_stm32l433xx.o [1]
  .text              ro code   0x800'e9d8     0x4  startup_stm32l433xx.o [1]
  .rodata            const     0x800'e9dc     0x0  zero_init3.o [4]
  .rodata            const     0x800'e9dc     0x0  lz77_init_single.o [4]
  Initializer bytes  const     0x800'e9dc   0x4d5  <for P2-1>
                             - 0x800'eeb1  0xed25

"P2", part 1 of 3:                          0xb01
  P2-1                        0x2000'0000   0xb01  <Init block>
    .data            inited   0x2000'0000     0xc  button.o [1]
    .data            inited   0x2000'000c    0x70  lcd_display.o [1]
    .data            inited   0x2000'007c    0x2c  lcd_display.o [1]
    .data            inited   0x2000'00a8     0x8  lcd_display.o [1]
    .data            inited   0x2000'00b0     0x4  lcd_display.o [1]
    .data            inited   0x2000'00b4    0x10  lcd_display.o [1]
    .data            inited   0x2000'00c4    0x10  lcd_display.o [1]
    .data            inited   0x2000'00d4    0x10  lcd_display.o [1]
    .data            inited   0x2000'00e4    0x10  lcd_display.o [1]
    .data            inited   0x2000'00f4    0x10  lcd_display.o [1]
    .data            inited   0x2000'0104   0x348  lcd_display.o [1]
    .data            inited   0x2000'044c     0x4  stm32l4xx_hal.o [1]
    .data            inited   0x2000'0450    0x20  stm32l4xx_hal_flash.o [1]
    .data            inited   0x2000'0470     0x4  system_stm32l4xx.o [1]
    .data            inited   0x2000'0474    0x70  user_app_comm.o [1]
    .data            inited   0x2000'04e4     0x8  user_app_comm.o [1]
    .data            inited   0x2000'04ec     0x8  user_app_comm.o [1]
    .data            inited   0x2000'04f4    0xa0  user_app_modbus_rtu.o [1]
    .data            inited   0x2000'0594    0x2c  user_app_modbus_rtu.o [1]
    .data            inited   0x2000'05c0     0x8  user_app_modbus_rtu.o [1]
    .data            inited   0x2000'05c8    0x40  user_app_rs485.o [1]
    .data            inited   0x2000'0608    0x80  user_app_sensor.o [1]
    .data            inited   0x2000'0688     0x8  user_app_sensor.o [1]
    .data            inited   0x2000'0690     0x4  user_app_sensor.o [1]
    .data            inited   0x2000'0694     0x8  user_at_serial.o [1]
    .data            inited   0x2000'069c   0x410  user_at_serial.o [1]
    .data            inited   0x2000'0aac     0x8  user_connect_sensor.o [1]
    .data            inited   0x2000'0ab4     0x8  user_rs485.o [1]
    .data            inited   0x2000'0abc     0x4  user_tiny_vsnprintf.o [1]
    .data            inited   0x2000'0ac0     0x4  user_tiny_vsnprintf.o [1]
    .data            inited   0x2000'0ac4    0x38  xlocale_c.o [2]
    .data            inited   0x2000'0afc     0x2  user_app_modbus_rtu.o [1]
    .data            inited   0x2000'0afe     0x1  lcd_display.o [1]
    .data            inited   0x2000'0aff     0x1  stm32l4xx_hal.o [1]
    .data            inited   0x2000'0b00     0x1  user_util.o [1]
                            - 0x2000'0b01   0xb01

"P2", part 2 of 3:                         0x1c38
  .bss               zero     0x2000'0b04   0x4b0  user_app_comm.o [1]
  .bss               zero     0x2000'0fb4   0x400  glcd.o [1]
  .bss               zero     0x2000'13b4   0x400  user_adv_trace.o [1]
  .bss               zero     0x2000'17b4   0x200  user_adv_trace.o [1]
  .bss               zero     0x2000'19b4   0x200  user_connect_sensor.o [1]
  .bss               zero     0x2000'1bb4   0x200  user_rs485.o [1]
  .bss               zero     0x2000'1db4   0x1a4  lcd_display.o [1]
  .bss               zero     0x2000'1f58    0x88  usart.o [1]
  .bss               zero     0x2000'1fe0    0x88  usart.o [1]
  .bss               zero     0x2000'2068    0x88  usart.o [1]
  .bss               zero     0x2000'20f0    0x80  user_app_modbus_rtu.o [1]
  .bss               zero     0x2000'2170    0x80  user_app_modbus_rtu.o [1]
  .bss               zero     0x2000'21f0    0x80  user_app_modbus_rtu.o [1]
  .bss               zero     0x2000'2270    0x80  user_at_serial.o [1]
  .bss               zero     0x2000'22f0    0x80  user_at_serial.o [1]
  .bss               zero     0x2000'2370    0x6c  lcd_display.o [1]
  .bss               zero     0x2000'23dc    0x64  spi.o [1]
  .bss               zero     0x2000'2440    0x64  user_app_comm.o [1]
  .bss               zero     0x2000'24a4    0x48  usart.o [1]
  .bss               zero     0x2000'24ec    0x48  usart.o [1]
  .bss               zero     0x2000'2534    0x48  usart.o [1]
  .bss               zero     0x2000'257c    0x2c  user_rtc.o [1]
  .bss               zero     0x2000'25a8    0x28  user_app_sensor.o [1]
  .bss               zero     0x2000'25d0    0x28  user_app_sensor.o [1]
  .bss               zero     0x2000'25f8    0x24  rtc.o [1]
  .bss               zero     0x2000'261c    0x1c  user_app_sensor.o [1]
  .bss               zero     0x2000'2638    0x1c  user_rtc.o [1]
  .bss               zero     0x2000'2654    0x18  button.o [1]
  .bss               zero     0x2000'266c    0x18  user_adv_trace.o [1]
  .bss               zero     0x2000'2684    0x18  user_app_comm.o [1]
  .bss               zero     0x2000'269c    0x10  lcd_display.o [1]
  .bss               zero     0x2000'26ac     0xc  text.o [1]
  .bss               zero     0x2000'26b8     0xc  user_app_sensor.o [1]
  .bss               zero     0x2000'26c4     0xc  user_util.o [1]
  .bss               zero     0x2000'26d0     0x4  button.o [1]
  .bss               zero     0x2000'26d4     0x4  glcd.o [1]
  .bss               zero     0x2000'26d8     0x4  glcd.o [1]
  .bss               zero     0x2000'26dc     0x4  glcd.o [1]
  .bss               zero     0x2000'26e0     0x4  lcd_display.o [1]
  .bss               zero     0x2000'26e4     0x4  stm32l4xx_hal.o [1]
  .bss               zero     0x2000'26e8     0x4  stm32l4xx_it.o [1]
  .bss               zero     0x2000'26ec     0x4  user_app_comm.o [1]
  .bss               zero     0x2000'26f0     0x4  user_app_sensor.o [1]
  .bss               zero     0x2000'26f4     0x4  user_app_sensor.o [1]
  .bss               zero     0x2000'26f8     0x4  user_app_sensor.o [1]
  .bss               zero     0x2000'26fc     0x4  user_app_sensor.o [1]
  .bss               zero     0x2000'2700     0x4  user_rtc.o [1]
  .bss               zero     0x2000'2704     0x4  user_timer.o [1]
  .bss               zero     0x2000'2708     0x4  user_util.o [1]
  .bss               zero     0x2000'270c     0x4  user_util.o [1]
  .bss               zero     0x2000'2710     0x4  user_util.o [1]
  .bss               zero     0x2000'2714     0x4  xfail_s.o [2]
  .bss               zero     0x2000'2718     0x2  button.o [1]
  .bss               zero     0x2000'271a     0x2  button.o [1]
  .bss               zero     0x2000'271c     0x2  lcd_display.o [1]
  .bss               zero     0x2000'271e     0x2  user_app_comm.o [1]
  .bss               zero     0x2000'2720     0x2  user_app_comm.o [1]
  .bss               zero     0x2000'2722     0x2  user_app_sensor.o [1]
  .bss               zero     0x2000'2724     0x2  user_app_sensor.o [1]
  .bss               zero     0x2000'2726     0x2  user_uart.o [1]
  .bss               zero     0x2000'2728     0x1  button.o [1]
  .bss               zero     0x2000'2729     0x1  lcd_display.o [1]
  .bss               zero     0x2000'272a     0x1  lcd_display.o [1]
  .bss               zero     0x2000'272b     0x1  lcd_display.o [1]
  .bss               zero     0x2000'272c     0x1  stm32l4xx_it.o [1]
  .bss               zero     0x2000'272d     0x1  user_app_comm.o [1]
  .bss               zero     0x2000'272e     0x1  user_app_comm.o [1]
  .bss               zero     0x2000'272f     0x1  user_app_rs485.o [1]
  .bss               zero     0x2000'2730     0x1  user_app_sensor.o [1]
  .bss               zero     0x2000'2731     0x1  user_app_sensor.o [1]
  .bss               zero     0x2000'2732     0x1  user_app_sensor.o [1]
  .bss               zero     0x2000'2733     0x1  user_at_serial.o [1]
  .bss               zero     0x2000'2734     0x1  user_connect_sensor.o [1]
  .bss               zero     0x2000'2735     0x1  user_connect_sensor.o [1]
  .bss               zero     0x2000'2736     0x1  user_rs485.o [1]
  .bss               zero     0x2000'2737     0x1  user_rs485.o [1]
  .bss               zero     0x2000'2738     0x1  user_rtc.o [1]
  .bss               zero     0x2000'2739     0x1  user_uart.o [1]
                            - 0x2000'273a  0x1c36

"P2", part 3 of 3:                          0x400
  CSTACK                      0x2000'2740   0x400  <Block>
    CSTACK           uninit   0x2000'2740   0x400  <Block tail>
                            - 0x2000'2b40   0x400

Unused ranges:

         From           To      Size
         ----           --      ----
   0x800'eeb1   0x803'ffff  0x3'114f
  0x2000'0b01  0x2000'0b03       0x3
  0x2000'273c  0x2000'273f       0x4
  0x2000'2b40  0x2000'ffff    0xd4c0


*******************************************************************************
*** INIT TABLE
***

          Address      Size
          -------      ----
Zero (__iar_zero_init3)
    1 destination range, total size 0x1c36:
          0x2000'0b04  0x1c36

Copy/lz77 (__iar_lz77_init_single3)
    1 source range, total size 0x4d5 (43% of destination):
           0x800'e9dc   0x4d5
    1 destination range, total size 0xb01:
          0x2000'0000   0xb01



*******************************************************************************
*** MODULE SUMMARY
***

    Module                    ro code  ro data  rw data
    ------                    -------  -------  -------
command line/config:
    ---------------------------------------------------
    Total:

D:\Saoviet_Git\Saoviet_EnviroTrack_M_And_S_RawWater\Project_Slave_Chemins_pH\Project_Slave_Sensor_EnviroTrack\EWARM\Project_Slave_Sensor_EnviroTrack\Obj: [1]
    ST7565R.o                     348
    STM32L4.o                     176
    button.o                    4'552        5       45
    dma.o                          96
    event_driven.o                 84
    glcd.o                        272             1'036
    gpio.o                        464
    graphics.o                    512
    lcd_display.o               2'872    1'995    1'642
    main.o                        194
    onchipflash.o                 370
    rtc.o                         336                36
    spi.o                         200               100
    startup_stm32l433xx.o         648
    stm32l4xx_hal.o               208        1        9
    stm32l4xx_hal_cortex.o        404
    stm32l4xx_hal_dma.o         1'058
    stm32l4xx_hal_flash.o         440       14       32
    stm32l4xx_hal_flash_ex.o      160
    stm32l4xx_hal_gpio.o          896
    stm32l4xx_hal_msp.o            56
    stm32l4xx_hal_pwr_ex.o        148
    stm32l4xx_hal_rcc.o         2'556
    stm32l4xx_hal_rcc_ex.o      1'256
    stm32l4xx_hal_rtc.o         1'934
    stm32l4xx_hal_rtc_ex.o         74
    stm32l4xx_hal_spi.o         1'322
    stm32l4xx_hal_uart.o        4'044
    stm32l4xx_hal_uart_ex.o       114
    stm32l4xx_it.o                212                 5
    system_stm32l4xx.o             16       74        4
    text.o                        912                12
    text_tiny.o                   656
    unit_tests.o                   20    1'024
    usart.o                       924               624
    user_adv_trace.o              570             1'560
    user_app_comm.o             1'200      140    1'462
    user_app_modbus_rtu.o       2'356      110      598
    user_app_rs485.o              384       29       65
    user_app_sensor.o           4'260      225      283
    user_at_serial.o              476    1'384    1'305
    user_connect_sensor.o         116        4      522
    user_convert_variable.o     1'036
    user_modbus_rtu.o             848
    user_rs485.o                  112        3      522
    user_rtc.o                    936      100       77
    user_string.o                 486
    user_time.o                    88
    user_timer.o                  784                 4
    user_tiny_vsnprintf.o         848       92        8
    user_uart.o                   296       28        3
    user_util.o                   540        9       25
    ---------------------------------------------------
    Total:                     43'870    5'237    9'979

dl7M_tlf.a: [2]
    abort.o                         6
    abs.o                           8
    exit.o                          4
    low_level_init.o                4
    sprintf.o                      64
    xfail_s.o                      64                 4
    xlocale_c.o                     8       27       56
    xprintffull_nomb.o          4'038        8
    xsprout.o                      10
    ---------------------------------------------------
    Total:                      4'206       35       60

m7M_tls.a: [3]
    DblAdd.o                      378
    DblCmpEq.o                     32
    DblCmpGe.o                     46
    DblCmpLe.o                     46
    DblDiv.o                      582
    DblMul.o                      418
    DblSub.o                      226
    DblToFlt.o                    104
    DblToS32.o                     58
    DblToU32.o                     40
    FltToDbl.o                     72
    S32ToDbl.o                     34
    U32ToDbl.o                     26
    fpinit_M.o                     34
    frexp.o                       112
    iar_Exp64.o                 1'000
    ldexp.o                       314
    math_wrappers64.o              22
    pow64.o                     1'772    1'056
    ---------------------------------------------------
    Total:                      5'316    1'056

rt7M_tl.a: [4]
    ABImemcpy.o                   166
    ABImemset.o                   102
    I64DivMod.o                   560
    I64DivZer.o                     2
    cexit.o                        10
    cmain.o                        30
    cstartup_M.o                   12
    data_init.o                    40
    lz77_init_single.o            120
    memchr.o                       88
    memset.o                       20
    strchr.o                       22
    strlen.o                       54
    zero_init3.o                   58
    ---------------------------------------------------
    Total:                      1'284

shb_l.a: [5]
    exit.o                         20
    ---------------------------------------------------
    Total:                         20

    Gaps                           41        8
    Linker created                          32    1'024
-------------------------------------------------------
    Grand Total:               54'737    6'368   11'063


*******************************************************************************
*** ENTRY LIST
***

Entry                       Address   Size  Type      Object
-----                       -------   ----  ----      ------
.iar.init_table$$Base    0x800'e200          --   Gb  - Linker created -
.iar.init_table$$Limit   0x800'e220          --   Gb  - Linker created -
?main                    0x800'e241         Code  Gb  cmain.o [4]
ADV_TRACE_Buffer        0x2000'13b4  0x400  Data  Lc  user_adv_trace.o [1]
ADV_TRACE_Ctx           0x2000'266c   0x18  Data  Lc  user_adv_trace.o [1]
AHBPrescTable            0x800'e420   0x10  Data  Gb  system_stm32l4xx.o [1]
APBPrescTable            0x800'e868    0x8  Data  Gb  system_stm32l4xx.o [1]
AT_CMD_Get_BR_Slave      0x800'3259   0x52  Code  Gb  user_app_sensor.o [1]
AT_CMD_Get_ID_Slave      0x800'315d   0x52  Code  Gb  user_app_sensor.o [1]
AT_CMD_Reset_Slave       0x800'30ad   0x4a  Code  Gb  user_app_sensor.o [1]
AT_CMD_Restore_Slave     0x800'30f7   0x5a  Code  Gb  user_app_sensor.o [1]
AT_CMD_Set_BR_Slave      0x800'32b1   0x94  Code  Gb  user_app_sensor.o [1]
AT_CMD_Set_ID_Slave      0x800'31bd   0x96  Code  Gb  user_app_sensor.o [1]
AppComm_DBG_Init_RX_Mode
                         0x800'b53d   0x1e  Code  Gb  user_app_comm.o [1]
AppComm_DBG_Init_Uart    0x800'b535    0x8  Code  Gb  user_app_comm.o [1]
AppComm_DBG_Rx_Callback
                         0x800'b563  0x176  Code  Gb  user_app_comm.o [1]
AppComm_DBG_Stop_RX_Mode
                         0x800'b561    0x2  Code  Gb  user_app_comm.o [1]
AppComm_Get_Reset_Source
                         0x800'b4fd   0x38  Code  Gb  user_app_comm.o [1]
AppComm_IRQ_Timer_CallBack
                         0x800'b4bd    0xc  Code  Gb  user_app_comm.o [1]
AppComm_Init             0x800'b3fd   0x20  Code  Gb  user_app_comm.o [1]
AppComm_Set_Next_TxTimer
                         0x800'b4e3    0x2  Code  Gb  user_app_comm.o [1]
AppComm_Task             0x800'b41d   0x9e  Code  Gb  user_app_comm.o [1]
AppComm_Uart_Debug_Send
                         0x800'b4e5   0x18  Code  Lc  user_app_comm.o [1]
AppRs485_Task            0x800'c8f9   0x84  Code  Gb  user_app_rs485.o [1]
AppSensor_Task           0x800'3385   0x84  Code  Gb  user_app_sensor.o [1]
BUTTON_Down_Process      0x800'0d31  0x22a  Code  Gb  button.o [1]
BUTTON_ESC_Process       0x800'0f65  0x3b8  Code  Gb  button.o [1]
BUTTON_Enter_Process     0x800'02e5  0x816  Code  Gb  button.o [1]
BUTTON_Process           0x800'018d   0x34  Code  Gb  button.o [1]
BUTTON_Up_Process        0x800'0afb  0x216  Code  Gb  button.o [1]
BUTTON_scan              0x800'01c1  0x124  Code  Gb  button.o [1]
BUTTON_scan::block_time
                        0x2000'2718    0x2  Data  Lc  button.o [1]
BUTTON_scan::hold       0x2000'26d0    0x4  Data  Lc  button.o [1]
BUTTON_scan::last_value
                        0x2000'2728    0x1  Data  Lc  button.o [1]
BusFault_Handler         0x800'df43    0x2  Code  Gb  stm32l4xx_it.o [1]
CSTACK$$Base            0x2000'2740          --   Gb  - Linker created -
CSTACK$$Limit           0x2000'2b40          --   Gb  - Linker created -
Cal_Time                 0x800'16f3   0x12  Code  Gb  user_util.o [1]
Calculator_Scale         0x800'3e01   0x54  Code  Gb  user_convert_variable.o [1]
CheckList_AT_CONFIG     0x2000'069c  0x410  Data  Gb  user_at_serial.o [1]
Check_Time_Out           0x800'16d5   0x1e  Code  Gb  user_util.o [1]
Convert_Point_Int_To_String
                         0x800'3e55   0xce  Code  Gb  user_convert_variable.o [1]
Convert_Point_Int_To_String_Scale
                         0x800'3f23   0xea  Code  Gb  user_convert_variable.o [1]
Convert_Scale            0x800'1845   0x5c  Code  Gb  user_util.o [1]
Convert_String_To_Dec    0x800'417d   0x5c  Code  Gb  user_convert_variable.o [1]
Convert_uint32Hex_To_Float
                         0x800'4039  0x144  Code  Gb  user_convert_variable.o [1]
CountBufferHandleRecvSS
                        0x2000'2722    0x2  Data  Gb  user_app_sensor.o [1]
DMA1_Channel3_IRQHandler
                         0x800'df9d    0xa  Code  Gb  stm32l4xx_it.o [1]
DMA1_Channel5_IRQHandler
                         0x800'dfa7    0xa  Code  Gb  stm32l4xx_it.o [1]
DMA2_Channel7_IRQHandler
                         0x800'dfcf    0xa  Code  Gb  stm32l4xx_it.o [1]
DMA_SetConfig            0x800'96b9   0x32  Code  Lc  stm32l4xx_hal_dma.o [1]
DaysInMonth              0x800'e80c    0xc  Data  Lc  user_rtc.o [1]
DaysInMonthLeapYear      0x800'e818    0xc  Data  Lc  user_rtc.o [1]
DebugMon_Handler         0x800'df49    0x2  Code  Gb  stm32l4xx_it.o [1]
Display_Check_Password   0x800'22c9   0x2e  Code  Gb  lcd_display.o [1]
Display_Check_Toggle     0x800'214f   0xac  Code  Gb  lcd_display.o [1]
Display_Check_Toggle::Hide
                        0x2000'2370   0x6c  Data  Lc  lcd_display.o [1]
Display_Check_Toggle::LandMarkToggle_u32
                        0x2000'1db4  0x1a4  Data  Lc  lcd_display.o [1]
Display_Init             0x800'18f1   0xb2  Code  Gb  lcd_display.o [1]
Display_Set_Screen       0x800'2293   0x36  Code  Gb  lcd_display.o [1]
Display_Set_Screen_Flag
                         0x800'224d   0x46  Code  Gb  lcd_display.o [1]
Display_Show_Oject       0x800'1daf  0x3a0  Code  Gb  lcd_display.o [1]
Display_Show_Screen      0x800'21fb   0x52  Code  Gb  lcd_display.o [1]
Display_Show_State_Sensor_Network
                         0x800'230b   0x34  Code  Gb  lcd_display.o [1]
Display_Show_State_Setting
                         0x800'233f   0x5c  Code  Gb  lcd_display.o [1]
Display_Show_Static_Param
                         0x800'22f7   0x14  Code  Gb  lcd_display.o [1]
Display_Task             0x800'19a3   0x7e  Code  Gb  lcd_display.o [1]
Error_Handler            0x800'8dc9    0x4  Code  Gb  main.o [1]
FLASH_FlushCaches        0x800'a5ff   0x6a  Code  Gb  stm32l4xx_hal_flash_ex.o [1]
FLASH_PageErase          0x800'a5d5   0x2a  Code  Gb  stm32l4xx_hal_flash_ex.o [1]
FLASH_Program_DoubleWord
                         0x800'a563   0x1a  Code  Lc  stm32l4xx_hal_flash.o [1]
FLASH_Program_Fast       0x800'a57d   0x32  Code  Lc  stm32l4xx_hal_flash.o [1]
FLASH_WaitForLastOperation
                         0x800'a4fd   0x66  Code  Gb  stm32l4xx_hal_flash.o [1]
Filter_Temp              0x800'2c65    0x2  Code  Gb  user_app_sensor.o [1]
Filter_pH                0x800'2ba5   0xc0  Code  Gb  user_app_sensor.o [1]
Filter_pH::P            0x2000'0690    0x4  Data  Lc  user_app_sensor.o [1]
Filter_pH::x_est        0x2000'26f8    0x4  Data  Lc  user_app_sensor.o [1]
Filter_pH::x_est_last   0x2000'26fc    0x4  Data  Lc  user_app_sensor.o [1]
Find_String_V2           0x800'd0af  0x130  Code  Gb  user_string.o [1]
Find_str_fix             0x800'd201   0x94  Code  Gb  user_string.o [1]
Flag_gettick            0x2000'272c    0x1  Data  Gb  stm32l4xx_it.o [1]
Font5x7                  0x800'dd28  0x214  Data  Lc  lcd_display.o [1]
Get_RTC                  0x800'c7c9   0x4e  Code  Gb  user_time.o [1]
HAL_DMA_Abort            0x800'9515   0x54  Code  Gb  stm32l4xx_hal_dma.o [1]
HAL_DMA_Abort_IT         0x800'9569   0x5e  Code  Gb  stm32l4xx_hal_dma.o [1]
HAL_DMA_DeInit           0x800'93a9   0xb8  Code  Gb  stm32l4xx_hal_dma.o [1]
HAL_DMA_IRQHandler       0x800'95c7   0xf2  Code  Gb  stm32l4xx_hal_dma.o [1]
HAL_DMA_Init             0x800'92c9   0xe0  Code  Gb  stm32l4xx_hal_dma.o [1]
HAL_DMA_Start_IT         0x800'947d   0x98  Code  Gb  stm32l4xx_hal_dma.o [1]
HAL_Delay                0x800'598d   0x28  Code  Wk  stm32l4xx_hal.o [1]
HAL_FLASH_Lock           0x800'a4ef    0xe  Code  Gb  stm32l4xx_hal_flash.o [1]
HAL_FLASH_Program        0x800'a41d   0xb0  Code  Gb  stm32l4xx_hal_flash.o [1]
HAL_FLASH_Unlock         0x800'a4cd   0x22  Code  Gb  stm32l4xx_hal_flash.o [1]
HAL_GPIO_DeInit          0x800'1517  0x166  Code  Gb  stm32l4xx_hal_gpio.o [1]
HAL_GPIO_Init            0x800'1355  0x1c2  Code  Gb  stm32l4xx_hal_gpio.o [1]
HAL_GPIO_ReadPin         0x800'167d   0x16  Code  Gb  stm32l4xx_hal_gpio.o [1]
HAL_GPIO_WritePin        0x800'1693   0x18  Code  Gb  stm32l4xx_hal_gpio.o [1]
HAL_GetTick              0x800'46c5    0xc  Code  Wk  stm32l4xx_hal.o [1]
HAL_IncTick              0x800'e011   0x18  Code  Wk  stm32l4xx_hal.o [1]
HAL_Init                 0x800'af19   0x24  Code  Gb  stm32l4xx_hal.o [1]
HAL_InitTick             0x800'baad   0x60  Code  Wk  stm32l4xx_hal.o [1]
HAL_MspInit              0x800'bb15   0x38  Code  Gb  stm32l4xx_hal_msp.o [1]
HAL_NVIC_DisableIRQ      0x800'9843    0xe  Code  Gb  stm32l4xx_hal_cortex.o [1]
HAL_NVIC_EnableIRQ       0x800'9835    0xe  Code  Gb  stm32l4xx_hal_cortex.o [1]
HAL_NVIC_SetPriority     0x800'980b   0x2a  Code  Gb  stm32l4xx_hal_cortex.o [1]
HAL_NVIC_SetPriorityGrouping
                         0x800'97ff    0xc  Code  Gb  stm32l4xx_hal_cortex.o [1]
HAL_PWREx_ControlVoltageScaling
                         0x800'b779   0x76  Code  Gb  stm32l4xx_hal_pwr_ex.o [1]
HAL_PWREx_GetVoltageRange
                         0x800'b76d    0xc  Code  Gb  stm32l4xx_hal_pwr_ex.o [1]
HAL_RCCEx_PeriphCLKConfig
                         0x800'8de1  0x34c  Code  Gb  stm32l4xx_hal_rcc_ex.o [1]
HAL_RCC_ClockConfig      0x800'a0a5  0x17a  Code  Gb  stm32l4xx_hal_rcc.o [1]
HAL_RCC_GetHCLKFreq      0x800'a2f3    0x6  Code  Gb  stm32l4xx_hal_rcc.o [1]
HAL_RCC_GetPCLK1Freq     0x800'a2f9   0x1a  Code  Gb  stm32l4xx_hal_rcc.o [1]
HAL_RCC_GetPCLK2Freq     0x800'a313   0x1a  Code  Gb  stm32l4xx_hal_rcc.o [1]
HAL_RCC_GetResetSource   0x800'a33d   0x12  Code  Gb  stm32l4xx_hal_rcc.o [1]
HAL_RCC_GetSysClockFreq
                         0x800'a21f   0xd4  Code  Gb  stm32l4xx_hal_rcc.o [1]
HAL_RCC_OscConfig        0x800'9a1d  0x688  Code  Gb  stm32l4xx_hal_rcc.o [1]
HAL_RTCEx_AlarmBEventCallback
                         0x800'd0ad    0x2  Code  Wk  stm32l4xx_hal_rtc_ex.o [1]
HAL_RTCEx_EnableBypassShadow
                         0x800'd295   0x48  Code  Gb  stm32l4xx_hal_rtc_ex.o [1]
HAL_RTC_AlarmAEventCallback
                         0x800'ce15    0xc  Code  Gb  user_rtc.o [1]
HAL_RTC_AlarmIRQHandler
                         0x800'c151   0x60  Code  Gb  stm32l4xx_hal_rtc.o [1]
HAL_RTC_DeactivateAlarm
                         0x800'c077   0xda  Code  Gb  stm32l4xx_hal_rtc.o [1]
HAL_RTC_GetDate          0x800'be3f   0x52  Code  Gb  stm32l4xx_hal_rtc.o [1]
HAL_RTC_GetTime          0x800'bd0d   0x66  Code  Gb  stm32l4xx_hal_rtc.o [1]
HAL_RTC_Init             0x800'bb4d   0xca  Code  Gb  stm32l4xx_hal_rtc.o [1]
HAL_RTC_MspInit          0x800'b261   0x50  Code  Gb  rtc.o [1]
HAL_RTC_SetAlarm_IT      0x800'be91  0x1e6  Code  Gb  stm32l4xx_hal_rtc.o [1]
HAL_RTC_SetDate          0x800'bd73   0xcc  Code  Gb  stm32l4xx_hal_rtc.o [1]
HAL_RTC_SetTime          0x800'bc17   0xf6  Code  Gb  stm32l4xx_hal_rtc.o [1]
HAL_RTC_WaitForSynchro   0x800'c1b1   0x2e  Code  Gb  stm32l4xx_hal_rtc.o [1]
HAL_SPI_Init             0x800'87d9   0xf8  Code  Gb  stm32l4xx_hal_spi.o [1]
HAL_SPI_MspInit          0x800'aea1   0x62  Code  Gb  spi.o [1]
HAL_SPI_Transmit         0x800'88d1  0x1fe  Code  Gb  stm32l4xx_hal_spi.o [1]
HAL_SYSTICK_Config       0x800'9851    0xc  Code  Gb  stm32l4xx_hal_cortex.o [1]
HAL_UARTEx_ReceiveToIdle_DMA
                         0x800'99a9   0x70  Code  Gb  stm32l4xx_hal_uart_ex.o [1]
HAL_UARTEx_RxEventCallback
                         0x800'98b7   0x3e  Code  Gb  user_uart.o [1]
HAL_UARTEx_WakeupCallback
                         0x800'9a19    0x2  Code  Wk  stm32l4xx_hal_uart_ex.o [1]
HAL_UART_ErrorCallback   0x800'98f5   0x3e  Code  Gb  user_uart.o [1]
HAL_UART_IRQHandler      0x800'5b59  0x35c  Code  Gb  stm32l4xx_hal_uart.o [1]
HAL_UART_Init            0x800'59b5   0x7a  Code  Gb  stm32l4xx_hal_uart.o [1]
HAL_UART_MspDeInit       0x800'5851   0x80  Code  Gb  usart.o [1]
HAL_UART_MspInit         0x800'562d  0x224  Code  Gb  usart.o [1]
HAL_UART_Receive_IT      0x800'5afb   0x5e  Code  Gb  stm32l4xx_hal_uart.o [1]
HAL_UART_RxCpltCallback
                         0x800'9881   0x36  Code  Gb  user_uart.o [1]
HAL_UART_Transmit        0x800'5a2f   0xcc  Code  Gb  stm32l4xx_hal_uart.o [1]
Handle_Data_Measure      0x800'26e1   0xd0  Code  Gb  user_app_sensor.o [1]
Handle_Data_Recv_SS_pH   0x800'28d1   0xe8  Code  Gb  user_app_sensor.o [1]
Handle_Data_Recv_Sensor
                         0x800'27c3   0x20  Code  Gb  user_app_sensor.o [1]
Handle_Data_Trans_SS_pH
                         0x800'27f7   0xd8  Code  Gb  user_app_sensor.o [1]
Handle_Data_Trans_Sensor
                         0x800'27b1   0x12  Code  Gb  user_app_sensor.o [1]
Handle_Float_To_hexUint32
                         0x800'41e9   0x24  Code  Gb  user_convert_variable.o [1]
Handle_State_SS_pH       0x800'29c1   0x68  Code  Gb  user_app_sensor.o [1]
Handle_State_Sensor      0x800'27e3   0x14  Code  Gb  user_app_sensor.o [1]
HardFault_Handler        0x800'df3f    0x2  Code  Gb  stm32l4xx_it.o [1]
IndexUartError          0x2000'2739    0x1  Data  Lc  user_uart.o [1]
Init_AppRs485            0x800'c8e3   0x16  Code  Gb  user_app_rs485.o [1]
Init_AppSensor           0x800'3345   0x3a  Code  Gb  user_app_sensor.o [1]
Init_InforSlaveModbusRTU
                         0x800'3a23   0x30  Code  Gb  user_app_modbus_rtu.o [1]
Init_ParamCalib          0x800'2e9d   0x92  Code  Gb  user_app_sensor.o [1]
Init_TempAlarm           0x800'3009   0x9e  Code  Gb  user_app_sensor.o [1]
Init_UartRs485           0x800'c8a5   0x3e  Code  Gb  user_app_rs485.o [1]
Insert_String_To_String
                         0x800'400d   0x2a  Code  Gb  user_convert_variable.o [1]
Kind_Trans_Calib        0x2000'2730    0x1  Data  Gb  user_app_sensor.o [1]
LPUART1_IRQHandler       0x800'dfd9    0xa  Code  Gb  stm32l4xx_it.o [1]
Liberation_Sans15x21_Numbers
                         0x800'db00  0x228  Data  Lc  lcd_display.o [1]
MSIRangeTable            0x800'e108   0x30  Data  Gb  system_stm32l4xx.o [1]
MX_DMA_Init              0x800'b10d   0x60  Code  Gb  dma.o [1]
MX_GPIO_Init             0x800'af3d  0x1d0  Code  Gb  gpio.o [1]
MX_LPUART1_UART_Init     0x800'557d   0x38  Code  Gb  usart.o [1]
MX_RTC_Init              0x800'b16d   0xf4  Code  Gb  rtc.o [1]
MX_SPI2_Init             0x800'ae51   0x50  Code  Gb  spi.o [1]
MX_USART1_UART_Init      0x800'55b5   0x3c  Code  Gb  usart.o [1]
MX_USART3_UART_Init      0x800'55f1   0x3c  Code  Gb  usart.o [1]
Main_Task                0x800'b3c1   0x3c  Code  Gb  user_app_comm.o [1]
MemManage_Handler        0x800'df41    0x2  Code  Gb  stm32l4xx_it.o [1]
ModRTU_CRC               0x800'522d   0x3c  Code  Gb  user_modbus_rtu.o [1]
ModRTU_Master_Read_Frame
                         0x800'5269   0x9c  Code  Gb  user_modbus_rtu.o [1]
ModRTU_Master_Write_Frame
                         0x800'5305   0xe8  Code  Gb  user_modbus_rtu.o [1]
ModRTU_Slave_ACK_Read_Frame
                         0x800'53ed   0xa2  Code  Gb  user_modbus_rtu.o [1]
ModRTU_Slave_ACK_Write_Frame
                         0x800'548f   0xee  Code  Gb  user_modbus_rtu.o [1]
Modem_Check_AT           0x800'c5ed  0x1dc  Code  Gb  user_at_serial.o [1]
Modem_Check_RTU          0x800'3a53  0x37e  Code  Gb  user_app_modbus_rtu.o [1]
NMI_Handler              0x800'df3d    0x2  Code  Gb  stm32l4xx_it.o [1]
NONE_Register_CallBack   0x800'34cd    0x6  Code  Gb  user_app_modbus_rtu.o [1]
NVIC_EncodePriority      0x800'978f   0x40  Code  Lc  stm32l4xx_hal_cortex.o [1]
OldPosDMADebug          0x2000'271e    0x2  Data  Lc  user_app_comm.o [1]
Old_Value_i16           0x2000'271a    0x2  Data  Gb  button.o [1]
On_Speaker               0x800'1c77   0x24  Code  Gb  lcd_display.o [1]
OnchipFlashPageErase     0x800'6a09   0x5a  Code  Gb  onchipflash.o [1]
OnchipFlashWriteData     0x800'697d   0x8c  Code  Gb  onchipflash.o [1]
PendSV_Handler           0x800'df4b    0x2  Code  Gb  stm32l4xx_it.o [1]
PortConfig              0x2000'2733    0x1  Data  Gb  user_at_serial.o [1]
RC                       0x800'd1df   0x22  Code  Gb  user_string.o [1]
RCCEx_PLLSAI1_Config     0x800'9141  0x16e  Code  Lc  stm32l4xx_hal_rcc_ex.o [1]
RCC_SetFlashLatencyFromMSIRange
                         0x800'a355   0x8a  Code  Lc  stm32l4xx_hal_rcc.o [1]
RS485SS_Init_Data        0x800'5919   0x10  Code  Gb  user_connect_sensor.o [1]
RS485SS_Init_RX_Mode     0x800'5929   0x1e  Code  Gb  user_connect_sensor.o [1]
RS485SS_Rx_Callback      0x800'5949   0x34  Code  Gb  user_connect_sensor.o [1]
RS485SS_Stop_RX_Mode     0x800'5947    0x2  Code  Gb  user_connect_sensor.o [1]
RS485_Done_Calib         0x800'2c67   0x1c  Code  Gb  user_app_sensor.o [1]
RS485_Enter_Calib        0x800'2c8d   0x20  Code  Gb  user_app_sensor.o [1]
RS485_Init_RX_Mode       0x800'b801   0x1e  Code  Gb  user_rs485.o [1]
RS485_LogData_Calib      0x800'2cad   0x78  Code  Gb  user_app_sensor.o [1]
RS485_Rx_Callback        0x800'b821   0x3c  Code  Gb  user_rs485.o [1]
RS485_Stop_RX_Mode       0x800'b81f    0x2  Code  Gb  user_rs485.o [1]
RTC_AlarmStructure      0x2000'257c   0x2c  Data  Lc  user_rtc.o [1]
RTC_Alarm_IRQHandler     0x800'dfc5    0xa  Code  Gb  stm32l4xx_it.o [1]
RTC_Bcd2ToByte           0x800'c2c5   0x16  Code  Gb  stm32l4xx_hal_rtc.o [1]
RTC_ByteToBcd2           0x800'c2a9   0x1c  Code  Gb  stm32l4xx_hal_rtc.o [1]
RTC_EnterInitMode        0x800'c1df   0x4c  Code  Gb  stm32l4xx_hal_rtc.o [1]
RTC_ExitInitMode         0x800'c22b   0x58  Code  Gb  stm32l4xx_hal_rtc.o [1]
RTC_GetCalendarValue     0x800'cfe7   0x90  Code  Lc  user_rtc.o [1]
RTC_IF_Convert_Tick2ms   0x800'ce05   0x10  Code  Gb  user_rtc.o [1]
RTC_IF_Convert_ms2Tick   0x800'cdf3   0x12  Code  Gb  user_rtc.o [1]
RTC_IF_GetMinimumTimeout
                         0x800'cdef    0x4  Code  Gb  user_rtc.o [1]
RTC_IF_GetTimerContext   0x800'cdb3    0x8  Code  Gb  user_rtc.o [1]
RTC_IF_GetTimerElapsedTime
                         0x800'cdbb   0x16  Code  Gb  user_rtc.o [1]
RTC_IF_GetTimerValue     0x800'cdd1   0x1e  Code  Gb  user_rtc.o [1]
RTC_IF_Init              0x800'cd3d   0x30  Code  Gb  user_rtc.o [1]
RTC_IF_SetTimerContext   0x800'cd9d   0x16  Code  Gb  user_rtc.o [1]
RTC_IF_StartTimer        0x800'cd6d    0xe  Code  Gb  user_rtc.o [1]
RTC_IF_StopTimer         0x800'cd7b   0x22  Code  Gb  user_rtc.o [1]
RTC_Initalized          0x2000'2738    0x1  Data  Lc  user_rtc.o [1]
RTC_StartWakeUpAlarm     0x800'ce21  0x1c6  Code  Lc  user_rtc.o [1]
ReInit_Rx_Mode_Uart_Error
                         0x800'9933   0x5a  Code  Gb  user_uart.o [1]
Read_Register_Rs485      0x800'2d29   0x66  Code  Gb  user_app_sensor.o [1]
Region$$Table$$Base      0x800'e200          --   Gb  - Linker created -
Region$$Table$$Limit     0x800'e220          --   Gb  - Linker created -
Reset_Buff               0x800'1765   0x24  Code  Gb  user_util.o [1]
Rs485SSStatus_u8        0x2000'2735    0x1  Data  Gb  user_connect_sensor.o [1]
Rs485Status_u8          0x2000'2737    0x1  Data  Gb  user_rs485.o [1]
RtCountSystick_u32      0x2000'2708    0x4  Data  Gb  user_util.o [1]
RtcTimerContext         0x2000'2638   0x1c  Data  Lc  user_rtc.o [1]
SPI_EndRxTxTransaction   0x800'8c99   0x6a  Code  Lc  stm32l4xx_hal_spi.o [1]
SPI_WaitFifoStateUntilTimeout
                         0x800'8ba7   0xee  Code  Lc  stm32l4xx_hal_spi.o [1]
SPI_WaitFlagStateUntilTimeout
                         0x800'8acf   0xd8  Code  Lc  stm32l4xx_hal_spi.o [1]
SVC_Handler              0x800'df47    0x2  Code  Gb  stm32l4xx_it.o [1]
Save_Array               0x800'6a69   0x86  Code  Gb  onchipflash.o [1]
Save_InforSlaveModbusRTU
                         0x800'39df   0x44  Code  Gb  user_app_modbus_rtu.o [1]
Save_ParamCalib          0x800'2dcf   0xba  Code  Gb  user_app_sensor.o [1]
Save_TempAlarm           0x800'2f2f   0xce  Code  Gb  user_app_sensor.o [1]
Send_RS458_Master        0x800'39a7   0x38  Code  Gb  user_app_modbus_rtu.o [1]
Send_RS458_Sensor        0x800'2d8f   0x40  Code  Gb  user_app_sensor.o [1]
SysApp_Init              0x800'b379    0xc  Code  Gb  user_app_comm.o [1]
SysApp_Setting           0x800'b385   0x3c  Code  Gb  user_app_comm.o [1]
SysTick_Config           0x800'97cf   0x30  Code  Lc  stm32l4xx_hal_cortex.o [1]
SysTick_Handler          0x800'df4d   0x50  Code  Gb  stm32l4xx_it.o [1]
SystemClock_Config       0x800'8d37   0x92  Code  Gb  main.o [1]
SystemCoreClock         0x2000'0470    0x4  Data  Gb  system_stm32l4xx.o [1]
SystemInit               0x800'e611    0xc  Code  Gb  system_stm32l4xx.o [1]
TRACE_AllocateBufer      0x800'b9d1   0xa2  Code  Lc  user_adv_trace.o [1]
TRACE_IsLocked           0x800'ba87   0x10  Code  Lc  user_adv_trace.o [1]
TRACE_Lock               0x800'ba73    0xa  Code  Lc  user_adv_trace.o [1]
TRACE_Send               0x800'b94b   0x84  Code  Lc  user_adv_trace.o [1]
TRACE_UnLock             0x800'ba7d    0xa  Code  Lc  user_adv_trace.o [1]
TimerExists              0x800'c555   0x1a  Code  Gb  user_timer.o [1]
TimerInsertNewHeadTimer
                         0x800'c5c9   0x1c  Code  Gb  user_timer.o [1]
TimerInsertTimer         0x800'c59b   0x2e  Code  Gb  user_timer.o [1]
TimerListHead           0x2000'2704    0x4  Data  Lc  user_timer.o [1]
TimerSetTimeout          0x800'c56f   0x2c  Code  Gb  user_timer.o [1]
TimerTx                 0x2000'2684   0x18  Data  Lc  user_app_comm.o [1]
TxCpltCallback          0x2000'26ec    0x4  Data  Lc  user_app_comm.o [1]
UART_AdvFeatureConfig    0x800'61b1   0xda  Code  Gb  stm32l4xx_hal_uart.o [1]
UART_CheckIdleState      0x800'628b   0xd2  Code  Gb  stm32l4xx_hal_uart.o [1]
UART_DMAAbortOnError     0x800'673d   0x1a  Code  Lc  stm32l4xx_hal_uart.o [1]
UART_DMAError            0x800'66ed   0x50  Code  Lc  stm32l4xx_hal_uart.o [1]
UART_DMAReceiveCplt      0x800'6621   0xa2  Code  Lc  stm32l4xx_hal_uart.o [1]
UART_DMARxHalfCplt       0x800'66c5   0x28  Code  Lc  stm32l4xx_hal_uart.o [1]
UART_EndRxTransfer       0x800'65c3   0x5e  Code  Lc  stm32l4xx_hal_uart.o [1]
UART_EndTransmit_IT      0x800'6757   0x2a  Code  Lc  stm32l4xx_hal_uart.o [1]
UART_EndTxTransfer       0x800'65a7   0x1c  Code  Lc  stm32l4xx_hal_uart.o [1]
UART_RxISR_16BIT         0x800'6875   0xee  Code  Lc  stm32l4xx_hal_uart.o [1]
UART_RxISR_8BIT          0x800'6781   0xec  Code  Lc  stm32l4xx_hal_uart.o [1]
UART_SetConfig           0x800'5eb9  0x2ec  Code  Gb  stm32l4xx_hal_uart.o [1]
UART_Start_Receive_DMA   0x800'64eb   0xbc  Code  Gb  stm32l4xx_hal_uart.o [1]
UART_Start_Receive_IT    0x800'63fb   0xf0  Code  Gb  stm32l4xx_hal_uart.o [1]
UART_WaitOnFlagUntilTimeout
                         0x800'635d   0x9e  Code  Gb  stm32l4xx_hal_uart.o [1]
USART1_IRQHandler        0x800'dfb1    0xa  Code  Gb  stm32l4xx_it.o [1]
USART3_IRQHandler        0x800'dfbb    0xa  Code  Gb  stm32l4xx_it.o [1]
UTIL_ADV_TRACE_COND_FSend
                         0x800'b871   0xda  Code  Gb  user_adv_trace.o [1]
UTIL_Log_Str             0x800'17e9   0x36  Code  Gb  user_util.o [1]
UTIL_MEM_cpy             0x800'1825   0x1e  Code  Gb  user_util.o [1]
UTIL_MEM_set             0x800'1789   0x18  Code  Gb  user_util.o [1]
UTIL_Printf              0x800'17a1   0x2c  Code  Gb  user_util.o [1]
UTIL_Printf_Str          0x800'17cd   0x1c  Code  Gb  user_util.o [1]
UTIL_TIMER_Create        0x800'c2f1   0x4c  Code  Gb  user_timer.o [1]
UTIL_TIMER_IRQ_Handler   0x800'c4a3   0xb2  Code  Gb  user_timer.o [1]
UTIL_TIMER_Init          0x800'c2dd   0x14  Code  Gb  user_timer.o [1]
UTIL_TIMER_SetPeriod     0x800'c469   0x3a  Code  Gb  user_timer.o [1]
UTIL_TIMER_Start         0x800'c33d   0x92  Code  Gb  user_timer.o [1]
UTIL_TIMER_Stop          0x800'c3cf   0x9a  Code  Gb  user_timer.o [1]
UTIL_TimerDriver         0x800'e138   0x2c  Data  Gb  user_rtc.o [1]
UTIL_TraceDriver         0x800'e6a4    0xc  Data  Gb  user_app_comm.o [1]
Uart485RxByte           0x2000'2736    0x1  Data  Lc  user_rs485.o [1]
Uart485SSRxByte         0x2000'2734    0x1  Data  Lc  user_connect_sensor.o [1]
UartDebugBuff           0x2000'0b04  0x4b0  Data  Gb  user_app_comm.o [1]
UartDebugCountFail      0x2000'2726    0x2  Data  Lc  user_uart.o [1]
UartDebugRxByte         0x2000'272d    0x1  Data  Gb  user_app_comm.o [1]
Update_ParaDisplay       0x800'1c9b  0x114  Code  Gb  lcd_display.o [1]
UsageFault_Handler       0x800'df45    0x2  Code  Gb  stm32l4xx_it.o [1]
User_RTC_Init            0x800'cd05   0x38  Code  Lc  user_rtc.o [1]
UtilFloatToString        0x800'18a1   0x2e  Code  Gb  user_util.o [1]
UtilIntToStringWithScale
                         0x800'1705   0x60  Code  Gb  user_util.o [1]
VLevelDebug             0x2000'0b00    0x1  Data  Gb  user_util.o [1]
_Cb_Display_Auto_SW      0x800'1b97   0x7e  Code  Lc  lcd_display.o [1]
_Cb_Display_Auto_SW::MarkButtPressed
                        0x2000'272b    0x1  Data  Lc  lcd_display.o [1]
_Cb_Display_Auto_SW::cNext
                        0x2000'271c    0x2  Data  Lc  lcd_display.o [1]
_Cb_Display_Init         0x800'1a21   0x52  Code  Lc  lcd_display.o [1]
_Cb_Display_Logo         0x800'1a73   0xa8  Code  Lc  lcd_display.o [1]
_Cb_Display_Logo::step_u8
                        0x2000'2729    0x1  Data  Lc  lcd_display.o [1]
_Cb_Display_Show         0x800'1b1b   0x7c  Code  Lc  lcd_display.o [1]
_Cb_Display_Show::LandMarkChange_u32
                        0x2000'26e0    0x4  Data  Lc  lcd_display.o [1]
_Cb_Display_Show::ScreenLast
                        0x2000'272a    0x1  Data  Lc  lcd_display.o [1]
_Cb_HandLer_IDLE         0x800'b367    0x6  Code  Lc  user_app_comm.o [1]
_Cb_Off_Speaker          0x800'1c61   0x16  Code  Lc  lcd_display.o [1]
_Cb_R_ModbusRTU_REG_Alarm_Lower
                         0x800'388d   0x5a  Code  Gb  user_app_modbus_rtu.o [1]
_Cb_R_ModbusRTU_REG_Alarm_State
                         0x800'36c9   0x2e  Code  Gb  user_app_modbus_rtu.o [1]
_Cb_R_ModbusRTU_REG_Alarm_Upper
                         0x800'3773   0x5a  Code  Gb  user_app_modbus_rtu.o [1]
_Cb_R_ModbusRTU_REG_Baudrate
                         0x800'3579   0x2e  Code  Gb  user_app_modbus_rtu.o [1]
_Cb_R_ModbusRTU_REG_ID   0x800'34d3   0x2e  Code  Gb  user_app_modbus_rtu.o [1]
_Cb_R_ModbusRTU_REG_Temp_Measure
                         0x800'366f   0x5a  Code  Gb  user_app_modbus_rtu.o [1]
_Cb_R_ModbusRTU_REG_pH_Measure
                         0x800'3615   0x5a  Code  Gb  user_app_modbus_rtu.o [1]
_Cb_Save_Box             0x800'b373    0x6  Code  Lc  user_app_comm.o [1]
_Cb_Set_RTC              0x800'b34b   0x1c  Code  Lc  user_app_comm.o [1]
_Cb_TX_Timer_Event       0x800'b4c9   0x1a  Code  Lc  user_app_comm.o [1]
_Cb_Timer_IRQ            0x800'b2bd    0xc  Code  Lc  user_app_comm.o [1]
_Cb_Tx_Timer             0x800'b36d    0x6  Code  Lc  user_app_comm.o [1]
_Cb_Uart_Error           0x800'b33f    0xc  Code  Lc  user_app_comm.o [1]
_Cb_Uart_Rx_Debug        0x800'b2c9   0x76  Code  Lc  user_app_comm.o [1]
_Cb_Uart_Rx_Debug::LastLengthRecv
                        0x2000'2720    0x2  Data  Lc  user_app_comm.o [1]
_Cb_Uart_Rx_Debug::MarkFirstRecvUart
                        0x2000'272e    0x1  Data  Lc  user_app_comm.o [1]
_Cb_W_ModbusRTU_REG_Alarm_Lower
                         0x800'38e7   0xc0  Code  Gb  user_app_modbus_rtu.o [1]
_Cb_W_ModbusRTU_REG_Alarm_State
                         0x800'36f7   0x7c  Code  Gb  user_app_modbus_rtu.o [1]
_Cb_W_ModbusRTU_REG_Alarm_Upper
                         0x800'37cd   0xc0  Code  Gb  user_app_modbus_rtu.o [1]
_Cb_W_ModbusRTU_REG_Baudrate
                         0x800'35a7   0x6e  Code  Gb  user_app_modbus_rtu.o [1]
_Cb_W_ModbusRTU_REG_ID   0x800'3501   0x78  Code  Gb  user_app_modbus_rtu.o [1]
_Cb_button_detect        0x800'1c49   0x18  Code  Lc  lcd_display.o [1]
_Cb_button_scan          0x800'1c15   0x34  Code  Lc  lcd_display.o [1]
_LitobFullNoMb           0x800'85d1  0x10a  Code  Lc  xprintffull_nomb.o [2]
_Locale_lconv           0x2000'0ac4   0x38  Data  Lc  xlocale_c.o [2]
_PrintfFullNoMb          0x800'7811  0xd9c  Code  Gb  xprintffull_nomb.o [2]
_PutcharFullNoMb         0x800'8741   0x20  Code  Lc  xprintffull_nomb.o [2]
_PutcharsFullNoMb        0x800'8761   0x2e  Code  Lc  xprintffull_nomb.o [2]
_SProut                  0x800'429f    0xa  Code  Gb  xsprout.o [2]
__NVIC_DisableIRQ        0x800'973d   0x26  Code  Lc  stm32l4xx_hal_cortex.o [1]
__NVIC_EnableIRQ         0x800'971d   0x20  Code  Lc  stm32l4xx_hal_cortex.o [1]
__NVIC_GetPriorityGrouping
                         0x800'970f    0xc  Code  Lc  stm32l4xx_hal_cortex.o [1]
__NVIC_SetPriority       0x800'9763   0x2c  Code  Lc  stm32l4xx_hal_cortex.o [1]
__NVIC_SetPriorityGrouping
                         0x800'96ed   0x22  Code  Lc  stm32l4xx_hal_cortex.o [1]
__aeabi_cdcmpeq          0x800'a75d         Code  Gb  DblCmpEq.o [3]
__aeabi_cdcmple          0x800'a7ed         Code  Gb  DblCmpLe.o [3]
__aeabi_cdrcmple         0x800'a81d         Code  Gb  DblCmpGe.o [3]
__aeabi_d2f              0x800'4509         Code  Gb  DblToFlt.o [3]
__aeabi_d2iz             0x800'70e9         Code  Gb  DblToS32.o [3]
__aeabi_d2uiz            0x800'ae21         Code  Gb  DblToU32.o [3]
__aeabi_dadd             0x800'6f6d         Code  Gb  DblAdd.o [3]
__aeabi_ddiv             0x800'42c1         Code  Gb  DblDiv.o [3]
__aeabi_dmul             0x800'6dc9         Code  Gb  DblMul.o [3]
__aeabi_dsub             0x800'a679         Code  Gb  DblSub.o [3]
__aeabi_f2d              0x800'458d         Code  Gb  FltToDbl.o [3]
__aeabi_i2d              0x800'427d         Code  Gb  S32ToDbl.o [3]
__aeabi_ldiv0            0x800'a675         Code  Gb  I64DivZer.o [4]
__aeabi_memcpy           0x800'6af1         Code  Gb  ABImemcpy.o [4]
__aeabi_memcpy4          0x800'6b11         Code  Gb  ABImemcpy.o [4]
__aeabi_memcpy8          0x800'6b11         Code  Gb  ABImemcpy.o [4]
__aeabi_memset           0x800'4c35         Code  Gb  ABImemset.o [4]
__aeabi_ui2d             0x800'4571         Code  Gb  U32ToDbl.o [3]
__aeabi_uldivmod         0x800'6b99         Code  Gb  I64DivMod.o [4]
__cmain                  0x800'e241         Code  Gb  cmain.o [4]
__exit                   0x800'ccf1   0x14  Code  Gb  exit.o [5]
__iar_Exp64              0x800'a84d  0x388  Code  Gb  iar_Exp64.o [3]
__iar_Fail_s             0x800'ac4d   0x1c  Code  Gb  xfail_s.o [2]
__iar_Memchr             0x800'ac8d         Code  Gb  memchr.o [4]
__iar_Memset             0x800'4c35         Code  Gb  ABImemset.o [4]
__iar_Memset_word        0x800'4c3d         Code  Gb  ABImemset.o [4]
__iar_Strchr             0x800'ac35         Code  Gb  strchr.o [4]
__iar_dadd               0x800'a689         Code  Gb  DblSub.o [3]
__iar_data_init3         0x800'e1b5   0x28  Code  Gb  data_init.o [4]
__iar_dsub               0x800'6f7d         Code  Gb  DblAdd.o [3]
__iar_dsubStart          0x800'6f8f         Code  Gb  DblAdd.o [3]
__iar_frexp              0x800'a789         Code  Gb  frexp.o [3]
__iar_frexpl             0x800'a789         Code  Gb  frexp.o [3]
__iar_init_vfp           0x800'e1dd         Code  Gb  fpinit_M.o [3]
__iar_ldexp64            0x800'ace5         Code  Gb  ldexp.o [3]
__iar_lz77_init_single3
                         0x800'e029   0x78  Code  Gb  lz77_init_single.o [4]
__iar_pow64              0x800'7125  0x6ec  Code  Gb  pow64.o [3]
__iar_pow_medium         0x800'7125  0x6ec  Code  Gb  pow64.o [3]
__iar_pow_medium64       0x800'7125  0x6ec  Code  Gb  pow64.o [3]
__iar_pow_mediuml        0x800'7125  0x6ec  Code  Gb  pow64.o [3]
__iar_program_start      0x800'e825         Code  Gb  cstartup_M.o [4]
__iar_scalbln64          0x800'ace5         Code  Gb  ldexp.o [3]
__iar_scalbn64           0x800'ace5         Code  Gb  ldexp.o [3]
__iar_softfp___iar_frexp64
                         0x800'a77d         Code  Gb  frexp.o [3]
__iar_softfp_frexp       0x800'a77d         Code  Gb  frexp.o [3]
__iar_softfp_frexpl      0x800'a77d         Code  Gb  frexp.o [3]
__iar_vfp_pow            0x800'42af   0x10  Code  Gb  math_wrappers64.o [3]
__iar_zero_init3         0x800'4243   0x3a  Code  Gb  zero_init3.o [4]
__low_level_init         0x800'e25f    0x4  Code  Gb  low_level_init.o [2]
__vector_table           0x800'0000         Data  Gb  startup_stm32l433xx.o [1]
_call_main               0x800'e24d         Code  Gb  cmain.o [4]
_exit                    0x800'e269         Code  Gb  cexit.o [4]
_main                    0x800'e25b         Code  Gb  cmain.o [4]
aAT_CMD                 0x2000'22f0   0x80  Data  Lc  user_at_serial.o [1]
aBaudrate_value         0x2000'0594   0x2c  Data  Gb  user_app_modbus_rtu.o [1]
aDATA_CALIB             0x2000'26f0    0x4  Data  Gb  user_app_sensor.o [1]
aDATA_CONFIG            0x2000'20f0   0x80  Data  Lc  user_app_modbus_rtu.o [1]
aDATA_CONFIG            0x2000'2270   0x80  Data  Lc  user_at_serial.o [1]
aDATA_LOG_REGISTER      0x2000'2170   0x80  Data  Lc  user_app_modbus_rtu.o [1]
aPASSWORD               0x2000'00b0    0x4  Data  Gb  lcd_display.o [1]
aSTT_SETTING_DONE       0x2000'00e4   0x10  Data  Gb  lcd_display.o [1]
aSTT_SETTING_ENTER      0x2000'00c4   0x10  Data  Gb  lcd_display.o [1]
aSTT_SETTING_ERROR      0x2000'00f4   0x10  Data  Gb  lcd_display.o [1]
aSTT_SETTING_FREE       0x2000'00b4   0x10  Data  Gb  lcd_display.o [1]
aSTT_SETTING_WAIT       0x2000'00d4   0x10  Data  Gb  lcd_display.o [1]
aSampling_STT           0x2000'25a8   0x28  Data  Gb  user_app_sensor.o [1]
aSampling_VALUE         0x2000'25d0   0x28  Data  Gb  user_app_sensor.o [1]
aTEST                   0x2000'0000    0xc  Data  Lc  button.o [1]
aUART_485SS_DATA        0x2000'19b4  0x200  Data  Lc  user_connect_sensor.o [1]
aUART_485_DATA          0x2000'1bb4  0x200  Data  Lc  user_rs485.o [1]
aUART_DBG_DMA_RX        0x2000'2440   0x64  Data  Lc  user_app_comm.o [1]
abort                    0x800'bb0d    0x6  Code  Gb  abort.o [2]
abs                      0x800'8d03    0x8  Code  Gb  abs.o [2]
aframe                  0x2000'21f0   0x80  Data  Gb  user_app_modbus_rtu.o [1]
bmp_SV_logo_12864        0x800'd700  0x400  Data  Gb  unit_tests.o [1]
charNotDetectPress      0x2000'0afe    0x1  Data  Lc  lcd_display.o [1]
count_gettick           0x2000'26e8    0x4  Data  Gb  stm32l4xx_it.o [1]
delay_ms                 0x800'46b9    0xc  Code  Gb  STM32L4.o [1]
ee_number                0x800'c9c9  0x146  Code  Lc  user_tiny_vsnprintf.o [1]
ee_skip_atoi             0x800'c9a1   0x28  Code  Lc  user_tiny_vsnprintf.o [1]
exit                     0x800'e263    0x4  Code  Gb  exit.o [2]
fevent_active            0x800'4961   0x1e  Code  Gb  event_driven.o [1]
fevent_detect_salt_recv
                         0x800'25a9    0x6  Code  Lc  user_app_sensor.o [1]
fevent_disable           0x800'49a3   0x12  Code  Gb  event_driven.o [1]
fevent_enable            0x800'497f   0x24  Code  Gb  event_driven.o [1]
fevent_rs485_entry       0x800'c821   0x12  Code  Lc  user_app_rs485.o [1]
fevent_rs485_init_uart   0x800'c833   0x2e  Code  Lc  user_app_rs485.o [1]
fevent_rs485_init_uart::stamp
                        0x2000'272f    0x1  Data  Lc  user_app_rs485.o [1]
fevent_rs485_receive_complete
                         0x800'c861   0x24  Code  Lc  user_app_rs485.o [1]
fevent_rs485_refresh     0x800'c885   0x20  Code  Lc  user_app_rs485.o [1]
fevent_sensor_entry      0x800'2429   0x12  Code  Lc  user_app_sensor.o [1]
fevent_sensor_receive_complete
                         0x800'24df   0xb6  Code  Lc  user_app_sensor.o [1]
fevent_sensor_receive_handle
                         0x800'249f   0x40  Code  Lc  user_app_sensor.o [1]
fevent_sensor_reset      0x800'265d   0x84  Code  Lc  user_app_sensor.o [1]
fevent_sensor_reset::state
                        0x2000'2731    0x1  Data  Lc  user_app_sensor.o [1]
fevent_sensor_transmit   0x800'243b   0x64  Code  Lc  user_app_sensor.o [1]
fevent_sensor_wait_calib
                         0x800'2595   0x14  Code  Lc  user_app_sensor.o [1]
fevent_temp_alarm        0x800'25af   0xae  Code  Lc  user_app_sensor.o [1]
font_current            0x2000'26ac    0xc  Data  Gb  text.o [1]
glcd_ST7565R_init        0x800'4bd9   0x5c  Code  Gb  ST7565R.o [1]
glcd_bbox               0x2000'26d4    0x4  Data  Gb  glcd.o [1]
glcd_bbox_refresh        0x800'4a5d   0x1c  Code  Gb  glcd.o [1]
glcd_bbox_selected      0x2000'26dc    0x4  Data  Gb  glcd.o [1]
glcd_buffer             0x2000'0fb4  0x400  Data  Gb  glcd.o [1]
glcd_buffer_selected    0x2000'26d8    0x4  Data  Gb  glcd.o [1]
glcd_clear               0x800'4a79   0x28  Code  Gb  glcd.o [1]
glcd_clear_buffer        0x800'4aa1   0x24  Code  Gb  glcd.o [1]
glcd_command             0x800'4ad9   0x1a  Code  Gb  ST7565R.o [1]
glcd_data                0x800'4af3   0x1a  Code  Gb  ST7565R.o [1]
glcd_draw_bitmap         0x800'5205   0x1e  Code  Gb  graphics.o [1]
glcd_draw_char_xy        0x800'4cb7  0x33a  Code  Gb  text.o [1]
glcd_draw_line           0x800'50f9  0x10c  Code  Gb  graphics.o [1]
glcd_draw_string_xy      0x800'4ff1   0x38  Code  Gb  text.o [1]
glcd_enable_backlight    0x800'463d    0x2  Code  Gb  STM32L4.o [1]
glcd_init                0x800'4615   0x28  Code  Gb  STM32L4.o [1]
glcd_reset               0x800'4669   0x40  Code  Gb  STM32L4.o [1]
glcd_reset_bbox          0x800'4a41   0x1c  Code  Gb  glcd.o [1]
glcd_select_screen       0x800'4ac5    0xa  Code  Gb  glcd.o [1]
glcd_set_column_lower    0x800'4b4d    0xe  Code  Gb  ST7565R.o [1]
glcd_set_column_upper    0x800'4b37   0x16  Code  Gb  ST7565R.o [1]
glcd_set_font            0x800'4c9d   0x1a  Code  Gb  text.o [1]
glcd_set_pixel           0x800'502d   0xcc  Code  Gb  graphics.o [1]
glcd_set_x_address       0x800'4b21   0x16  Code  Gb  ST7565R.o [1]
glcd_set_y_address       0x800'4b0d   0x14  Code  Gb  ST7565R.o [1]
glcd_spi_write           0x800'463f   0x2a  Code  Gb  STM32L4.o [1]
glcd_test_bitmap_128x64
                         0x800'49b5    0xe  Code  Gb  unit_tests.o [1]
glcd_tiny_draw_char      0x800'46eb  0x21a  Code  Gb  text_tiny.o [1]
glcd_tiny_draw_string    0x800'4905   0x54  Code  Gb  text_tiny.o [1]
glcd_tiny_set_font       0x800'46d1   0x1a  Code  Gb  text_tiny.o [1]
glcd_update_bbox         0x800'49c9   0x78  Code  Gb  glcd.o [1]
glcd_write               0x800'4b5b   0x70  Code  Gb  ST7565R.o [1]
hdma_lpuart_rx          0x2000'24a4   0x48  Data  Gb  usart.o [1]
hdma_usart1_rx          0x2000'24ec   0x48  Data  Gb  usart.o [1]
hdma_usart3_rx          0x2000'2534   0x48  Data  Gb  usart.o [1]
hlpuart1                0x2000'1f58   0x88  Data  Gb  usart.o [1]
hrtc                    0x2000'25f8   0x24  Data  Gb  rtc.o [1]
hspi2                   0x2000'23dc   0x64  Data  Gb  spi.o [1]
huart1                  0x2000'1fe0   0x88  Data  Gb  usart.o [1]
huart3                  0x2000'2068   0x88  Data  Gb  usart.o [1]
ldexp                    0x800'ace5         Code  Gb  ldexp.o [3]
ldexpl                   0x800'ace5         Code  Gb  ldexp.o [3]
lnbias                   0x800'd2e0  0x420  Data  Lc  pow64.o [3]
localeconv               0x800'ae49    0x4  Code  Gb  xlocale_c.o [2]
lower_digits            0x2000'0abc    0x4  Data  Lc  user_tiny_vsnprintf.o [1]
main                     0x800'8d0b   0x2c  Code  Gb  main.o [1]
memchr                   0x800'ac8d         Code  Gb  memchr.o [4]
memset                   0x800'8dcd   0x14  Code  Gb  memset.o [4]
pFlash                  0x2000'0450   0x20  Data  Gb  stm32l4xx_hal_flash.o [1]
pFunc_UTIL_Debug_Send   0x2000'2710    0x4  Data  Gb  user_util.o [1]
pFunc_UTIL_Log_To_Mem   0x2000'270c    0x4  Data  Gb  user_util.o [1]
pModemProcessIRQTimer   0x2000'2700    0x4  Data  Gb  user_rtc.o [1]
pow                      0x800'7125  0x6ec  Code  Gb  pow64.o [3]
powl                     0x800'7125  0x6ec  Code  Gb  pow64.o [3]
quickSort_Sampling       0x800'2a2d   0x9a  Code  Gb  user_app_sensor.o [1]
quickSort_Sampling_Value
                         0x800'2ac9   0xdc  Code  Gb  user_app_sensor.o [1]
quickSort_Sampling_Value::Handle_Once
                        0x2000'2732    0x1  Data  Lc  user_app_sensor.o [1]
sButton                 0x2000'2654   0x18  Data  Gb  button.o [1]
sCheckList_Reg_Modbus_RTU
                        0x2000'04f4   0xa0  Data  Gb  user_app_modbus_rtu.o [1]
sData_Calib             0x2000'0688    0x8  Data  Gb  user_app_sensor.o [1]
sEventAppComm           0x2000'0474   0x70  Data  Gb  user_app_comm.o [1]
sEventAppRs485          0x2000'05c8   0x40  Data  Gb  user_app_rs485.o [1]
sEventAppSensor         0x2000'0608   0x80  Data  Gb  user_app_sensor.o [1]
sEventDisplay           0x2000'000c   0x70  Data  Gb  lcd_display.o [1]
sFirmVersion            0x2000'04e4    0x8  Data  Gb  user_app_comm.o [1]
sHandleRs485            0x2000'26f4    0x4  Data  Gb  user_app_sensor.o [1]
sKindMode485            0x2000'2724    0x2  Data  Gb  user_app_sensor.o [1]
sLCD                    0x2000'269c   0x10  Data  Gb  lcd_display.o [1]
sLCDObject              0x2000'0104  0x348  Data  Gb  lcd_display.o [1]
sLogData_ModbusRTU      0x2000'05c0    0x8  Data  Gb  user_app_modbus_rtu.o [1]
sModelVersion           0x2000'00a8    0x8  Data  Gb  lcd_display.o [1]
sParaDisplay            0x2000'007c   0x2c  Data  Gb  lcd_display.o [1]
sRTC                    0x2000'26c4    0xc  Data  Gb  user_util.o [1]
sSensor_pH              0x2000'261c   0x1c  Data  Gb  user_app_sensor.o [1]
sSlave_ModbusRTU        0x2000'0afc    0x2  Data  Gb  user_app_modbus_rtu.o [1]
sTempAlarm              0x2000'26b8    0xc  Data  Gb  user_app_sensor.o [1]
sUart485                0x2000'0ab4    0x8  Data  Gb  user_rs485.o [1]
sUart485SS              0x2000'0aac    0x8  Data  Gb  user_connect_sensor.o [1]
sUartDebug              0x2000'04ec    0x8  Data  Gb  user_app_comm.o [1]
scalbln                  0x800'ace5         Code  Gb  ldexp.o [3]
scalblnl                 0x800'ace5         Code  Gb  ldexp.o [3]
scalbn                   0x800'ace5         Code  Gb  ldexp.o [3]
scalbnl                  0x800'ace5         Code  Gb  ldexp.o [3]
scale                    0x800'86db   0x46  Code  Lc  xprintffull_nomb.o [2]
sec_hand                0x2000'2714    0x4  Data  Lc  xfail_s.o [2]
sprintf                  0x800'45d5   0x40  Code  Gb  sprintf.o [2]
strATcmd                0x2000'0694    0x8  Data  Gb  user_at_serial.o [1]
strchr                   0x800'ac35         Code  Gb  strchr.o [4]
strlen                   0x800'420d         Code  Gb  strlen.o [4]
sztmp                   0x2000'17b4  0x200  Data  Lc  user_adv_trace.o [1]
tiny_vsnprintf_like      0x800'cb0f  0x1d6  Code  Gb  user_tiny_vsnprintf.o [1]
upper_digits            0x2000'0ac0    0x4  Data  Lc  user_tiny_vsnprintf.o [1]
uwTick                  0x2000'26e4    0x4  Data  Gb  stm32l4xx_hal.o [1]
uwTickFreq              0x2000'0aff    0x1  Data  Gb  stm32l4xx_hal.o [1]
uwTickPrio              0x2000'044c    0x4  Data  Gb  stm32l4xx_hal.o [1]
vcom_DeInit              0x800'b6e3   0x1e  Code  Gb  user_app_comm.o [1]
vcom_Init                0x800'b6d9    0xa  Code  Gb  user_app_comm.o [1]
vcom_Trace_DMA           0x800'b701   0x24  Code  Gb  user_app_comm.o [1]


[1] = D:\Saoviet_Git\Saoviet_EnviroTrack_M_And_S_RawWater\Project_Slave_Chemins_pH\Project_Slave_Sensor_EnviroTrack\EWARM\Project_Slave_Sensor_EnviroTrack\Obj
[2] = dl7M_tlf.a
[3] = m7M_tls.a
[4] = rt7M_tl.a
[5] = shb_l.a

  54'737 bytes of readonly  code memory
   6'368 bytes of readonly  data memory
  11'063 bytes of readwrite data memory

Errors: none
Warnings: none
