###############################################################################
#
# IAR ELF Linker V8.40.2.214/W32 for ARM                  26/Jun/2026  10:08:11
# Copyright 2007-2019 IAR Systems AB.
#
#    Output file  =
#        D:\Saoviet_Git\Saoviet_EnviroTrack_M_And_S_RawW\Project_Slave_Chemins_DO\Project_Slave_Sensor_EnviroTrack_v2\EWARM\Project_Slave_Sensor_EnviroTrack\Exe\Project_Slave_Sensor_EnviroTrack.out
#    Map file     =
#        D:\Saoviet_Git\Saoviet_EnviroTrack_M_And_S_RawW\Project_Slave_Chemins_DO\Project_Slave_Sensor_EnviroTrack_v2\EWARM\Project_Slave_Sensor_EnviroTrack\List\Project_Slave_Sensor_EnviroTrack.map
#    Command line =
#        -f C:\Users\PC\AppData\Local\Temp\EW15EB.tmp
#        (D:\Saoviet_Git\Saoviet_EnviroTrack_M_And_S_RawW\Project_Slave_Chemins_DO\Project_Slave_Sensor_EnviroTrack_v2\EWARM\Project_Slave_Sensor_EnviroTrack\Obj\button.o
#        D:\Saoviet_Git\Saoviet_EnviroTrack_M_And_S_RawW\Project_Slave_Chemins_DO\Project_Slave_Sensor_EnviroTrack_v2\EWARM\Project_Slave_Sensor_EnviroTrack\Obj\dma.o
#        D:\Saoviet_Git\Saoviet_EnviroTrack_M_And_S_RawW\Project_Slave_Chemins_DO\Project_Slave_Sensor_EnviroTrack_v2\EWARM\Project_Slave_Sensor_EnviroTrack\Obj\event_driven.o
#        D:\Saoviet_Git\Saoviet_EnviroTrack_M_And_S_RawW\Project_Slave_Chemins_DO\Project_Slave_Sensor_EnviroTrack_v2\EWARM\Project_Slave_Sensor_EnviroTrack\Obj\glcd.o
#        D:\Saoviet_Git\Saoviet_EnviroTrack_M_And_S_RawW\Project_Slave_Chemins_DO\Project_Slave_Sensor_EnviroTrack_v2\EWARM\Project_Slave_Sensor_EnviroTrack\Obj\gpio.o
#        D:\Saoviet_Git\Saoviet_EnviroTrack_M_And_S_RawW\Project_Slave_Chemins_DO\Project_Slave_Sensor_EnviroTrack_v2\EWARM\Project_Slave_Sensor_EnviroTrack\Obj\graphics.o
#        D:\Saoviet_Git\Saoviet_EnviroTrack_M_And_S_RawW\Project_Slave_Chemins_DO\Project_Slave_Sensor_EnviroTrack_v2\EWARM\Project_Slave_Sensor_EnviroTrack\Obj\graphs.o
#        D:\Saoviet_Git\Saoviet_EnviroTrack_M_And_S_RawW\Project_Slave_Chemins_DO\Project_Slave_Sensor_EnviroTrack_v2\EWARM\Project_Slave_Sensor_EnviroTrack\Obj\lcd_display.o
#        D:\Saoviet_Git\Saoviet_EnviroTrack_M_And_S_RawW\Project_Slave_Chemins_DO\Project_Slave_Sensor_EnviroTrack_v2\EWARM\Project_Slave_Sensor_EnviroTrack\Obj\main.o
#        D:\Saoviet_Git\Saoviet_EnviroTrack_M_And_S_RawW\Project_Slave_Chemins_DO\Project_Slave_Sensor_EnviroTrack_v2\EWARM\Project_Slave_Sensor_EnviroTrack\Obj\NT75451.o
#        D:\Saoviet_Git\Saoviet_EnviroTrack_M_And_S_RawW\Project_Slave_Chemins_DO\Project_Slave_Sensor_EnviroTrack_v2\EWARM\Project_Slave_Sensor_EnviroTrack\Obj\onchipflash.o
#        D:\Saoviet_Git\Saoviet_EnviroTrack_M_And_S_RawW\Project_Slave_Chemins_DO\Project_Slave_Sensor_EnviroTrack_v2\EWARM\Project_Slave_Sensor_EnviroTrack\Obj\PCD8544.o
#        D:\Saoviet_Git\Saoviet_EnviroTrack_M_And_S_RawW\Project_Slave_Chemins_DO\Project_Slave_Sensor_EnviroTrack_v2\EWARM\Project_Slave_Sensor_EnviroTrack\Obj\queue_p.o
#        D:\Saoviet_Git\Saoviet_EnviroTrack_M_And_S_RawW\Project_Slave_Chemins_DO\Project_Slave_Sensor_EnviroTrack_v2\EWARM\Project_Slave_Sensor_EnviroTrack\Obj\rtc.o
#        D:\Saoviet_Git\Saoviet_EnviroTrack_M_And_S_RawW\Project_Slave_Chemins_DO\Project_Slave_Sensor_EnviroTrack_v2\EWARM\Project_Slave_Sensor_EnviroTrack\Obj\spi.o
#        D:\Saoviet_Git\Saoviet_EnviroTrack_M_And_S_RawW\Project_Slave_Chemins_DO\Project_Slave_Sensor_EnviroTrack_v2\EWARM\Project_Slave_Sensor_EnviroTrack\Obj\ST7565R.o
#        D:\Saoviet_Git\Saoviet_EnviroTrack_M_And_S_RawW\Project_Slave_Chemins_DO\Project_Slave_Sensor_EnviroTrack_v2\EWARM\Project_Slave_Sensor_EnviroTrack\Obj\startup_stm32l433xx.o
#        D:\Saoviet_Git\Saoviet_EnviroTrack_M_And_S_RawW\Project_Slave_Chemins_DO\Project_Slave_Sensor_EnviroTrack_v2\EWARM\Project_Slave_Sensor_EnviroTrack\Obj\STM32F0xx.o
#        D:\Saoviet_Git\Saoviet_EnviroTrack_M_And_S_RawW\Project_Slave_Chemins_DO\Project_Slave_Sensor_EnviroTrack_v2\EWARM\Project_Slave_Sensor_EnviroTrack\Obj\STM32F10x.o
#        D:\Saoviet_Git\Saoviet_EnviroTrack_M_And_S_RawW\Project_Slave_Chemins_DO\Project_Slave_Sensor_EnviroTrack_v2\EWARM\Project_Slave_Sensor_EnviroTrack\Obj\STM32F4.o
#        D:\Saoviet_Git\Saoviet_EnviroTrack_M_And_S_RawW\Project_Slave_Chemins_DO\Project_Slave_Sensor_EnviroTrack_v2\EWARM\Project_Slave_Sensor_EnviroTrack\Obj\STM32L4.o
#        D:\Saoviet_Git\Saoviet_EnviroTrack_M_And_S_RawW\Project_Slave_Chemins_DO\Project_Slave_Sensor_EnviroTrack_v2\EWARM\Project_Slave_Sensor_EnviroTrack\Obj\stm32l4xx_hal.o
#        D:\Saoviet_Git\Saoviet_EnviroTrack_M_And_S_RawW\Project_Slave_Chemins_DO\Project_Slave_Sensor_EnviroTrack_v2\EWARM\Project_Slave_Sensor_EnviroTrack\Obj\stm32l4xx_hal_cortex.o
#        D:\Saoviet_Git\Saoviet_EnviroTrack_M_And_S_RawW\Project_Slave_Chemins_DO\Project_Slave_Sensor_EnviroTrack_v2\EWARM\Project_Slave_Sensor_EnviroTrack\Obj\stm32l4xx_hal_dma.o
#        D:\Saoviet_Git\Saoviet_EnviroTrack_M_And_S_RawW\Project_Slave_Chemins_DO\Project_Slave_Sensor_EnviroTrack_v2\EWARM\Project_Slave_Sensor_EnviroTrack\Obj\stm32l4xx_hal_dma_ex.o
#        D:\Saoviet_Git\Saoviet_EnviroTrack_M_And_S_RawW\Project_Slave_Chemins_DO\Project_Slave_Sensor_EnviroTrack_v2\EWARM\Project_Slave_Sensor_EnviroTrack\Obj\stm32l4xx_hal_exti.o
#        D:\Saoviet_Git\Saoviet_EnviroTrack_M_And_S_RawW\Project_Slave_Chemins_DO\Project_Slave_Sensor_EnviroTrack_v2\EWARM\Project_Slave_Sensor_EnviroTrack\Obj\stm32l4xx_hal_flash.o
#        D:\Saoviet_Git\Saoviet_EnviroTrack_M_And_S_RawW\Project_Slave_Chemins_DO\Project_Slave_Sensor_EnviroTrack_v2\EWARM\Project_Slave_Sensor_EnviroTrack\Obj\stm32l4xx_hal_flash_ex.o
#        D:\Saoviet_Git\Saoviet_EnviroTrack_M_And_S_RawW\Project_Slave_Chemins_DO\Project_Slave_Sensor_EnviroTrack_v2\EWARM\Project_Slave_Sensor_EnviroTrack\Obj\stm32l4xx_hal_flash_ramfunc.o
#        D:\Saoviet_Git\Saoviet_EnviroTrack_M_And_S_RawW\Project_Slave_Chemins_DO\Project_Slave_Sensor_EnviroTrack_v2\EWARM\Project_Slave_Sensor_EnviroTrack\Obj\stm32l4xx_hal_gpio.o
#        D:\Saoviet_Git\Saoviet_EnviroTrack_M_And_S_RawW\Project_Slave_Chemins_DO\Project_Slave_Sensor_EnviroTrack_v2\EWARM\Project_Slave_Sensor_EnviroTrack\Obj\stm32l4xx_hal_i2c.o
#        D:\Saoviet_Git\Saoviet_EnviroTrack_M_And_S_RawW\Project_Slave_Chemins_DO\Project_Slave_Sensor_EnviroTrack_v2\EWARM\Project_Slave_Sensor_EnviroTrack\Obj\stm32l4xx_hal_i2c_ex.o
#        D:\Saoviet_Git\Saoviet_EnviroTrack_M_And_S_RawW\Project_Slave_Chemins_DO\Project_Slave_Sensor_EnviroTrack_v2\EWARM\Project_Slave_Sensor_EnviroTrack\Obj\stm32l4xx_hal_msp.o
#        D:\Saoviet_Git\Saoviet_EnviroTrack_M_And_S_RawW\Project_Slave_Chemins_DO\Project_Slave_Sensor_EnviroTrack_v2\EWARM\Project_Slave_Sensor_EnviroTrack\Obj\stm32l4xx_hal_pwr.o
#        D:\Saoviet_Git\Saoviet_EnviroTrack_M_And_S_RawW\Project_Slave_Chemins_DO\Project_Slave_Sensor_EnviroTrack_v2\EWARM\Project_Slave_Sensor_EnviroTrack\Obj\stm32l4xx_hal_pwr_ex.o
#        D:\Saoviet_Git\Saoviet_EnviroTrack_M_And_S_RawW\Project_Slave_Chemins_DO\Project_Slave_Sensor_EnviroTrack_v2\EWARM\Project_Slave_Sensor_EnviroTrack\Obj\stm32l4xx_hal_rcc.o
#        D:\Saoviet_Git\Saoviet_EnviroTrack_M_And_S_RawW\Project_Slave_Chemins_DO\Project_Slave_Sensor_EnviroTrack_v2\EWARM\Project_Slave_Sensor_EnviroTrack\Obj\stm32l4xx_hal_rcc_ex.o
#        D:\Saoviet_Git\Saoviet_EnviroTrack_M_And_S_RawW\Project_Slave_Chemins_DO\Project_Slave_Sensor_EnviroTrack_v2\EWARM\Project_Slave_Sensor_EnviroTrack\Obj\stm32l4xx_hal_rtc.o
#        D:\Saoviet_Git\Saoviet_EnviroTrack_M_And_S_RawW\Project_Slave_Chemins_DO\Project_Slave_Sensor_EnviroTrack_v2\EWARM\Project_Slave_Sensor_EnviroTrack\Obj\stm32l4xx_hal_rtc_ex.o
#        D:\Saoviet_Git\Saoviet_EnviroTrack_M_And_S_RawW\Project_Slave_Chemins_DO\Project_Slave_Sensor_EnviroTrack_v2\EWARM\Project_Slave_Sensor_EnviroTrack\Obj\stm32l4xx_hal_spi.o
#        D:\Saoviet_Git\Saoviet_EnviroTrack_M_And_S_RawW\Project_Slave_Chemins_DO\Project_Slave_Sensor_EnviroTrack_v2\EWARM\Project_Slave_Sensor_EnviroTrack\Obj\stm32l4xx_hal_spi_ex.o
#        D:\Saoviet_Git\Saoviet_EnviroTrack_M_And_S_RawW\Project_Slave_Chemins_DO\Project_Slave_Sensor_EnviroTrack_v2\EWARM\Project_Slave_Sensor_EnviroTrack\Obj\stm32l4xx_hal_uart.o
#        D:\Saoviet_Git\Saoviet_EnviroTrack_M_And_S_RawW\Project_Slave_Chemins_DO\Project_Slave_Sensor_EnviroTrack_v2\EWARM\Project_Slave_Sensor_EnviroTrack\Obj\stm32l4xx_hal_uart_ex.o
#        D:\Saoviet_Git\Saoviet_EnviroTrack_M_And_S_RawW\Project_Slave_Chemins_DO\Project_Slave_Sensor_EnviroTrack_v2\EWARM\Project_Slave_Sensor_EnviroTrack\Obj\stm32l4xx_it.o
#        D:\Saoviet_Git\Saoviet_EnviroTrack_M_And_S_RawW\Project_Slave_Chemins_DO\Project_Slave_Sensor_EnviroTrack_v2\EWARM\Project_Slave_Sensor_EnviroTrack\Obj\system_stm32l4xx.o
#        D:\Saoviet_Git\Saoviet_EnviroTrack_M_And_S_RawW\Project_Slave_Chemins_DO\Project_Slave_Sensor_EnviroTrack_v2\EWARM\Project_Slave_Sensor_EnviroTrack\Obj\text.o
#        D:\Saoviet_Git\Saoviet_EnviroTrack_M_And_S_RawW\Project_Slave_Chemins_DO\Project_Slave_Sensor_EnviroTrack_v2\EWARM\Project_Slave_Sensor_EnviroTrack\Obj\text_tiny.o
#        D:\Saoviet_Git\Saoviet_EnviroTrack_M_And_S_RawW\Project_Slave_Chemins_DO\Project_Slave_Sensor_EnviroTrack_v2\EWARM\Project_Slave_Sensor_EnviroTrack\Obj\unit_tests.o
#        D:\Saoviet_Git\Saoviet_EnviroTrack_M_And_S_RawW\Project_Slave_Chemins_DO\Project_Slave_Sensor_EnviroTrack_v2\EWARM\Project_Slave_Sensor_EnviroTrack\Obj\usart.o
#        D:\Saoviet_Git\Saoviet_EnviroTrack_M_And_S_RawW\Project_Slave_Chemins_DO\Project_Slave_Sensor_EnviroTrack_v2\EWARM\Project_Slave_Sensor_EnviroTrack\Obj\user_adv_trace.o
#        D:\Saoviet_Git\Saoviet_EnviroTrack_M_And_S_RawW\Project_Slave_Chemins_DO\Project_Slave_Sensor_EnviroTrack_v2\EWARM\Project_Slave_Sensor_EnviroTrack\Obj\user_app_comm.o
#        D:\Saoviet_Git\Saoviet_EnviroTrack_M_And_S_RawW\Project_Slave_Chemins_DO\Project_Slave_Sensor_EnviroTrack_v2\EWARM\Project_Slave_Sensor_EnviroTrack\Obj\user_app_modbus_rtu.o
#        D:\Saoviet_Git\Saoviet_EnviroTrack_M_And_S_RawW\Project_Slave_Chemins_DO\Project_Slave_Sensor_EnviroTrack_v2\EWARM\Project_Slave_Sensor_EnviroTrack\Obj\user_app_rs485.o
#        D:\Saoviet_Git\Saoviet_EnviroTrack_M_And_S_RawW\Project_Slave_Chemins_DO\Project_Slave_Sensor_EnviroTrack_v2\EWARM\Project_Slave_Sensor_EnviroTrack\Obj\user_app_sensor.o
#        D:\Saoviet_Git\Saoviet_EnviroTrack_M_And_S_RawW\Project_Slave_Chemins_DO\Project_Slave_Sensor_EnviroTrack_v2\EWARM\Project_Slave_Sensor_EnviroTrack\Obj\user_at_serial.o
#        D:\Saoviet_Git\Saoviet_EnviroTrack_M_And_S_RawW\Project_Slave_Chemins_DO\Project_Slave_Sensor_EnviroTrack_v2\EWARM\Project_Slave_Sensor_EnviroTrack\Obj\user_connect_sensor.o
#        D:\Saoviet_Git\Saoviet_EnviroTrack_M_And_S_RawW\Project_Slave_Chemins_DO\Project_Slave_Sensor_EnviroTrack_v2\EWARM\Project_Slave_Sensor_EnviroTrack\Obj\user_convert_variable.o
#        D:\Saoviet_Git\Saoviet_EnviroTrack_M_And_S_RawW\Project_Slave_Chemins_DO\Project_Slave_Sensor_EnviroTrack_v2\EWARM\Project_Slave_Sensor_EnviroTrack\Obj\user_internal_mem.o
#        D:\Saoviet_Git\Saoviet_EnviroTrack_M_And_S_RawW\Project_Slave_Chemins_DO\Project_Slave_Sensor_EnviroTrack_v2\EWARM\Project_Slave_Sensor_EnviroTrack\Obj\user_mem_comm.o
#        D:\Saoviet_Git\Saoviet_EnviroTrack_M_And_S_RawW\Project_Slave_Chemins_DO\Project_Slave_Sensor_EnviroTrack_v2\EWARM\Project_Slave_Sensor_EnviroTrack\Obj\user_modbus_rtu.o
#        D:\Saoviet_Git\Saoviet_EnviroTrack_M_And_S_RawW\Project_Slave_Chemins_DO\Project_Slave_Sensor_EnviroTrack_v2\EWARM\Project_Slave_Sensor_EnviroTrack\Obj\user_obis_sv.o
#        D:\Saoviet_Git\Saoviet_EnviroTrack_M_And_S_RawW\Project_Slave_Chemins_DO\Project_Slave_Sensor_EnviroTrack_v2\EWARM\Project_Slave_Sensor_EnviroTrack\Obj\user_rs485.o
#        D:\Saoviet_Git\Saoviet_EnviroTrack_M_And_S_RawW\Project_Slave_Chemins_DO\Project_Slave_Sensor_EnviroTrack_v2\EWARM\Project_Slave_Sensor_EnviroTrack\Obj\user_rtc.o
#        D:\Saoviet_Git\Saoviet_EnviroTrack_M_And_S_RawW\Project_Slave_Chemins_DO\Project_Slave_Sensor_EnviroTrack_v2\EWARM\Project_Slave_Sensor_EnviroTrack\Obj\user_string.o
#        D:\Saoviet_Git\Saoviet_EnviroTrack_M_And_S_RawW\Project_Slave_Chemins_DO\Project_Slave_Sensor_EnviroTrack_v2\EWARM\Project_Slave_Sensor_EnviroTrack\Obj\user_time.o
#        D:\Saoviet_Git\Saoviet_EnviroTrack_M_And_S_RawW\Project_Slave_Chemins_DO\Project_Slave_Sensor_EnviroTrack_v2\EWARM\Project_Slave_Sensor_EnviroTrack\Obj\user_timer.o
#        D:\Saoviet_Git\Saoviet_EnviroTrack_M_And_S_RawW\Project_Slave_Chemins_DO\Project_Slave_Sensor_EnviroTrack_v2\EWARM\Project_Slave_Sensor_EnviroTrack\Obj\user_tiny_vsnprintf.o
#        D:\Saoviet_Git\Saoviet_EnviroTrack_M_And_S_RawW\Project_Slave_Chemins_DO\Project_Slave_Sensor_EnviroTrack_v2\EWARM\Project_Slave_Sensor_EnviroTrack\Obj\user_uart.o
#        D:\Saoviet_Git\Saoviet_EnviroTrack_M_And_S_RawW\Project_Slave_Chemins_DO\Project_Slave_Sensor_EnviroTrack_v2\EWARM\Project_Slave_Sensor_EnviroTrack\Obj\user_util.o
#        --no_out_extension -o
#        D:\Saoviet_Git\Saoviet_EnviroTrack_M_And_S_RawW\Project_Slave_Chemins_DO\Project_Slave_Sensor_EnviroTrack_v2\EWARM\Project_Slave_Sensor_EnviroTrack\Exe\Project_Slave_Sensor_EnviroTrack.out
#        --redirect _Printf=_PrintfFullNoMb --redirect _Scanf=_ScanfFullNoMb
#        --map
#        D:\Saoviet_Git\Saoviet_EnviroTrack_M_And_S_RawW\Project_Slave_Chemins_DO\Project_Slave_Sensor_EnviroTrack_v2\EWARM\Project_Slave_Sensor_EnviroTrack\List\Project_Slave_Sensor_EnviroTrack.map
#        --config
#        D:\Saoviet_Git\Saoviet_EnviroTrack_M_And_S_RawW\Project_Slave_Chemins_DO\Project_Slave_Sensor_EnviroTrack_v2\EWARM/stm32l433xx_flash.icf
#        --semihosting --entry __iar_program_start --vfe --text_out locale)
#
###############################################################################

*******************************************************************************
*** RUNTIME MODEL ATTRIBUTES
***

CppFlavor       = *
__Heap_Handler  = DLMalloc
__SystemLibrary = DLib
__dlib_version  = 6


*******************************************************************************
*** HEAP SELECTION
***

The advanced heap was selected because the application calls memory
allocation functions outside of system library functions, and there
are calls to deallocation functions in the application.


*******************************************************************************
*** PLACEMENT SUMMARY
***

"A0":  place at address 0x800'0000 { ro section .intvec };
"P1":  place in [from 0x800'0000 to 0x803'ffff] { ro };
define block CSTACK with size = 1K, alignment = 8 { };
define block HEAP with size = 512, alignment = 8 { };
"P2":  place in [from 0x2000'0000 to 0x2000'ffff] {
          rw, block CSTACK, block HEAP };
initialize by copy { rw };

  Section            Kind         Address      Size  Object
  -------            ----         -------      ----  ------
"A0":                                         0x18c
  .intvec            ro code   0x800'0000     0x18c  startup_stm32l433xx.o [1]
                             - 0x800'018c     0x18c

"P1":                                      0x1'0f0d
  .text              ro code   0x800'018c    0x1fc8  user_app_sensor.o [1]
  .text              ro code   0x800'2154      0x54  event_driven.o [1]
  .text              ro code   0x800'21a8      0x66  ABImemset.o [4]
  .text              ro code   0x800'220e     0x350  user_modbus_rtu.o [1]
  .text              ro code   0x800'255e      0x3a  zero_init3.o [4]
  .text              ro code   0x800'2598     0x380  stm32l4xx_hal_gpio.o [1]
  .text              ro code   0x800'2918     0x39c  usart.o [1]
  .text              ro code   0x800'2cb4      0x74  user_connect_sensor.o [1]
  .text              ro code   0x800'2d28      0x48  FltToDbl.o [3]
  .text              ro code   0x800'2d70      0x1a  U32ToDbl.o [3]
  .text              ro code   0x800'2d8a       0xa  xsprout.o [2]
  .text              ro code   0x800'2d94      0x16  math_wrappers64.o [3]
  .rodata            const     0x800'2daa       0x2  xlocale_c.o [2]
  .text              ro code   0x800'2dac     0x246  DblDiv.o [3]
  .rodata            const     0x800'2ff2       0x1  xlocale_c.o [2]
  .text              ro code   0x800'2ff4      0x68  DblToFlt.o [3]
  .text              ro code   0x800'305c     0xd2c  lcd_display.o [1]
  .text              ro code   0x800'3d88     0x21c  user_util.o [1]
  .text              ro code   0x800'3fa4      0x28  stm32l4xx_hal.o [1]
  .text              ro code   0x800'3fcc     0xfc8  stm32l4xx_hal_uart.o [1]
  .text              ro code   0x800'4f94     0x40c  user_convert_variable.o [1]
  .text              ro code   0x800'53a0     0x172  onchipflash.o [1]
  .text              ro code   0x800'5514     0xbac  user_app_modbus_rtu.o [1]
  .text              ro code   0x800'60c0      0xa6  ABImemcpy.o [4]
  .text              ro code   0x800'6168       0xc  stm32l4xx_hal.o [1]
  .text              ro code   0x800'6174      0xc2  main.o [1]
  .text              ro code   0x800'6236      0x14  memset.o [4]
  .text              ro code   0x800'624c     0x4e8  stm32l4xx_hal_rcc_ex.o [1]
  .text              ro code   0x800'6734     0x422  stm32l4xx_hal_dma.o [1]
  .text              ro code   0x800'6b58     0x194  stm32l4xx_hal_cortex.o [1]
  .text              ro code   0x800'6cec     0x6ec  pow64.o [3]
  .text              ro code   0x800'73d8      0xb0  STM32L4.o [1]
  .text              ro code   0x800'7488     0x290  text_tiny.o [1]
  .text              ro code   0x800'7718      0x14  unit_tests.o [1]
  .text              ro code   0x800'772c     0x110  glcd.o [1]
  .text              ro code   0x800'783c     0x15c  ST7565R.o [1]
  .text              ro code   0x800'7998    0x1ed4  button.o [1]
  .text              ro code   0x800'986c      0x36  strlen.o [4]
  .text              ro code   0x800'98a4     0x390  text.o [1]
  .text              ro code   0x800'9c34     0x200  graphics.o [1]
  .text              ro code   0x800'9e34      0x22  S32ToDbl.o [3]
  .text              ro code   0x800'9e58      0x40  sprintf.o [2]
  .text              ro code   0x800'9e98     0x128  user_uart.o [1]
  .text              ro code   0x800'9fc0      0x72  stm32l4xx_hal_uart_ex.o [1]
  .text              ro code   0x800'a034     0x9fc  stm32l4xx_hal_rcc.o [1]
  .text              ro code   0x800'aa30     0x230  I64DivMod.o [4]
  .text              ro code   0x800'ac60       0x2  stm32l4xx_hal_uart.o [1]
  .text              ro code   0x800'ac62       0x2  stm32l4xx_hal_uart.o [1]
  .text              ro code   0x800'ac64     0x1a2  DblMul.o [3]
  .text              ro code   0x800'ae08     0x17a  DblAdd.o [3]
  .text              ro code   0x800'af84      0x3a  DblToS32.o [3]
  .text              ro code   0x800'afc0     0x1b8  stm32l4xx_hal_flash.o [1]
  .text              ro code   0x800'b178      0xa0  stm32l4xx_hal_flash_ex.o [1]
  .text              ro code   0x800'b218      0x24  stm32l4xx_hal.o [1]
  .text              ro code   0x800'b23c     0x1d0  gpio.o [1]
  .text              ro code   0x800'b40c      0x60  dma.o [1]
  .text              ro code   0x800'b46c     0x150  rtc.o [1]
  .text              ro code   0x800'b5bc      0xc8  spi.o [1]
  .text              ro code   0x800'b684     0x4b0  user_app_comm.o [1]
  .text              ro code   0x800'bb34      0x94  stm32l4xx_hal_pwr_ex.o [1]
  .text              ro code   0x800'bbc8      0x20  DblCmpEq.o [3]
  .text              ro code   0x800'bbe8      0x70  frexp.o [3]
  .text              ro code   0x800'bc58      0x2e  DblCmpLe.o [3]
  .text              ro code   0x800'bc88      0xe2  DblSub.o [3]
  .text              ro code   0x800'bd6c      0x2e  DblCmpGe.o [3]
  .text              ro code   0x800'bd9c     0x3e8  iar_Exp64.o [3]
  .text              ro code   0x800'c184     0x52a  stm32l4xx_hal_spi.o [1]
  .text              ro code   0x800'c6ae       0x8  abs.o [2]
  .text              ro code   0x800'c6b8     0xfc6  xprintffull_nomb.o [2]
  .text              ro code   0x800'd680      0x70  user_rs485.o [1]
  .text              ro code   0x800'd6f0     0x23a  user_adv_trace.o [1]
  .text              ro code   0x800'd92c      0x60  stm32l4xx_hal.o [1]
  .text              ro code   0x800'd98c       0x2  I64DivZer.o [4]
  .text              ro code   0x800'd990      0x38  stm32l4xx_hal_msp.o [1]
  .text              ro code   0x800'd9c8     0x78e  stm32l4xx_hal_rtc.o [1]
  .text              ro code   0x800'e158     0x310  user_timer.o [1]
  .text              ro code   0x800'e468     0x1dc  user_at_serial.o [1]
  .text              ro code   0x800'e644      0x58  user_time.o [1]
  .text              ro code   0x800'e69c     0x180  user_app_rs485.o [1]
  .text              ro code   0x800'e81c     0x13a  ldexp.o [3]
  .text              ro code   0x800'e958      0x16  strchr.o [4]
  .text              ro code   0x800'e970      0x40  xfail_s.o [2]
  .text              ro code   0x800'e9b0      0x58  memchr.o [4]
  .text              ro code   0x800'ea08      0x28  DblToU32.o [3]
  .text              ro code   0x800'ea30       0x8  xlocale_c.o [2]
  .text              ro code   0x800'ea38     0x350  user_tiny_vsnprintf.o [1]
  .text              ro code   0x800'ed88     0x3a8  user_rtc.o [1]
  .text              ro code   0x800'f130       0x2  stm32l4xx_hal_rtc_ex.o [1]
  .text              ro code   0x800'f132     0x1e6  user_string.o [1]
  .text              ro code   0x800'f318       0x6  abort.o [2]
  .text              ro code   0x800'f320      0x48  stm32l4xx_hal_rtc_ex.o [1]
  .text              ro code   0x800'f368      0x14  exit.o [5]
  .rodata            const     0x800'f380     0x420  pow64.o [3]
  .rodata            const     0x800'f7a0     0x400  unit_tests.o [1]
  .rodata            const     0x800'fba0     0x228  lcd_display.o [1]
  .rodata            const     0x800'fdc8     0x214  lcd_display.o [1]
  .text              ro code   0x800'ffdc      0xd4  stm32l4xx_it.o [1]
  .text              ro code   0x801'00b0      0x18  stm32l4xx_hal.o [1]
  .text              ro code   0x801'00c8      0x78  lz77_init_single.o [4]
  .rodata            const     0x801'0140      0x34  user_app_sensor.o [1]
  .rodata            const     0x801'0174      0x34  user_app_sensor.o [1]
  .rodata            const     0x801'01a8      0x30  system_stm32l4xx.o [1]
  .rodata            const     0x801'01d8      0x2c  user_rtc.o [1]
  .rodata            const     0x801'0204      0x28  user_tiny_vsnprintf.o [1]
  .rodata            const     0x801'022c      0x28  user_tiny_vsnprintf.o [1]
  .text              ro code   0x801'0254      0x28  data_init.o [4]
  .text              ro code   0x801'027c      0x22  fpinit_M.o [3]
  .iar.init_table    const     0x801'02a0      0x20  - Linker created -
  .rodata            const     0x801'02c0      0x20  user_rtc.o [1]
  .text              ro code   0x801'02e0      0x1e  cmain.o [4]
  .text              ro code   0x801'02fe       0x4  low_level_init.o [2]
  .text              ro code   0x801'0302       0x4  exit.o [2]
  .text              ro code   0x801'0308       0xa  cexit.o [4]
  .rodata            const     0x801'0314      0x1c  user_app_comm.o [1]
  .rodata            const     0x801'0330      0x1c  user_uart.o [1]
  .rodata            const     0x801'034c      0x18  user_app_comm.o [1]
  .rodata            const     0x801'0364      0x14  lcd_display.o [1]
  .rodata            const     0x801'0378      0x14  user_app_comm.o [1]
  .rodata            const     0x801'038c      0x14  user_at_serial.o [1]
  .rodata            const     0x801'03a0      0x14  user_at_serial.o [1]
  .rodata            const     0x801'03b4      0x14  user_at_serial.o [1]
  .rodata            const     0x801'03c8      0x14  user_at_serial.o [1]
  .rodata            const     0x801'03dc      0x14  user_at_serial.o [1]
  .rodata            const     0x801'03f0      0x10  lcd_display.o [1]
  .rodata            const     0x801'0400      0x10  lcd_display.o [1]
  .rodata            const     0x801'0410      0x10  lcd_display.o [1]
  .rodata            const     0x801'0420      0x10  lcd_display.o [1]
  .rodata            const     0x801'0430      0x10  lcd_display.o [1]
  .rodata            const     0x801'0440      0x10  lcd_display.o [1]
  .rodata            const     0x801'0450      0x10  lcd_display.o [1]
  .rodata            const     0x801'0460      0x10  lcd_display.o [1]
  .rodata            const     0x801'0470      0x10  lcd_display.o [1]
  .rodata            const     0x801'0480      0x10  lcd_display.o [1]
  .rodata            const     0x801'0490      0x10  lcd_display.o [1]
  .rodata            const     0x801'04a0      0x10  system_stm32l4xx.o [1]
  .rodata            const     0x801'04b0      0x10  user_app_sensor.o [1]
  .rodata            const     0x801'04c0      0x10  user_at_serial.o [1]
  .rodata            const     0x801'04d0      0x10  user_at_serial.o [1]
  .rodata            const     0x801'04e0      0x10  user_at_serial.o [1]
  .rodata            const     0x801'04f0      0x10  user_at_serial.o [1]
  .rodata            const     0x801'0500      0x10  user_at_serial.o [1]
  .rodata            const     0x801'0510      0x10  user_at_serial.o [1]
  .rodata            const     0x801'0520      0x10  user_at_serial.o [1]
  .rodata            const     0x801'0530      0x10  user_at_serial.o [1]
  .rodata            const     0x801'0540      0x10  user_at_serial.o [1]
  .rodata            const     0x801'0550      0x10  user_at_serial.o [1]
  .rodata            const     0x801'0560      0x10  user_at_serial.o [1]
  .rodata            const     0x801'0570      0x10  user_at_serial.o [1]
  .rodata            const     0x801'0580      0x10  user_at_serial.o [1]
  .rodata            const     0x801'0590      0x10  user_at_serial.o [1]
  .rodata            const     0x801'05a0      0x10  user_at_serial.o [1]
  .rodata            const     0x801'05b0      0x10  user_at_serial.o [1]
  .rodata            const     0x801'05c0      0x10  user_at_serial.o [1]
  .rodata            const     0x801'05d0      0x10  user_at_serial.o [1]
  .rodata            const     0x801'05e0      0x10  user_at_serial.o [1]
  .rodata            const     0x801'05f0      0x10  user_at_serial.o [1]
  .rodata            const     0x801'0600      0x10  user_at_serial.o [1]
  .rodata            const     0x801'0610      0x10  user_at_serial.o [1]
  .rodata            const     0x801'0620      0x10  user_at_serial.o [1]
  .rodata            const     0x801'0630      0x10  user_at_serial.o [1]
  .rodata            const     0x801'0640      0x10  user_at_serial.o [1]
  .rodata            const     0x801'0650      0x10  user_at_serial.o [1]
  .rodata            const     0x801'0660      0x10  user_at_serial.o [1]
  .rodata            const     0x801'0670      0x10  user_at_serial.o [1]
  .text              ro code   0x801'0680      0x10  startup_stm32l433xx.o [1]
  .text              ro code   0x801'0690      0x10  system_stm32l4xx.o [1]
  .rodata            const     0x801'06a0       0xc  lcd_display.o [1]
  .rodata            const     0x801'06ac       0xc  lcd_display.o [1]
  .rodata            const     0x801'06b8       0xc  lcd_display.o [1]
  .rodata            const     0x801'06c4       0xc  lcd_display.o [1]
  .rodata            const     0x801'06d0       0xc  lcd_display.o [1]
  .rodata            const     0x801'06dc       0xc  lcd_display.o [1]
  .rodata            const     0x801'06e8       0xc  lcd_display.o [1]
  .rodata            const     0x801'06f4       0xc  lcd_display.o [1]
  .rodata            const     0x801'0700       0xc  lcd_display.o [1]
  .rodata            const     0x801'070c       0xc  lcd_display.o [1]
  .rodata            const     0x801'0718       0xc  lcd_display.o [1]
  .rodata            const     0x801'0724       0xc  lcd_display.o [1]
  .rodata            const     0x801'0730       0xc  lcd_display.o [1]
  .rodata            const     0x801'073c       0xc  lcd_display.o [1]
  .rodata            const     0x801'0748       0xc  lcd_display.o [1]
  .rodata            const     0x801'0754       0xc  lcd_display.o [1]
  .rodata            const     0x801'0760       0xc  lcd_display.o [1]
  .rodata            const     0x801'076c       0xc  lcd_display.o [1]
  .rodata            const     0x801'0778       0xc  lcd_display.o [1]
  .rodata            const     0x801'0784       0xc  lcd_display.o [1]
  .rodata            const     0x801'0790       0xc  lcd_display.o [1]
  .rodata            const     0x801'079c       0xc  user_app_comm.o [1]
  .rodata            const     0x801'07a8       0xc  user_app_sensor.o [1]
  .rodata            const     0x801'07b4       0xc  user_at_serial.o [1]
  .rodata            const     0x801'07c0       0xc  user_at_serial.o [1]
  .rodata            const     0x801'07cc       0xc  user_at_serial.o [1]
  .rodata            const     0x801'07d8       0xc  user_at_serial.o [1]
  .rodata            const     0x801'07e4       0xc  user_at_serial.o [1]
  .rodata            const     0x801'07f0       0xc  user_at_serial.o [1]
  .rodata            const     0x801'07fc       0xc  user_at_serial.o [1]
  .rodata            const     0x801'0808       0xc  user_at_serial.o [1]
  .rodata            const     0x801'0814       0xc  user_at_serial.o [1]
  .rodata            const     0x801'0820       0xc  user_at_serial.o [1]
  .rodata            const     0x801'082c       0xc  user_at_serial.o [1]
  .rodata            const     0x801'0838       0xc  user_at_serial.o [1]
  .rodata            const     0x801'0844       0xc  user_at_serial.o [1]
  .rodata            const     0x801'0850       0xc  user_at_serial.o [1]
  .rodata            const     0x801'085c       0xc  user_at_serial.o [1]
  .rodata            const     0x801'0868       0xc  user_at_serial.o [1]
  .rodata            const     0x801'0874       0xc  user_at_serial.o [1]
  .rodata            const     0x801'0880       0xc  user_at_serial.o [1]
  .rodata            const     0x801'088c       0xc  user_at_serial.o [1]
  .rodata            const     0x801'0898       0xc  user_at_serial.o [1]
  .rodata            const     0x801'08a4       0xc  user_at_serial.o [1]
  .rodata            const     0x801'08b0       0xc  user_at_serial.o [1]
  .rodata            const     0x801'08bc       0xc  user_at_serial.o [1]
  .rodata            const     0x801'08c8       0xc  user_at_serial.o [1]
  .rodata            const     0x801'08d4       0xc  user_at_serial.o [1]
  .rodata            const     0x801'08e0       0xc  user_at_serial.o [1]
  .rodata            const     0x801'08ec       0xc  user_at_serial.o [1]
  .rodata            const     0x801'08f8       0xc  user_at_serial.o [1]
  .rodata            const     0x801'0904       0xc  user_rtc.o [1]
  .rodata            const     0x801'0910       0xc  user_rtc.o [1]
  .text              ro code   0x801'091c       0xc  cstartup_M.o [4]
  .rodata            const     0x801'0928       0x8  lcd_display.o [1]
  .rodata            const     0x801'0930       0x8  lcd_display.o [1]
  .rodata            const     0x801'0938       0x8  lcd_display.o [1]
  .rodata            const     0x801'0940       0x8  lcd_display.o [1]
  .rodata            const     0x801'0948       0x8  lcd_display.o [1]
  .rodata            const     0x801'0950       0x8  lcd_display.o [1]
  .rodata            const     0x801'0958       0x8  lcd_display.o [1]
  .rodata            const     0x801'0960       0x8  lcd_display.o [1]
  .rodata            const     0x801'0968       0x8  lcd_display.o [1]
  .rodata            const     0x801'0970       0x8  lcd_display.o [1]
  .rodata            const     0x801'0978       0x8  lcd_display.o [1]
  .rodata            const     0x801'0980       0x8  lcd_display.o [1]
  .rodata            const     0x801'0988       0x8  system_stm32l4xx.o [1]
  .rodata            const     0x801'0990       0x8  user_app_modbus_rtu.o [1]
  .rodata            const     0x801'0998       0x8  user_app_modbus_rtu.o [1]
  .rodata            const     0x801'09a0       0x8  user_app_sensor.o [1]
  .rodata            const     0x801'09a8       0x8  user_app_sensor.o [1]
  .rodata            const     0x801'09b0       0x8  user_app_sensor.o [1]
  .rodata            const     0x801'09b8       0x8  user_app_sensor.o [1]
  .rodata            const     0x801'09c0       0x8  user_at_serial.o [1]
  .rodata            const     0x801'09c8       0x8  user_at_serial.o [1]
  .rodata            const     0x801'09d0       0x8  user_at_serial.o [1]
  .rodata            const     0x801'09d8       0x8  user_at_serial.o [1]
  .rodata            const     0x801'09e0       0x8  user_at_serial.o [1]
  .rodata            const     0x801'09e8       0x8  user_tiny_vsnprintf.o [1]
  .rodata            const     0x801'09f0       0x8  user_util.o [1]
  .rodata            const     0x801'09f8       0x8  xprintffull_nomb.o [2]
  .rodata            const     0x801'0a00       0x4  lcd_display.o [1]
  .rodata            const     0x801'0a04       0x4  lcd_display.o [1]
  .rodata            const     0x801'0a08       0x4  lcd_display.o [1]
  .rodata            const     0x801'0a0c       0x4  lcd_display.o [1]
  .rodata            const     0x801'0a10       0x4  lcd_display.o [1]
  .text              ro code   0x801'0a14       0x4  startup_stm32l433xx.o [1]
  .text              ro code   0x801'0a18       0x4  startup_stm32l433xx.o [1]
  .text              ro code   0x801'0a1c       0x4  startup_stm32l433xx.o [1]
  .text              ro code   0x801'0a20       0x4  startup_stm32l433xx.o [1]
  .text              ro code   0x801'0a24       0x4  startup_stm32l433xx.o [1]
  .text              ro code   0x801'0a28       0x4  startup_stm32l433xx.o [1]
  .text              ro code   0x801'0a2c       0x4  startup_stm32l433xx.o [1]
  .text              ro code   0x801'0a30       0x4  startup_stm32l433xx.o [1]
  .text              ro code   0x801'0a34       0x4  startup_stm32l433xx.o [1]
  .text              ro code   0x801'0a38       0x4  startup_stm32l433xx.o [1]
  .text              ro code   0x801'0a3c       0x4  startup_stm32l433xx.o [1]
  .text              ro code   0x801'0a40       0x4  startup_stm32l433xx.o [1]
  .text              ro code   0x801'0a44       0x4  startup_stm32l433xx.o [1]
  .text              ro code   0x801'0a48       0x4  startup_stm32l433xx.o [1]
  .text              ro code   0x801'0a4c       0x4  startup_stm32l433xx.o [1]
  .text              ro code   0x801'0a50       0x4  startup_stm32l433xx.o [1]
  .text              ro code   0x801'0a54       0x4  startup_stm32l433xx.o [1]
  .text              ro code   0x801'0a58       0x4  startup_stm32l433xx.o [1]
  .text              ro code   0x801'0a5c       0x4  startup_stm32l433xx.o [1]
  .text              ro code   0x801'0a60       0x4  startup_stm32l433xx.o [1]
  .text              ro code   0x801'0a64       0x4  startup_stm32l433xx.o [1]
  .text              ro code   0x801'0a68       0x4  startup_stm32l433xx.o [1]
  .text              ro code   0x801'0a6c       0x4  startup_stm32l433xx.o [1]
  .text              ro code   0x801'0a70       0x4  startup_stm32l433xx.o [1]
  .text              ro code   0x801'0a74       0x4  startup_stm32l433xx.o [1]
  .text              ro code   0x801'0a78       0x4  startup_stm32l433xx.o [1]
  .text              ro code   0x801'0a7c       0x4  startup_stm32l433xx.o [1]
  .text              ro code   0x801'0a80       0x4  startup_stm32l433xx.o [1]
  .text              ro code   0x801'0a84       0x4  startup_stm32l433xx.o [1]
  .text              ro code   0x801'0a88       0x4  startup_stm32l433xx.o [1]
  .text              ro code   0x801'0a8c       0x4  startup_stm32l433xx.o [1]
  .text              ro code   0x801'0a90       0x4  startup_stm32l433xx.o [1]
  .text              ro code   0x801'0a94       0x4  startup_stm32l433xx.o [1]
  .text              ro code   0x801'0a98       0x4  startup_stm32l433xx.o [1]
  .text              ro code   0x801'0a9c       0x4  startup_stm32l433xx.o [1]
  .text              ro code   0x801'0aa0       0x4  startup_stm32l433xx.o [1]
  .text              ro code   0x801'0aa4       0x4  startup_stm32l433xx.o [1]
  .text              ro code   0x801'0aa8       0x4  startup_stm32l433xx.o [1]
  .text              ro code   0x801'0aac       0x4  startup_stm32l433xx.o [1]
  .text              ro code   0x801'0ab0       0x4  startup_stm32l433xx.o [1]
  .text              ro code   0x801'0ab4       0x4  startup_stm32l433xx.o [1]
  .text              ro code   0x801'0ab8       0x4  startup_stm32l433xx.o [1]
  .text              ro code   0x801'0abc       0x4  startup_stm32l433xx.o [1]
  .text              ro code   0x801'0ac0       0x4  startup_stm32l433xx.o [1]
  .text              ro code   0x801'0ac4       0x4  startup_stm32l433xx.o [1]
  .text              ro code   0x801'0ac8       0x4  startup_stm32l433xx.o [1]
  .text              ro code   0x801'0acc       0x4  startup_stm32l433xx.o [1]
  .text              ro code   0x801'0ad0       0x4  startup_stm32l433xx.o [1]
  .text              ro code   0x801'0ad4       0x4  startup_stm32l433xx.o [1]
  .text              ro code   0x801'0ad8       0x4  startup_stm32l433xx.o [1]
  .text              ro code   0x801'0adc       0x4  startup_stm32l433xx.o [1]
  .text              ro code   0x801'0ae0       0x4  startup_stm32l433xx.o [1]
  .text              ro code   0x801'0ae4       0x4  startup_stm32l433xx.o [1]
  .text              ro code   0x801'0ae8       0x4  startup_stm32l433xx.o [1]
  .text              ro code   0x801'0aec       0x4  startup_stm32l433xx.o [1]
  .text              ro code   0x801'0af0       0x4  startup_stm32l433xx.o [1]
  .text              ro code   0x801'0af4       0x4  startup_stm32l433xx.o [1]
  .text              ro code   0x801'0af8       0x4  startup_stm32l433xx.o [1]
  .text              ro code   0x801'0afc       0x4  startup_stm32l433xx.o [1]
  .rodata            const     0x801'0b00       0x0  zero_init3.o [4]
  .rodata            const     0x801'0b00       0x0  lz77_init_single.o [4]
  Initializer bytes  const     0x801'0b00     0x599  <for P2-1>
                             - 0x801'1099  0x1'0f0d

"P2", part 1 of 3:                            0xd11
  P2-1                        0x2000'0000     0xd11  <Init block>
    .data            inited   0x2000'0000       0xc  button.o [1]
    .data            inited   0x2000'000c      0x70  lcd_display.o [1]
    .data            inited   0x2000'007c      0x5c  lcd_display.o [1]
    .data            inited   0x2000'00d8       0x8  lcd_display.o [1]
    .data            inited   0x2000'00e0       0x4  lcd_display.o [1]
    .data            inited   0x2000'00e4      0x10  lcd_display.o [1]
    .data            inited   0x2000'00f4      0x10  lcd_display.o [1]
    .data            inited   0x2000'0104      0x10  lcd_display.o [1]
    .data            inited   0x2000'0114      0x10  lcd_display.o [1]
    .data            inited   0x2000'0124      0x10  lcd_display.o [1]
    .data            inited   0x2000'0134       0x8  lcd_display.o [1]
    .data            inited   0x2000'013c     0x480  lcd_display.o [1]
    .data            inited   0x2000'05bc       0x4  stm32l4xx_hal.o [1]
    .data            inited   0x2000'05c0      0x20  stm32l4xx_hal_flash.o [1]
    .data            inited   0x2000'05e0       0x4  system_stm32l4xx.o [1]
    .data            inited   0x2000'05e4      0x70  user_app_comm.o [1]
    .data            inited   0x2000'0654       0x8  user_app_comm.o [1]
    .data            inited   0x2000'065c       0x8  user_app_comm.o [1]
    .data            inited   0x2000'0664     0x12c  user_app_modbus_rtu.o [1]
    .data            inited   0x2000'0790      0x2c  user_app_modbus_rtu.o [1]
    .data            inited   0x2000'07bc       0x8  user_app_modbus_rtu.o [1]
    .data            inited   0x2000'07c4      0x40  user_app_rs485.o [1]
    .data            inited   0x2000'0804      0x90  user_app_sensor.o [1]
    .data            inited   0x2000'0894       0x8  user_app_sensor.o [1]
    .data            inited   0x2000'089c       0x4  user_app_sensor.o [1]
    .data            inited   0x2000'08a0       0x4  user_app_sensor.o [1]
    .data            inited   0x2000'08a4       0x8  user_at_serial.o [1]
    .data            inited   0x2000'08ac     0x410  user_at_serial.o [1]
    .data            inited   0x2000'0cbc       0x8  user_connect_sensor.o [1]
    .data            inited   0x2000'0cc4       0x8  user_rs485.o [1]
    .data            inited   0x2000'0ccc       0x4  user_tiny_vsnprintf.o [1]
    .data            inited   0x2000'0cd0       0x4  user_tiny_vsnprintf.o [1]
    .data            inited   0x2000'0cd4      0x38  xlocale_c.o [2]
    .data            inited   0x2000'0d0c       0x2  user_app_modbus_rtu.o [1]
    .data            inited   0x2000'0d0e       0x1  lcd_display.o [1]
    .data            inited   0x2000'0d0f       0x1  stm32l4xx_hal.o [1]
    .data            inited   0x2000'0d10       0x1  user_util.o [1]
                            - 0x2000'0d11     0xd11

"P2", part 2 of 3:                           0x1d60
  .bss               zero     0x2000'0d14     0x4b0  user_app_comm.o [1]
  .bss               zero     0x2000'11c4     0x400  glcd.o [1]
  .bss               zero     0x2000'15c4     0x400  user_adv_trace.o [1]
  .bss               zero     0x2000'19c4     0x240  lcd_display.o [1]
  .bss               zero     0x2000'1c04     0x200  user_adv_trace.o [1]
  .bss               zero     0x2000'1e04     0x200  user_connect_sensor.o [1]
  .bss               zero     0x2000'2004     0x200  user_rs485.o [1]
  .bss               zero     0x2000'2204      0x90  lcd_display.o [1]
  .bss               zero     0x2000'2294      0x88  usart.o [1]
  .bss               zero     0x2000'231c      0x88  usart.o [1]
  .bss               zero     0x2000'23a4      0x88  usart.o [1]
  .bss               zero     0x2000'242c      0x80  user_app_modbus_rtu.o [1]
  .bss               zero     0x2000'24ac      0x80  user_app_modbus_rtu.o [1]
  .bss               zero     0x2000'252c      0x80  user_app_modbus_rtu.o [1]
  .bss               zero     0x2000'25ac      0x80  user_at_serial.o [1]
  .bss               zero     0x2000'262c      0x80  user_at_serial.o [1]
  .bss               zero     0x2000'26ac      0x64  spi.o [1]
  .bss               zero     0x2000'2710      0x64  user_app_comm.o [1]
  .bss               zero     0x2000'2774      0x48  usart.o [1]
  .bss               zero     0x2000'27bc      0x48  usart.o [1]
  .bss               zero     0x2000'2804      0x48  usart.o [1]
  .bss               zero     0x2000'284c      0x38  user_app_sensor.o [1]
  .bss               zero     0x2000'2884      0x2c  user_app_sensor.o [1]
  .bss               zero     0x2000'28b0      0x2c  user_rtc.o [1]
  .bss               zero     0x2000'28dc      0x28  user_app_sensor.o [1]
  .bss               zero     0x2000'2904      0x28  user_app_sensor.o [1]
  .bss               zero     0x2000'292c      0x24  rtc.o [1]
  .bss               zero     0x2000'2950      0x1c  user_rtc.o [1]
  .bss               zero     0x2000'296c      0x18  button.o [1]
  .bss               zero     0x2000'2984      0x18  user_adv_trace.o [1]
  .bss               zero     0x2000'299c      0x18  user_app_comm.o [1]
  .bss               zero     0x2000'29b4      0x10  lcd_display.o [1]
  .bss               zero     0x2000'29c4      0x10  user_app_sensor.o [1]
  .bss               zero     0x2000'29d4       0xc  text.o [1]
  .bss               zero     0x2000'29e0       0xc  user_app_sensor.o [1]
  .bss               zero     0x2000'29ec       0xc  user_util.o [1]
  .bss               zero     0x2000'29f8       0x8  user_app_sensor.o [1]
  .bss               zero     0x2000'2a00       0x4  button.o [1]
  .bss               zero     0x2000'2a04       0x4  glcd.o [1]
  .bss               zero     0x2000'2a08       0x4  glcd.o [1]
  .bss               zero     0x2000'2a0c       0x4  glcd.o [1]
  .bss               zero     0x2000'2a10       0x4  lcd_display.o [1]
  .bss               zero     0x2000'2a14       0x4  stm32l4xx_hal.o [1]
  .bss               zero     0x2000'2a18       0x4  stm32l4xx_it.o [1]
  .bss               zero     0x2000'2a1c       0x4  user_app_comm.o [1]
  .bss               zero     0x2000'2a20       0x4  user_app_sensor.o [1]
  .bss               zero     0x2000'2a24       0x4  user_app_sensor.o [1]
  .bss               zero     0x2000'2a28       0x4  user_app_sensor.o [1]
  .bss               zero     0x2000'2a2c       0x4  user_app_sensor.o [1]
  .bss               zero     0x2000'2a30       0x4  user_app_sensor.o [1]
  .bss               zero     0x2000'2a34       0x4  user_app_sensor.o [1]
  .bss               zero     0x2000'2a38       0x4  user_rtc.o [1]
  .bss               zero     0x2000'2a3c       0x4  user_timer.o [1]
  .bss               zero     0x2000'2a40       0x4  user_util.o [1]
  .bss               zero     0x2000'2a44       0x4  user_util.o [1]
  .bss               zero     0x2000'2a48       0x4  user_util.o [1]
  .bss               zero     0x2000'2a4c       0x4  xfail_s.o [2]
  .bss               zero     0x2000'2a50       0x2  button.o [1]
  .bss               zero     0x2000'2a52       0x2  button.o [1]
  .bss               zero     0x2000'2a54       0x2  lcd_display.o [1]
  .bss               zero     0x2000'2a56       0x2  user_app_comm.o [1]
  .bss               zero     0x2000'2a58       0x2  user_app_comm.o [1]
  .bss               zero     0x2000'2a5a       0x2  user_app_sensor.o [1]
  .bss               zero     0x2000'2a5c       0x2  user_app_sensor.o [1]
  .bss               zero     0x2000'2a5e       0x2  user_uart.o [1]
  .bss               zero     0x2000'2a60       0x1  button.o [1]
  .bss               zero     0x2000'2a61       0x1  lcd_display.o [1]
  .bss               zero     0x2000'2a62       0x1  lcd_display.o [1]
  .bss               zero     0x2000'2a63       0x1  lcd_display.o [1]
  .bss               zero     0x2000'2a64       0x1  stm32l4xx_it.o [1]
  .bss               zero     0x2000'2a65       0x1  user_app_comm.o [1]
  .bss               zero     0x2000'2a66       0x1  user_app_comm.o [1]
  .bss               zero     0x2000'2a67       0x1  user_app_rs485.o [1]
  .bss               zero     0x2000'2a68       0x1  user_app_sensor.o [1]
  .bss               zero     0x2000'2a69       0x1  user_app_sensor.o [1]
  .bss               zero     0x2000'2a6a       0x1  user_app_sensor.o [1]
  .bss               zero     0x2000'2a6b       0x1  user_at_serial.o [1]
  .bss               zero     0x2000'2a6c       0x1  user_connect_sensor.o [1]
  .bss               zero     0x2000'2a6d       0x1  user_connect_sensor.o [1]
  .bss               zero     0x2000'2a6e       0x1  user_rs485.o [1]
  .bss               zero     0x2000'2a6f       0x1  user_rs485.o [1]
  .bss               zero     0x2000'2a70       0x1  user_rtc.o [1]
  .bss               zero     0x2000'2a71       0x1  user_uart.o [1]
                            - 0x2000'2a72    0x1d5e

"P2", part 3 of 3:                            0x400
  CSTACK                      0x2000'2a78     0x400  <Block>
    CSTACK           uninit   0x2000'2a78     0x400  <Block tail>
                            - 0x2000'2e78     0x400

Unused ranges:

         From           To      Size
         ----           --      ----
   0x801'1099   0x803'ffff  0x2'ef67
  0x2000'0d11  0x2000'0d13       0x3
  0x2000'2a74  0x2000'2a77       0x4
  0x2000'2e78  0x2000'ffff    0xd188


*******************************************************************************
*** INIT TABLE
***

          Address      Size
          -------      ----
Zero (__iar_zero_init3)
    1 destination range, total size 0x1d5e:
          0x2000'0d14  0x1d5e

Copy/lz77 (__iar_lz77_init_single3)
    1 source range, total size 0x599 (42% of destination):
           0x801'0b00   0x599
    1 destination range, total size 0xd11:
          0x2000'0000   0xd11



*******************************************************************************
*** MODULE SUMMARY
***

    Module                    ro code  ro data  rw data
    ------                    -------  -------  -------
command line/config:
    ---------------------------------------------------
    Total:

D:\Saoviet_Git\Saoviet_EnviroTrack_M_And_S_RawW\Project_Slave_Chemins_DO\Project_Slave_Sensor_EnviroTrack_v2\EWARM\Project_Slave_Sensor_EnviroTrack\Obj: [1]
    ST7565R.o                     348
    STM32L4.o                     176
    button.o                    7'892        5       45
    dma.o                          96
    event_driven.o                 84
    glcd.o                        272             1'036
    gpio.o                        464
    graphics.o                    512
    lcd_display.o               3'372    2'272    2'202
    main.o                        194
    onchipflash.o                 370
    rtc.o                         336                36
    spi.o                         200               100
    startup_stm32l433xx.o         648
    stm32l4xx_hal.o               208        2        9
    stm32l4xx_hal_cortex.o        404
    stm32l4xx_hal_dma.o         1'058
    stm32l4xx_hal_flash.o         440       14       32
    stm32l4xx_hal_flash_ex.o      160
    stm32l4xx_hal_gpio.o          896
    stm32l4xx_hal_msp.o            56
    stm32l4xx_hal_pwr_ex.o        148
    stm32l4xx_hal_rcc.o         2'556
    stm32l4xx_hal_rcc_ex.o      1'256
    stm32l4xx_hal_rtc.o         1'934
    stm32l4xx_hal_rtc_ex.o         74
    stm32l4xx_hal_spi.o         1'322
    stm32l4xx_hal_uart.o        4'044
    stm32l4xx_hal_uart_ex.o       114
    stm32l4xx_it.o                212                 5
    system_stm32l4xx.o             16       74        4
    text.o                        912                12
    text_tiny.o                   656
    unit_tests.o                   20    1'024
    usart.o                       924               624
    user_adv_trace.o              570             1'560
    user_app_comm.o             1'200      138    1'462
    user_app_modbus_rtu.o       2'988      168      738
    user_app_rs485.o              384       28       65
    user_app_sensor.o           8'136      232      407
    user_at_serial.o              476    1'373    1'305
    user_connect_sensor.o         116        4      522
    user_convert_variable.o     1'036
    user_modbus_rtu.o             848
    user_rs485.o                  112        3      522
    user_rtc.o                    936      100       77
    user_string.o                 486
    user_time.o                    88
    user_timer.o                  784                 4
    user_tiny_vsnprintf.o         848       91        8
    user_uart.o                   296       28        3
    user_util.o                   540        9       25
    ---------------------------------------------------
    Total:                     52'218    5'565   10'803

dl7M_tlf.a: [2]
    abort.o                         6
    abs.o                           8
    exit.o                          4
    low_level_init.o                4
    sprintf.o                      64
    xfail_s.o                      64                 4
    xlocale_c.o                     8       27       56
    xprintffull_nomb.o          4'038        8
    xsprout.o                      10
    ---------------------------------------------------
    Total:                      4'206       35       60

m7M_tls.a: [3]
    DblAdd.o                      378
    DblCmpEq.o                     32
    DblCmpGe.o                     46
    DblCmpLe.o                     46
    DblDiv.o                      582
    DblMul.o                      418
    DblSub.o                      226
    DblToFlt.o                    104
    DblToS32.o                     58
    DblToU32.o                     40
    FltToDbl.o                     72
    S32ToDbl.o                     34
    U32ToDbl.o                     26
    fpinit_M.o                     34
    frexp.o                       112
    iar_Exp64.o                 1'000
    ldexp.o                       314
    math_wrappers64.o              22
    pow64.o                     1'772    1'056
    ---------------------------------------------------
    Total:                      5'316    1'056

rt7M_tl.a: [4]
    ABImemcpy.o                   166
    ABImemset.o                   102
    I64DivMod.o                   560
    I64DivZer.o                     2
    cexit.o                        10
    cmain.o                        30
    cstartup_M.o                   12
    data_init.o                    40
    lz77_init_single.o            120
    memchr.o                       88
    memset.o                       20
    strchr.o                       22
    strlen.o                       54
    zero_init3.o                   58
    ---------------------------------------------------
    Total:                      1'284

shb_l.a: [5]
    exit.o                         20
    ---------------------------------------------------
    Total:                         20

    Gaps                           45        8
    Linker created                          32    1'024
-------------------------------------------------------
    Grand Total:               63'089    6'696   11'887


*******************************************************************************
*** ENTRY LIST
***

Entry                       Address   Size  Type      Object
-----                       -------   ----  ----      ------
.iar.init_table$$Base    0x801'02a0          --   Gb  - Linker created -
.iar.init_table$$Limit   0x801'02c0          --   Gb  - Linker created -
?main                    0x801'02e1         Code  Gb  cmain.o [4]
ADV_TRACE_Buffer        0x2000'15c4  0x400  Data  Lc  user_adv_trace.o [1]
ADV_TRACE_Ctx           0x2000'2984   0x18  Data  Lc  user_adv_trace.o [1]
AHBPrescTable            0x801'04a0   0x10  Data  Gb  system_stm32l4xx.o [1]
APBPrescTable            0x801'0988    0x8  Data  Gb  system_stm32l4xx.o [1]
AT_CMD_Get_BR_Slave      0x800'1e41   0x52  Code  Gb  user_app_sensor.o [1]
AT_CMD_Get_ID_Slave      0x800'1d15   0x5a  Code  Gb  user_app_sensor.o [1]
AT_CMD_Reset_Slave       0x800'1c65   0x4a  Code  Gb  user_app_sensor.o [1]
AT_CMD_Restore_Slave     0x800'1cb9   0x5c  Code  Gb  user_app_sensor.o [1]
AT_CMD_Set_BR_Slave      0x800'1e9d   0x94  Code  Gb  user_app_sensor.o [1]
AT_CMD_Set_ID_Slave      0x800'1d99   0x96  Code  Gb  user_app_sensor.o [1]
AppComm_DBG_Init_RX_Mode
                         0x800'b905   0x1e  Code  Gb  user_app_comm.o [1]
AppComm_DBG_Init_Uart    0x800'b8fd    0x8  Code  Gb  user_app_comm.o [1]
AppComm_DBG_Rx_Callback
                         0x800'b92b  0x176  Code  Gb  user_app_comm.o [1]
AppComm_DBG_Stop_RX_Mode
                         0x800'b929    0x2  Code  Gb  user_app_comm.o [1]
AppComm_Get_Reset_Source
                         0x800'b8c5   0x38  Code  Gb  user_app_comm.o [1]
AppComm_IRQ_Timer_CallBack
                         0x800'b885    0xc  Code  Gb  user_app_comm.o [1]
AppComm_Init             0x800'b7c5   0x20  Code  Gb  user_app_comm.o [1]
AppComm_Set_Next_TxTimer
                         0x800'b8ab    0x2  Code  Gb  user_app_comm.o [1]
AppComm_Task             0x800'b7e5   0x9e  Code  Gb  user_app_comm.o [1]
AppComm_Uart_Debug_Send
                         0x800'b8ad   0x18  Code  Lc  user_app_comm.o [1]
AppRs485_Task            0x800'e775   0x84  Code  Gb  user_app_rs485.o [1]
AppSensor_Task           0x800'1fa9   0x84  Code  Gb  user_app_sensor.o [1]
BUTTON_Down_Process      0x800'8d59  0x39a  Code  Gb  button.o [1]
BUTTON_ESC_Process       0x800'9111  0x716  Code  Gb  button.o [1]
BUTTON_Enter_Process     0x800'7af9  0xe74  Code  Gb  button.o [1]
BUTTON_Process           0x800'7999   0x32  Code  Gb  button.o [1]
BUTTON_Up_Process        0x800'8979  0x3d2  Code  Gb  button.o [1]
BUTTON_scan              0x800'79cb  0x116  Code  Gb  button.o [1]
BUTTON_scan::block_time
                        0x2000'2a50    0x2  Data  Lc  button.o [1]
BUTTON_scan::hold       0x2000'2a00    0x4  Data  Lc  button.o [1]
BUTTON_scan::last_value
                        0x2000'2a60    0x1  Data  Lc  button.o [1]
BusFault_Handler         0x800'ffe3    0x2  Code  Gb  stm32l4xx_it.o [1]
CSTACK$$Base            0x2000'2a78          --   Gb  - Linker created -
CSTACK$$Limit           0x2000'2e78          --   Gb  - Linker created -
Cal_CalibPlus            0x800'0c8d  0x30e  Code  Gb  user_app_sensor.o [1]
Cal_Line_AandB           0x800'0c21   0x3c  Code  Gb  user_app_sensor.o [1]
Cal_Time                 0x800'3da7   0x12  Code  Gb  user_util.o [1]
Calculator_Scale         0x800'4f95   0x54  Code  Gb  user_convert_variable.o [1]
CheckList_AT_CONFIG     0x2000'08ac  0x410  Data  Gb  user_at_serial.o [1]
Check_Time_Out           0x800'3d89   0x1e  Code  Gb  user_util.o [1]
Convert_Point_Int_To_String
                         0x800'4fe9   0xce  Code  Gb  user_convert_variable.o [1]
Convert_Point_Int_To_String_Scale
                         0x800'50b7   0xea  Code  Gb  user_convert_variable.o [1]
Convert_Scale            0x800'3ef9   0x5c  Code  Gb  user_util.o [1]
Convert_String_To_Dec    0x800'5311   0x5c  Code  Gb  user_convert_variable.o [1]
Convert_uint32Hex_To_Float
                         0x800'51cd  0x144  Code  Gb  user_convert_variable.o [1]
CountBufferHandleRecvSS
                        0x2000'2a5a    0x2  Data  Gb  user_app_sensor.o [1]
DMA1_Channel3_IRQHandler
                         0x801'003d    0xa  Code  Gb  stm32l4xx_it.o [1]
DMA1_Channel5_IRQHandler
                         0x801'0047    0xa  Code  Gb  stm32l4xx_it.o [1]
DMA2_Channel7_IRQHandler
                         0x801'006f    0xa  Code  Gb  stm32l4xx_it.o [1]
DMA_SetConfig            0x800'6b25   0x32  Code  Lc  stm32l4xx_hal_dma.o [1]
DaysInMonth              0x801'0904    0xc  Data  Lc  user_rtc.o [1]
DaysInMonthLeapYear      0x801'0910    0xc  Data  Lc  user_rtc.o [1]
DebugMon_Handler         0x800'ffe9    0x2  Code  Gb  stm32l4xx_it.o [1]
Display_Check_Password   0x800'3bf7   0x2e  Code  Gb  lcd_display.o [1]
Display_Check_Toggle     0x800'3a7d   0xac  Code  Gb  lcd_display.o [1]
Display_Check_Toggle::Hide
                        0x2000'2204   0x90  Data  Lc  lcd_display.o [1]
Display_Check_Toggle::LandMarkToggle_u32
                        0x2000'19c4  0x240  Data  Lc  lcd_display.o [1]
Display_Init             0x800'305d  0x132  Code  Gb  lcd_display.o [1]
Display_Set_Screen       0x800'3bc1   0x36  Code  Gb  lcd_display.o [1]
Display_Set_Screen_Flag
                         0x800'3b7b   0x46  Code  Gb  lcd_display.o [1]
Display_Show_Oject       0x800'36dd  0x3a0  Code  Gb  lcd_display.o [1]
Display_Show_Screen      0x800'3b29   0x52  Code  Gb  lcd_display.o [1]
Display_Show_State_Sensor_Network
                         0x800'3c39   0x50  Code  Gb  lcd_display.o [1]
Display_Show_State_Setting
                         0x800'3c99   0x5c  Code  Gb  lcd_display.o [1]
Display_Show_Static_Param
                         0x800'3c25   0x14  Code  Gb  lcd_display.o [1]
Display_Task             0x800'318f   0x7e  Code  Gb  lcd_display.o [1]
Error_Handler            0x800'6233    0x4  Code  Gb  main.o [1]
FLASH_FlushCaches        0x800'b1a3   0x6a  Code  Gb  stm32l4xx_hal_flash_ex.o [1]
FLASH_PageErase          0x800'b179   0x2a  Code  Gb  stm32l4xx_hal_flash_ex.o [1]
FLASH_Program_DoubleWord
                         0x800'b107   0x1a  Code  Lc  stm32l4xx_hal_flash.o [1]
FLASH_Program_Fast       0x800'b121   0x32  Code  Lc  stm32l4xx_hal_flash.o [1]
FLASH_WaitForLastOperation
                         0x800'b0a1   0x66  Code  Gb  stm32l4xx_hal_flash.o [1]
Filter_DO_Per            0x800'0b61   0xc0  Code  Gb  user_app_sensor.o [1]
Filter_DO_Per::P        0x2000'08a0    0x4  Data  Lc  user_app_sensor.o [1]
Filter_DO_Per::x_est    0x2000'2a30    0x4  Data  Lc  user_app_sensor.o [1]
Filter_DO_Per::x_est_last
                        0x2000'2a34    0x4  Data  Lc  user_app_sensor.o [1]
Filter_Temp              0x800'0b5d    0x2  Code  Gb  user_app_sensor.o [1]
Filter_pH                0x800'0a9d   0xc0  Code  Gb  user_app_sensor.o [1]
Filter_pH::P            0x2000'089c    0x4  Data  Lc  user_app_sensor.o [1]
Filter_pH::x_est        0x2000'2a28    0x4  Data  Lc  user_app_sensor.o [1]
Filter_pH::x_est_last   0x2000'2a2c    0x4  Data  Lc  user_app_sensor.o [1]
Find_String_V2           0x800'f133  0x130  Code  Gb  user_string.o [1]
Find_str_fix             0x800'f285   0x94  Code  Gb  user_string.o [1]
Flag_gettick            0x2000'2a64    0x1  Data  Gb  stm32l4xx_it.o [1]
Font5x7                  0x800'fdc8  0x214  Data  Lc  lcd_display.o [1]
Get_RTC                  0x800'e645   0x4e  Code  Gb  user_time.o [1]
HAL_DMA_Abort            0x800'6981   0x54  Code  Gb  stm32l4xx_hal_dma.o [1]
HAL_DMA_Abort_IT         0x800'69d5   0x5e  Code  Gb  stm32l4xx_hal_dma.o [1]
HAL_DMA_DeInit           0x800'6815   0xb8  Code  Gb  stm32l4xx_hal_dma.o [1]
HAL_DMA_IRQHandler       0x800'6a33   0xf2  Code  Gb  stm32l4xx_hal_dma.o [1]
HAL_DMA_Init             0x800'6735   0xe0  Code  Gb  stm32l4xx_hal_dma.o [1]
HAL_DMA_Start_IT         0x800'68e9   0x98  Code  Gb  stm32l4xx_hal_dma.o [1]
HAL_Delay                0x800'3fa5   0x28  Code  Wk  stm32l4xx_hal.o [1]
HAL_FLASH_Lock           0x800'b093    0xe  Code  Gb  stm32l4xx_hal_flash.o [1]
HAL_FLASH_Program        0x800'afc1   0xb0  Code  Gb  stm32l4xx_hal_flash.o [1]
HAL_FLASH_Unlock         0x800'b071   0x22  Code  Gb  stm32l4xx_hal_flash.o [1]
HAL_GPIO_DeInit          0x800'275b  0x166  Code  Gb  stm32l4xx_hal_gpio.o [1]
HAL_GPIO_Init            0x800'2599  0x1c2  Code  Gb  stm32l4xx_hal_gpio.o [1]
HAL_GPIO_ReadPin         0x800'28c1   0x16  Code  Gb  stm32l4xx_hal_gpio.o [1]
HAL_GPIO_WritePin        0x800'28d7   0x18  Code  Gb  stm32l4xx_hal_gpio.o [1]
HAL_GetTick              0x800'6169    0xc  Code  Wk  stm32l4xx_hal.o [1]
HAL_IncTick              0x801'00b1   0x18  Code  Wk  stm32l4xx_hal.o [1]
HAL_Init                 0x800'b219   0x24  Code  Gb  stm32l4xx_hal.o [1]
HAL_InitTick             0x800'd92d   0x60  Code  Wk  stm32l4xx_hal.o [1]
HAL_MspInit              0x800'd991   0x38  Code  Gb  stm32l4xx_hal_msp.o [1]
HAL_NVIC_DisableIRQ      0x800'6caf    0xe  Code  Gb  stm32l4xx_hal_cortex.o [1]
HAL_NVIC_EnableIRQ       0x800'6ca1    0xe  Code  Gb  stm32l4xx_hal_cortex.o [1]
HAL_NVIC_SetPriority     0x800'6c77   0x2a  Code  Gb  stm32l4xx_hal_cortex.o [1]
HAL_NVIC_SetPriorityGrouping
                         0x800'6c6b    0xc  Code  Gb  stm32l4xx_hal_cortex.o [1]
HAL_PWREx_ControlVoltageScaling
                         0x800'bb41   0x76  Code  Gb  stm32l4xx_hal_pwr_ex.o [1]
HAL_PWREx_GetVoltageRange
                         0x800'bb35    0xc  Code  Gb  stm32l4xx_hal_pwr_ex.o [1]
HAL_RCCEx_PeriphCLKConfig
                         0x800'624d  0x34c  Code  Gb  stm32l4xx_hal_rcc_ex.o [1]
HAL_RCC_ClockConfig      0x800'a6bd  0x17a  Code  Gb  stm32l4xx_hal_rcc.o [1]
HAL_RCC_GetHCLKFreq      0x800'a90b    0x6  Code  Gb  stm32l4xx_hal_rcc.o [1]
HAL_RCC_GetPCLK1Freq     0x800'a911   0x1a  Code  Gb  stm32l4xx_hal_rcc.o [1]
HAL_RCC_GetPCLK2Freq     0x800'a92b   0x1a  Code  Gb  stm32l4xx_hal_rcc.o [1]
HAL_RCC_GetResetSource   0x800'a955   0x12  Code  Gb  stm32l4xx_hal_rcc.o [1]
HAL_RCC_GetSysClockFreq
                         0x800'a837   0xd4  Code  Gb  stm32l4xx_hal_rcc.o [1]
HAL_RCC_OscConfig        0x800'a035  0x688  Code  Gb  stm32l4xx_hal_rcc.o [1]
HAL_RTCEx_AlarmBEventCallback
                         0x800'f131    0x2  Code  Wk  stm32l4xx_hal_rtc_ex.o [1]
HAL_RTCEx_EnableBypassShadow
                         0x800'f321   0x48  Code  Gb  stm32l4xx_hal_rtc_ex.o [1]
HAL_RTC_AlarmAEventCallback
                         0x800'ee99    0xc  Code  Gb  user_rtc.o [1]
HAL_RTC_AlarmIRQHandler
                         0x800'dfcd   0x60  Code  Gb  stm32l4xx_hal_rtc.o [1]
HAL_RTC_DeactivateAlarm
                         0x800'def3   0xda  Code  Gb  stm32l4xx_hal_rtc.o [1]
HAL_RTC_GetDate          0x800'dcbb   0x52  Code  Gb  stm32l4xx_hal_rtc.o [1]
HAL_RTC_GetTime          0x800'db89   0x66  Code  Gb  stm32l4xx_hal_rtc.o [1]
HAL_RTC_Init             0x800'd9c9   0xca  Code  Gb  stm32l4xx_hal_rtc.o [1]
HAL_RTC_MspInit          0x800'b561   0x50  Code  Gb  rtc.o [1]
HAL_RTC_SetAlarm_IT      0x800'dd0d  0x1e6  Code  Gb  stm32l4xx_hal_rtc.o [1]
HAL_RTC_SetDate          0x800'dbef   0xcc  Code  Gb  stm32l4xx_hal_rtc.o [1]
HAL_RTC_SetTime          0x800'da93   0xf6  Code  Gb  stm32l4xx_hal_rtc.o [1]
HAL_RTC_WaitForSynchro   0x800'e02d   0x2e  Code  Gb  stm32l4xx_hal_rtc.o [1]
HAL_SPI_Init             0x800'c185   0xf8  Code  Gb  stm32l4xx_hal_spi.o [1]
HAL_SPI_MspInit          0x800'b60d   0x62  Code  Gb  spi.o [1]
HAL_SPI_Transmit         0x800'c27d  0x1fe  Code  Gb  stm32l4xx_hal_spi.o [1]
HAL_SYSTICK_Config       0x800'6cbd    0xc  Code  Gb  stm32l4xx_hal_cortex.o [1]
HAL_UARTEx_ReceiveToIdle_DMA
                         0x800'9fc1   0x70  Code  Gb  stm32l4xx_hal_uart_ex.o [1]
HAL_UARTEx_RxEventCallback
                         0x800'9ecf   0x3e  Code  Gb  user_uart.o [1]
HAL_UARTEx_WakeupCallback
                         0x800'a031    0x2  Code  Wk  stm32l4xx_hal_uart_ex.o [1]
HAL_UART_ErrorCallback   0x800'9f0d   0x3e  Code  Gb  user_uart.o [1]
HAL_UART_IRQHandler      0x800'4171  0x35c  Code  Gb  stm32l4xx_hal_uart.o [1]
HAL_UART_Init            0x800'3fcd   0x7a  Code  Gb  stm32l4xx_hal_uart.o [1]
HAL_UART_MspDeInit       0x800'2bed   0x80  Code  Gb  usart.o [1]
HAL_UART_MspInit         0x800'29c9  0x224  Code  Gb  usart.o [1]
HAL_UART_Receive_IT      0x800'4113   0x5e  Code  Gb  stm32l4xx_hal_uart.o [1]
HAL_UART_RxCpltCallback
                         0x800'9e99   0x36  Code  Gb  user_uart.o [1]
HAL_UART_Transmit        0x800'4047   0xcc  Code  Gb  stm32l4xx_hal_uart.o [1]
Handle_Data_Measure      0x800'04e9  0x13a  Code  Gb  user_app_sensor.o [1]
Handle_Data_Recv_SS_DO   0x800'0771  0x13e  Code  Gb  user_app_sensor.o [1]
Handle_Data_Recv_Sensor
                         0x800'0635   0x20  Code  Gb  user_app_sensor.o [1]
Handle_Data_Trans_SS_DO
                         0x800'0669   0xfe  Code  Gb  user_app_sensor.o [1]
Handle_Data_Trans_Sensor
                         0x800'0623   0x12  Code  Gb  user_app_sensor.o [1]
Handle_Float_To_hexUint32
                         0x800'537d   0x24  Code  Gb  user_convert_variable.o [1]
Handle_State_SS_DO       0x800'08af   0x6c  Code  Gb  user_app_sensor.o [1]
Handle_State_Sensor      0x800'0655   0x14  Code  Gb  user_app_sensor.o [1]
HardFault_Handler        0x800'ffdf    0x2  Code  Gb  stm32l4xx_it.o [1]
IndexUartError          0x2000'2a71    0x1  Data  Lc  user_uart.o [1]
Init_AppRs485            0x800'e75f   0x16  Code  Gb  user_app_rs485.o [1]
Init_AppSensor           0x800'1f55   0x42  Code  Gb  user_app_sensor.o [1]
Init_CalibPlus           0x800'1a11  0x254  Code  Gb  user_app_sensor.o [1]
Init_InforSlaveModbusRTU
                         0x800'5cd3   0x30  Code  Gb  user_app_modbus_rtu.o [1]
Init_MeasureRange        0x800'15dd  0x118  Code  Gb  user_app_sensor.o [1]
Init_ParamCalib          0x800'1221   0xd4  Code  Gb  user_app_sensor.o [1]
Init_TempAlarm           0x800'13c7   0xa2  Code  Gb  user_app_sensor.o [1]
Init_UartRs485           0x800'e721   0x3e  Code  Gb  user_app_rs485.o [1]
Insert_String_To_String
                         0x800'51a1   0x2a  Code  Gb  user_convert_variable.o [1]
Kind_Trans_Calib        0x2000'2a68    0x1  Data  Gb  user_app_sensor.o [1]
LPUART1_IRQHandler       0x801'0079    0xa  Code  Gb  stm32l4xx_it.o [1]
Liberation_Sans15x21_Numbers
                         0x800'fba0  0x228  Data  Lc  lcd_display.o [1]
MSIRangeTable            0x801'01a8   0x30  Data  Gb  system_stm32l4xx.o [1]
MX_DMA_Init              0x800'b40d   0x60  Code  Gb  dma.o [1]
MX_GPIO_Init             0x800'b23d  0x1d0  Code  Gb  gpio.o [1]
MX_LPUART1_UART_Init     0x800'2919   0x38  Code  Gb  usart.o [1]
MX_RTC_Init              0x800'b46d   0xf4  Code  Gb  rtc.o [1]
MX_SPI2_Init             0x800'b5bd   0x50  Code  Gb  spi.o [1]
MX_USART1_UART_Init      0x800'2951   0x3c  Code  Gb  usart.o [1]
MX_USART3_UART_Init      0x800'298d   0x3c  Code  Gb  usart.o [1]
Main_Task                0x800'b789   0x3c  Code  Gb  user_app_comm.o [1]
MemManage_Handler        0x800'ffe1    0x2  Code  Gb  stm32l4xx_it.o [1]
ModRTU_CRC               0x800'220f   0x3c  Code  Gb  user_modbus_rtu.o [1]
ModRTU_Master_Read_Frame
                         0x800'224b   0x9c  Code  Gb  user_modbus_rtu.o [1]
ModRTU_Master_Write_Frame
                         0x800'22e7   0xe8  Code  Gb  user_modbus_rtu.o [1]
ModRTU_Slave_ACK_Read_Frame
                         0x800'23cf   0xa2  Code  Gb  user_modbus_rtu.o [1]
ModRTU_Slave_ACK_Write_Frame
                         0x800'2471   0xee  Code  Gb  user_modbus_rtu.o [1]
Modem_Check_AT           0x800'e469  0x1dc  Code  Gb  user_at_serial.o [1]
Modem_Check_RTU          0x800'5d03  0x384  Code  Gb  user_app_modbus_rtu.o [1]
NMI_Handler              0x800'ffdd    0x2  Code  Gb  stm32l4xx_it.o [1]
NONE_Register_CallBack   0x800'5515    0x6  Code  Gb  user_app_modbus_rtu.o [1]
NVIC_EncodePriority      0x800'6bfb   0x40  Code  Lc  stm32l4xx_hal_cortex.o [1]
OldPosDMADebug          0x2000'2a56    0x2  Data  Lc  user_app_comm.o [1]
Old_Value_i16           0x2000'2a52    0x2  Data  Gb  button.o [1]
On_Speaker               0x800'3463   0x24  Code  Gb  lcd_display.o [1]
OnchipFlashPageErase     0x800'542d   0x5a  Code  Gb  onchipflash.o [1]
OnchipFlashWriteData     0x800'53a1   0x8c  Code  Gb  onchipflash.o [1]
PendSV_Handler           0x800'ffeb    0x2  Code  Gb  stm32l4xx_it.o [1]
PortConfig              0x2000'2a6b    0x1  Data  Gb  user_at_serial.o [1]
RC                       0x800'f263   0x22  Code  Gb  user_string.o [1]
RCCEx_PLLSAI1_Config     0x800'65ad  0x16e  Code  Lc  stm32l4xx_hal_rcc_ex.o [1]
RCC_SetFlashLatencyFromMSIRange
                         0x800'a96d   0x8a  Code  Lc  stm32l4xx_hal_rcc.o [1]
RS485SS_Init_Data        0x800'2cb5   0x10  Code  Gb  user_connect_sensor.o [1]
RS485SS_Init_RX_Mode     0x800'2cc5   0x1e  Code  Gb  user_connect_sensor.o [1]
RS485SS_Rx_Callback      0x800'2ce5   0x34  Code  Gb  user_connect_sensor.o [1]
RS485SS_Stop_RX_Mode     0x800'2ce3    0x2  Code  Gb  user_connect_sensor.o [1]
RS485_Done_Calib         0x800'0fa1   0x1a  Code  Gb  user_app_sensor.o [1]
RS485_Enter_Calib        0x800'0fc9   0x20  Code  Gb  user_app_sensor.o [1]
RS485_Init_RX_Mode       0x800'd681   0x1e  Code  Gb  user_rs485.o [1]
RS485_LogData_Calib      0x800'0fe9   0x78  Code  Gb  user_app_sensor.o [1]
RS485_Rx_Callback        0x800'd6a1   0x3c  Code  Gb  user_rs485.o [1]
RS485_Stop_RX_Mode       0x800'd69f    0x2  Code  Gb  user_rs485.o [1]
RTC_AlarmStructure      0x2000'28b0   0x2c  Data  Lc  user_rtc.o [1]
RTC_Alarm_IRQHandler     0x801'0065    0xa  Code  Gb  stm32l4xx_it.o [1]
RTC_Bcd2ToByte           0x800'e141   0x16  Code  Gb  stm32l4xx_hal_rtc.o [1]
RTC_ByteToBcd2           0x800'e125   0x1c  Code  Gb  stm32l4xx_hal_rtc.o [1]
RTC_EnterInitMode        0x800'e05b   0x4c  Code  Gb  stm32l4xx_hal_rtc.o [1]
RTC_ExitInitMode         0x800'e0a7   0x58  Code  Gb  stm32l4xx_hal_rtc.o [1]
RTC_GetCalendarValue     0x800'f06b   0x90  Code  Lc  user_rtc.o [1]
RTC_IF_Convert_Tick2ms   0x800'ee89   0x10  Code  Gb  user_rtc.o [1]
RTC_IF_Convert_ms2Tick   0x800'ee77   0x12  Code  Gb  user_rtc.o [1]
RTC_IF_GetMinimumTimeout
                         0x800'ee73    0x4  Code  Gb  user_rtc.o [1]
RTC_IF_GetTimerContext   0x800'ee37    0x8  Code  Gb  user_rtc.o [1]
RTC_IF_GetTimerElapsedTime
                         0x800'ee3f   0x16  Code  Gb  user_rtc.o [1]
RTC_IF_GetTimerValue     0x800'ee55   0x1e  Code  Gb  user_rtc.o [1]
RTC_IF_Init              0x800'edc1   0x30  Code  Gb  user_rtc.o [1]
RTC_IF_SetTimerContext   0x800'ee21   0x16  Code  Gb  user_rtc.o [1]
RTC_IF_StartTimer        0x800'edf1    0xe  Code  Gb  user_rtc.o [1]
RTC_IF_StopTimer         0x800'edff   0x22  Code  Gb  user_rtc.o [1]
RTC_Initalized          0x2000'2a70    0x1  Data  Lc  user_rtc.o [1]
RTC_StartWakeUpAlarm     0x800'eea5  0x1c6  Code  Lc  user_rtc.o [1]
ReInit_Rx_Mode_Uart_Error
                         0x800'9f4b   0x5a  Code  Gb  user_uart.o [1]
Read_Register_Rs485      0x800'1071   0x66  Code  Gb  user_app_sensor.o [1]
Region$$Table$$Base      0x801'02a0          --   Gb  - Linker created -
Region$$Table$$Limit     0x801'02c0          --   Gb  - Linker created -
Reset_Buff               0x800'3e19   0x24  Code  Gb  user_util.o [1]
Rs485SSStatus_u8        0x2000'2a6d    0x1  Data  Gb  user_connect_sensor.o [1]
Rs485Status_u8          0x2000'2a6f    0x1  Data  Gb  user_rs485.o [1]
RtCountSystick_u32      0x2000'2a40    0x4  Data  Gb  user_util.o [1]
RtcTimerContext         0x2000'2950   0x1c  Data  Lc  user_rtc.o [1]
SPI_EndRxTxTransaction   0x800'c645   0x6a  Code  Lc  stm32l4xx_hal_spi.o [1]
SPI_WaitFifoStateUntilTimeout
                         0x800'c553   0xee  Code  Lc  stm32l4xx_hal_spi.o [1]
SPI_WaitFlagStateUntilTimeout
                         0x800'c47b   0xd8  Code  Lc  stm32l4xx_hal_spi.o [1]
SVC_Handler              0x800'ffe7    0x2  Code  Gb  stm32l4xx_it.o [1]
Save_Array               0x800'548d   0x86  Code  Gb  onchipflash.o [1]
Save_CalibPlus           0x800'170d  0x2f8  Code  Gb  user_app_sensor.o [1]
Save_InforSlaveModbusRTU
                         0x800'5c8f   0x44  Code  Gb  user_app_modbus_rtu.o [1]
Save_MeasureRange        0x800'146d  0x162  Code  Gb  user_app_sensor.o [1]
Save_ParamCalib          0x800'111d   0xfe  Code  Gb  user_app_sensor.o [1]
Save_TempAlarm           0x800'12f9   0xce  Code  Gb  user_app_sensor.o [1]
Send_RS458_Master        0x800'5c57   0x38  Code  Gb  user_app_modbus_rtu.o [1]
Send_RS458_Sensor        0x800'10d7   0x40  Code  Gb  user_app_sensor.o [1]
SysApp_Init              0x800'b741    0xc  Code  Gb  user_app_comm.o [1]
SysApp_Setting           0x800'b74d   0x3c  Code  Gb  user_app_comm.o [1]
SysTick_Config           0x800'6c3b   0x30  Code  Lc  stm32l4xx_hal_cortex.o [1]
SysTick_Handler          0x800'ffed   0x50  Code  Gb  stm32l4xx_it.o [1]
SystemClock_Config       0x800'61a1   0x92  Code  Gb  main.o [1]
SystemCoreClock         0x2000'05e0    0x4  Data  Gb  system_stm32l4xx.o [1]
SystemInit               0x801'0691    0xc  Code  Gb  system_stm32l4xx.o [1]
TRACE_AllocateBufer      0x800'd851   0xa2  Code  Lc  user_adv_trace.o [1]
TRACE_IsLocked           0x800'd907   0x10  Code  Lc  user_adv_trace.o [1]
TRACE_Lock               0x800'd8f3    0xa  Code  Lc  user_adv_trace.o [1]
TRACE_Send               0x800'd7cb   0x84  Code  Lc  user_adv_trace.o [1]
TRACE_UnLock             0x800'd8fd    0xa  Code  Lc  user_adv_trace.o [1]
TimerExists              0x800'e3d1   0x1a  Code  Gb  user_timer.o [1]
TimerInsertNewHeadTimer
                         0x800'e445   0x1c  Code  Gb  user_timer.o [1]
TimerInsertTimer         0x800'e417   0x2e  Code  Gb  user_timer.o [1]
TimerListHead           0x2000'2a3c    0x4  Data  Lc  user_timer.o [1]
TimerSetTimeout          0x800'e3eb   0x2c  Code  Gb  user_timer.o [1]
TimerTx                 0x2000'299c   0x18  Data  Lc  user_app_comm.o [1]
TxCpltCallback          0x2000'2a1c    0x4  Data  Lc  user_app_comm.o [1]
UART_AdvFeatureConfig    0x800'47c9   0xda  Code  Gb  stm32l4xx_hal_uart.o [1]
UART_CheckIdleState      0x800'48a3   0xd2  Code  Gb  stm32l4xx_hal_uart.o [1]
UART_DMAAbortOnError     0x800'4d55   0x1a  Code  Lc  stm32l4xx_hal_uart.o [1]
UART_DMAError            0x800'4d05   0x50  Code  Lc  stm32l4xx_hal_uart.o [1]
UART_DMAReceiveCplt      0x800'4c39   0xa2  Code  Lc  stm32l4xx_hal_uart.o [1]
UART_DMARxHalfCplt       0x800'4cdd   0x28  Code  Lc  stm32l4xx_hal_uart.o [1]
UART_EndRxTransfer       0x800'4bdb   0x5e  Code  Lc  stm32l4xx_hal_uart.o [1]
UART_EndTransmit_IT      0x800'4d6f   0x2a  Code  Lc  stm32l4xx_hal_uart.o [1]
UART_EndTxTransfer       0x800'4bbf   0x1c  Code  Lc  stm32l4xx_hal_uart.o [1]
UART_RxISR_16BIT         0x800'4e8d   0xee  Code  Lc  stm32l4xx_hal_uart.o [1]
UART_RxISR_8BIT          0x800'4d99   0xec  Code  Lc  stm32l4xx_hal_uart.o [1]
UART_SetConfig           0x800'44d1  0x2ec  Code  Gb  stm32l4xx_hal_uart.o [1]
UART_Start_Receive_DMA   0x800'4b03   0xbc  Code  Gb  stm32l4xx_hal_uart.o [1]
UART_Start_Receive_IT    0x800'4a13   0xf0  Code  Gb  stm32l4xx_hal_uart.o [1]
UART_WaitOnFlagUntilTimeout
                         0x800'4975   0x9e  Code  Gb  stm32l4xx_hal_uart.o [1]
USART1_IRQHandler        0x801'0051    0xa  Code  Gb  stm32l4xx_it.o [1]
USART3_IRQHandler        0x801'005b    0xa  Code  Gb  stm32l4xx_it.o [1]
UTIL_ADV_TRACE_COND_FSend
                         0x800'd6f1   0xda  Code  Gb  user_adv_trace.o [1]
UTIL_Log_Str             0x800'3e9d   0x36  Code  Gb  user_util.o [1]
UTIL_MEM_cpy             0x800'3ed9   0x1e  Code  Gb  user_util.o [1]
UTIL_MEM_set             0x800'3e3d   0x18  Code  Gb  user_util.o [1]
UTIL_Printf              0x800'3e55   0x2c  Code  Gb  user_util.o [1]
UTIL_Printf_Str          0x800'3e81   0x1c  Code  Gb  user_util.o [1]
UTIL_TIMER_Create        0x800'e16d   0x4c  Code  Gb  user_timer.o [1]
UTIL_TIMER_IRQ_Handler   0x800'e31f   0xb2  Code  Gb  user_timer.o [1]
UTIL_TIMER_Init          0x800'e159   0x14  Code  Gb  user_timer.o [1]
UTIL_TIMER_SetPeriod     0x800'e2e5   0x3a  Code  Gb  user_timer.o [1]
UTIL_TIMER_Start         0x800'e1b9   0x92  Code  Gb  user_timer.o [1]
UTIL_TIMER_Stop          0x800'e24b   0x9a  Code  Gb  user_timer.o [1]
UTIL_TimerDriver         0x801'01d8   0x2c  Data  Gb  user_rtc.o [1]
UTIL_TraceDriver         0x801'079c    0xc  Data  Gb  user_app_comm.o [1]
Uart485RxByte           0x2000'2a6e    0x1  Data  Lc  user_rs485.o [1]
Uart485SSRxByte         0x2000'2a6c    0x1  Data  Lc  user_connect_sensor.o [1]
UartDebugBuff           0x2000'0d14  0x4b0  Data  Gb  user_app_comm.o [1]
UartDebugCountFail      0x2000'2a5e    0x2  Data  Lc  user_uart.o [1]
UartDebugRxByte         0x2000'2a65    0x1  Data  Gb  user_app_comm.o [1]
Update_ParaDisplay       0x800'3487  0x256  Code  Gb  lcd_display.o [1]
UsageFault_Handler       0x800'ffe5    0x2  Code  Gb  stm32l4xx_it.o [1]
User_RTC_Init            0x800'ed89   0x38  Code  Lc  user_rtc.o [1]
UtilFloatToString        0x800'3f55   0x2e  Code  Gb  user_util.o [1]
UtilIntToStringWithScale
                         0x800'3db9   0x60  Code  Gb  user_util.o [1]
VLevelDebug             0x2000'0d10    0x1  Data  Gb  user_util.o [1]
_Cb_Display_Auto_SW      0x800'3383   0x7e  Code  Lc  lcd_display.o [1]
_Cb_Display_Auto_SW::MarkButtPressed
                        0x2000'2a63    0x1  Data  Lc  lcd_display.o [1]
_Cb_Display_Auto_SW::cNext
                        0x2000'2a54    0x2  Data  Lc  lcd_display.o [1]
_Cb_Display_Init         0x800'320d   0x52  Code  Lc  lcd_display.o [1]
_Cb_Display_Logo         0x800'325f   0xa8  Code  Lc  lcd_display.o [1]
_Cb_Display_Logo::step_u8
                        0x2000'2a61    0x1  Data  Lc  lcd_display.o [1]
_Cb_Display_Show         0x800'3307   0x7c  Code  Lc  lcd_display.o [1]
_Cb_Display_Show::LandMarkChange_u32
                        0x2000'2a10    0x4  Data  Lc  lcd_display.o [1]
_Cb_Display_Show::ScreenLast
                        0x2000'2a62    0x1  Data  Lc  lcd_display.o [1]
_Cb_HandLer_IDLE         0x800'b72f    0x6  Code  Lc  user_app_comm.o [1]
_Cb_Off_Speaker          0x800'344d   0x16  Code  Lc  lcd_display.o [1]
_Cb_R_ModbusRTU_REG_Alarm_Lower
                         0x800'5b3d   0x5a  Code  Gb  user_app_modbus_rtu.o [1]
_Cb_R_ModbusRTU_REG_Alarm_State
                         0x800'5979   0x2e  Code  Gb  user_app_modbus_rtu.o [1]
_Cb_R_ModbusRTU_REG_Alarm_Upper
                         0x800'5a23   0x5a  Code  Gb  user_app_modbus_rtu.o [1]
_Cb_R_ModbusRTU_REG_Baudrate
                         0x800'55c1   0x2e  Code  Gb  user_app_modbus_rtu.o [1]
_Cb_R_ModbusRTU_REG_ID   0x800'551b   0x2e  Code  Gb  user_app_modbus_rtu.o [1]
_Cb_R_ModbusRTU_REG_State_Sensor
                         0x800'5889   0x30  Code  Gb  user_app_modbus_rtu.o [1]
_Cb_R_ModbusRTU_REG_State_Value_1
                         0x800'58b9   0x30  Code  Gb  user_app_modbus_rtu.o [1]
_Cb_R_ModbusRTU_REG_State_Value_2
                         0x800'58e9   0x30  Code  Gb  user_app_modbus_rtu.o [1]
_Cb_R_ModbusRTU_REG_State_Value_3
                         0x800'5919   0x30  Code  Gb  user_app_modbus_rtu.o [1]
_Cb_R_ModbusRTU_REG_State_Value_4
                         0x800'5949   0x30  Code  Gb  user_app_modbus_rtu.o [1]
_Cb_R_ModbusRTU_REG_Value_Measure_1
                         0x800'565d   0x5a  Code  Gb  user_app_modbus_rtu.o [1]
_Cb_R_ModbusRTU_REG_Value_Measure_2
                         0x800'56b7   0x5a  Code  Gb  user_app_modbus_rtu.o [1]
_Cb_R_ModbusRTU_REG_Value_Measure_3
                         0x800'5711   0x5a  Code  Gb  user_app_modbus_rtu.o [1]
_Cb_R_ModbusRTU_REG_Value_Measure_4
                         0x800'576b   0x5a  Code  Gb  user_app_modbus_rtu.o [1]
_Cb_Save_Box             0x800'b73b    0x6  Code  Lc  user_app_comm.o [1]
_Cb_Set_RTC              0x800'b713   0x1c  Code  Lc  user_app_comm.o [1]
_Cb_TX_Timer_Event       0x800'b891   0x1a  Code  Lc  user_app_comm.o [1]
_Cb_Timer_IRQ            0x800'b685    0xc  Code  Lc  user_app_comm.o [1]
_Cb_Tx_Timer             0x800'b735    0x6  Code  Lc  user_app_comm.o [1]
_Cb_Uart_Error           0x800'b707    0xc  Code  Lc  user_app_comm.o [1]
_Cb_Uart_Rx_Debug        0x800'b691   0x76  Code  Lc  user_app_comm.o [1]
_Cb_Uart_Rx_Debug::LastLengthRecv
                        0x2000'2a58    0x2  Data  Lc  user_app_comm.o [1]
_Cb_Uart_Rx_Debug::MarkFirstRecvUart
                        0x2000'2a66    0x1  Data  Lc  user_app_comm.o [1]
_Cb_W_ModbusRTU_REG_Alarm_Lower
                         0x800'5b97   0xc0  Code  Gb  user_app_modbus_rtu.o [1]
_Cb_W_ModbusRTU_REG_Alarm_State
                         0x800'59a7   0x7c  Code  Gb  user_app_modbus_rtu.o [1]
_Cb_W_ModbusRTU_REG_Alarm_Upper
                         0x800'5a7d   0xc0  Code  Gb  user_app_modbus_rtu.o [1]
_Cb_W_ModbusRTU_REG_Baudrate
                         0x800'55ef   0x6e  Code  Gb  user_app_modbus_rtu.o [1]
_Cb_W_ModbusRTU_REG_ID   0x800'5549   0x78  Code  Gb  user_app_modbus_rtu.o [1]
_Cb_W_ModbusRTU_REG_Salt_Compensation
                         0x800'57c5   0xc4  Code  Gb  user_app_modbus_rtu.o [1]
_Cb_button_detect        0x800'3435   0x18  Code  Lc  lcd_display.o [1]
_Cb_button_scan          0x800'3401   0x34  Code  Lc  lcd_display.o [1]
_LitobFullNoMb           0x800'd479  0x10a  Code  Lc  xprintffull_nomb.o [2]
_Locale_lconv           0x2000'0cd4   0x38  Data  Lc  xlocale_c.o [2]
_PrintfFullNoMb          0x800'c6b9  0xd9c  Code  Gb  xprintffull_nomb.o [2]
_PutcharFullNoMb         0x800'd5e9   0x20  Code  Lc  xprintffull_nomb.o [2]
_PutcharsFullNoMb        0x800'd609   0x2e  Code  Lc  xprintffull_nomb.o [2]
_SProut                  0x800'2d8b    0xa  Code  Gb  xsprout.o [2]
__NVIC_DisableIRQ        0x800'6ba9   0x26  Code  Lc  stm32l4xx_hal_cortex.o [1]
__NVIC_EnableIRQ         0x800'6b89   0x20  Code  Lc  stm32l4xx_hal_cortex.o [1]
__NVIC_GetPriorityGrouping
                         0x800'6b7b    0xc  Code  Lc  stm32l4xx_hal_cortex.o [1]
__NVIC_SetPriority       0x800'6bcf   0x2c  Code  Lc  stm32l4xx_hal_cortex.o [1]
__NVIC_SetPriorityGrouping
                         0x800'6b59   0x22  Code  Lc  stm32l4xx_hal_cortex.o [1]
__aeabi_cdcmpeq          0x800'bbc9         Code  Gb  DblCmpEq.o [3]
__aeabi_cdcmple          0x800'bc59         Code  Gb  DblCmpLe.o [3]
__aeabi_cdrcmple         0x800'bd6d         Code  Gb  DblCmpGe.o [3]
__aeabi_d2f              0x800'2ff5         Code  Gb  DblToFlt.o [3]
__aeabi_d2iz             0x800'af85         Code  Gb  DblToS32.o [3]
__aeabi_d2uiz            0x800'ea09         Code  Gb  DblToU32.o [3]
__aeabi_dadd             0x800'ae09         Code  Gb  DblAdd.o [3]
__aeabi_ddiv             0x800'2dad         Code  Gb  DblDiv.o [3]
__aeabi_dmul             0x800'ac65         Code  Gb  DblMul.o [3]
__aeabi_dsub             0x800'bc89         Code  Gb  DblSub.o [3]
__aeabi_f2d              0x800'2d29         Code  Gb  FltToDbl.o [3]
__aeabi_i2d              0x800'9e35         Code  Gb  S32ToDbl.o [3]
__aeabi_ldiv0            0x800'd98d         Code  Gb  I64DivZer.o [4]
__aeabi_memcpy           0x800'60c1         Code  Gb  ABImemcpy.o [4]
__aeabi_memcpy4          0x800'60e1         Code  Gb  ABImemcpy.o [4]
__aeabi_memcpy8          0x800'60e1         Code  Gb  ABImemcpy.o [4]
__aeabi_memset           0x800'21a9         Code  Gb  ABImemset.o [4]
__aeabi_ui2d             0x800'2d71         Code  Gb  U32ToDbl.o [3]
__aeabi_uldivmod         0x800'aa31         Code  Gb  I64DivMod.o [4]
__cmain                  0x801'02e1         Code  Gb  cmain.o [4]
__exit                   0x800'f369   0x14  Code  Gb  exit.o [5]
__iar_Exp64              0x800'bd9d  0x388  Code  Gb  iar_Exp64.o [3]
__iar_Fail_s             0x800'e971   0x1c  Code  Gb  xfail_s.o [2]
__iar_Memchr             0x800'e9b1         Code  Gb  memchr.o [4]
__iar_Memset             0x800'21a9         Code  Gb  ABImemset.o [4]
__iar_Memset_word        0x800'21b1         Code  Gb  ABImemset.o [4]
__iar_Strchr             0x800'e959         Code  Gb  strchr.o [4]
__iar_dadd               0x800'bc99         Code  Gb  DblSub.o [3]
__iar_data_init3         0x801'0255   0x28  Code  Gb  data_init.o [4]
__iar_dsub               0x800'ae19         Code  Gb  DblAdd.o [3]
__iar_dsubStart          0x800'ae2b         Code  Gb  DblAdd.o [3]
__iar_frexp              0x800'bbf5         Code  Gb  frexp.o [3]
__iar_frexpl             0x800'bbf5         Code  Gb  frexp.o [3]
__iar_init_vfp           0x801'027d         Code  Gb  fpinit_M.o [3]
__iar_ldexp64            0x800'e81d         Code  Gb  ldexp.o [3]
__iar_lz77_init_single3
                         0x801'00c9   0x78  Code  Gb  lz77_init_single.o [4]
__iar_pow64              0x800'6ced  0x6ec  Code  Gb  pow64.o [3]
__iar_pow_medium         0x800'6ced  0x6ec  Code  Gb  pow64.o [3]
__iar_pow_medium64       0x800'6ced  0x6ec  Code  Gb  pow64.o [3]
__iar_pow_mediuml        0x800'6ced  0x6ec  Code  Gb  pow64.o [3]
__iar_program_start      0x801'091d         Code  Gb  cstartup_M.o [4]
__iar_scalbln64          0x800'e81d         Code  Gb  ldexp.o [3]
__iar_scalbn64           0x800'e81d         Code  Gb  ldexp.o [3]
__iar_softfp___iar_frexp64
                         0x800'bbe9         Code  Gb  frexp.o [3]
__iar_softfp_frexp       0x800'bbe9         Code  Gb  frexp.o [3]
__iar_softfp_frexpl      0x800'bbe9         Code  Gb  frexp.o [3]
__iar_vfp_pow            0x800'2d9b   0x10  Code  Gb  math_wrappers64.o [3]
__iar_zero_init3         0x800'255f   0x3a  Code  Gb  zero_init3.o [4]
__low_level_init         0x801'02ff    0x4  Code  Gb  low_level_init.o [2]
__vector_table           0x800'0000         Data  Gb  startup_stm32l433xx.o [1]
_call_main               0x801'02ed         Code  Gb  cmain.o [4]
_exit                    0x801'0309         Code  Gb  cexit.o [4]
_main                    0x801'02fb         Code  Gb  cmain.o [4]
aAT_CMD                 0x2000'262c   0x80  Data  Lc  user_at_serial.o [1]
aBaudrate_value         0x2000'0790   0x2c  Data  Gb  user_app_modbus_rtu.o [1]
aDATA_CALIB             0x2000'2a20    0x4  Data  Gb  user_app_sensor.o [1]
aDATA_CONFIG            0x2000'242c   0x80  Data  Lc  user_app_modbus_rtu.o [1]
aDATA_CONFIG            0x2000'25ac   0x80  Data  Lc  user_at_serial.o [1]
aDATA_LOG_REGISTER      0x2000'24ac   0x80  Data  Lc  user_app_modbus_rtu.o [1]
aModeSelectONOFF        0x2000'0134    0x8  Data  Gb  lcd_display.o [1]
aPASSWORD               0x2000'00e0    0x4  Data  Gb  lcd_display.o [1]
aSTT_SETTING_DONE       0x2000'0114   0x10  Data  Gb  lcd_display.o [1]
aSTT_SETTING_ENTER      0x2000'00f4   0x10  Data  Gb  lcd_display.o [1]
aSTT_SETTING_ERROR      0x2000'0124   0x10  Data  Gb  lcd_display.o [1]
aSTT_SETTING_FREE       0x2000'00e4   0x10  Data  Gb  lcd_display.o [1]
aSTT_SETTING_WAIT       0x2000'0104   0x10  Data  Gb  lcd_display.o [1]
aSampling_STT           0x2000'28dc   0x28  Data  Gb  user_app_sensor.o [1]
aSampling_VALUE         0x2000'2904   0x28  Data  Gb  user_app_sensor.o [1]
aTEST                   0x2000'0000    0xc  Data  Lc  button.o [1]
aUART_485SS_DATA        0x2000'1e04  0x200  Data  Lc  user_connect_sensor.o [1]
aUART_485_DATA          0x2000'2004  0x200  Data  Lc  user_rs485.o [1]
aUART_DBG_DMA_RX        0x2000'2710   0x64  Data  Lc  user_app_comm.o [1]
abort                    0x800'f319    0x6  Code  Gb  abort.o [2]
abs                      0x800'c6af    0x8  Code  Gb  abs.o [2]
aframe                  0x2000'252c   0x80  Data  Gb  user_app_modbus_rtu.o [1]
bmp_SV_logo_12864        0x800'f7a0  0x400  Data  Gb  unit_tests.o [1]
charNotDetectPress      0x2000'0d0e    0x1  Data  Lc  lcd_display.o [1]
count_gettick           0x2000'2a18    0x4  Data  Gb  stm32l4xx_it.o [1]
delay_ms                 0x800'747d    0xc  Code  Gb  STM32L4.o [1]
ee_number                0x800'ea61  0x146  Code  Lc  user_tiny_vsnprintf.o [1]
ee_skip_atoi             0x800'ea39   0x28  Code  Lc  user_tiny_vsnprintf.o [1]
exit                     0x801'0303    0x4  Code  Gb  exit.o [2]
fevent_active            0x800'2155   0x1e  Code  Gb  event_driven.o [1]
fevent_detect_salt_recv
                         0x800'031b   0x1c  Code  Lc  user_app_sensor.o [1]
fevent_disable           0x800'2197   0x12  Code  Gb  event_driven.o [1]
fevent_enable            0x800'2173   0x24  Code  Gb  event_driven.o [1]
fevent_handle_state_sensor
                         0x800'0469   0x80  Code  Lc  user_app_sensor.o [1]
fevent_rs485_entry       0x800'e69d   0x12  Code  Lc  user_app_rs485.o [1]
fevent_rs485_init_uart   0x800'e6af   0x2e  Code  Lc  user_app_rs485.o [1]
fevent_rs485_init_uart::stamp
                        0x2000'2a67    0x1  Data  Lc  user_app_rs485.o [1]
fevent_rs485_receive_complete
                         0x800'e6dd   0x24  Code  Lc  user_app_rs485.o [1]
fevent_rs485_refresh     0x800'e701   0x20  Code  Lc  user_app_rs485.o [1]
fevent_sensor_entry      0x800'018d   0x12  Code  Lc  user_app_sensor.o [1]
fevent_sensor_receive_complete
                         0x800'0251   0xb6  Code  Lc  user_app_sensor.o [1]
fevent_sensor_receive_handle
                         0x800'0211   0x40  Code  Lc  user_app_sensor.o [1]
fevent_sensor_reset      0x800'03e5   0x84  Code  Lc  user_app_sensor.o [1]
fevent_sensor_reset::state
                        0x2000'2a69    0x1  Data  Lc  user_app_sensor.o [1]
fevent_sensor_transmit   0x800'019f   0x72  Code  Lc  user_app_sensor.o [1]
fevent_sensor_wait_calib
                         0x800'0307   0x14  Code  Lc  user_app_sensor.o [1]
fevent_temp_alarm        0x800'0337   0xae  Code  Lc  user_app_sensor.o [1]
font_current            0x2000'29d4    0xc  Data  Gb  text.o [1]
glcd_ST7565R_init        0x800'793d   0x5c  Code  Gb  ST7565R.o [1]
glcd_bbox               0x2000'2a04    0x4  Data  Gb  glcd.o [1]
glcd_bbox_refresh        0x800'77c1   0x1c  Code  Gb  glcd.o [1]
glcd_bbox_selected      0x2000'2a0c    0x4  Data  Gb  glcd.o [1]
glcd_buffer             0x2000'11c4  0x400  Data  Gb  glcd.o [1]
glcd_buffer_selected    0x2000'2a08    0x4  Data  Gb  glcd.o [1]
glcd_clear               0x800'77dd   0x28  Code  Gb  glcd.o [1]
glcd_clear_buffer        0x800'7805   0x24  Code  Gb  glcd.o [1]
glcd_command             0x800'783d   0x1a  Code  Gb  ST7565R.o [1]
glcd_data                0x800'7857   0x1a  Code  Gb  ST7565R.o [1]
glcd_draw_bitmap         0x800'9e0d   0x1e  Code  Gb  graphics.o [1]
glcd_draw_char_xy        0x800'98bf  0x33a  Code  Gb  text.o [1]
glcd_draw_line           0x800'9d01  0x10c  Code  Gb  graphics.o [1]
glcd_draw_string_xy      0x800'9bf9   0x38  Code  Gb  text.o [1]
glcd_enable_backlight    0x800'7401    0x2  Code  Gb  STM32L4.o [1]
glcd_init                0x800'73d9   0x28  Code  Gb  STM32L4.o [1]
glcd_reset               0x800'742d   0x40  Code  Gb  STM32L4.o [1]
glcd_reset_bbox          0x800'77a5   0x1c  Code  Gb  glcd.o [1]
glcd_select_screen       0x800'7829    0xa  Code  Gb  glcd.o [1]
glcd_set_column_lower    0x800'78b1    0xe  Code  Gb  ST7565R.o [1]
glcd_set_column_upper    0x800'789b   0x16  Code  Gb  ST7565R.o [1]
glcd_set_font            0x800'98a5   0x1a  Code  Gb  text.o [1]
glcd_set_pixel           0x800'9c35   0xcc  Code  Gb  graphics.o [1]
glcd_set_x_address       0x800'7885   0x16  Code  Gb  ST7565R.o [1]
glcd_set_y_address       0x800'7871   0x14  Code  Gb  ST7565R.o [1]
glcd_spi_write           0x800'7403   0x2a  Code  Gb  STM32L4.o [1]
glcd_test_bitmap_128x64
                         0x800'7719    0xe  Code  Gb  unit_tests.o [1]
glcd_tiny_draw_char      0x800'74a3  0x21a  Code  Gb  text_tiny.o [1]
glcd_tiny_draw_string    0x800'76bd   0x54  Code  Gb  text_tiny.o [1]
glcd_tiny_set_font       0x800'7489   0x1a  Code  Gb  text_tiny.o [1]
glcd_update_bbox         0x800'772d   0x78  Code  Gb  glcd.o [1]
glcd_write               0x800'78bf   0x70  Code  Gb  ST7565R.o [1]
hdma_lpuart_rx          0x2000'2774   0x48  Data  Gb  usart.o [1]
hdma_usart1_rx          0x2000'27bc   0x48  Data  Gb  usart.o [1]
hdma_usart3_rx          0x2000'2804   0x48  Data  Gb  usart.o [1]
hlpuart1                0x2000'2294   0x88  Data  Gb  usart.o [1]
hrtc                    0x2000'292c   0x24  Data  Gb  rtc.o [1]
hspi2                   0x2000'26ac   0x64  Data  Gb  spi.o [1]
huart1                  0x2000'231c   0x88  Data  Gb  usart.o [1]
huart3                  0x2000'23a4   0x88  Data  Gb  usart.o [1]
ldexp                    0x800'e81d         Code  Gb  ldexp.o [3]
ldexpl                   0x800'e81d         Code  Gb  ldexp.o [3]
lnbias                   0x800'f380  0x420  Data  Lc  pow64.o [3]
localeconv               0x800'ea31    0x4  Code  Gb  xlocale_c.o [2]
lower_digits            0x2000'0ccc    0x4  Data  Lc  user_tiny_vsnprintf.o [1]
main                     0x800'6175   0x2c  Code  Gb  main.o [1]
memchr                   0x800'e9b1         Code  Gb  memchr.o [4]
memset                   0x800'6237   0x14  Code  Gb  memset.o [4]
pFlash                  0x2000'05c0   0x20  Data  Gb  stm32l4xx_hal_flash.o [1]
pFunc_UTIL_Debug_Send   0x2000'2a48    0x4  Data  Gb  user_util.o [1]
pFunc_UTIL_Log_To_Mem   0x2000'2a44    0x4  Data  Gb  user_util.o [1]
pModemProcessIRQTimer   0x2000'2a38    0x4  Data  Gb  user_rtc.o [1]
pow                      0x800'6ced  0x6ec  Code  Gb  pow64.o [3]
powl                     0x800'6ced  0x6ec  Code  Gb  pow64.o [3]
quickSort_Sampling       0x800'091b   0x9a  Code  Gb  user_app_sensor.o [1]
quickSort_Sampling_Value
                         0x800'09b5   0xdc  Code  Gb  user_app_sensor.o [1]
quickSort_Sampling_Value::Handle_Once
                        0x2000'2a6a    0x1  Data  Lc  user_app_sensor.o [1]
sButton                 0x2000'296c   0x18  Data  Gb  button.o [1]
sCalibPlus              0x2000'284c   0x38  Data  Gb  user_app_sensor.o [1]
sCheckList_Reg_Modbus_RTU
                        0x2000'0664  0x12c  Data  Gb  user_app_modbus_rtu.o [1]
sData_Calib             0x2000'0894    0x8  Data  Gb  user_app_sensor.o [1]
sEventAppComm           0x2000'05e4   0x70  Data  Gb  user_app_comm.o [1]
sEventAppRs485          0x2000'07c4   0x40  Data  Gb  user_app_rs485.o [1]
sEventAppSensor         0x2000'0804   0x90  Data  Gb  user_app_sensor.o [1]
sEventDisplay           0x2000'000c   0x70  Data  Gb  lcd_display.o [1]
sFirmVersion            0x2000'0654    0x8  Data  Gb  user_app_comm.o [1]
sHandleRs485            0x2000'2a24    0x4  Data  Gb  user_app_sensor.o [1]
sKindMode485            0x2000'2a5c    0x2  Data  Gb  user_app_sensor.o [1]
sLCD                    0x2000'29b4   0x10  Data  Gb  lcd_display.o [1]
sLCDObject              0x2000'013c  0x480  Data  Gb  lcd_display.o [1]
sLogData_ModbusRTU      0x2000'07bc    0x8  Data  Gb  user_app_modbus_rtu.o [1]
sMeasureRange           0x2000'29c4   0x10  Data  Gb  user_app_sensor.o [1]
sModelVersion           0x2000'00d8    0x8  Data  Gb  lcd_display.o [1]
sParaDisplay            0x2000'007c   0x5c  Data  Gb  lcd_display.o [1]
sRTC                    0x2000'29ec    0xc  Data  Gb  user_util.o [1]
sSaltPSU_RecvMaster     0x2000'29f8    0x8  Data  Gb  user_app_sensor.o [1]
sSensor_DO              0x2000'2884   0x2c  Data  Gb  user_app_sensor.o [1]
sSlave_ModbusRTU        0x2000'0d0c    0x2  Data  Gb  user_app_modbus_rtu.o [1]
sTempAlarm              0x2000'29e0    0xc  Data  Gb  user_app_sensor.o [1]
sUart485                0x2000'0cc4    0x8  Data  Gb  user_rs485.o [1]
sUart485SS              0x2000'0cbc    0x8  Data  Gb  user_connect_sensor.o [1]
sUartDebug              0x2000'065c    0x8  Data  Gb  user_app_comm.o [1]
scalbln                  0x800'e81d         Code  Gb  ldexp.o [3]
scalblnl                 0x800'e81d         Code  Gb  ldexp.o [3]
scalbn                   0x800'e81d         Code  Gb  ldexp.o [3]
scalbnl                  0x800'e81d         Code  Gb  ldexp.o [3]
scale                    0x800'd583   0x46  Code  Lc  xprintffull_nomb.o [2]
sec_hand                0x2000'2a4c    0x4  Data  Lc  xfail_s.o [2]
sprintf                  0x800'9e59   0x40  Code  Gb  sprintf.o [2]
strATcmd                0x2000'08a4    0x8  Data  Gb  user_at_serial.o [1]
strchr                   0x800'e959         Code  Gb  strchr.o [4]
strlen                   0x800'986d         Code  Gb  strlen.o [4]
sztmp                   0x2000'1c04  0x200  Data  Lc  user_adv_trace.o [1]
tiny_vsnprintf_like      0x800'eba7  0x1d6  Code  Gb  user_tiny_vsnprintf.o [1]
upper_digits            0x2000'0cd0    0x4  Data  Lc  user_tiny_vsnprintf.o [1]
uwTick                  0x2000'2a14    0x4  Data  Gb  stm32l4xx_hal.o [1]
uwTickFreq              0x2000'0d0f    0x1  Data  Gb  stm32l4xx_hal.o [1]
uwTickPrio              0x2000'05bc    0x4  Data  Gb  stm32l4xx_hal.o [1]
vcom_DeInit              0x800'baab   0x1e  Code  Gb  user_app_comm.o [1]
vcom_Init                0x800'baa1    0xa  Code  Gb  user_app_comm.o [1]
vcom_Trace_DMA           0x800'bac9   0x24  Code  Gb  user_app_comm.o [1]


[1] = D:\Saoviet_Git\Saoviet_EnviroTrack_M_And_S_RawW\Project_Slave_Chemins_DO\Project_Slave_Sensor_EnviroTrack_v2\EWARM\Project_Slave_Sensor_EnviroTrack\Obj
[2] = dl7M_tlf.a
[3] = m7M_tls.a
[4] = rt7M_tl.a
[5] = shb_l.a

  63'089 bytes of readonly  code memory
   6'696 bytes of readonly  data memory
  11'887 bytes of readwrite data memory

Errors: none
Warnings: none
